[2025-10-04 09:27:31] Job 486275 starting on n007.hpc
[2025-10-04 09:27:31] Label: CEETOX_H295R_OHPROG_gbt_Layered
[2025-10-04 09:27:31] Job CEETOX_H295R_OHPROG_gbt_Layered starting on n007.hpc
[2025-10-04 09:27:31] START seed_0:CEETOX_H295R_OHPROG_gbt_Layered
2025-10-04 09:27:35,053 - Using PyTorch device: cuda:0
2025-10-04 09:27:35,054 - Selected compute device: cuda:0
2025-10-04 10:09:37,676 - Best Model Parameters: {'learning_rate': 0.2, 'max_depth': 3, 'min_samples_leaf': 2, 'min_samples_split': 2, 'n_estimators': 300}
2025-10-04 10:09:37,676 - Validation F1 Score: 0.5681467136150236
2025-10-04 10:09:37,677 - Validation Precision: 0.555415659562001
2025-10-04 10:09:37,677 - Validation Recall: 0.5843697478991597
2025-10-04 10:09:37,677 - Validation Accuracy: 0.6265582655826558
2025-10-04 10:09:37,677 - Validation AUC: 0.6387616216699444
2025-10-04 10:09:42,225 - Holdout Validation F1 Score: 0.5151515151515151
2025-10-04 10:09:42,225 - Holdout Validation Precision: 0.5483870967741935
2025-10-04 10:09:42,225 - Holdout Validation Recall: 0.4857142857142857
2025-10-04 10:09:42,225 - Holdout Validation Accuracy: 0.5294117647058824
2025-10-04 10:09:42,225 - Holdout Validation AUC: 0.5852813852813853
2025-10-04 10:09:42,249 - Test F1 Score: 0.4307692307692308
2025-10-04 10:09:42,249 - Test Precision: 0.42424242424242425
2025-10-04 10:09:42,249 - Test Recall: 0.4375
2025-10-04 10:09:42,249 - Test Accuracy: 0.5432098765432098
2025-10-04 10:09:42,249 - Test AUC: 0.6272321428571429
2025-10-04 10:09:42,259 - Best model saved as /gpfs/home1/won0316/_RESEARCH/0817_Genotoxicity/1_Git_upload/ChemBAI/ToxCast_model/experiments/training/DART_MTL/results/seed_0/CEETOX_H295R_OHPROG_gbt_Layered/model.joblib
[2025-10-04 10:09:42] END seed_0:CEETOX_H295R_OHPROG_gbt_Layered status=0
[2025-10-04 10:09:42] START seed_1:CEETOX_H295R_OHPROG_gbt_Layered
2025-10-04 10:09:44,886 - Using PyTorch device: cuda:0
2025-10-04 10:09:44,887 - Selected compute device: cuda:0
2025-10-04 10:54:31,104 - Best Model Parameters: {'learning_rate': 0.2, 'max_depth': 3, 'min_samples_leaf': 1, 'min_samples_split': 4, 'n_estimators': 100}
2025-10-04 10:54:31,104 - Validation F1 Score: 0.5822305656875515
2025-10-04 10:54:31,104 - Validation Precision: 0.5573546268772708
2025-10-04 10:54:31,104 - Validation Recall: 0.6105263157894736
2025-10-04 10:54:31,104 - Validation Accuracy: 0.6261235955056179
2025-10-04 10:54:31,104 - Validation AUC: 0.6495335397316822
2025-10-04 10:54:32,847 - Holdout Validation F1 Score: 0.5909090909090909
2025-10-04 10:54:32,847 - Holdout Validation Precision: 0.52
2025-10-04 10:54:32,847 - Holdout Validation Recall: 0.6842105263157895
2025-10-04 10:54:32,847 - Holdout Validation Accuracy: 0.6086956521739131
2025-10-04 10:54:32,847 - Holdout Validation AUC: 0.6296296296296297
2025-10-04 10:54:32,869 - Test F1 Score: 0.6
2025-10-04 10:54:32,869 - Test Precision: 0.5121951219512195
2025-10-04 10:54:32,869 - Test Recall: 0.7241379310344828
2025-10-04 10:54:32,869 - Test Accuracy: 0.5757575757575758
2025-10-04 10:54:32,869 - Test AUC: 0.6337371854613234
2025-10-04 10:54:32,875 - Best model saved as /gpfs/home1/won0316/_RESEARCH/0817_Genotoxicity/1_Git_upload/ChemBAI/ToxCast_model/experiments/training/DART_MTL/results/seed_1/CEETOX_H295R_OHPROG_gbt_Layered/model.joblib
[2025-10-04 10:54:33] END seed_1:CEETOX_H295R_OHPROG_gbt_Layered status=0
[2025-10-04 10:54:33] START seed_2:CEETOX_H295R_OHPROG_gbt_Layered
2025-10-04 10:54:35,699 - Using PyTorch device: cuda:0
2025-10-04 10:54:35,701 - Selected compute device: cuda:0
2025-10-04 11:39:00,493 - Best Model Parameters: {'learning_rate': 0.05, 'max_depth': 7, 'min_samples_leaf': 1, 'min_samples_split': 4, 'n_estimators': 100}
2025-10-04 11:39:00,493 - Validation F1 Score: 0.5478765391305146
2025-10-04 11:39:00,493 - Validation Precision: 0.5385687777135145
2025-10-04 11:39:00,493 - Validation Recall: 0.563458110516934
2025-10-04 11:39:00,493 - Validation Accuracy: 0.632577030812325
2025-10-04 11:39:00,493 - Validation AUC: 0.6680472545524448
2025-10-04 11:39:04,935 - Holdout Validation F1 Score: 0.75
2025-10-04 11:39:04,935 - Holdout Validation Precision: 0.7142857142857143
2025-10-04 11:39:04,935 - Holdout Validation Recall: 0.7894736842105263
2025-10-04 11:39:04,935 - Holdout Validation Accuracy: 0.6923076923076923
2025-10-04 11:39:04,936 - Holdout Validation AUC: 0.7261208576998051
2025-10-04 11:39:04,959 - Test F1 Score: 0.38461538461538464
2025-10-04 11:39:04,959 - Test Precision: 0.5263157894736842
2025-10-04 11:39:04,959 - Test Recall: 0.30303030303030304
2025-10-04 11:39:04,959 - Test Accuracy: 0.5362318840579711
2025-10-04 11:39:04,959 - Test AUC: 0.5791245791245792
2025-10-04 11:39:04,966 - Best model saved as /gpfs/home1/won0316/_RESEARCH/0817_Genotoxicity/1_Git_upload/ChemBAI/ToxCast_model/experiments/training/DART_MTL/results/seed_2/CEETOX_H295R_OHPROG_gbt_Layered/model.joblib
[2025-10-04 11:39:05] END seed_2:CEETOX_H295R_OHPROG_gbt_Layered status=0
[2025-10-04 11:39:05] Job CEETOX_H295R_OHPROG_gbt_Layered completed successfully
[2025-10-04 11:39:05] Command finished with status 0
