[2025-10-04 17:07:06] Job 487096 starting on n006.hpc
[2025-10-04 17:07:06] Label: TOX21_ERa_BLA_Antagonist_ratio_xgb_Pattern
[2025-10-04 17:07:06] Job TOX21_ERa_BLA_Antagonist_ratio_xgb_Pattern starting on n006.hpc
[2025-10-04 17:07:06] START seed_0:TOX21_ERa_BLA_Antagonist_ratio_xgb_Pattern
2025-10-04 17:07:10,097 - Using PyTorch device: cuda:0
2025-10-04 17:07:10,097 - Selected compute device: cuda:0
2025-10-04 18:01:55,350 - Best Model Parameters: {'colsample_bytree': 1.0, 'learning_rate': 0.05, 'max_depth': 9, 'min_child_weight': 1, 'n_estimators': 400, 'subsample': 1.0}
2025-10-04 18:01:55,350 - Validation F1 Score: 0.4344478533577242
2025-10-04 18:01:55,350 - Validation Precision: 0.4702274492155098
2025-10-04 18:01:55,350 - Validation Recall: 0.40559332140727483
2025-10-04 18:01:55,350 - Validation Accuracy: 0.8888891714051332
2025-10-04 18:01:55,350 - Validation AUC: 0.824777695761121
2025-10-04 18:02:02,543 - Holdout Validation F1 Score: 0.416988416988417
2025-10-04 18:02:02,543 - Holdout Validation Precision: 0.46551724137931033
2025-10-04 18:02:02,543 - Holdout Validation Recall: 0.3776223776223776
2025-10-04 18:02:02,543 - Holdout Validation Accuracy: 0.8103015075376885
2025-10-04 18:02:02,543 - Holdout Validation AUC: 0.8097163173732853
2025-10-04 18:02:03,289 - Test F1 Score: 0.3709090909090909
2025-10-04 18:02:03,289 - Test Precision: 0.40476190476190477
2025-10-04 18:02:03,289 - Test Recall: 0.3422818791946309
2025-10-04 18:02:03,290 - Test Accuracy: 0.7782051282051282
2025-10-04 18:02:03,290 - Test AUC: 0.7320328869696551
2025-10-04 18:02:03,298 - Best model saved as /gpfs/home1/won0316/_RESEARCH/0817_Genotoxicity/1_Git_upload/ChemBAI/ToxCast_model/experiments/training/DART_MTL/results/seed_0/TOX21_ERa_BLA_Antagonist_ratio_xgb_Pattern/model.joblib
[2025-10-04 18:02:03] END seed_0:TOX21_ERa_BLA_Antagonist_ratio_xgb_Pattern status=0
[2025-10-04 18:02:03] START seed_1:TOX21_ERa_BLA_Antagonist_ratio_xgb_Pattern
2025-10-04 18:02:06,769 - Using PyTorch device: cuda:0
2025-10-04 18:02:06,769 - Selected compute device: cuda:0
