[2025-10-04 12:14:04] Job 486538 starting on n006.hpc
[2025-10-04 12:14:04] Label: CEETOX_H295R_ESTRONE_dt_Morgan
[2025-10-04 12:14:04] Job CEETOX_H295R_ESTRONE_dt_Morgan starting on n006.hpc
[2025-10-04 12:14:04] START seed_0:CEETOX_H295R_ESTRONE_dt_Morgan
2025-10-04 12:14:07,743 - Using PyTorch device: cuda:0
2025-10-04 12:14:07,744 - Selected compute device: cuda:0
2025-10-04 12:15:07,661 - Best Model Parameters: {'criterion': 'gini', 'max_depth': None, 'min_samples_leaf': 2, 'min_samples_split': 2}
2025-10-04 12:15:07,662 - Validation F1 Score: 0.33160493206259795
2025-10-04 12:15:07,662 - Validation Precision: 0.2875350140056022
2025-10-04 12:15:07,662 - Validation Recall: 0.4
2025-10-04 12:15:07,662 - Validation Accuracy: 0.8231255645889792
2025-10-04 12:15:07,662 - Validation AUC: 0.6429054625401658
2025-10-04 12:15:07,856 - Holdout Validation F1 Score: 0.16
2025-10-04 12:15:07,856 - Holdout Validation Precision: 0.2
2025-10-04 12:15:07,856 - Holdout Validation Recall: 0.13333333333333333
2025-10-04 12:15:07,856 - Holdout Validation Accuracy: 0.6911764705882353
2025-10-04 12:15:07,856 - Holdout Validation AUC: 0.46729559748427674
2025-10-04 12:15:07,872 - Test F1 Score: 0.2857142857142857
2025-10-04 12:15:07,872 - Test Precision: 0.3333333333333333
2025-10-04 12:15:07,872 - Test Recall: 0.25
2025-10-04 12:15:07,872 - Test Accuracy: 0.5679012345679012
2025-10-04 12:15:07,872 - Test AUC: 0.4892183288409704
2025-10-04 12:15:07,874 - Best model saved as /gpfs/home1/won0316/_RESEARCH/0817_Genotoxicity/1_Git_upload/ChemBAI/ToxCast_model/experiments/training/DART_MTL/results/seed_0/CEETOX_H295R_ESTRONE_dt_Morgan/model.joblib
[2025-10-04 12:15:08] END seed_0:CEETOX_H295R_ESTRONE_dt_Morgan status=0
[2025-10-04 12:15:08] START seed_1:CEETOX_H295R_ESTRONE_dt_Morgan
2025-10-04 12:15:10,779 - Using PyTorch device: cuda:0
2025-10-04 12:15:10,781 - Selected compute device: cuda:0
2025-10-04 12:16:11,490 - Best Model Parameters: {'criterion': 'entropy', 'max_depth': None, 'min_samples_leaf': 3, 'min_samples_split': 2}
2025-10-04 12:16:11,490 - Validation F1 Score: 0.3463574369456722
2025-10-04 12:16:11,490 - Validation Precision: 0.2904600301659125
2025-10-04 12:16:11,490 - Validation Recall: 0.4406593406593407
2025-10-04 12:16:11,490 - Validation Accuracy: 0.7521195097037794
2025-10-04 12:16:11,490 - Validation AUC: 0.6397034894929631
2025-10-04 12:16:11,678 - Holdout Validation F1 Score: 0.47619047619047616
2025-10-04 12:16:11,678 - Holdout Validation Precision: 0.38461538461538464
2025-10-04 12:16:11,678 - Holdout Validation Recall: 0.625
2025-10-04 12:16:11,678 - Holdout Validation Accuracy: 0.7608695652173914
2025-10-04 12:16:11,678 - Holdout Validation AUC: 0.6644736842105262
2025-10-04 12:16:11,694 - Test F1 Score: 0.09090909090909091
2025-10-04 12:16:11,694 - Test Precision: 0.125
2025-10-04 12:16:11,694 - Test Recall: 0.07142857142857142
2025-10-04 12:16:11,694 - Test Accuracy: 0.696969696969697
2025-10-04 12:16:11,694 - Test AUC: 0.5226648351648351
2025-10-04 12:16:11,696 - Best model saved as /gpfs/home1/won0316/_RESEARCH/0817_Genotoxicity/1_Git_upload/ChemBAI/ToxCast_model/experiments/training/DART_MTL/results/seed_1/CEETOX_H295R_ESTRONE_dt_Morgan/model.joblib
[2025-10-04 12:16:12] END seed_1:CEETOX_H295R_ESTRONE_dt_Morgan status=0
[2025-10-04 12:16:12] START seed_2:CEETOX_H295R_ESTRONE_dt_Morgan
2025-10-04 12:16:14,258 - Using PyTorch device: cuda:0
2025-10-04 12:16:14,259 - Selected compute device: cuda:0
2025-10-04 12:17:13,824 - Best Model Parameters: {'criterion': 'gini', 'max_depth': None, 'min_samples_leaf': 1, 'min_samples_split': 2}
2025-10-04 12:17:13,824 - Validation F1 Score: 0.32162466843501325
2025-10-04 12:17:13,824 - Validation Precision: 0.2717730412002858
2025-10-04 12:17:13,824 - Validation Recall: 0.4
2025-10-04 12:17:13,824 - Validation Accuracy: 0.7395238095238096
2025-10-04 12:17:13,824 - Validation AUC: 0.6006786445166726
2025-10-04 12:17:14,019 - Holdout Validation F1 Score: 0.4
2025-10-04 12:17:14,019 - Holdout Validation Precision: 0.42857142857142855
2025-10-04 12:17:14,019 - Holdout Validation Recall: 0.375
2025-10-04 12:17:14,019 - Holdout Validation Accuracy: 0.7230769230769231
2025-10-04 12:17:14,019 - Holdout Validation AUC: 0.5994897959183674
2025-10-04 12:17:14,034 - Test F1 Score: 0.0
2025-10-04 12:17:14,034 - Test Precision: 0.0
2025-10-04 12:17:14,034 - Test Recall: 0.0
2025-10-04 12:17:14,034 - Test Accuracy: 0.6956521739130435
2025-10-04 12:17:14,034 - Test AUC: 0.3870967741935484
2025-10-04 12:17:14,037 - Best model saved as /gpfs/home1/won0316/_RESEARCH/0817_Genotoxicity/1_Git_upload/ChemBAI/ToxCast_model/experiments/training/DART_MTL/results/seed_2/CEETOX_H295R_ESTRONE_dt_Morgan/model.joblib
[2025-10-04 12:17:14] END seed_2:CEETOX_H295R_ESTRONE_dt_Morgan status=0
[2025-10-04 12:17:14] Job CEETOX_H295R_ESTRONE_dt_Morgan completed successfully
[2025-10-04 12:17:14] Command finished with status 0
