[2025-10-01 20:15:33] Job 482938 starting on n004.hpc
[2025-10-01 20:15:33] Label: DART_MTL_BSK_BE3C_PAI1_rf_RDKit
[2025-10-01 20:15:33] Job DART_MTL_BSK_BE3C_PAI1_rf_RDKit starting on n004.hpc
[2025-10-01 20:15:33] START seed_0:BSK_BE3C_PAI1_rf_RDKit
2025-10-01 20:15:36,853 - Using PyTorch device: cuda:0
2025-10-01 20:15:36,854 - Selected compute device: cuda:0
2025-10-01 20:19:31,810 - Best Model Parameters: {'max_depth': 5, 'min_samples_leaf': 1, 'min_samples_split': 2, 'n_estimators': 200}
2025-10-01 20:19:31,810 - Validation F1 Score: 0.26445123084504324
2025-10-01 20:19:31,811 - Validation Precision: 0.2181334361985047
2025-10-01 20:19:31,811 - Validation Recall: 0.33621262458471757
2025-10-01 20:19:31,811 - Validation Accuracy: 0.6916038016038015
2025-10-01 20:19:31,811 - Validation AUC: 0.6233178405145503
2025-10-01 20:19:32,466 - Holdout Validation F1 Score: 0.45454545454545453
2025-10-01 20:19:32,466 - Holdout Validation Precision: 0.39473684210526316
2025-10-01 20:19:32,466 - Holdout Validation Recall: 0.5357142857142857
2025-10-01 20:19:32,466 - Holdout Validation Accuracy: 0.7615894039735099
2025-10-01 20:19:32,466 - Holdout Validation AUC: 0.6894599303135889
2025-10-01 20:19:32,536 - Test F1 Score: 0.25
2025-10-01 20:19:32,536 - Test Precision: 0.24242424242424243
2025-10-01 20:19:32,536 - Test Recall: 0.25806451612903225
2025-10-01 20:19:32,536 - Test Accuracy: 0.7192982456140351
2025-10-01 20:19:32,536 - Test AUC: 0.6277649769585254
2025-10-01 20:19:32,581 - Best model saved as /gpfs/home1/won0316/_RESEARCH/0817_Genotoxicity/1_Git_upload/ChemBAI/ToxCast_model/experiments/training/DART_MTL/results/seed_0/BSK_BE3C_PAI1_rf_RDKit/model.joblib
[2025-10-01 20:19:33] END seed_0:BSK_BE3C_PAI1_rf_RDKit status=0
[2025-10-01 20:19:33] START seed_1:BSK_BE3C_PAI1_rf_RDKit
2025-10-01 20:19:36,429 - Using PyTorch device: cuda:0
2025-10-01 20:19:36,430 - Selected compute device: cuda:0
2025-10-01 20:23:37,027 - Best Model Parameters: {'max_depth': None, 'min_samples_leaf': 1, 'min_samples_split': 4, 'n_estimators': 200}
2025-10-01 20:23:37,027 - Validation F1 Score: 0.27237025571327894
2025-10-01 20:23:37,027 - Validation Precision: 0.3016013071895425
2025-10-01 20:23:37,027 - Validation Recall: 0.25137420718816067
2025-10-01 20:23:37,027 - Validation Accuracy: 0.79291295854135
2025-10-01 20:23:37,027 - Validation AUC: 0.6619893464160256
2025-10-01 20:23:37,848 - Holdout Validation F1 Score: 0.0
2025-10-01 20:23:37,848 - Holdout Validation Precision: 0.0
2025-10-01 20:23:37,848 - Holdout Validation Recall: 0.0
2025-10-01 20:23:37,848 - Holdout Validation Accuracy: 0.794392523364486
2025-10-01 20:23:37,848 - Holdout Validation AUC: 0.5155502392344498
2025-10-01 20:23:37,918 - Test F1 Score: 0.09090909090909091
2025-10-01 20:23:37,919 - Test Precision: 0.25
2025-10-01 20:23:37,919 - Test Recall: 0.05555555555555555
2025-10-01 20:23:37,919 - Test Accuracy: 0.7419354838709677
2025-10-01 20:23:37,919 - Test AUC: 0.7382119514472455
2025-10-01 20:23:37,970 - Best model saved as /gpfs/home1/won0316/_RESEARCH/0817_Genotoxicity/1_Git_upload/ChemBAI/ToxCast_model/experiments/training/DART_MTL/results/seed_1/BSK_BE3C_PAI1_rf_RDKit/model.joblib
[2025-10-01 20:23:38] END seed_1:BSK_BE3C_PAI1_rf_RDKit status=0
[2025-10-01 20:23:38] START seed_2:BSK_BE3C_PAI1_rf_RDKit
2025-10-01 20:23:41,174 - Using PyTorch device: cuda:0
2025-10-01 20:23:41,175 - Selected compute device: cuda:0
2025-10-01 20:27:40,660 - Best Model Parameters: {'max_depth': None, 'min_samples_leaf': 1, 'min_samples_split': 4, 'n_estimators': 400}
2025-10-01 20:27:40,661 - Validation F1 Score: 0.3213510321916119
2025-10-01 20:27:40,661 - Validation Precision: 0.3587062175297469
2025-10-01 20:27:40,661 - Validation Recall: 0.2933797909407666
2025-10-01 20:27:40,661 - Validation Accuracy: 0.805
2025-10-01 20:27:40,661 - Validation AUC: 0.6651521069983282
2025-10-01 20:27:41,889 - Holdout Validation F1 Score: 0.047619047619047616
2025-10-01 20:27:41,890 - Holdout Validation Precision: 0.14285714285714285
2025-10-01 20:27:41,890 - Holdout Validation Recall: 0.02857142857142857
2025-10-01 20:27:41,890 - Holdout Validation Accuracy: 0.726027397260274
2025-10-01 20:27:41,890 - Holdout Validation AUC: 0.5555984555984557
2025-10-01 20:27:42,001 - Test F1 Score: 0.1111111111111111
2025-10-01 20:27:42,001 - Test Precision: 0.3333333333333333
2025-10-01 20:27:42,001 - Test Recall: 0.06666666666666667
2025-10-01 20:27:42,001 - Test Accuracy: 0.7866666666666666
2025-10-01 20:27:42,001 - Test AUC: 0.7536111111111111
2025-10-01 20:27:42,103 - Best model saved as /gpfs/home1/won0316/_RESEARCH/0817_Genotoxicity/1_Git_upload/ChemBAI/ToxCast_model/experiments/training/DART_MTL/results/seed_2/BSK_BE3C_PAI1_rf_RDKit/model.joblib
[2025-10-01 20:27:42] END seed_2:BSK_BE3C_PAI1_rf_RDKit status=0
[2025-10-01 20:27:42] Job DART_MTL_BSK_BE3C_PAI1_rf_RDKit completed successfully
[2025-10-01 20:27:42] Command finished with status 0
