[2025-10-05 19:06:10] Job 487881 starting on n005.hpc
[2025-10-05 19:06:10] Label: TOX21_PGC_ERR_Antagonist_xgb_Pattern
[2025-10-05 19:06:10] Job TOX21_PGC_ERR_Antagonist_xgb_Pattern starting on n005.hpc
[2025-10-05 19:06:10] START seed_0:TOX21_PGC_ERR_Antagonist_xgb_Pattern
2025-10-05 19:06:14,745 - Using PyTorch device: cuda:0
2025-10-05 19:06:14,745 - Selected compute device: cuda:0
2025-10-05 20:02:25,441 - Best Model Parameters: {'colsample_bytree': 1.0, 'learning_rate': 0.1, 'max_depth': 9, 'min_child_weight': 5, 'n_estimators': 400, 'subsample': 0.8}
2025-10-05 20:02:25,441 - Validation F1 Score: 0.4156574185222336
2025-10-05 20:02:25,441 - Validation Precision: 0.4381268279689758
2025-10-05 20:02:25,441 - Validation Recall: 0.3958683193389311
2025-10-05 20:02:25,442 - Validation Accuracy: 0.8844270153130787
2025-10-05 20:02:25,442 - Validation AUC: 0.8086097455865755
2025-10-05 20:02:31,929 - Holdout Validation F1 Score: 0.4549019607843137
2025-10-05 20:02:31,929 - Holdout Validation Precision: 0.5087719298245614
2025-10-05 20:02:31,929 - Holdout Validation Recall: 0.41134751773049644
2025-10-05 20:02:31,929 - Holdout Validation Accuracy: 0.8066759388038943
2025-10-05 20:02:31,929 - Holdout Validation AUC: 0.7680004417286315
2025-10-05 20:02:32,700 - Test F1 Score: 0.3444976076555024
2025-10-05 20:02:32,700 - Test Precision: 0.3364485981308411
2025-10-05 20:02:32,700 - Test Recall: 0.35294117647058826
2025-10-05 20:02:32,700 - Test Accuracy: 0.7982326951399117
2025-10-05 20:02:32,700 - Test AUC: 0.7487851293030211
2025-10-05 20:02:32,707 - Best model saved as /gpfs/home1/won0316/_RESEARCH/0817_Genotoxicity/1_Git_upload/ChemBAI/ToxCast_model/experiments/training/DART_MTL/results/seed_0/TOX21_PGC_ERR_Antagonist_xgb_Pattern/model.joblib
[2025-10-05 20:02:33] END seed_0:TOX21_PGC_ERR_Antagonist_xgb_Pattern status=0
[2025-10-05 20:02:33] START seed_1:TOX21_PGC_ERR_Antagonist_xgb_Pattern
2025-10-05 20:02:36,115 - Using PyTorch device: cuda:0
2025-10-05 20:02:36,115 - Selected compute device: cuda:0
2025-10-05 20:58:27,650 - Best Model Parameters: {'colsample_bytree': 0.8, 'learning_rate': 0.05, 'max_depth': 9, 'min_child_weight': 5, 'n_estimators': 400, 'subsample': 1.0}
2025-10-05 20:58:27,651 - Validation F1 Score: 0.4542320513260609
2025-10-05 20:58:27,651 - Validation Precision: 0.46382765144838123
2025-10-05 20:58:27,651 - Validation Recall: 0.44515255905511814
2025-10-05 20:58:27,651 - Validation Accuracy: 0.884052474005745
2025-10-05 20:58:27,651 - Validation AUC: 0.810911574395053
2025-10-05 20:58:34,320 - Holdout Validation F1 Score: 0.441025641025641
2025-10-05 20:58:34,320 - Holdout Validation Precision: 0.524390243902439
2025-10-05 20:58:34,320 - Holdout Validation Recall: 0.3805309734513274
2025-10-05 20:58:34,320 - Holdout Validation Accuracy: 0.8453900709219858
2025-10-05 20:58:34,320 - Holdout Validation AUC: 0.800436498445348
2025-10-05 20:58:35,085 - Test F1 Score: 0.32653061224489793
2025-10-05 20:58:35,085 - Test Precision: 0.35555555555555557
2025-10-05 20:58:35,085 - Test Recall: 0.3018867924528302
2025-10-05 20:58:35,085 - Test Accuracy: 0.8146067415730337
2025-10-05 20:58:35,085 - Test AUC: 0.709360794570023
2025-10-05 20:58:35,092 - Best model saved as /gpfs/home1/won0316/_RESEARCH/0817_Genotoxicity/1_Git_upload/ChemBAI/ToxCast_model/experiments/training/DART_MTL/results/seed_1/TOX21_PGC_ERR_Antagonist_xgb_Pattern/model.joblib
[2025-10-05 20:58:35] END seed_1:TOX21_PGC_ERR_Antagonist_xgb_Pattern status=0
[2025-10-05 20:58:35] START seed_2:TOX21_PGC_ERR_Antagonist_xgb_Pattern
2025-10-05 20:58:37,999 - Using PyTorch device: cuda:0
2025-10-05 20:58:37,999 - Selected compute device: cuda:0
2025-10-05 21:54:36,600 - Best Model Parameters: {'colsample_bytree': 0.8, 'learning_rate': 0.1, 'max_depth': 9, 'min_child_weight': 1, 'n_estimators': 200, 'subsample': 0.8}
2025-10-05 21:54:36,600 - Validation F1 Score: 0.4612179902566492
2025-10-05 21:54:36,600 - Validation Precision: 0.47904618585115244
2025-10-05 21:54:36,600 - Validation Recall: 0.4466165413533834
2025-10-05 21:54:36,600 - Validation Accuracy: 0.8822135876705479
2025-10-05 21:54:36,600 - Validation AUC: 0.826408174040133
2025-10-05 21:54:41,478 - Holdout Validation F1 Score: 0.29714285714285715
2025-10-05 21:54:41,479 - Holdout Validation Precision: 0.30952380952380953
2025-10-05 21:54:41,479 - Holdout Validation Recall: 0.2857142857142857
2025-10-05 21:54:41,479 - Holdout Validation Accuracy: 0.8222543352601156
2025-10-05 21:54:41,479 - Holdout Validation AUC: 0.733310782395641
2025-10-05 21:54:42,257 - Test F1 Score: 0.36363636363636365
2025-10-05 21:54:42,257 - Test Precision: 0.3953488372093023
2025-10-05 21:54:42,257 - Test Recall: 0.33663366336633666
2025-10-05 21:54:42,257 - Test Accuracy: 0.829512893982808
2025-10-05 21:54:42,257 - Test AUC: 0.764722954707531
2025-10-05 21:54:42,263 - Best model saved as /gpfs/home1/won0316/_RESEARCH/0817_Genotoxicity/1_Git_upload/ChemBAI/ToxCast_model/experiments/training/DART_MTL/results/seed_2/TOX21_PGC_ERR_Antagonist_xgb_Pattern/model.joblib
[2025-10-05 21:54:42] END seed_2:TOX21_PGC_ERR_Antagonist_xgb_Pattern status=0
[2025-10-05 21:54:42] Job TOX21_PGC_ERR_Antagonist_xgb_Pattern completed successfully
[2025-10-05 21:54:42] Command finished with status 0
