[2025-10-04 16:19:06] Job 486964 starting on n007.hpc
[2025-10-04 16:19:06] Label: TOX21_ERa_BLA_Antagonist_ratio_dt_MACCS
[2025-10-04 16:19:06] Job TOX21_ERa_BLA_Antagonist_ratio_dt_MACCS starting on n007.hpc
[2025-10-04 16:19:06] START seed_0:TOX21_ERa_BLA_Antagonist_ratio_dt_MACCS
2025-10-04 16:19:09,861 - Using PyTorch device: cuda:0
2025-10-04 16:19:09,862 - Selected compute device: cuda:0
2025-10-04 16:19:52,793 - Best Model Parameters: {'criterion': 'entropy', 'max_depth': None, 'min_samples_leaf': 1, 'min_samples_split': 2}
2025-10-04 16:19:52,794 - Validation F1 Score: 0.343401773062389
2025-10-04 16:19:52,794 - Validation Precision: 0.27958257181847285
2025-10-04 16:19:52,794 - Validation Recall: 0.4458079904591532
2025-10-04 16:19:52,794 - Validation Accuracy: 0.819994968236996
2025-10-04 16:19:52,794 - Validation AUC: 0.6602964274744526
2025-10-04 16:19:52,971 - Holdout Validation F1 Score: 0.29850746268656714
2025-10-04 16:19:52,971 - Holdout Validation Precision: 0.2604166666666667
2025-10-04 16:19:52,971 - Holdout Validation Recall: 0.34965034965034963
2025-10-04 16:19:52,971 - Holdout Validation Accuracy: 0.7047738693467337
2025-10-04 16:19:52,971 - Holdout Validation AUC: 0.58709667055762
2025-10-04 16:19:52,981 - Test F1 Score: 0.3431952662721893
2025-10-04 16:19:52,981 - Test Precision: 0.30687830687830686
2025-10-04 16:19:52,981 - Test Recall: 0.38926174496644295
2025-10-04 16:19:52,981 - Test Accuracy: 0.7153846153846154
2025-10-04 16:19:52,981 - Test AUC: 0.6054893159893213
2025-10-04 16:19:52,983 - Best model saved as /gpfs/home1/won0316/_RESEARCH/0817_Genotoxicity/1_Git_upload/ChemBAI/ToxCast_model/experiments/training/DART_MTL/results/seed_0/TOX21_ERa_BLA_Antagonist_ratio_dt_MACCS/model.joblib
[2025-10-04 16:19:53] END seed_0:TOX21_ERa_BLA_Antagonist_ratio_dt_MACCS status=0
[2025-10-04 16:19:53] START seed_1:TOX21_ERa_BLA_Antagonist_ratio_dt_MACCS
2025-10-04 16:19:56,156 - Using PyTorch device: cuda:0
2025-10-04 16:19:56,157 - Selected compute device: cuda:0
2025-10-04 16:20:39,690 - Best Model Parameters: {'criterion': 'entropy', 'max_depth': None, 'min_samples_leaf': 1, 'min_samples_split': 2}
2025-10-04 16:20:39,691 - Validation F1 Score: 0.36402421016304753
2025-10-04 16:20:39,691 - Validation Precision: 0.30425771041162636
2025-10-04 16:20:39,691 - Validation Recall: 0.45457953394123607
2025-10-04 16:20:39,691 - Validation Accuracy: 0.818492166773124
2025-10-04 16:20:39,691 - Validation AUC: 0.661973859956033
2025-10-04 16:20:39,870 - Holdout Validation F1 Score: 0.22522522522522523
2025-10-04 16:20:39,870 - Holdout Validation Precision: 0.23148148148148148
2025-10-04 16:20:39,870 - Holdout Validation Recall: 0.21929824561403508
2025-10-04 16:20:39,870 - Holdout Validation Accuracy: 0.7777777777777778
2025-10-04 16:20:39,870 - Holdout Validation AUC: 0.5463782562466772
2025-10-04 16:20:39,880 - Test F1 Score: 0.23333333333333334
2025-10-04 16:20:39,880 - Test Precision: 0.19444444444444445
2025-10-04 16:20:39,880 - Test Recall: 0.2916666666666667
2025-10-04 16:20:39,880 - Test Accuracy: 0.7012987012987013
2025-10-04 16:20:39,880 - Test AUC: 0.5294423076923077
2025-10-04 16:20:40,619 - Best model saved as /gpfs/home1/won0316/_RESEARCH/0817_Genotoxicity/1_Git_upload/ChemBAI/ToxCast_model/experiments/training/DART_MTL/results/seed_1/TOX21_ERa_BLA_Antagonist_ratio_dt_MACCS/model.joblib
[2025-10-04 16:20:41] END seed_1:TOX21_ERa_BLA_Antagonist_ratio_dt_MACCS status=0
[2025-10-04 16:20:42] START seed_2:TOX21_ERa_BLA_Antagonist_ratio_dt_MACCS
2025-10-04 16:20:45,108 - Using PyTorch device: cuda:0
2025-10-04 16:20:45,109 - Selected compute device: cuda:0
2025-10-04 16:21:28,688 - Best Model Parameters: {'criterion': 'entropy', 'max_depth': None, 'min_samples_leaf': 1, 'min_samples_split': 3}
2025-10-04 16:21:28,688 - Validation F1 Score: 0.3736394337736231
2025-10-04 16:21:28,688 - Validation Precision: 0.3234183334124515
2025-10-04 16:21:28,688 - Validation Recall: 0.4433324014537322
2025-10-04 16:21:28,688 - Validation Accuracy: 0.8228198859005704
2025-10-04 16:21:28,688 - Validation AUC: 0.6702458179025396
2025-10-04 16:21:28,870 - Holdout Validation F1 Score: 0.2880658436213992
2025-10-04 16:21:28,870 - Holdout Validation Precision: 0.23648648648648649
2025-10-04 16:21:28,870 - Holdout Validation Recall: 0.3684210526315789
2025-10-04 16:21:28,870 - Holdout Validation Accuracy: 0.7779204107830552
2025-10-04 16:21:28,870 - Holdout Validation AUC: 0.6130040012311481
2025-10-04 16:21:28,880 - Test F1 Score: 0.21455938697318008
2025-10-04 16:21:28,881 - Test Precision: 0.18543046357615894
2025-10-04 16:21:28,881 - Test Recall: 0.2545454545454545
2025-10-04 16:21:28,881 - Test Accuracy: 0.7347994825355757
2025-10-04 16:21:28,881 - Test AUC: 0.540785684903332
2025-10-04 16:21:29,658 - Best model saved as /gpfs/home1/won0316/_RESEARCH/0817_Genotoxicity/1_Git_upload/ChemBAI/ToxCast_model/experiments/training/DART_MTL/results/seed_2/TOX21_ERa_BLA_Antagonist_ratio_dt_MACCS/model.joblib
[2025-10-04 16:21:30] END seed_2:TOX21_ERa_BLA_Antagonist_ratio_dt_MACCS status=0
[2025-10-04 16:21:30] Job TOX21_ERa_BLA_Antagonist_ratio_dt_MACCS completed successfully
[2025-10-04 16:21:30] Command finished with status 0
