[2025-10-04 06:14:26] Job 485990 starting on n005.hpc
[2025-10-04 06:14:26] Label: NVS_ENZ_hVEGFR3_rf_Layered
[2025-10-04 06:14:26] Job NVS_ENZ_hVEGFR3_rf_Layered starting on n005.hpc
[2025-10-04 06:14:26] START seed_0:NVS_ENZ_hVEGFR3_rf_Layered
2025-10-04 06:14:29,955 - Using PyTorch device: cuda:0
2025-10-04 06:14:29,956 - Selected compute device: cuda:0
2025-10-04 06:17:25,584 - Best Model Parameters: {'max_depth': None, 'min_samples_leaf': 1, 'min_samples_split': 2, 'n_estimators': 200}
2025-10-04 06:17:25,584 - Validation F1 Score: 0.5
2025-10-04 06:17:25,584 - Validation Precision: 0.7
2025-10-04 06:17:25,584 - Validation Recall: 0.4333333333333333
2025-10-04 06:17:25,584 - Validation Accuracy: 0.8505494505494505
2025-10-04 06:17:25,584 - Validation AUC: 0.7075757575757576
2025-10-04 06:17:26,099 - Holdout Validation F1 Score: 0.0
2025-10-04 06:17:26,099 - Holdout Validation Precision: 0.0
2025-10-04 06:17:26,099 - Holdout Validation Recall: 0.0
2025-10-04 06:17:26,099 - Holdout Validation Accuracy: 0.875
2025-10-04 06:17:26,099 - Holdout Validation AUC: nan
2025-10-04 06:17:26,166 - Test F1 Score: 0.0
2025-10-04 06:17:26,166 - Test Precision: 0.0
2025-10-04 06:17:26,166 - Test Recall: 0.0
2025-10-04 06:17:26,166 - Test Accuracy: 1.0
2025-10-04 06:17:26,166 - Test AUC: nan
2025-10-04 06:17:26,211 - Best model saved as /gpfs/home1/won0316/_RESEARCH/0817_Genotoxicity/1_Git_upload/ChemBAI/ToxCast_model/experiments/training/DART_MTL/results/seed_0/NVS_ENZ_hVEGFR3_rf_Layered/model.joblib
[2025-10-04 06:17:26] END seed_0:NVS_ENZ_hVEGFR3_rf_Layered status=0
[2025-10-04 06:17:26] START seed_1:NVS_ENZ_hVEGFR3_rf_Layered
2025-10-04 06:17:29,789 - Using PyTorch device: cuda:0
2025-10-04 06:17:29,790 - Selected compute device: cuda:0
2025-10-04 06:20:24,800 - Best Model Parameters: {'max_depth': None, 'min_samples_leaf': 1, 'min_samples_split': 2, 'n_estimators': 200}
2025-10-04 06:20:24,800 - Validation F1 Score: 0.4999999999999999
2025-10-04 06:20:24,800 - Validation Precision: 0.7
2025-10-04 06:20:24,800 - Validation Recall: 0.4666666666666666
2025-10-04 06:20:24,800 - Validation Accuracy: 0.879120879120879
2025-10-04 06:20:24,800 - Validation AUC: 0.6606060606060606
2025-10-04 06:20:25,306 - Holdout Validation F1 Score: 0.0
2025-10-04 06:20:25,306 - Holdout Validation Precision: 0.0
2025-10-04 06:20:25,306 - Holdout Validation Recall: 0.0
2025-10-04 06:20:25,306 - Holdout Validation Accuracy: 1.0
2025-10-04 06:20:25,306 - Holdout Validation AUC: nan
2025-10-04 06:20:25,372 - Test F1 Score: 0.0
2025-10-04 06:20:25,372 - Test Precision: 0.0
2025-10-04 06:20:25,372 - Test Recall: 0.0
2025-10-04 06:20:25,372 - Test Accuracy: 0.9166666666666666
2025-10-04 06:20:25,372 - Test AUC: 0.9090909090909091
2025-10-04 06:20:25,418 - Best model saved as /gpfs/home1/won0316/_RESEARCH/0817_Genotoxicity/1_Git_upload/ChemBAI/ToxCast_model/experiments/training/DART_MTL/results/seed_1/NVS_ENZ_hVEGFR3_rf_Layered/model.joblib
[2025-10-04 06:20:25] END seed_1:NVS_ENZ_hVEGFR3_rf_Layered status=0
[2025-10-04 06:20:25] START seed_2:NVS_ENZ_hVEGFR3_rf_Layered
2025-10-04 06:20:28,464 - Using PyTorch device: cuda:0
2025-10-04 06:20:28,465 - Selected compute device: cuda:0
2025-10-04 06:23:23,480 - Best Model Parameters: {'max_depth': None, 'min_samples_leaf': 1, 'min_samples_split': 2, 'n_estimators': 200}
2025-10-04 06:23:23,480 - Validation F1 Score: 0.29333333333333333
2025-10-04 06:23:23,480 - Validation Precision: 0.3333333333333333
2025-10-04 06:23:23,480 - Validation Recall: 0.3
2025-10-04 06:23:23,480 - Validation Accuracy: 0.8230769230769232
2025-10-04 06:23:23,480 - Validation AUC: 0.5918181818181818
2025-10-04 06:23:23,995 - Holdout Validation F1 Score: 0.0
2025-10-04 06:23:23,995 - Holdout Validation Precision: 0.0
2025-10-04 06:23:23,995 - Holdout Validation Recall: 0.0
2025-10-04 06:23:23,995 - Holdout Validation Accuracy: 0.9
2025-10-04 06:23:23,995 - Holdout Validation AUC: 0.7222222222222223
2025-10-04 06:23:24,063 - Test F1 Score: 1.0
2025-10-04 06:23:24,063 - Test Precision: 1.0
2025-10-04 06:23:24,063 - Test Recall: 1.0
2025-10-04 06:23:24,063 - Test Accuracy: 1.0
2025-10-04 06:23:24,063 - Test AUC: 1.0
2025-10-04 06:23:24,108 - Best model saved as /gpfs/home1/won0316/_RESEARCH/0817_Genotoxicity/1_Git_upload/ChemBAI/ToxCast_model/experiments/training/DART_MTL/results/seed_2/NVS_ENZ_hVEGFR3_rf_Layered/model.joblib
[2025-10-04 06:23:24] END seed_2:NVS_ENZ_hVEGFR3_rf_Layered status=0
[2025-10-04 06:23:24] Job NVS_ENZ_hVEGFR3_rf_Layered completed successfully
[2025-10-04 06:23:24] Command finished with status 0
