[2025-10-04 11:39:38] Job 486496 starting on n007.hpc
[2025-10-04 11:39:38] Label: CEETOX_H295R_ESTRADIOL_logistic_MACCS
[2025-10-04 11:39:38] Job CEETOX_H295R_ESTRADIOL_logistic_MACCS starting on n007.hpc
[2025-10-04 11:39:38] START seed_0:CEETOX_H295R_ESTRADIOL_logistic_MACCS
2025-10-04 11:39:42,287 - Using PyTorch device: cuda:0
2025-10-04 11:39:42,288 - Selected compute device: cuda:0
2025-10-04 11:41:00,550 - Best Model Parameters: {'C': 100, 'penalty': 'l1', 'solver': 'liblinear'}
2025-10-04 11:41:00,550 - Validation F1 Score: 0.24244657097288674
2025-10-04 11:41:00,550 - Validation Precision: 0.19465440356744704
2025-10-04 11:41:00,550 - Validation Recall: 0.3333333333333333
2025-10-04 11:41:00,551 - Validation Accuracy: 0.774074074074074
2025-10-04 11:41:00,551 - Validation AUC: 0.5518687637409099
2025-10-04 11:41:01,148 - Holdout Validation F1 Score: 0.2222222222222222
2025-10-04 11:41:01,148 - Holdout Validation Precision: 0.15789473684210525
2025-10-04 11:41:01,148 - Holdout Validation Recall: 0.375
2025-10-04 11:41:01,148 - Holdout Validation Accuracy: 0.6911764705882353
2025-10-04 11:41:01,148 - Holdout Validation AUC: 0.4364583333333333
2025-10-04 11:41:01,158 - Test F1 Score: 0.4444444444444444
2025-10-04 11:41:01,158 - Test Precision: 0.38461538461538464
2025-10-04 11:41:01,158 - Test Recall: 0.5263157894736842
2025-10-04 11:41:01,158 - Test Accuracy: 0.691358024691358
2025-10-04 11:41:01,158 - Test AUC: 0.616723259762309
2025-10-04 11:41:01,160 - Best model saved as /gpfs/home1/won0316/_RESEARCH/0817_Genotoxicity/1_Git_upload/ChemBAI/ToxCast_model/experiments/training/DART_MTL/results/seed_0/CEETOX_H295R_ESTRADIOL_logistic_MACCS/model.joblib
[2025-10-04 11:41:01] END seed_0:CEETOX_H295R_ESTRADIOL_logistic_MACCS status=0
[2025-10-04 11:41:01] START seed_1:CEETOX_H295R_ESTRADIOL_logistic_MACCS
2025-10-04 11:41:04,363 - Using PyTorch device: cuda:0
2025-10-04 11:41:04,363 - Selected compute device: cuda:0
2025-10-04 11:42:34,223 - Best Model Parameters: {'C': 0.5, 'penalty': 'l2', 'solver': 'saga'}
2025-10-04 11:42:34,223 - Validation F1 Score: 0.2710203106332138
2025-10-04 11:42:34,223 - Validation Precision: 0.21993589743589742
2025-10-04 11:42:34,223 - Validation Recall: 0.36
2025-10-04 11:42:34,223 - Validation Accuracy: 0.7769918283963226
2025-10-04 11:42:34,223 - Validation AUC: 0.5778911805494084
2025-10-04 11:42:34,447 - Holdout Validation F1 Score: 0.4
2025-10-04 11:42:34,448 - Holdout Validation Precision: 0.2777777777777778
2025-10-04 11:42:34,448 - Holdout Validation Recall: 0.7142857142857143
2025-10-04 11:42:34,448 - Holdout Validation Accuracy: 0.6739130434782609
2025-10-04 11:42:34,448 - Holdout Validation AUC: 0.7765567765567766
2025-10-04 11:42:34,457 - Test F1 Score: 0.16666666666666666
2025-10-04 11:42:34,457 - Test Precision: 0.16666666666666666
2025-10-04 11:42:34,457 - Test Recall: 0.16666666666666666
2025-10-04 11:42:34,457 - Test Accuracy: 0.696969696969697
2025-10-04 11:42:34,457 - Test AUC: 0.5979938271604938
2025-10-04 11:42:34,459 - Best model saved as /gpfs/home1/won0316/_RESEARCH/0817_Genotoxicity/1_Git_upload/ChemBAI/ToxCast_model/experiments/training/DART_MTL/results/seed_1/CEETOX_H295R_ESTRADIOL_logistic_MACCS/model.joblib
[2025-10-04 11:42:34] END seed_1:CEETOX_H295R_ESTRADIOL_logistic_MACCS status=0
[2025-10-04 11:42:35] START seed_2:CEETOX_H295R_ESTRADIOL_logistic_MACCS
2025-10-04 11:42:38,000 - Using PyTorch device: cuda:0
2025-10-04 11:42:38,001 - Selected compute device: cuda:0
2025-10-04 11:43:59,102 - Best Model Parameters: {'C': 0.5, 'penalty': 'l1', 'solver': 'liblinear'}
2025-10-04 11:43:59,102 - Validation F1 Score: 0.3518372127067779
2025-10-04 11:43:59,102 - Validation Precision: 0.2917577307602883
2025-10-04 11:43:59,102 - Validation Recall: 0.4690909090909091
2025-10-04 11:43:59,102 - Validation Accuracy: 0.8009243697478992
2025-10-04 11:43:59,102 - Validation AUC: 0.6585257985257984
2025-10-04 11:43:59,134 - Holdout Validation F1 Score: 0.36363636363636365
2025-10-04 11:43:59,134 - Holdout Validation Precision: 0.3157894736842105
2025-10-04 11:43:59,134 - Holdout Validation Recall: 0.42857142857142855
2025-10-04 11:43:59,134 - Holdout Validation Accuracy: 0.676923076923077
2025-10-04 11:43:59,134 - Holdout Validation AUC: 0.5763305322128851
2025-10-04 11:43:59,144 - Test F1 Score: 0.09523809523809523
2025-10-04 11:43:59,144 - Test Precision: 0.06666666666666667
2025-10-04 11:43:59,144 - Test Recall: 0.16666666666666666
2025-10-04 11:43:59,144 - Test Accuracy: 0.7246376811594203
2025-10-04 11:43:59,144 - Test AUC: 0.3915343915343915
2025-10-04 11:43:59,145 - Best model saved as /gpfs/home1/won0316/_RESEARCH/0817_Genotoxicity/1_Git_upload/ChemBAI/ToxCast_model/experiments/training/DART_MTL/results/seed_2/CEETOX_H295R_ESTRADIOL_logistic_MACCS/model.joblib
[2025-10-04 11:43:59] END seed_2:CEETOX_H295R_ESTRADIOL_logistic_MACCS status=0
[2025-10-04 11:43:59] Job CEETOX_H295R_ESTRADIOL_logistic_MACCS completed successfully
[2025-10-04 11:43:59] Command finished with status 0
