[2025-09-30 23:57:53] Job 481996 starting on n004.hpc
[2025-09-30 23:57:53] Label: DART_MTL_ATG_ERE_CIS_gbt_Pattern
[2025-09-30 23:57:53] Job DART_MTL_ATG_ERE_CIS_gbt_Pattern starting on n004.hpc
[2025-09-30 23:57:53] START seed_0:ATG_ERE_CIS_gbt_Pattern
2025-09-30 23:57:57,393 - Using PyTorch device: cuda:0
2025-09-30 23:57:57,394 - Selected compute device: cuda:0
2025-10-01 04:35:55,449 - Best Model Parameters: {'learning_rate': 0.05, 'max_depth': 5, 'min_samples_leaf': 2, 'min_samples_split': 2, 'n_estimators': 200}
2025-10-01 04:35:55,449 - Validation F1 Score: 0.46611646887624103
2025-10-01 04:35:55,449 - Validation Precision: 0.4431614051703626
2025-10-01 04:35:55,449 - Validation Recall: 0.4937100737100737
2025-10-01 04:35:55,449 - Validation Accuracy: 0.7920676650027731
2025-10-01 04:35:55,449 - Validation AUC: 0.7170509619081048
2025-10-01 04:36:35,528 - Holdout Validation F1 Score: 0.49382716049382713
2025-10-01 04:36:35,529 - Holdout Validation Precision: 0.5405405405405406
2025-10-01 04:36:35,529 - Holdout Validation Recall: 0.45454545454545453
2025-10-01 04:36:35,529 - Holdout Validation Accuracy: 0.6809338521400778
2025-10-01 04:36:35,529 - Holdout Validation AUC: 0.6559306078536848
2025-10-01 04:36:35,559 - Test F1 Score: 0.5176470588235295
2025-10-01 04:36:35,560 - Test Precision: 0.5176470588235295
2025-10-01 04:36:35,560 - Test Recall: 0.5176470588235295
2025-10-01 04:36:35,560 - Test Accuracy: 0.7371794871794872
2025-10-01 04:36:35,560 - Test AUC: 0.7076444674786214
2025-10-01 04:36:35,569 - Best model saved as /gpfs/home1/won0316/_RESEARCH/0817_Genotoxicity/1_Git_upload/ChemBAI/ToxCast_model/experiments/training/DART_MTL/results/seed_0/ATG_ERE_CIS_gbt_Pattern/model.joblib
[2025-10-01 04:36:36] END seed_0:ATG_ERE_CIS_gbt_Pattern status=0
[2025-10-01 04:36:36] START seed_1:ATG_ERE_CIS_gbt_Pattern
2025-10-01 04:36:39,041 - Using PyTorch device: cuda:0
2025-10-01 04:36:39,041 - Selected compute device: cuda:0
[2025-10-03 08:13:16] Job 484985 starting on n007.hpc
[2025-10-03 08:13:16] Label: ATG_ERE_CIS_gbt_Pattern
[2025-10-03 08:13:16] Job ATG_ERE_CIS_gbt_Pattern starting on n007.hpc
[2025-10-03 08:13:16] SKIP seed_0:ATG_ERE_CIS_gbt_Pattern model.joblib exists
[2025-10-03 08:13:16] START seed_1:ATG_ERE_CIS_gbt_Pattern
2025-10-03 08:13:20,503 - Using PyTorch device: cuda:0
2025-10-03 08:13:20,504 - Selected compute device: cuda:0
2025-10-03 12:41:31,360 - Best Model Parameters: {'learning_rate': 0.05, 'max_depth': 7, 'min_samples_leaf': 2, 'min_samples_split': 2, 'n_estimators': 200}
2025-10-03 12:41:31,361 - Validation F1 Score: 0.4980995420341284
2025-10-03 12:41:31,361 - Validation Precision: 0.503040645513559
2025-10-03 12:41:31,361 - Validation Recall: 0.4940749181028344
2025-10-03 12:41:31,361 - Validation Accuracy: 0.8027472927625865
2025-10-03 12:41:31,361 - Validation AUC: 0.7317142369491585
2025-10-03 12:42:25,001 - Holdout Validation F1 Score: 0.3917525773195876
2025-10-03 12:42:25,001 - Holdout Validation Precision: 0.41304347826086957
2025-10-03 12:42:25,002 - Holdout Validation Recall: 0.37254901960784315
2025-10-03 12:42:25,002 - Holdout Validation Accuracy: 0.7748091603053435
2025-10-03 12:42:25,002 - Holdout Validation AUC: 0.6754948424867576
2025-10-03 12:42:25,037 - Test F1 Score: 0.373134328358209
2025-10-03 12:42:25,037 - Test Precision: 0.4807692307692308
2025-10-03 12:42:25,037 - Test Recall: 0.3048780487804878
2025-10-03 12:42:25,037 - Test Accuracy: 0.7391304347826086
2025-10-03 12:42:25,037 - Test AUC: 0.6570884146341464
2025-10-03 12:42:25,053 - Best model saved as /gpfs/home1/won0316/_RESEARCH/0817_Genotoxicity/1_Git_upload/ChemBAI/ToxCast_model/experiments/training/DART_MTL/results/seed_1/ATG_ERE_CIS_gbt_Pattern/model.joblib
[2025-10-03 12:42:25] END seed_1:ATG_ERE_CIS_gbt_Pattern status=0
[2025-10-03 12:42:25] START seed_2:ATG_ERE_CIS_gbt_Pattern
2025-10-03 12:42:28,770 - Using PyTorch device: cuda:0
2025-10-03 12:42:28,771 - Selected compute device: cuda:0
2025-10-03 17:14:03,614 - Best Model Parameters: {'learning_rate': 0.05, 'max_depth': 7, 'min_samples_leaf': 1, 'min_samples_split': 2, 'n_estimators': 100}
2025-10-03 17:14:03,614 - Validation F1 Score: 0.47336683717055517
2025-10-03 17:14:03,615 - Validation Precision: 0.4713185202720651
2025-10-03 17:14:03,615 - Validation Recall: 0.4759955752212389
2025-10-03 17:14:03,615 - Validation Accuracy: 0.7996000638074837
2025-10-03 17:14:03,615 - Validation AUC: 0.7044721849831087
2025-10-03 17:14:29,868 - Holdout Validation F1 Score: 0.546448087431694
2025-10-03 17:14:29,868 - Holdout Validation Precision: 0.5681818181818182
2025-10-03 17:14:29,868 - Holdout Validation Recall: 0.5263157894736842
2025-10-03 17:14:29,868 - Holdout Validation Accuracy: 0.7224080267558528
2025-10-03 17:14:29,868 - Holdout Validation AUC: 0.6910990712074303
2025-10-03 17:14:29,898 - Test F1 Score: 0.3880597014925373
2025-10-03 17:14:29,898 - Test Precision: 0.3939393939393939
2025-10-03 17:14:29,898 - Test Recall: 0.38235294117647056
2025-10-03 17:14:29,898 - Test Accuracy: 0.7328990228013029
2025-10-03 17:14:29,898 - Test AUC: 0.657642136352449
2025-10-03 17:14:29,908 - Best model saved as /gpfs/home1/won0316/_RESEARCH/0817_Genotoxicity/1_Git_upload/ChemBAI/ToxCast_model/experiments/training/DART_MTL/results/seed_2/ATG_ERE_CIS_gbt_Pattern/model.joblib
[2025-10-03 17:14:30] END seed_2:ATG_ERE_CIS_gbt_Pattern status=0
[2025-10-03 17:14:30] Job ATG_ERE_CIS_gbt_Pattern completed successfully
[2025-10-03 17:14:30] Command finished with status 0
