[2025-10-04 14:46:51] Job 486846 starting on n007.hpc
[2025-10-04 14:46:51] Label: CEETOX_H295R_PROG_xgb_RDKit
[2025-10-04 14:46:51] Job CEETOX_H295R_PROG_xgb_RDKit starting on n007.hpc
[2025-10-04 14:46:51] START seed_0:CEETOX_H295R_PROG_xgb_RDKit
2025-10-04 14:46:55,067 - Using PyTorch device: cuda:0
2025-10-04 14:46:55,067 - Selected compute device: cuda:0
2025-10-04 15:17:26,253 - Best Model Parameters: {'colsample_bytree': 0.8, 'learning_rate': 0.1, 'max_depth': 6, 'min_child_weight': 5, 'n_estimators': 200, 'subsample': 0.8}
2025-10-04 15:17:26,253 - Validation F1 Score: 0.5343623043623044
2025-10-04 15:17:26,253 - Validation Precision: 0.5432472919237625
2025-10-04 15:17:26,253 - Validation Recall: 0.5327651515151515
2025-10-04 15:17:26,253 - Validation Accuracy: 0.641162300511894
2025-10-04 15:17:26,253 - Validation AUC: 0.6529729694908266
2025-10-04 15:17:28,513 - Holdout Validation F1 Score: 0.5263157894736842
2025-10-04 15:17:28,513 - Holdout Validation Precision: 0.4838709677419355
2025-10-04 15:17:28,513 - Holdout Validation Recall: 0.5769230769230769
2025-10-04 15:17:28,513 - Holdout Validation Accuracy: 0.6029411764705882
2025-10-04 15:17:28,513 - Holdout Validation AUC: 0.6181318681318682
2025-10-04 15:17:29,261 - Test F1 Score: 0.5757575757575758
2025-10-04 15:17:29,261 - Test Precision: 0.5
2025-10-04 15:17:29,261 - Test Recall: 0.6785714285714286
2025-10-04 15:17:29,261 - Test Accuracy: 0.654320987654321
2025-10-04 15:17:29,261 - Test AUC: 0.7237196765498652
2025-10-04 15:17:29,265 - Best model saved as /gpfs/home1/won0316/_RESEARCH/0817_Genotoxicity/1_Git_upload/ChemBAI/ToxCast_model/experiments/training/DART_MTL/results/seed_0/CEETOX_H295R_PROG_xgb_RDKit/model.joblib
[2025-10-04 15:17:29] END seed_0:CEETOX_H295R_PROG_xgb_RDKit status=0
[2025-10-04 15:17:29] START seed_1:CEETOX_H295R_PROG_xgb_RDKit
2025-10-04 15:17:32,247 - Using PyTorch device: cuda:0
2025-10-04 15:17:32,247 - Selected compute device: cuda:0
2025-10-04 15:48:01,893 - Best Model Parameters: {'colsample_bytree': 1.0, 'learning_rate': 0.1, 'max_depth': 9, 'min_child_weight': 1, 'n_estimators': 400, 'subsample': 0.8}
2025-10-04 15:48:01,893 - Validation F1 Score: 0.5801533204200326
2025-10-04 15:48:01,893 - Validation Precision: 0.5948282518972174
2025-10-04 15:48:01,893 - Validation Recall: 0.568095238095238
2025-10-04 15:48:01,893 - Validation Accuracy: 0.6757150153217568
2025-10-04 15:48:01,894 - Validation AUC: 0.6932434860736747
2025-10-04 15:48:04,978 - Holdout Validation F1 Score: 0.4117647058823529
2025-10-04 15:48:04,978 - Holdout Validation Precision: 0.3888888888888889
2025-10-04 15:48:04,978 - Holdout Validation Recall: 0.4375
2025-10-04 15:48:04,978 - Holdout Validation Accuracy: 0.5652173913043478
2025-10-04 15:48:04,978 - Holdout Validation AUC: 0.63125
2025-10-04 15:48:05,717 - Test F1 Score: 0.37209302325581395
2025-10-04 15:48:05,717 - Test Precision: 0.4444444444444444
2025-10-04 15:48:05,717 - Test Recall: 0.32
2025-10-04 15:48:05,717 - Test Accuracy: 0.5909090909090909
2025-10-04 15:48:05,717 - Test AUC: 0.6282926829268293
2025-10-04 15:48:05,722 - Best model saved as /gpfs/home1/won0316/_RESEARCH/0817_Genotoxicity/1_Git_upload/ChemBAI/ToxCast_model/experiments/training/DART_MTL/results/seed_1/CEETOX_H295R_PROG_xgb_RDKit/model.joblib
[2025-10-04 15:48:06] END seed_1:CEETOX_H295R_PROG_xgb_RDKit status=0
[2025-10-04 15:48:06] START seed_2:CEETOX_H295R_PROG_xgb_RDKit
2025-10-04 15:48:09,488 - Using PyTorch device: cuda:0
2025-10-04 15:48:09,488 - Selected compute device: cuda:0
2025-10-04 16:18:38,176 - Best Model Parameters: {'colsample_bytree': 1.0, 'learning_rate': 0.1, 'max_depth': 6, 'min_child_weight': 5, 'n_estimators': 200, 'subsample': 0.8}
2025-10-04 16:18:38,176 - Validation F1 Score: 0.5427518717841299
2025-10-04 16:18:38,176 - Validation Precision: 0.5504337732160313
2025-10-04 16:18:38,176 - Validation Recall: 0.5381048387096774
2025-10-04 16:18:38,176 - Validation Accuracy: 0.668235294117647
2025-10-04 16:18:38,176 - Validation AUC: 0.6628212281057686
2025-10-04 16:18:40,395 - Holdout Validation F1 Score: 0.6388888888888888
2025-10-04 16:18:40,395 - Holdout Validation Precision: 0.6764705882352942
2025-10-04 16:18:40,395 - Holdout Validation Recall: 0.6052631578947368
2025-10-04 16:18:40,395 - Holdout Validation Accuracy: 0.6
2025-10-04 16:18:40,395 - Holdout Validation AUC: 0.6705653021442496
2025-10-04 16:18:41,127 - Test F1 Score: 0.391304347826087
2025-10-04 16:18:41,127 - Test Precision: 0.391304347826087
2025-10-04 16:18:41,127 - Test Recall: 0.391304347826087
2025-10-04 16:18:41,127 - Test Accuracy: 0.5942028985507246
2025-10-04 16:18:41,127 - Test AUC: 0.5897920604914935
2025-10-04 16:18:41,130 - Best model saved as /gpfs/home1/won0316/_RESEARCH/0817_Genotoxicity/1_Git_upload/ChemBAI/ToxCast_model/experiments/training/DART_MTL/results/seed_2/CEETOX_H295R_PROG_xgb_RDKit/model.joblib
[2025-10-04 16:18:41] END seed_2:CEETOX_H295R_PROG_xgb_RDKit status=0
[2025-10-04 16:18:41] Job CEETOX_H295R_PROG_xgb_RDKit completed successfully
[2025-10-04 16:18:41] Command finished with status 0
