[2025-10-04 23:48:00] Job 487344 starting on n005.hpc
[2025-10-04 23:48:00] Label: TOX21_p53_BLA_p2_ratio_xgb_Pattern
[2025-10-04 23:48:00] Job TOX21_p53_BLA_p2_ratio_xgb_Pattern starting on n005.hpc
[2025-10-04 23:48:00] START seed_0:TOX21_p53_BLA_p2_ratio_xgb_Pattern
2025-10-04 23:48:04,340 - Using PyTorch device: cuda:0
2025-10-04 23:48:04,340 - Selected compute device: cuda:0
2025-10-05 00:43:28,377 - Best Model Parameters: {'colsample_bytree': 1.0, 'learning_rate': 0.1, 'max_depth': 9, 'min_child_weight': 3, 'n_estimators': 400, 'subsample': 0.8}
2025-10-05 00:43:28,377 - Validation F1 Score: 0.36343633990755364
2025-10-05 00:43:28,377 - Validation Precision: 0.42283577093418484
2025-10-05 00:43:28,377 - Validation Recall: 0.31936403508771927
2025-10-05 00:43:28,377 - Validation Accuracy: 0.912288742902337
2025-10-05 00:43:28,377 - Validation AUC: 0.7661181001588013
2025-10-05 00:43:35,065 - Holdout Validation F1 Score: 0.4192139737991266
2025-10-05 00:43:35,066 - Holdout Validation Precision: 0.48
2025-10-05 00:43:35,066 - Holdout Validation Recall: 0.37209302325581395
2025-10-05 00:43:35,066 - Holdout Validation Accuracy: 0.8329145728643216
2025-10-05 00:43:35,066 - Holdout Validation AUC: 0.7993154585497948
2025-10-05 00:43:35,823 - Test F1 Score: 0.22598870056497175
2025-10-05 00:43:35,823 - Test Precision: 0.2777777777777778
2025-10-05 00:43:35,823 - Test Recall: 0.19047619047619047
2025-10-05 00:43:35,823 - Test Accuracy: 0.8243589743589743
2025-10-05 00:43:35,823 - Test AUC: 0.6974885361552028
2025-10-05 00:43:35,830 - Best model saved as /gpfs/home1/won0316/_RESEARCH/0817_Genotoxicity/1_Git_upload/ChemBAI/ToxCast_model/experiments/training/DART_MTL/results/seed_0/TOX21_p53_BLA_p2_ratio_xgb_Pattern/model.joblib
[2025-10-05 00:43:36] END seed_0:TOX21_p53_BLA_p2_ratio_xgb_Pattern status=0
[2025-10-05 00:43:36] START seed_1:TOX21_p53_BLA_p2_ratio_xgb_Pattern
2025-10-05 00:43:38,691 - Using PyTorch device: cuda:0
2025-10-05 00:43:38,691 - Selected compute device: cuda:0
