[2025-10-05 18:45:10] Job 487856 starting on n005.hpc
[2025-10-05 18:45:10] Label: TOX21_PGC_ERR_Antagonist_xgb_MACCS
[2025-10-05 18:45:10] Job TOX21_PGC_ERR_Antagonist_xgb_MACCS starting on n005.hpc
[2025-10-05 18:45:10] START seed_0:TOX21_PGC_ERR_Antagonist_xgb_MACCS
2025-10-05 18:45:14,821 - Using PyTorch device: cuda:0
2025-10-05 18:45:14,821 - Selected compute device: cuda:0
2025-10-05 18:52:00,889 - Best Model Parameters: {'colsample_bytree': 0.8, 'learning_rate': 0.1, 'max_depth': 9, 'min_child_weight': 1, 'n_estimators': 400, 'subsample': 0.8}
2025-10-05 18:52:00,889 - Validation F1 Score: 0.4006817183081319
2025-10-05 18:52:00,890 - Validation Precision: 0.41879448915852774
2025-10-05 18:52:00,890 - Validation Recall: 0.38439290950286553
2025-10-05 18:52:00,890 - Validation Accuracy: 0.8803595057334347
2025-10-05 18:52:00,890 - Validation AUC: 0.7846044339637053
2025-10-05 18:52:01,881 - Holdout Validation F1 Score: 0.29310344827586204
2025-10-05 18:52:01,881 - Holdout Validation Precision: 0.37362637362637363
2025-10-05 18:52:01,881 - Holdout Validation Recall: 0.24113475177304963
2025-10-05 18:52:01,881 - Holdout Validation Accuracy: 0.7719054242002782
2025-10-05 18:52:01,881 - Holdout Validation AUC: 0.6630469459373235
2025-10-05 18:52:01,961 - Test F1 Score: 0.33175355450236965
2025-10-05 18:52:01,961 - Test Precision: 0.3211009174311927
2025-10-05 18:52:01,961 - Test Recall: 0.3431372549019608
2025-10-05 18:52:01,961 - Test Accuracy: 0.792341678939617
2025-10-05 18:52:01,961 - Test AUC: 0.726492676793421
2025-10-05 18:52:01,972 - Best model saved as /gpfs/home1/won0316/_RESEARCH/0817_Genotoxicity/1_Git_upload/ChemBAI/ToxCast_model/experiments/training/DART_MTL/results/seed_0/TOX21_PGC_ERR_Antagonist_xgb_MACCS/model.joblib
[2025-10-05 18:52:02] END seed_0:TOX21_PGC_ERR_Antagonist_xgb_MACCS status=0
[2025-10-05 18:52:02] START seed_1:TOX21_PGC_ERR_Antagonist_xgb_MACCS
2025-10-05 18:52:05,334 - Using PyTorch device: cuda:0
2025-10-05 18:52:05,335 - Selected compute device: cuda:0
2025-10-05 18:58:52,279 - Best Model Parameters: {'colsample_bytree': 1.0, 'learning_rate': 0.05, 'max_depth': 9, 'min_child_weight': 1, 'n_estimators': 200, 'subsample': 0.8}
2025-10-05 18:58:52,279 - Validation F1 Score: 0.42287020521197893
2025-10-05 18:58:52,279 - Validation Precision: 0.4042751606582352
2025-10-05 18:58:52,279 - Validation Recall: 0.44351624015748037
2025-10-05 18:58:52,279 - Validation Accuracy: 0.8687525647472242
2025-10-05 18:58:52,279 - Validation AUC: 0.798035032886123
2025-10-05 18:58:52,918 - Holdout Validation F1 Score: 0.19101123595505617
2025-10-05 18:58:52,919 - Holdout Validation Precision: 0.26153846153846155
2025-10-05 18:58:52,919 - Holdout Validation Recall: 0.1504424778761062
2025-10-05 18:58:52,919 - Holdout Validation Accuracy: 0.7957446808510639
2025-10-05 18:58:52,919 - Holdout Validation AUC: 0.6366000956708922
2025-10-05 18:58:52,995 - Test F1 Score: 0.2831050228310502
2025-10-05 18:58:52,995 - Test Precision: 0.2743362831858407
2025-10-05 18:58:52,995 - Test Recall: 0.29245283018867924
2025-10-05 18:58:52,995 - Test Accuracy: 0.7794943820224719
2025-10-05 18:58:52,995 - Test AUC: 0.6665966124914379
2025-10-05 18:58:53,000 - Best model saved as /gpfs/home1/won0316/_RESEARCH/0817_Genotoxicity/1_Git_upload/ChemBAI/ToxCast_model/experiments/training/DART_MTL/results/seed_1/TOX21_PGC_ERR_Antagonist_xgb_MACCS/model.joblib
[2025-10-05 18:58:53] END seed_1:TOX21_PGC_ERR_Antagonist_xgb_MACCS status=0
[2025-10-05 18:58:53] START seed_2:TOX21_PGC_ERR_Antagonist_xgb_MACCS
2025-10-05 18:58:56,864 - Using PyTorch device: cuda:0
2025-10-05 18:58:56,864 - Selected compute device: cuda:0
2025-10-05 19:05:37,196 - Best Model Parameters: {'colsample_bytree': 0.8, 'learning_rate': 0.1, 'max_depth': 9, 'min_child_weight': 5, 'n_estimators': 400, 'subsample': 0.8}
2025-10-05 19:05:37,196 - Validation F1 Score: 0.42114034630668484
2025-10-05 19:05:37,196 - Validation Precision: 0.41309384370994273
2025-10-05 19:05:37,196 - Validation Recall: 0.43157894736842106
2025-10-05 19:05:37,196 - Validation Accuracy: 0.8663040441508315
2025-10-05 19:05:37,196 - Validation AUC: 0.7949196175825135
2025-10-05 19:05:38,120 - Holdout Validation F1 Score: 0.3422459893048128
2025-10-05 19:05:38,120 - Holdout Validation Precision: 0.3333333333333333
2025-10-05 19:05:38,120 - Holdout Validation Recall: 0.3516483516483517
2025-10-05 19:05:38,120 - Holdout Validation Accuracy: 0.8222543352601156
2025-10-05 19:05:38,120 - Holdout Validation AUC: 0.7059205353714504
2025-10-05 19:05:38,198 - Test F1 Score: 0.3723404255319149
2025-10-05 19:05:38,198 - Test Precision: 0.40229885057471265
2025-10-05 19:05:38,198 - Test Recall: 0.3465346534653465
2025-10-05 19:05:38,198 - Test Accuracy: 0.830945558739255
2025-10-05 19:05:38,198 - Test AUC: 0.705043368658474
2025-10-05 19:05:38,205 - Best model saved as /gpfs/home1/won0316/_RESEARCH/0817_Genotoxicity/1_Git_upload/ChemBAI/ToxCast_model/experiments/training/DART_MTL/results/seed_2/TOX21_PGC_ERR_Antagonist_xgb_MACCS/model.joblib
[2025-10-05 19:05:38] END seed_2:TOX21_PGC_ERR_Antagonist_xgb_MACCS status=0
[2025-10-05 19:05:38] Job TOX21_PGC_ERR_Antagonist_xgb_MACCS completed successfully
[2025-10-05 19:05:38] Command finished with status 0
