[2025-09-30 21:15:53] Job 481887 starting on n004.hpc
[2025-09-30 21:15:53] Label: DART_MTL_ATG_ERE_CIS_rf_Layered
[2025-09-30 21:15:54] Job DART_MTL_ATG_ERE_CIS_rf_Layered starting on n004.hpc
[2025-09-30 21:15:54] START seed_0:ATG_ERE_CIS_rf_Layered
2025-09-30 21:15:57,842 - Using PyTorch device: cuda:0
2025-09-30 21:15:57,842 - Selected compute device: cuda:0
2025-09-30 21:21:48,850 - Best Model Parameters: {'max_depth': 15, 'min_samples_leaf': 1, 'min_samples_split': 2, 'n_estimators': 400}
2025-09-30 21:21:48,851 - Validation F1 Score: 0.4392958744315674
2025-09-30 21:21:48,851 - Validation Precision: 0.3921971688603725
2025-09-30 21:21:48,851 - Validation Recall: 0.5027682227682228
2025-09-30 21:21:48,851 - Validation Accuracy: 0.7644137548530228
2025-09-30 21:21:48,851 - Validation AUC: 0.7203846629560916
2025-09-30 21:21:50,708 - Holdout Validation F1 Score: 0.46153846153846156
2025-09-30 21:21:50,708 - Holdout Validation Precision: 0.6
2025-09-30 21:21:50,708 - Holdout Validation Recall: 0.375
2025-09-30 21:21:50,708 - Holdout Validation Accuracy: 0.7003891050583657
2025-09-30 21:21:50,708 - Holdout Validation AUC: 0.6886094674556212
2025-09-30 21:21:50,843 - Test F1 Score: 0.46153846153846156
2025-09-30 21:21:50,843 - Test Precision: 0.6666666666666666
2025-09-30 21:21:50,843 - Test Recall: 0.35294117647058826
2025-09-30 21:21:50,843 - Test Accuracy: 0.7756410256410257
2025-09-30 21:21:50,843 - Test AUC: 0.7199274423425758
2025-09-30 21:21:50,951 - Best model saved as /gpfs/home1/won0316/_RESEARCH/0817_Genotoxicity/1_Git_upload/ChemBAI/ToxCast_model/experiments/training/DART_MTL/results/seed_0/ATG_ERE_CIS_rf_Layered/model.joblib
[2025-09-30 21:21:51] END seed_0:ATG_ERE_CIS_rf_Layered status=0
[2025-09-30 21:21:51] START seed_1:ATG_ERE_CIS_rf_Layered
2025-09-30 21:21:53,721 - Using PyTorch device: cuda:0
2025-09-30 21:21:53,721 - Selected compute device: cuda:0
2025-09-30 21:27:40,074 - Best Model Parameters: {'max_depth': 15, 'min_samples_leaf': 1, 'min_samples_split': 4, 'n_estimators': 200}
2025-09-30 21:27:40,074 - Validation F1 Score: 0.4780148172629376
2025-09-30 21:27:40,074 - Validation Precision: 0.44722132423722105
2025-09-30 21:27:40,074 - Validation Recall: 0.514299957271044
2025-09-30 21:27:40,074 - Validation Accuracy: 0.7776295076273227
2025-09-30 21:27:40,074 - Validation AUC: 0.7335512995757731
2025-09-30 21:27:41,262 - Holdout Validation F1 Score: 0.32653061224489793
2025-09-30 21:27:41,263 - Holdout Validation Precision: 0.3404255319148936
2025-09-30 21:27:41,263 - Holdout Validation Recall: 0.3137254901960784
2025-09-30 21:27:41,263 - Holdout Validation Accuracy: 0.7480916030534351
2025-09-30 21:27:41,263 - Holdout Validation AUC: 0.671870643992194
2025-09-30 21:27:41,346 - Test F1 Score: 0.4090909090909091
2025-09-30 21:27:41,346 - Test Precision: 0.54
2025-09-30 21:27:41,346 - Test Recall: 0.32926829268292684
2025-09-30 21:27:41,346 - Test Accuracy: 0.7577639751552795
2025-09-30 21:27:41,346 - Test AUC: 0.6879827235772358
2025-09-30 21:27:41,399 - Best model saved as /gpfs/home1/won0316/_RESEARCH/0817_Genotoxicity/1_Git_upload/ChemBAI/ToxCast_model/experiments/training/DART_MTL/results/seed_1/ATG_ERE_CIS_rf_Layered/model.joblib
[2025-09-30 21:27:41] END seed_1:ATG_ERE_CIS_rf_Layered status=0
[2025-09-30 21:27:41] START seed_2:ATG_ERE_CIS_rf_Layered
2025-09-30 21:27:45,136 - Using PyTorch device: cuda:0
2025-09-30 21:27:45,137 - Selected compute device: cuda:0
2025-09-30 21:33:19,539 - Best Model Parameters: {'max_depth': 10, 'min_samples_leaf': 2, 'min_samples_split': 2, 'n_estimators': 200}
2025-09-30 21:33:19,539 - Validation F1 Score: 0.45530970195020243
2025-09-30 21:33:19,539 - Validation Precision: 0.4007506420447597
2025-09-30 21:33:19,539 - Validation Recall: 0.5276548672566371
2025-09-30 21:33:19,539 - Validation Accuracy: 0.7614750922929676
2025-09-30 21:33:19,539 - Validation AUC: 0.7201592803037771
2025-09-30 21:33:20,542 - Holdout Validation F1 Score: 0.5157894736842106
2025-09-30 21:33:20,542 - Holdout Validation Precision: 0.5157894736842106
2025-09-30 21:33:20,542 - Holdout Validation Recall: 0.5157894736842106
2025-09-30 21:33:20,542 - Holdout Validation Accuracy: 0.6923076923076923
2025-09-30 21:33:20,542 - Holdout Validation AUC: 0.6845459236326109
2025-09-30 21:33:20,622 - Test F1 Score: 0.44171779141104295
2025-09-30 21:33:20,622 - Test Precision: 0.37894736842105264
2025-09-30 21:33:20,622 - Test Recall: 0.5294117647058824
2025-09-30 21:33:20,622 - Test Accuracy: 0.7035830618892508
2025-09-30 21:33:20,622 - Test AUC: 0.6714865862663058
2025-09-30 21:33:20,669 - Best model saved as /gpfs/home1/won0316/_RESEARCH/0817_Genotoxicity/1_Git_upload/ChemBAI/ToxCast_model/experiments/training/DART_MTL/results/seed_2/ATG_ERE_CIS_rf_Layered/model.joblib
[2025-09-30 21:33:21] END seed_2:ATG_ERE_CIS_rf_Layered status=0
[2025-09-30 21:33:21] Job DART_MTL_ATG_ERE_CIS_rf_Layered completed successfully
[2025-09-30 21:33:21] Command finished with status 0
