[2025-10-07 04:10:13] Job 488775 starting on n006.hpc
[2025-10-07 04:10:13] Label: TOX21_PR_BLA_Antagonist_ratio_xgb_RDKit
[2025-10-07 04:10:13] Job TOX21_PR_BLA_Antagonist_ratio_xgb_RDKit starting on n006.hpc
[2025-10-07 04:10:13] START seed_0:TOX21_PR_BLA_Antagonist_ratio_xgb_RDKit
2025-10-07 04:10:17,226 - Using PyTorch device: cuda:0
2025-10-07 04:10:17,227 - Selected compute device: cuda:0
2025-10-07 05:05:22,381 - Best Model Parameters: {'colsample_bytree': 0.8, 'learning_rate': 0.1, 'max_depth': 9, 'min_child_weight': 1, 'n_estimators': 400, 'subsample': 1.0}
2025-10-07 05:05:22,381 - Validation F1 Score: 0.5445571555001243
2025-10-07 05:05:22,381 - Validation Precision: 0.5608616647181245
2025-10-07 05:05:22,381 - Validation Recall: 0.5299610894941634
2025-10-07 05:05:22,381 - Validation Accuracy: 0.8073207135578869
2025-10-07 05:05:22,381 - Validation AUC: 0.7961592343463335
2025-10-07 05:05:29,565 - Holdout Validation F1 Score: 0.56
2025-10-07 05:05:29,565 - Holdout Validation Precision: 0.65625
2025-10-07 05:05:29,565 - Holdout Validation Recall: 0.4883720930232558
2025-10-07 05:05:29,565 - Holdout Validation Accuracy: 0.7246175243393602
2025-10-07 05:05:29,565 - Holdout Validation AUC: 0.7806714422640368
2025-10-07 05:05:30,329 - Test F1 Score: 0.579520697167756
2025-10-07 05:05:30,329 - Test Precision: 0.7388888888888889
2025-10-07 05:05:30,329 - Test Recall: 0.4767025089605735
2025-10-07 05:05:30,329 - Test Accuracy: 0.7157584683357879
2025-10-07 05:05:30,329 - Test AUC: 0.7726254480286738
2025-10-07 05:05:30,338 - Best model saved as /gpfs/home1/won0316/_RESEARCH/0817_Genotoxicity/1_Git_upload/ChemBAI/ToxCast_model/experiments/training/DART_MTL/results/seed_0/TOX21_PR_BLA_Antagonist_ratio_xgb_RDKit/model.joblib
[2025-10-07 05:05:31] END seed_0:TOX21_PR_BLA_Antagonist_ratio_xgb_RDKit status=0
[2025-10-07 05:05:31] START seed_1:TOX21_PR_BLA_Antagonist_ratio_xgb_RDKit
2025-10-07 05:05:34,275 - Using PyTorch device: cuda:0
2025-10-07 05:05:34,275 - Selected compute device: cuda:0
2025-10-07 05:59:50,729 - Best Model Parameters: {'colsample_bytree': 0.8, 'learning_rate': 0.05, 'max_depth': 9, 'min_child_weight': 5, 'n_estimators': 400, 'subsample': 0.8}
2025-10-07 05:59:50,729 - Validation F1 Score: 0.5830418489899235
2025-10-07 05:59:50,730 - Validation Precision: 0.5784174375664634
2025-10-07 05:59:50,730 - Validation Recall: 0.5888998258499281
2025-10-07 05:59:50,730 - Validation Accuracy: 0.7987044775429288
2025-10-07 05:59:50,730 - Validation AUC: 0.8085954847030965
2025-10-07 05:59:57,270 - Holdout Validation F1 Score: 0.4430379746835443
2025-10-07 05:59:57,270 - Holdout Validation Precision: 0.5223880597014925
2025-10-07 05:59:57,270 - Holdout Validation Recall: 0.38461538461538464
2025-10-07 05:59:57,270 - Holdout Validation Accuracy: 0.750354609929078
2025-10-07 05:59:57,270 - Holdout Validation AUC: 0.7312367364948628
2025-10-07 05:59:58,027 - Test F1 Score: 0.42245989304812837
2025-10-07 05:59:58,027 - Test Precision: 0.5642857142857143
2025-10-07 05:59:58,027 - Test Recall: 0.33760683760683763
2025-10-07 05:59:58,027 - Test Accuracy: 0.6966292134831461
2025-10-07 05:59:58,028 - Test AUC: 0.7370409112040912
2025-10-07 05:59:58,035 - Best model saved as /gpfs/home1/won0316/_RESEARCH/0817_Genotoxicity/1_Git_upload/ChemBAI/ToxCast_model/experiments/training/DART_MTL/results/seed_1/TOX21_PR_BLA_Antagonist_ratio_xgb_RDKit/model.joblib
[2025-10-07 05:59:58] END seed_1:TOX21_PR_BLA_Antagonist_ratio_xgb_RDKit status=0
[2025-10-07 05:59:58] START seed_2:TOX21_PR_BLA_Antagonist_ratio_xgb_RDKit
2025-10-07 06:00:00,950 - Using PyTorch device: cuda:0
2025-10-07 06:00:00,951 - Selected compute device: cuda:0
2025-10-07 06:54:46,734 - Best Model Parameters: {'colsample_bytree': 0.8, 'learning_rate': 0.05, 'max_depth': 6, 'min_child_weight': 3, 'n_estimators': 200, 'subsample': 0.8}
2025-10-07 06:54:46,734 - Validation F1 Score: 0.5820546204522263
2025-10-07 06:54:46,734 - Validation Precision: 0.5602050005999235
2025-10-07 06:54:46,734 - Validation Recall: 0.6057553956834533
2025-10-07 06:54:46,734 - Validation Accuracy: 0.7953949376120211
2025-10-07 06:54:46,734 - Validation AUC: 0.809214567310665
2025-10-07 06:54:50,813 - Holdout Validation F1 Score: 0.5406698564593302
2025-10-07 06:54:50,813 - Holdout Validation Precision: 0.5566502463054187
2025-10-07 06:54:50,813 - Holdout Validation Recall: 0.5255813953488372
2025-10-07 06:54:50,813 - Holdout Validation Accuracy: 0.7225433526011561
2025-10-07 06:54:50,813 - Holdout Validation AUC: 0.7630393447418459
2025-10-07 06:54:51,581 - Test F1 Score: 0.5951219512195122
2025-10-07 06:54:51,581 - Test Precision: 0.6321243523316062
2025-10-07 06:54:51,581 - Test Recall: 0.5622119815668203
2025-10-07 06:54:51,581 - Test Accuracy: 0.7621776504297995
2025-10-07 06:54:51,581 - Test AUC: 0.7918123724575337
2025-10-07 06:54:51,586 - Best model saved as /gpfs/home1/won0316/_RESEARCH/0817_Genotoxicity/1_Git_upload/ChemBAI/ToxCast_model/experiments/training/DART_MTL/results/seed_2/TOX21_PR_BLA_Antagonist_ratio_xgb_RDKit/model.joblib
[2025-10-07 06:54:52] END seed_2:TOX21_PR_BLA_Antagonist_ratio_xgb_RDKit status=0
[2025-10-07 06:54:52] Job TOX21_PR_BLA_Antagonist_ratio_xgb_RDKit completed successfully
[2025-10-07 06:54:52] Command finished with status 0
