[2025-10-04 22:30:28] Job 487314 starting on n005.hpc
[2025-10-04 22:30:28] Label: TOX21_p53_BLA_p2_ratio_xgb_RDKit
[2025-10-04 22:30:28] Job TOX21_p53_BLA_p2_ratio_xgb_RDKit starting on n005.hpc
[2025-10-04 22:30:28] START seed_0:TOX21_p53_BLA_p2_ratio_xgb_RDKit
2025-10-04 22:30:32,793 - Using PyTorch device: cuda:0
2025-10-04 22:30:32,794 - Selected compute device: cuda:0
2025-10-04 23:30:02,316 - Best Model Parameters: {'colsample_bytree': 0.8, 'learning_rate': 0.1, 'max_depth': 9, 'min_child_weight': 5, 'n_estimators': 400, 'subsample': 1.0}
2025-10-04 23:30:02,317 - Validation F1 Score: 0.32207804110441024
2025-10-04 23:30:02,317 - Validation Precision: 0.337749250695025
2025-10-04 23:30:02,317 - Validation Recall: 0.30890350877192985
2025-10-04 23:30:02,317 - Validation Accuracy: 0.8977228595937387
2025-10-04 23:30:02,317 - Validation AUC: 0.7161943124261871
2025-10-04 23:30:09,274 - Holdout Validation F1 Score: 0.1945945945945946
2025-10-04 23:30:09,275 - Holdout Validation Precision: 0.32142857142857145
2025-10-04 23:30:09,275 - Holdout Validation Recall: 0.13953488372093023
2025-10-04 23:30:09,275 - Holdout Validation Accuracy: 0.8128140703517588
2025-10-04 23:30:09,275 - Holdout Validation AUC: 0.767988098973769
2025-10-04 23:30:10,053 - Test F1 Score: 0.24691358024691357
2025-10-04 23:30:10,053 - Test Precision: 0.3508771929824561
2025-10-04 23:30:10,053 - Test Recall: 0.19047619047619047
2025-10-04 23:30:10,053 - Test Accuracy: 0.8435897435897436
2025-10-04 23:30:10,053 - Test AUC: 0.6539118165784832
2025-10-04 23:30:10,059 - Best model saved as /gpfs/home1/won0316/_RESEARCH/0817_Genotoxicity/1_Git_upload/ChemBAI/ToxCast_model/experiments/training/DART_MTL/results/seed_0/TOX21_p53_BLA_p2_ratio_xgb_RDKit/model.joblib
[2025-10-04 23:30:10] END seed_0:TOX21_p53_BLA_p2_ratio_xgb_RDKit status=0
[2025-10-04 23:30:10] START seed_1:TOX21_p53_BLA_p2_ratio_xgb_RDKit
2025-10-04 23:30:12,998 - Using PyTorch device: cuda:0
2025-10-04 23:30:12,998 - Selected compute device: cuda:0
2025-10-05 00:29:34,210 - Best Model Parameters: {'colsample_bytree': 0.8, 'learning_rate': 0.1, 'max_depth': 9, 'min_child_weight': 1, 'n_estimators': 400, 'subsample': 0.8}
2025-10-05 00:29:34,210 - Validation F1 Score: 0.34591070233284577
2025-10-05 00:29:34,210 - Validation Precision: 0.38016280530758584
2025-10-05 00:29:34,210 - Validation Recall: 0.3182154822782578
2025-10-05 00:29:34,210 - Validation Accuracy: 0.8959788286867584
2025-10-05 00:29:34,210 - Validation AUC: 0.7499724383857458
2025-10-05 00:29:41,973 - Holdout Validation F1 Score: 0.1322314049586777
2025-10-05 00:29:41,973 - Holdout Validation Precision: 0.3333333333333333
2025-10-05 00:29:41,973 - Holdout Validation Recall: 0.08247422680412371
2025-10-05 00:29:41,973 - Holdout Validation Accuracy: 0.8643410852713178
2025-10-05 00:29:41,973 - Holdout Validation AUC: 0.6822321034277969
2025-10-05 00:29:42,740 - Test F1 Score: 0.1651376146788991
2025-10-05 00:29:42,740 - Test Precision: 0.375
2025-10-05 00:29:42,740 - Test Recall: 0.10588235294117647
2025-10-05 00:29:42,740 - Test Accuracy: 0.8818181818181818
2025-10-05 00:29:42,740 - Test AUC: 0.7019149849720909
2025-10-05 00:29:42,749 - Best model saved as /gpfs/home1/won0316/_RESEARCH/0817_Genotoxicity/1_Git_upload/ChemBAI/ToxCast_model/experiments/training/DART_MTL/results/seed_1/TOX21_p53_BLA_p2_ratio_xgb_RDKit/model.joblib
[2025-10-05 00:29:43] END seed_1:TOX21_p53_BLA_p2_ratio_xgb_RDKit status=0
[2025-10-05 00:29:43] START seed_2:TOX21_p53_BLA_p2_ratio_xgb_RDKit
2025-10-05 00:29:46,527 - Using PyTorch device: cuda:0
2025-10-05 00:29:46,527 - Selected compute device: cuda:0
2025-10-05 01:28:41,059 - Best Model Parameters: {'colsample_bytree': 1.0, 'learning_rate': 0.1, 'max_depth': 9, 'min_child_weight': 1, 'n_estimators': 400, 'subsample': 1.0}
2025-10-05 01:28:41,060 - Validation F1 Score: 0.362419783780648
2025-10-05 01:28:41,060 - Validation Precision: 0.3844459463488221
2025-10-05 01:28:41,060 - Validation Recall: 0.34311926605504595
2025-10-05 01:28:41,060 - Validation Accuracy: 0.8927465362673187
2025-10-05 01:28:41,060 - Validation AUC: 0.7536689041702911
2025-10-05 01:28:48,551 - Holdout Validation F1 Score: 0.1834862385321101
2025-10-05 01:28:48,551 - Holdout Validation Precision: 0.35714285714285715
2025-10-05 01:28:48,551 - Holdout Validation Recall: 0.12345679012345678
2025-10-05 01:28:48,551 - Holdout Validation Accuracy: 0.8857509627727856
2025-10-05 01:28:48,551 - Holdout Validation AUC: 0.6498019031447876
2025-10-05 01:28:49,319 - Test F1 Score: 0.12389380530973451
2025-10-05 01:28:49,319 - Test Precision: 0.2692307692307692
2025-10-05 01:28:49,319 - Test Recall: 0.08045977011494253
2025-10-05 01:28:49,319 - Test Accuracy: 0.871927554980595
2025-10-05 01:28:49,319 - Test AUC: 0.6651586743071612
2025-10-05 01:28:49,328 - Best model saved as /gpfs/home1/won0316/_RESEARCH/0817_Genotoxicity/1_Git_upload/ChemBAI/ToxCast_model/experiments/training/DART_MTL/results/seed_2/TOX21_p53_BLA_p2_ratio_xgb_RDKit/model.joblib
[2025-10-05 01:28:50] END seed_2:TOX21_p53_BLA_p2_ratio_xgb_RDKit status=0
[2025-10-05 01:28:50] Job TOX21_p53_BLA_p2_ratio_xgb_RDKit completed successfully
[2025-10-05 01:28:50] Command finished with status 0
