[2025-10-02 14:34:59] Job 484114 starting on n011.hpc
[2025-10-02 14:34:59] Label: DART_MTL_BSK_hDFCGF_VCAM1_xgb_RDKit
[2025-10-02 14:34:59] Job DART_MTL_BSK_hDFCGF_VCAM1_xgb_RDKit starting on n011.hpc
[2025-10-02 14:34:59] START seed_0:BSK_hDFCGF_VCAM1_xgb_RDKit
2025-10-02 14:35:03,084 - Using PyTorch device: cuda:0
2025-10-02 14:35:03,085 - Selected compute device: cuda:0
[2025-10-03 22:01:56] Job 485465 starting on n006.hpc
[2025-10-03 22:01:56] Label: BSK_hDFCGF_VCAM1_xgb_RDKit
[2025-10-03 22:01:56] Job BSK_hDFCGF_VCAM1_xgb_RDKit starting on n006.hpc
[2025-10-03 22:01:56] START seed_0:BSK_hDFCGF_VCAM1_xgb_RDKit
2025-10-03 22:02:00,425 - Using PyTorch device: cuda:0
2025-10-03 22:02:00,425 - Selected compute device: cuda:0
2025-10-03 22:37:41,345 - Best Model Parameters: {'colsample_bytree': 1.0, 'learning_rate': 0.1, 'max_depth': 9, 'min_child_weight': 1, 'n_estimators': 400, 'subsample': 0.8}
2025-10-03 22:37:41,345 - Validation F1 Score: 0.4317358365116347
2025-10-03 22:37:41,345 - Validation Precision: 0.4615133367179567
2025-10-03 22:37:41,345 - Validation Recall: 0.4071328671328671
2025-10-03 22:37:41,345 - Validation Accuracy: 0.7286070686070687
2025-10-03 22:37:41,345 - Validation AUC: 0.6857462893035245
2025-10-03 22:37:45,332 - Holdout Validation F1 Score: 0.4444444444444444
2025-10-03 22:37:45,332 - Holdout Validation Precision: 0.5
2025-10-03 22:37:45,332 - Holdout Validation Recall: 0.4
2025-10-03 22:37:45,332 - Holdout Validation Accuracy: 0.7682119205298014
2025-10-03 22:37:45,332 - Holdout Validation AUC: 0.668103448275862
2025-10-03 22:37:46,076 - Test F1 Score: 0.2777777777777778
2025-10-03 22:37:46,076 - Test Precision: 0.37037037037037035
2025-10-03 22:37:46,076 - Test Recall: 0.2222222222222222
2025-10-03 22:37:46,076 - Test Accuracy: 0.695906432748538
2025-10-03 22:37:46,076 - Test AUC: 0.6278659611992945
2025-10-03 22:37:46,935 - Best model saved as /gpfs/home1/won0316/_RESEARCH/0817_Genotoxicity/1_Git_upload/ChemBAI/ToxCast_model/experiments/training/DART_MTL/results/seed_0/BSK_hDFCGF_VCAM1_xgb_RDKit/model.joblib
[2025-10-03 22:37:48] END seed_0:BSK_hDFCGF_VCAM1_xgb_RDKit status=0
[2025-10-03 22:37:49] START seed_1:BSK_hDFCGF_VCAM1_xgb_RDKit
2025-10-03 22:37:52,207 - Using PyTorch device: cuda:0
2025-10-03 22:37:52,207 - Selected compute device: cuda:0
2025-10-03 23:13:49,618 - Best Model Parameters: {'colsample_bytree': 0.8, 'learning_rate': 0.1, 'max_depth': 9, 'min_child_weight': 5, 'n_estimators': 200, 'subsample': 0.8}
2025-10-03 23:13:49,618 - Validation F1 Score: 0.46862644344703863
2025-10-03 23:13:49,618 - Validation Precision: 0.48571090595046956
2025-10-03 23:13:49,618 - Validation Recall: 0.4530690537084399
2025-10-03 23:13:49,618 - Validation Accuracy: 0.7413257000217062
2025-10-03 23:13:49,618 - Validation AUC: 0.6900476232472
2025-10-03 23:13:52,374 - Holdout Validation F1 Score: 0.27906976744186046
2025-10-03 23:13:52,374 - Holdout Validation Precision: 0.42857142857142855
2025-10-03 23:13:52,374 - Holdout Validation Recall: 0.20689655172413793
2025-10-03 23:13:52,374 - Holdout Validation Accuracy: 0.7102803738317757
2025-10-03 23:13:52,374 - Holdout Validation AUC: 0.5026525198938991
2025-10-03 23:13:53,109 - Test F1 Score: 0.36065573770491804
2025-10-03 23:13:53,109 - Test Precision: 0.4782608695652174
2025-10-03 23:13:53,109 - Test Recall: 0.2894736842105263
2025-10-03 23:13:53,109 - Test Accuracy: 0.7483870967741936
2025-10-03 23:13:53,109 - Test AUC: 0.6249437696806118
2025-10-03 23:13:53,113 - Best model saved as /gpfs/home1/won0316/_RESEARCH/0817_Genotoxicity/1_Git_upload/ChemBAI/ToxCast_model/experiments/training/DART_MTL/results/seed_1/BSK_hDFCGF_VCAM1_xgb_RDKit/model.joblib
[2025-10-03 23:13:53] END seed_1:BSK_hDFCGF_VCAM1_xgb_RDKit status=0
[2025-10-03 23:13:53] START seed_2:BSK_hDFCGF_VCAM1_xgb_RDKit
2025-10-03 23:13:56,262 - Using PyTorch device: cuda:0
2025-10-03 23:13:56,262 - Selected compute device: cuda:0
2025-10-03 23:49:41,165 - Best Model Parameters: {'colsample_bytree': 0.8, 'learning_rate': 0.1, 'max_depth': 3, 'min_child_weight': 5, 'n_estimators': 400, 'subsample': 1.0}
2025-10-03 23:49:41,165 - Validation F1 Score: 0.4450075977618019
2025-10-03 23:49:41,166 - Validation Precision: 0.43209968152328815
2025-10-03 23:49:41,166 - Validation Recall: 0.46060606060606063
2025-10-03 23:49:41,166 - Validation Accuracy: 0.71352487135506
2025-10-03 23:49:41,166 - Validation AUC: 0.6529327845225517
2025-10-03 23:49:44,351 - Holdout Validation F1 Score: 0.33766233766233766
2025-10-03 23:49:44,352 - Holdout Validation Precision: 0.35135135135135137
2025-10-03 23:49:44,352 - Holdout Validation Recall: 0.325
2025-10-03 23:49:44,352 - Holdout Validation Accuracy: 0.6506849315068494
2025-10-03 23:49:44,352 - Holdout Validation AUC: 0.6237028301886792
2025-10-03 23:49:45,098 - Test F1 Score: 0.3448275862068966
2025-10-03 23:49:45,098 - Test Precision: 0.5263157894736842
2025-10-03 23:49:45,098 - Test Recall: 0.2564102564102564
2025-10-03 23:49:45,098 - Test Accuracy: 0.7466666666666667
2025-10-03 23:49:45,098 - Test AUC: 0.6024486024486024
2025-10-03 23:49:45,114 - Best model saved as /gpfs/home1/won0316/_RESEARCH/0817_Genotoxicity/1_Git_upload/ChemBAI/ToxCast_model/experiments/training/DART_MTL/results/seed_2/BSK_hDFCGF_VCAM1_xgb_RDKit/model.joblib
[2025-10-03 23:49:45] END seed_2:BSK_hDFCGF_VCAM1_xgb_RDKit status=0
[2025-10-03 23:49:45] Job BSK_hDFCGF_VCAM1_xgb_RDKit completed successfully
[2025-10-03 23:49:45] Command finished with status 0
