[2025-10-05 18:02:15] Job 487771 starting on n005.hpc
[2025-10-05 18:02:15] Label: TOX21_PGC_ERR_Antagonist_rf_MACCS
[2025-10-05 18:02:16] Job TOX21_PGC_ERR_Antagonist_rf_MACCS starting on n005.hpc
[2025-10-05 18:02:16] START seed_0:TOX21_PGC_ERR_Antagonist_rf_MACCS
2025-10-05 18:02:19,805 - Using PyTorch device: cuda:0
2025-10-05 18:02:19,806 - Selected compute device: cuda:0
2025-10-05 18:05:32,583 - Best Model Parameters: {'max_depth': None, 'min_samples_leaf': 1, 'min_samples_split': 2, 'n_estimators': 600}
2025-10-05 18:05:32,583 - Validation F1 Score: 0.39139153857402176
2025-10-05 18:05:32,583 - Validation Precision: 0.41240357493955193
2025-10-05 18:05:32,584 - Validation Recall: 0.3730241236838598
2025-10-05 18:05:32,584 - Validation Accuracy: 0.8791719169333658
2025-10-05 18:05:32,584 - Validation AUC: 0.8027790123265633
2025-10-05 18:05:34,131 - Holdout Validation F1 Score: 0.2643171806167401
2025-10-05 18:05:34,131 - Holdout Validation Precision: 0.3488372093023256
2025-10-05 18:05:34,131 - Holdout Validation Recall: 0.2127659574468085
2025-10-05 18:05:34,131 - Holdout Validation Accuracy: 0.7677329624478443
2025-10-05 18:05:34,131 - Holdout Validation AUC: 0.7017656875015338
2025-10-05 18:05:34,291 - Test F1 Score: 0.33962264150943394
2025-10-05 18:05:34,291 - Test Precision: 0.32727272727272727
2025-10-05 18:05:34,291 - Test Recall: 0.35294117647058826
2025-10-05 18:05:34,292 - Test Accuracy: 0.7938144329896907
2025-10-05 18:05:34,292 - Test AUC: 0.7184898222720631
2025-10-05 18:05:34,521 - Best model saved as /gpfs/home1/won0316/_RESEARCH/0817_Genotoxicity/1_Git_upload/ChemBAI/ToxCast_model/experiments/training/DART_MTL/results/seed_0/TOX21_PGC_ERR_Antagonist_rf_MACCS/model.joblib
[2025-10-05 18:05:35] END seed_0:TOX21_PGC_ERR_Antagonist_rf_MACCS status=0
[2025-10-05 18:05:35] START seed_1:TOX21_PGC_ERR_Antagonist_rf_MACCS
2025-10-05 18:05:38,419 - Using PyTorch device: cuda:0
2025-10-05 18:05:38,420 - Selected compute device: cuda:0
2025-10-05 18:08:51,887 - Best Model Parameters: {'max_depth': None, 'min_samples_leaf': 2, 'min_samples_split': 2, 'n_estimators': 400}
2025-10-05 18:08:51,887 - Validation F1 Score: 0.4216000934570582
2025-10-05 18:08:51,887 - Validation Precision: 0.40066849863754694
2025-10-05 18:08:51,887 - Validation Recall: 0.44516486220472445
2025-10-05 18:08:51,887 - Validation Accuracy: 0.8675628110207549
2025-10-05 18:08:51,887 - Validation AUC: 0.8125001603261932
2025-10-05 18:08:52,844 - Holdout Validation F1 Score: 0.21839080459770116
2025-10-05 18:08:52,844 - Holdout Validation Precision: 0.3114754098360656
2025-10-05 18:08:52,844 - Holdout Validation Recall: 0.168141592920354
2025-10-05 18:08:52,844 - Holdout Validation Accuracy: 0.8070921985815603
2025-10-05 18:08:52,844 - Holdout Validation AUC: 0.6275113609184406
2025-10-05 18:08:52,963 - Test F1 Score: 0.24509803921568626
2025-10-05 18:08:52,963 - Test Precision: 0.25510204081632654
2025-10-05 18:08:52,963 - Test Recall: 0.2358490566037736
2025-10-05 18:08:52,963 - Test Accuracy: 0.7837078651685393
2025-10-05 18:08:52,963 - Test AUC: 0.6748007347904601
2025-10-05 18:08:53,094 - Best model saved as /gpfs/home1/won0316/_RESEARCH/0817_Genotoxicity/1_Git_upload/ChemBAI/ToxCast_model/experiments/training/DART_MTL/results/seed_1/TOX21_PGC_ERR_Antagonist_rf_MACCS/model.joblib
[2025-10-05 18:08:53] END seed_1:TOX21_PGC_ERR_Antagonist_rf_MACCS status=0
[2025-10-05 18:08:53] START seed_2:TOX21_PGC_ERR_Antagonist_rf_MACCS
2025-10-05 18:08:56,032 - Using PyTorch device: cuda:0
2025-10-05 18:08:56,033 - Selected compute device: cuda:0
2025-10-05 18:12:20,448 - Best Model Parameters: {'max_depth': None, 'min_samples_leaf': 2, 'min_samples_split': 2, 'n_estimators': 400}
2025-10-05 18:12:20,449 - Validation F1 Score: 0.42296515952365654
2025-10-05 18:12:20,449 - Validation Precision: 0.3999088463099233
2025-10-05 18:12:20,449 - Validation Recall: 0.4496240601503759
2025-10-05 18:12:20,449 - Validation Accuracy: 0.8619044344249259
2025-10-05 18:12:20,449 - Validation AUC: 0.809684448014133
2025-10-05 18:12:21,428 - Holdout Validation F1 Score: 0.3173076923076923
2025-10-05 18:12:21,429 - Holdout Validation Precision: 0.28205128205128205
2025-10-05 18:12:21,429 - Holdout Validation Recall: 0.3626373626373626
2025-10-05 18:12:21,429 - Holdout Validation Accuracy: 0.7947976878612717
2025-10-05 18:12:21,429 - Holdout Validation AUC: 0.697765628714048
2025-10-05 18:12:21,548 - Test F1 Score: 0.37755102040816324
2025-10-05 18:12:21,548 - Test Precision: 0.3894736842105263
2025-10-05 18:12:21,548 - Test Recall: 0.36633663366336633
2025-10-05 18:12:21,548 - Test Accuracy: 0.8252148997134671
2025-10-05 18:12:21,548 - Test AUC: 0.7344312320679304
2025-10-05 18:12:21,679 - Best model saved as /gpfs/home1/won0316/_RESEARCH/0817_Genotoxicity/1_Git_upload/ChemBAI/ToxCast_model/experiments/training/DART_MTL/results/seed_2/TOX21_PGC_ERR_Antagonist_rf_MACCS/model.joblib
[2025-10-05 18:12:22] END seed_2:TOX21_PGC_ERR_Antagonist_rf_MACCS status=0
[2025-10-05 18:12:22] Job TOX21_PGC_ERR_Antagonist_rf_MACCS completed successfully
[2025-10-05 18:12:22] Command finished with status 0
