[2025-09-29 21:58:35] Job 480999 starting on n014.hpc
[2025-09-29 21:58:35] Label: DART_MTL_ATG_DR5_RAR_CIS_logistic_MACCS
[2025-09-29 21:58:35] Job DART_MTL_ATG_DR5_RAR_CIS_logistic_MACCS starting on n014.hpc
[2025-09-29 21:58:35] START seed_0:ATG_DR5_RAR_CIS_logistic_MACCS
2025-09-29 21:58:39,510 - Using PyTorch device: cuda:0
2025-09-29 21:58:39,511 - Selected compute device: cuda:0
2025-09-29 22:07:58,967 - Best Model Parameters: {'C': 0.1, 'penalty': 'l1', 'solver': 'liblinear'}
2025-09-29 22:07:58,968 - Validation F1 Score: 0.1564338330277195
2025-09-29 22:07:58,968 - Validation Precision: 0.10105037287776106
2025-09-29 22:07:58,968 - Validation Recall: 0.34919191919191916
2025-09-29 22:07:58,968 - Validation Accuracy: 0.7187465335551858
2025-09-29 22:07:58,968 - Validation AUC: 0.5872650402200762
2025-09-29 22:07:59,062 - Holdout Validation F1 Score: 0.22033898305084745
2025-09-29 22:07:59,062 - Holdout Validation Precision: 0.15853658536585366
2025-09-29 22:07:59,062 - Holdout Validation Recall: 0.3611111111111111
2025-09-29 22:07:59,062 - Holdout Validation Accuracy: 0.642023346303502
2025-09-29 22:07:59,062 - Holdout Validation AUC: 0.5070387129210658
2025-09-29 22:07:59,072 - Test F1 Score: 0.18666666666666668
2025-09-29 22:07:59,072 - Test Precision: 0.11666666666666667
2025-09-29 22:07:59,072 - Test Recall: 0.4666666666666667
2025-09-29 22:07:59,072 - Test Accuracy: 0.6089743589743589
2025-09-29 22:07:59,072 - Test AUC: 0.5623522458628842
2025-09-29 22:07:59,074 - Best model saved as /gpfs/home1/won0316/_RESEARCH/0817_Genotoxicity/1_Git_upload/ChemBAI/ToxCast_model/experiments/training/DART_MTL/results/seed_0/ATG_DR5_RAR_CIS_logistic_MACCS/model.joblib
[2025-09-29 22:07:59] END seed_0:ATG_DR5_RAR_CIS_logistic_MACCS status=0
[2025-09-29 22:07:59] START seed_1:ATG_DR5_RAR_CIS_logistic_MACCS
2025-09-29 22:08:03,064 - Using PyTorch device: cuda:0
2025-09-29 22:08:03,065 - Selected compute device: cuda:0
2025-09-29 22:17:04,323 - Best Model Parameters: {'C': 0.1, 'penalty': 'l1', 'solver': 'liblinear'}
2025-09-29 22:17:04,323 - Validation F1 Score: 0.14316902475238016
2025-09-29 22:17:04,323 - Validation Precision: 0.09133190044022238
2025-09-29 22:17:04,323 - Validation Recall: 0.33333333333333337
2025-09-29 22:17:04,323 - Validation Accuracy: 0.6992605166299726
2025-09-29 22:17:04,323 - Validation AUC: 0.5643930558831495
2025-09-29 22:17:04,414 - Holdout Validation F1 Score: 0.2
2025-09-29 22:17:04,415 - Holdout Validation Precision: 0.1348314606741573
2025-09-29 22:17:04,415 - Holdout Validation Recall: 0.3870967741935484
2025-09-29 22:17:04,415 - Holdout Validation Accuracy: 0.6335877862595419
2025-09-29 22:17:04,415 - Holdout Validation AUC: 0.5238793464599916
2025-09-29 22:17:04,425 - Test F1 Score: 0.25477707006369427
2025-09-29 22:17:04,425 - Test Precision: 0.16129032258064516
2025-09-29 22:17:04,425 - Test Recall: 0.6060606060606061
2025-09-29 22:17:04,425 - Test Accuracy: 0.6366459627329193
2025-09-29 22:17:04,425 - Test AUC: 0.6251441753171857
2025-09-29 22:17:04,428 - Best model saved as /gpfs/home1/won0316/_RESEARCH/0817_Genotoxicity/1_Git_upload/ChemBAI/ToxCast_model/experiments/training/DART_MTL/results/seed_1/ATG_DR5_RAR_CIS_logistic_MACCS/model.joblib
[2025-09-29 22:17:04] END seed_1:ATG_DR5_RAR_CIS_logistic_MACCS status=0
[2025-09-29 22:17:04] START seed_2:ATG_DR5_RAR_CIS_logistic_MACCS
2025-09-29 22:17:08,827 - Using PyTorch device: cuda:0
2025-09-29 22:17:08,828 - Selected compute device: cuda:0
2025-09-29 22:25:51,891 - Best Model Parameters: {'C': 0.1, 'penalty': 'l1', 'solver': 'liblinear'}
2025-09-29 22:25:51,891 - Validation F1 Score: 0.16917982916191338
2025-09-29 22:25:51,891 - Validation Precision: 0.10988992163549305
2025-09-29 22:25:51,891 - Validation Recall: 0.36882516188714154
2025-09-29 22:25:51,891 - Validation Accuracy: 0.7152477097671026
2025-09-29 22:25:51,891 - Validation AUC: 0.5699311722449872
2025-09-29 22:25:51,995 - Holdout Validation F1 Score: 0.1037037037037037
2025-09-29 22:25:51,995 - Holdout Validation Precision: 0.06306306306306306
2025-09-29 22:25:51,995 - Holdout Validation Recall: 0.2916666666666667
2025-09-29 22:25:51,995 - Holdout Validation Accuracy: 0.5953177257525084
2025-09-29 22:25:51,995 - Holdout Validation AUC: 0.565530303030303
2025-09-29 22:25:52,006 - Test F1 Score: 0.16149068322981366
2025-09-29 22:25:52,006 - Test Precision: 0.10077519379844961
2025-09-29 22:25:52,006 - Test Recall: 0.40625
2025-09-29 22:25:52,006 - Test Accuracy: 0.5602605863192183
2025-09-29 22:25:52,006 - Test AUC: 0.46625
2025-09-29 22:25:52,008 - Best model saved as /gpfs/home1/won0316/_RESEARCH/0817_Genotoxicity/1_Git_upload/ChemBAI/ToxCast_model/experiments/training/DART_MTL/results/seed_2/ATG_DR5_RAR_CIS_logistic_MACCS/model.joblib
[2025-09-29 22:25:52] END seed_2:ATG_DR5_RAR_CIS_logistic_MACCS status=0
[2025-09-29 22:25:52] Job DART_MTL_ATG_DR5_RAR_CIS_logistic_MACCS completed successfully
[2025-09-29 22:25:52] Command finished with status 0
