[2025-10-04 08:08:06] Job 486053 starting on n005.hpc
[2025-10-04 08:08:06] Label: NVS_ENZ_hVEGFR3_gbt_Pattern
[2025-10-04 08:08:06] Job NVS_ENZ_hVEGFR3_gbt_Pattern starting on n005.hpc
[2025-10-04 08:08:06] START seed_0:NVS_ENZ_hVEGFR3_gbt_Pattern
2025-10-04 08:08:09,963 - Using PyTorch device: cuda:0
2025-10-04 08:08:09,963 - Selected compute device: cuda:0
2025-10-04 08:17:03,509 - Best Model Parameters: {'learning_rate': 0.1, 'max_depth': 7, 'min_samples_leaf': 1, 'min_samples_split': 4, 'n_estimators': 100}
2025-10-04 08:17:03,509 - Validation F1 Score: 0.4514285714285714
2025-10-04 08:17:03,509 - Validation Precision: 0.52
2025-10-04 08:17:03,509 - Validation Recall: 0.5333333333333333
2025-10-04 08:17:03,509 - Validation Accuracy: 0.7747252747252747
2025-10-04 08:17:03,509 - Validation AUC: 0.6575757575757575
2025-10-04 08:17:04,295 - Holdout Validation F1 Score: 0.0
2025-10-04 08:17:04,295 - Holdout Validation Precision: 0.0
2025-10-04 08:17:04,295 - Holdout Validation Recall: 0.0
2025-10-04 08:17:04,295 - Holdout Validation Accuracy: 0.875
2025-10-04 08:17:04,295 - Holdout Validation AUC: nan
2025-10-04 08:17:04,315 - Test F1 Score: 0.0
2025-10-04 08:17:04,315 - Test Precision: 0.0
2025-10-04 08:17:04,315 - Test Recall: 0.0
2025-10-04 08:17:04,315 - Test Accuracy: 0.5
2025-10-04 08:17:04,315 - Test AUC: nan
2025-10-04 08:17:04,612 - Best model saved as /gpfs/home1/won0316/_RESEARCH/0817_Genotoxicity/1_Git_upload/ChemBAI/ToxCast_model/experiments/training/DART_MTL/results/seed_0/NVS_ENZ_hVEGFR3_gbt_Pattern/model.joblib
[2025-10-04 08:17:05] END seed_0:NVS_ENZ_hVEGFR3_gbt_Pattern status=0
[2025-10-04 08:17:05] START seed_1:NVS_ENZ_hVEGFR3_gbt_Pattern
2025-10-04 08:17:08,058 - Using PyTorch device: cuda:0
2025-10-04 08:17:08,059 - Selected compute device: cuda:0
2025-10-04 08:25:44,578 - Best Model Parameters: {'learning_rate': 0.05, 'max_depth': 5, 'min_samples_leaf': 2, 'min_samples_split': 2, 'n_estimators': 100}
2025-10-04 08:25:44,578 - Validation F1 Score: 0.3
2025-10-04 08:25:44,579 - Validation Precision: 0.26666666666666666
2025-10-04 08:25:44,579 - Validation Recall: 0.4
2025-10-04 08:25:44,579 - Validation Accuracy: 0.7736263736263737
2025-10-04 08:25:44,579 - Validation AUC: 0.6242424242424243
2025-10-04 08:25:45,381 - Holdout Validation F1 Score: 0.0
2025-10-04 08:25:45,381 - Holdout Validation Precision: 0.0
2025-10-04 08:25:45,381 - Holdout Validation Recall: 0.0
2025-10-04 08:25:45,381 - Holdout Validation Accuracy: 0.8
2025-10-04 08:25:45,381 - Holdout Validation AUC: nan
2025-10-04 08:25:45,402 - Test F1 Score: 0.0
2025-10-04 08:25:45,402 - Test Precision: 0.0
2025-10-04 08:25:45,402 - Test Recall: 0.0
2025-10-04 08:25:45,402 - Test Accuracy: 0.9166666666666666
2025-10-04 08:25:45,402 - Test AUC: 0.9090909090909091
2025-10-04 08:25:45,412 - Best model saved as /gpfs/home1/won0316/_RESEARCH/0817_Genotoxicity/1_Git_upload/ChemBAI/ToxCast_model/experiments/training/DART_MTL/results/seed_1/NVS_ENZ_hVEGFR3_gbt_Pattern/model.joblib
[2025-10-04 08:25:45] END seed_1:NVS_ENZ_hVEGFR3_gbt_Pattern status=0
[2025-10-04 08:25:45] START seed_2:NVS_ENZ_hVEGFR3_gbt_Pattern
2025-10-04 08:25:48,087 - Using PyTorch device: cuda:0
2025-10-04 08:25:48,088 - Selected compute device: cuda:0
