[2025-10-02 03:10:59] Job 483388 starting on n011.hpc
[2025-10-02 03:10:59] Label: DART_MTL_BSK_CASM3C_uPAR_logistic_MACCS
[2025-10-02 03:10:59] Job DART_MTL_BSK_CASM3C_uPAR_logistic_MACCS starting on n011.hpc
[2025-10-02 03:10:59] START seed_0:BSK_CASM3C_uPAR_logistic_MACCS
2025-10-02 03:11:03,604 - Using PyTorch device: cuda:0
2025-10-02 03:11:03,605 - Selected compute device: cuda:0
2025-10-02 03:14:41,209 - Best Model Parameters: {'C': 2, 'penalty': 'l1', 'solver': 'saga'}
2025-10-02 03:14:41,209 - Validation F1 Score: 0.29937932437932435
2025-10-02 03:14:41,209 - Validation Precision: 0.23088342976944848
2025-10-02 03:14:41,209 - Validation Recall: 0.42802275960170705
2025-10-02 03:14:41,209 - Validation Accuracy: 0.710914760914761
2025-10-02 03:14:41,210 - Validation AUC: 0.6122063742262889
2025-10-02 03:14:44,135 - Holdout Validation F1 Score: 0.23684210526315788
2025-10-02 03:14:44,135 - Holdout Validation Precision: 0.16363636363636364
2025-10-02 03:14:44,135 - Holdout Validation Recall: 0.42857142857142855
2025-10-02 03:14:44,135 - Holdout Validation Accuracy: 0.6158940397350994
2025-10-02 03:14:44,135 - Holdout Validation AUC: 0.5772893772893772
2025-10-02 03:14:44,145 - Test F1 Score: 0.1956521739130435
2025-10-02 03:14:44,145 - Test Precision: 0.14754098360655737
2025-10-02 03:14:44,145 - Test Recall: 0.2903225806451613
2025-10-02 03:14:44,145 - Test Accuracy: 0.5672514619883041
2025-10-02 03:14:44,145 - Test AUC: 0.5161290322580645
2025-10-02 03:14:44,147 - Best model saved as /gpfs/home1/won0316/_RESEARCH/0817_Genotoxicity/1_Git_upload/ChemBAI/ToxCast_model/experiments/training/DART_MTL/results/seed_0/BSK_CASM3C_uPAR_logistic_MACCS/model.joblib
[2025-10-02 03:14:44] END seed_0:BSK_CASM3C_uPAR_logistic_MACCS status=0
[2025-10-02 03:14:44] START seed_1:BSK_CASM3C_uPAR_logistic_MACCS
2025-10-02 03:14:47,830 - Using PyTorch device: cuda:0
2025-10-02 03:14:47,831 - Selected compute device: cuda:0
2025-10-02 03:18:32,389 - Best Model Parameters: {'C': 0.1, 'penalty': 'l1', 'solver': 'saga'}
2025-10-02 03:18:32,389 - Validation F1 Score: 0.2971107307851494
2025-10-02 03:18:32,390 - Validation Precision: 0.21191856199559794
2025-10-02 03:18:32,390 - Validation Recall: 0.49743589743589745
2025-10-02 03:18:32,390 - Validation Accuracy: 0.6646923160408075
2025-10-02 03:18:32,390 - Validation AUC: 0.6189827333557422
2025-10-02 03:18:32,678 - Holdout Validation F1 Score: 0.32727272727272727
2025-10-02 03:18:32,678 - Holdout Validation Precision: 0.23684210526315788
2025-10-02 03:18:32,678 - Holdout Validation Recall: 0.5294117647058824
2025-10-02 03:18:32,678 - Holdout Validation Accuracy: 0.6542056074766355
2025-10-02 03:18:32,678 - Holdout Validation AUC: 0.6359477124183006
2025-10-02 03:18:32,688 - Test F1 Score: 0.3684210526315789
2025-10-02 03:18:32,688 - Test Precision: 0.2978723404255319
2025-10-02 03:18:32,688 - Test Recall: 0.4827586206896552
2025-10-02 03:18:32,688 - Test Accuracy: 0.6903225806451613
2025-10-02 03:18:32,688 - Test AUC: 0.6008483853311439
2025-10-02 03:18:32,689 - Best model saved as /gpfs/home1/won0316/_RESEARCH/0817_Genotoxicity/1_Git_upload/ChemBAI/ToxCast_model/experiments/training/DART_MTL/results/seed_1/BSK_CASM3C_uPAR_logistic_MACCS/model.joblib
[2025-10-02 03:18:33] END seed_1:BSK_CASM3C_uPAR_logistic_MACCS status=0
[2025-10-02 03:18:33] START seed_2:BSK_CASM3C_uPAR_logistic_MACCS
2025-10-02 03:18:35,480 - Using PyTorch device: cuda:0
2025-10-02 03:18:35,481 - Selected compute device: cuda:0
2025-10-02 03:22:20,476 - Best Model Parameters: {'C': 0.1, 'penalty': 'l1', 'solver': 'liblinear'}
2025-10-02 03:22:20,477 - Validation F1 Score: 0.30328718682891914
2025-10-02 03:22:20,477 - Validation Precision: 0.21756053687560536
2025-10-02 03:22:20,477 - Validation Recall: 0.5024182076813656
2025-10-02 03:22:20,477 - Validation Accuracy: 0.6749742710120067
2025-10-02 03:22:20,477 - Validation AUC: 0.6398232454573749
2025-10-02 03:22:20,535 - Holdout Validation F1 Score: 0.2608695652173913
2025-10-02 03:22:20,535 - Holdout Validation Precision: 0.1956521739130435
2025-10-02 03:22:20,535 - Holdout Validation Recall: 0.391304347826087
2025-10-02 03:22:20,535 - Holdout Validation Accuracy: 0.6506849315068494
2025-10-02 03:22:20,535 - Holdout Validation AUC: 0.4858607281724991
2025-10-02 03:22:20,545 - Test F1 Score: 0.2823529411764706
2025-10-02 03:22:20,545 - Test Precision: 0.21428571428571427
2025-10-02 03:22:20,545 - Test Recall: 0.41379310344827586
2025-10-02 03:22:20,545 - Test Accuracy: 0.5933333333333334
2025-10-02 03:22:20,545 - Test AUC: 0.5133941293815902
2025-10-02 03:22:20,546 - Best model saved as /gpfs/home1/won0316/_RESEARCH/0817_Genotoxicity/1_Git_upload/ChemBAI/ToxCast_model/experiments/training/DART_MTL/results/seed_2/BSK_CASM3C_uPAR_logistic_MACCS/model.joblib
[2025-10-02 03:22:21] END seed_2:BSK_CASM3C_uPAR_logistic_MACCS status=0
[2025-10-02 03:22:21] Job DART_MTL_BSK_CASM3C_uPAR_logistic_MACCS completed successfully
[2025-10-02 03:22:21] Command finished with status 0
