[2025-10-01 17:58:27] Job 482784 starting on n004.hpc
[2025-10-01 17:58:27] Label: DART_MTL_BSK_4H_MCP1_gbt_RDKit
[2025-10-01 17:58:27] Job DART_MTL_BSK_4H_MCP1_gbt_RDKit starting on n004.hpc
[2025-10-01 17:58:27] START seed_0:BSK_4H_MCP1_gbt_RDKit
2025-10-01 17:58:31,445 - Using PyTorch device: cuda:0
2025-10-01 17:58:31,446 - Selected compute device: cuda:0
2025-10-01 20:59:39,678 - Best Model Parameters: {'learning_rate': 0.2, 'max_depth': 3, 'min_samples_leaf': 1, 'min_samples_split': 4, 'n_estimators': 100}
2025-10-01 20:59:39,678 - Validation F1 Score: 0.4015429681274833
2025-10-01 20:59:39,678 - Validation Precision: 0.3886420362333376
2025-10-01 20:59:39,678 - Validation Recall: 0.41566416040100246
2025-10-01 20:59:39,678 - Validation Accuracy: 0.7293733293733293
2025-10-01 20:59:39,678 - Validation AUC: 0.6412443325428139
2025-10-01 20:59:46,360 - Holdout Validation F1 Score: 0.4772727272727273
2025-10-01 20:59:46,361 - Holdout Validation Precision: 0.525
2025-10-01 20:59:46,361 - Holdout Validation Recall: 0.4375
2025-10-01 20:59:46,361 - Holdout Validation Accuracy: 0.695364238410596
2025-10-01 20:59:46,361 - Holdout Validation AUC: 0.7363470873786409
2025-10-01 20:59:46,386 - Test F1 Score: 0.22784810126582278
2025-10-01 20:59:46,386 - Test Precision: 0.32142857142857145
2025-10-01 20:59:46,386 - Test Recall: 0.17647058823529413
2025-10-01 20:59:46,386 - Test Accuracy: 0.6432748538011696
2025-10-01 20:59:46,386 - Test AUC: 0.5326797385620915
2025-10-01 20:59:46,392 - Best model saved as /gpfs/home1/won0316/_RESEARCH/0817_Genotoxicity/1_Git_upload/ChemBAI/ToxCast_model/experiments/training/DART_MTL/results/seed_0/BSK_4H_MCP1_gbt_RDKit/model.joblib
[2025-10-01 20:59:46] END seed_0:BSK_4H_MCP1_gbt_RDKit status=0
[2025-10-01 20:59:46] START seed_1:BSK_4H_MCP1_gbt_RDKit
2025-10-01 20:59:49,624 - Using PyTorch device: cuda:0
2025-10-01 20:59:49,625 - Selected compute device: cuda:0
2025-10-02 00:08:13,728 - Best Model Parameters: {'learning_rate': 0.2, 'max_depth': 7, 'min_samples_leaf': 1, 'min_samples_split': 2, 'n_estimators': 300}
2025-10-02 00:08:13,728 - Validation F1 Score: 0.4202197134284716
2025-10-02 00:08:13,728 - Validation Precision: 0.4720493436652687
2025-10-02 00:08:13,728 - Validation Recall: 0.38125
2025-10-02 00:08:13,728 - Validation Accuracy: 0.7516632298675928
2025-10-02 00:08:13,728 - Validation AUC: 0.6832262779868079
2025-10-02 00:09:13,557 - Holdout Validation F1 Score: 0.3111111111111111
2025-10-02 00:09:13,557 - Holdout Validation Precision: 0.4117647058823529
2025-10-02 00:09:13,557 - Holdout Validation Recall: 0.25
2025-10-02 00:09:13,557 - Holdout Validation Accuracy: 0.7102803738317757
2025-10-02 00:09:13,557 - Holdout Validation AUC: 0.5949367088607596
2025-10-02 00:09:13,591 - Test F1 Score: 0.34285714285714286
2025-10-02 00:09:13,591 - Test Precision: 0.34285714285714286
2025-10-02 00:09:13,591 - Test Recall: 0.34285714285714286
2025-10-02 00:09:13,591 - Test Accuracy: 0.7032258064516129
2025-10-02 00:09:13,591 - Test AUC: 0.7170238095238096
2025-10-02 00:09:13,618 - Best model saved as /gpfs/home1/won0316/_RESEARCH/0817_Genotoxicity/1_Git_upload/ChemBAI/ToxCast_model/experiments/training/DART_MTL/results/seed_1/BSK_4H_MCP1_gbt_RDKit/model.joblib
[2025-10-02 00:09:14] END seed_1:BSK_4H_MCP1_gbt_RDKit status=0
[2025-10-02 00:09:14] START seed_2:BSK_4H_MCP1_gbt_RDKit
2025-10-02 00:09:16,377 - Using PyTorch device: cuda:0
2025-10-02 00:09:16,378 - Selected compute device: cuda:0
