[2025-10-05 02:35:34] Job 487385 starting on n005.hpc
[2025-10-05 02:35:34] Label: TOX21_p53_BLA_p2_ratio_gbt_Morgan
[2025-10-05 02:35:34] Job TOX21_p53_BLA_p2_ratio_gbt_Morgan starting on n005.hpc
[2025-10-05 02:35:34] START seed_0:TOX21_p53_BLA_p2_ratio_gbt_Morgan
2025-10-05 02:35:38,393 - Using PyTorch device: cuda:0
2025-10-05 02:35:38,393 - Selected compute device: cuda:0
2025-10-05 06:45:12,416 - Best Model Parameters: {'learning_rate': 0.1, 'max_depth': 7, 'min_samples_leaf': 2, 'min_samples_split': 2, 'n_estimators': 300}
2025-10-05 06:45:12,416 - Validation F1 Score: 0.24917990124453054
2025-10-05 06:45:12,416 - Validation Precision: 0.2582751060360238
2025-10-05 06:45:12,416 - Validation Recall: 0.24212719298245614
2025-10-05 06:45:12,416 - Validation Accuracy: 0.8849597124400972
2025-10-05 06:45:12,416 - Validation AUC: 0.6232006192730759
2025-10-05 06:46:27,746 - Holdout Validation F1 Score: 0.16326530612244897
2025-10-05 06:46:27,746 - Holdout Validation Precision: 0.23880597014925373
2025-10-05 06:46:27,746 - Holdout Validation Recall: 0.12403100775193798
2025-10-05 06:46:27,746 - Holdout Validation Accuracy: 0.7939698492462312
2025-10-05 06:46:27,746 - Holdout Validation AUC: 0.6416210499401461
2025-10-05 06:46:27,782 - Test F1 Score: 0.16326530612244897
2025-10-05 06:46:27,782 - Test Precision: 0.2857142857142857
2025-10-05 06:46:27,782 - Test Recall: 0.11428571428571428
2025-10-05 06:46:27,782 - Test Accuracy: 0.8423076923076923
2025-10-05 06:46:27,783 - Test AUC: 0.5809100529100529
2025-10-05 06:46:27,803 - Best model saved as /gpfs/home1/won0316/_RESEARCH/0817_Genotoxicity/1_Git_upload/ChemBAI/ToxCast_model/experiments/training/DART_MTL/results/seed_0/TOX21_p53_BLA_p2_ratio_gbt_Morgan/model.joblib
[2025-10-05 06:46:28] END seed_0:TOX21_p53_BLA_p2_ratio_gbt_Morgan status=0
[2025-10-05 06:46:28] START seed_1:TOX21_p53_BLA_p2_ratio_gbt_Morgan
2025-10-05 06:46:31,493 - Using PyTorch device: cuda:0
2025-10-05 06:46:31,494 - Selected compute device: cuda:0
2025-10-05 10:56:15,508 - Best Model Parameters: {'learning_rate': 0.2, 'max_depth': 7, 'min_samples_leaf': 1, 'min_samples_split': 4, 'n_estimators': 200}
2025-10-05 10:56:15,508 - Validation F1 Score: 0.3035290245788655
2025-10-05 10:56:15,509 - Validation Precision: 0.30823194851454455
2025-10-05 10:56:15,509 - Validation Recall: 0.2993828248986069
2025-10-05 10:56:15,509 - Validation Accuracy: 0.8813284018414909
2025-10-05 10:56:15,509 - Validation AUC: 0.6405127313936123
2025-10-05 10:57:05,938 - Holdout Validation F1 Score: 0.25287356321839083
2025-10-05 10:57:05,938 - Holdout Validation Precision: 0.2857142857142857
2025-10-05 10:57:05,939 - Holdout Validation Recall: 0.2268041237113402
2025-10-05 10:57:05,939 - Holdout Validation Accuracy: 0.8320413436692506
2025-10-05 10:57:05,939 - Holdout Validation AUC: 0.6101128386300994
2025-10-05 10:57:05,969 - Test F1 Score: 0.20270270270270271
2025-10-05 10:57:05,969 - Test Precision: 0.23809523809523808
2025-10-05 10:57:05,969 - Test Recall: 0.17647058823529413
2025-10-05 10:57:05,969 - Test Accuracy: 0.8467532467532467
2025-10-05 10:57:05,969 - Test AUC: 0.5443280377844569
2025-10-05 10:57:05,982 - Best model saved as /gpfs/home1/won0316/_RESEARCH/0817_Genotoxicity/1_Git_upload/ChemBAI/ToxCast_model/experiments/training/DART_MTL/results/seed_1/TOX21_p53_BLA_p2_ratio_gbt_Morgan/model.joblib
[2025-10-05 10:57:06] END seed_1:TOX21_p53_BLA_p2_ratio_gbt_Morgan status=0
[2025-10-05 10:57:06] START seed_2:TOX21_p53_BLA_p2_ratio_gbt_Morgan
2025-10-05 10:57:09,016 - Using PyTorch device: cuda:0
2025-10-05 10:57:09,017 - Selected compute device: cuda:0
2025-10-05 15:06:09,397 - Best Model Parameters: {'learning_rate': 0.1, 'max_depth': 7, 'min_samples_leaf': 2, 'min_samples_split': 2, 'n_estimators': 100}
2025-10-05 15:06:09,397 - Validation F1 Score: 0.31668246051622684
2025-10-05 15:06:09,397 - Validation Precision: 0.2902542292930919
2025-10-05 15:06:09,397 - Validation Recall: 0.3486238532110092
2025-10-05 15:06:09,397 - Validation Accuracy: 0.8663406682966585
2025-10-05 15:06:09,397 - Validation AUC: 0.6686120365659517
2025-10-05 15:06:35,686 - Holdout Validation F1 Score: 0.3026315789473684
2025-10-05 15:06:35,686 - Holdout Validation Precision: 0.323943661971831
2025-10-05 15:06:35,686 - Holdout Validation Recall: 0.2839506172839506
2025-10-05 15:06:35,686 - Holdout Validation Accuracy: 0.8639281129653402
2025-10-05 15:06:35,686 - Holdout Validation AUC: 0.6656142771233506
2025-10-05 15:06:35,713 - Test F1 Score: 0.2138364779874214
2025-10-05 15:06:35,713 - Test Precision: 0.2361111111111111
2025-10-05 15:06:35,713 - Test Recall: 0.19540229885057472
2025-10-05 15:06:35,713 - Test Accuracy: 0.8382923673997412
2025-10-05 15:06:35,713 - Test AUC: 0.5577309741630643
2025-10-05 15:06:35,722 - Best model saved as /gpfs/home1/won0316/_RESEARCH/0817_Genotoxicity/1_Git_upload/ChemBAI/ToxCast_model/experiments/training/DART_MTL/results/seed_2/TOX21_p53_BLA_p2_ratio_gbt_Morgan/model.joblib
[2025-10-05 15:06:36] END seed_2:TOX21_p53_BLA_p2_ratio_gbt_Morgan status=0
[2025-10-05 15:06:36] Job TOX21_p53_BLA_p2_ratio_gbt_Morgan completed successfully
[2025-10-05 15:06:36] Command finished with status 0
