[2025-10-04 14:02:05] Job 486717 starting on n005.hpc
[2025-10-04 14:02:05] Label: CEETOX_H295R_ESTRONE_logistic_RDKit
[2025-10-04 14:02:05] Job CEETOX_H295R_ESTRONE_logistic_RDKit starting on n005.hpc
[2025-10-04 14:02:05] START seed_0:CEETOX_H295R_ESTRONE_logistic_RDKit
2025-10-04 14:02:08,968 - Using PyTorch device: cuda:0
2025-10-04 14:02:08,968 - Selected compute device: cuda:0
2025-10-04 14:25:16,723 - Best Model Parameters: {'C': 5, 'penalty': 'l1', 'solver': 'liblinear'}
2025-10-04 14:25:16,723 - Validation F1 Score: 0.19731134878193704
2025-10-04 14:25:16,723 - Validation Precision: 0.19822954822954822
2025-10-04 14:25:16,723 - Validation Recall: 0.19999999999999998
2025-10-04 14:25:16,723 - Validation Accuracy: 0.8279735019572418
2025-10-04 14:25:16,723 - Validation AUC: 0.581350414341282
2025-10-04 14:25:17,024 - Holdout Validation F1 Score: 0.1111111111111111
2025-10-04 14:25:17,024 - Holdout Validation Precision: 0.3333333333333333
2025-10-04 14:25:17,024 - Holdout Validation Recall: 0.06666666666666667
2025-10-04 14:25:17,024 - Holdout Validation Accuracy: 0.7647058823529411
2025-10-04 14:25:17,024 - Holdout Validation AUC: 0.5352201257861635
2025-10-04 14:25:17,047 - Test F1 Score: 0.3404255319148936
2025-10-04 14:25:17,047 - Test Precision: 0.42105263157894735
2025-10-04 14:25:17,047 - Test Recall: 0.2857142857142857
2025-10-04 14:25:17,047 - Test Accuracy: 0.6172839506172839
2025-10-04 14:25:17,047 - Test AUC: 0.5929919137466307
2025-10-04 14:25:17,049 - Best model saved as /gpfs/home1/won0316/_RESEARCH/0817_Genotoxicity/1_Git_upload/ChemBAI/ToxCast_model/experiments/training/DART_MTL/results/seed_0/CEETOX_H295R_ESTRONE_logistic_RDKit/model.joblib
[2025-10-04 14:25:17] END seed_0:CEETOX_H295R_ESTRONE_logistic_RDKit status=0
[2025-10-04 14:25:17] START seed_1:CEETOX_H295R_ESTRONE_logistic_RDKit
2025-10-04 14:25:20,365 - Using PyTorch device: cuda:0
2025-10-04 14:25:20,366 - Selected compute device: cuda:0
2025-10-04 14:49:54,049 - Best Model Parameters: {'C': 100, 'penalty': 'l2', 'solver': 'liblinear'}
2025-10-04 14:49:54,049 - Validation F1 Score: 0.29319180946767154
2025-10-04 14:49:54,049 - Validation Precision: 0.28421162171162173
2025-10-04 14:49:54,049 - Validation Recall: 0.30549450549450546
2025-10-04 14:49:54,049 - Validation Accuracy: 0.7860316649642493
2025-10-04 14:49:54,049 - Validation AUC: 0.5569828417196838
2025-10-04 14:49:54,453 - Holdout Validation F1 Score: 0.38095238095238093
2025-10-04 14:49:54,453 - Holdout Validation Precision: 0.3076923076923077
2025-10-04 14:49:54,453 - Holdout Validation Recall: 0.5
2025-10-04 14:49:54,453 - Holdout Validation Accuracy: 0.717391304347826
2025-10-04 14:49:54,453 - Holdout Validation AUC: 0.5789473684210527
2025-10-04 14:49:54,475 - Test F1 Score: 0.3333333333333333
2025-10-04 14:49:54,475 - Test Precision: 0.4
2025-10-04 14:49:54,475 - Test Recall: 0.2857142857142857
2025-10-04 14:49:54,475 - Test Accuracy: 0.7575757575757576
2025-10-04 14:49:54,475 - Test AUC: 0.5782967032967034
2025-10-04 14:49:54,478 - Best model saved as /gpfs/home1/won0316/_RESEARCH/0817_Genotoxicity/1_Git_upload/ChemBAI/ToxCast_model/experiments/training/DART_MTL/results/seed_1/CEETOX_H295R_ESTRONE_logistic_RDKit/model.joblib
[2025-10-04 14:49:54] END seed_1:CEETOX_H295R_ESTRONE_logistic_RDKit status=0
[2025-10-04 14:49:54] START seed_2:CEETOX_H295R_ESTRONE_logistic_RDKit
2025-10-04 14:49:57,028 - Using PyTorch device: cuda:0
2025-10-04 14:49:57,029 - Selected compute device: cuda:0
2025-10-04 15:13:17,679 - Best Model Parameters: {'C': 1, 'penalty': 'l1', 'solver': 'liblinear'}
2025-10-04 15:13:17,679 - Validation F1 Score: 0.31699263699263697
2025-10-04 15:13:17,679 - Validation Precision: 0.2891047188106012
2025-10-04 15:13:17,679 - Validation Recall: 0.3846153846153846
2025-10-04 15:13:17,679 - Validation Accuracy: 0.762829131652661
2025-10-04 15:13:17,679 - Validation AUC: 0.6058354399903696
2025-10-04 15:13:17,974 - Holdout Validation F1 Score: 0.24242424242424243
2025-10-04 15:13:17,974 - Holdout Validation Precision: 0.23529411764705882
2025-10-04 15:13:17,974 - Holdout Validation Recall: 0.25
2025-10-04 15:13:17,974 - Holdout Validation Accuracy: 0.6153846153846154
2025-10-04 15:13:17,974 - Holdout Validation AUC: 0.4904336734693878
2025-10-04 15:13:17,997 - Test F1 Score: 0.1
2025-10-04 15:13:17,997 - Test Precision: 0.07692307692307693
2025-10-04 15:13:17,997 - Test Recall: 0.14285714285714285
2025-10-04 15:13:17,997 - Test Accuracy: 0.7391304347826086
2025-10-04 15:13:17,997 - Test AUC: 0.41244239631336405
2025-10-04 15:13:17,999 - Best model saved as /gpfs/home1/won0316/_RESEARCH/0817_Genotoxicity/1_Git_upload/ChemBAI/ToxCast_model/experiments/training/DART_MTL/results/seed_2/CEETOX_H295R_ESTRONE_logistic_RDKit/model.joblib
[2025-10-04 15:13:18] END seed_2:CEETOX_H295R_ESTRONE_logistic_RDKit status=0
[2025-10-04 15:13:18] Job CEETOX_H295R_ESTRONE_logistic_RDKit completed successfully
[2025-10-04 15:13:18] Command finished with status 0
