[2025-10-04 06:25:26] Job 486011 starting on n006.hpc
[2025-10-04 06:25:26] Label: NVS_ENZ_hVEGFR3_xgb_RDKit
[2025-10-04 06:25:26] Job NVS_ENZ_hVEGFR3_xgb_RDKit starting on n006.hpc
[2025-10-04 06:25:26] START seed_0:NVS_ENZ_hVEGFR3_xgb_RDKit
2025-10-04 06:25:30,000 - Using PyTorch device: cuda:0
2025-10-04 06:25:30,001 - Selected compute device: cuda:0
2025-10-04 06:52:18,692 - Best Model Parameters: {'colsample_bytree': 0.8, 'learning_rate': 0.05, 'max_depth': 6, 'min_child_weight': 1, 'n_estimators': 200, 'subsample': 0.8}
2025-10-04 06:52:18,693 - Validation F1 Score: 0.49333333333333335
2025-10-04 06:52:18,693 - Validation Precision: 0.6333333333333333
2025-10-04 06:52:18,693 - Validation Recall: 0.4666666666666666
2025-10-04 06:52:18,693 - Validation Accuracy: 0.8670329670329672
2025-10-04 06:52:18,693 - Validation AUC: 0.7363636363636364
2025-10-04 06:52:20,725 - Holdout Validation F1 Score: 0.0
2025-10-04 06:52:20,725 - Holdout Validation Precision: 0.0
2025-10-04 06:52:20,725 - Holdout Validation Recall: 0.0
2025-10-04 06:52:20,725 - Holdout Validation Accuracy: 0.875
2025-10-04 06:52:20,725 - Holdout Validation AUC: nan
2025-10-04 06:52:21,442 - Test F1 Score: 0.0
2025-10-04 06:52:21,442 - Test Precision: 0.0
2025-10-04 06:52:21,442 - Test Recall: 0.0
2025-10-04 06:52:21,442 - Test Accuracy: 1.0
2025-10-04 06:52:21,442 - Test AUC: nan
2025-10-04 06:52:21,446 - Best model saved as /gpfs/home1/won0316/_RESEARCH/0817_Genotoxicity/1_Git_upload/ChemBAI/ToxCast_model/experiments/training/DART_MTL/results/seed_0/NVS_ENZ_hVEGFR3_xgb_RDKit/model.joblib
[2025-10-04 06:52:22] END seed_0:NVS_ENZ_hVEGFR3_xgb_RDKit status=0
[2025-10-04 06:52:22] START seed_1:NVS_ENZ_hVEGFR3_xgb_RDKit
2025-10-04 06:52:24,911 - Using PyTorch device: cuda:0
2025-10-04 06:52:24,911 - Selected compute device: cuda:0
2025-10-04 07:19:50,938 - Best Model Parameters: {'colsample_bytree': 0.8, 'learning_rate': 0.05, 'max_depth': 6, 'min_child_weight': 1, 'n_estimators': 200, 'subsample': 0.8}
2025-10-04 07:19:50,938 - Validation F1 Score: 0.54
2025-10-04 07:19:50,938 - Validation Precision: 0.5333333333333333
2025-10-04 07:19:50,938 - Validation Recall: 0.6333333333333333
2025-10-04 07:19:50,938 - Validation Accuracy: 0.8164835164835165
2025-10-04 07:19:50,938 - Validation AUC: 0.693939393939394
2025-10-04 07:19:52,990 - Holdout Validation F1 Score: 0.0
2025-10-04 07:19:52,990 - Holdout Validation Precision: 0.0
2025-10-04 07:19:52,990 - Holdout Validation Recall: 0.0
2025-10-04 07:19:52,990 - Holdout Validation Accuracy: 1.0
2025-10-04 07:19:52,990 - Holdout Validation AUC: nan
2025-10-04 07:19:53,726 - Test F1 Score: 0.0
2025-10-04 07:19:53,726 - Test Precision: 0.0
2025-10-04 07:19:53,726 - Test Recall: 0.0
2025-10-04 07:19:53,726 - Test Accuracy: 0.9166666666666666
2025-10-04 07:19:53,726 - Test AUC: 0.9090909090909091
2025-10-04 07:19:53,730 - Best model saved as /gpfs/home1/won0316/_RESEARCH/0817_Genotoxicity/1_Git_upload/ChemBAI/ToxCast_model/experiments/training/DART_MTL/results/seed_1/NVS_ENZ_hVEGFR3_xgb_RDKit/model.joblib
[2025-10-04 07:19:54] END seed_1:NVS_ENZ_hVEGFR3_xgb_RDKit status=0
[2025-10-04 07:19:54] START seed_2:NVS_ENZ_hVEGFR3_xgb_RDKit
2025-10-04 07:19:56,902 - Using PyTorch device: cuda:0
2025-10-04 07:19:56,902 - Selected compute device: cuda:0
2025-10-04 07:46:45,522 - Best Model Parameters: {'colsample_bytree': 1.0, 'learning_rate': 0.1, 'max_depth': 3, 'min_child_weight': 5, 'n_estimators': 400, 'subsample': 0.8}
2025-10-04 07:46:45,522 - Validation F1 Score: 0.26
2025-10-04 07:46:45,522 - Validation Precision: 0.2
2025-10-04 07:46:45,522 - Validation Recall: 0.4
2025-10-04 07:46:45,522 - Validation Accuracy: 0.7461538461538462
2025-10-04 07:46:45,523 - Validation AUC: 0.5872727272727272
2025-10-04 07:46:47,963 - Holdout Validation F1 Score: 0.0
2025-10-04 07:46:47,963 - Holdout Validation Precision: 0.0
2025-10-04 07:46:47,963 - Holdout Validation Recall: 0.0
2025-10-04 07:46:47,963 - Holdout Validation Accuracy: 0.8
2025-10-04 07:46:47,963 - Holdout Validation AUC: 0.7777777777777778
2025-10-04 07:46:48,676 - Test F1 Score: 0.6666666666666666
2025-10-04 07:46:48,677 - Test Precision: 0.5
2025-10-04 07:46:48,677 - Test Recall: 1.0
2025-10-04 07:46:48,677 - Test Accuracy: 0.9
2025-10-04 07:46:48,677 - Test AUC: 0.8888888888888888
2025-10-04 07:46:48,681 - Best model saved as /gpfs/home1/won0316/_RESEARCH/0817_Genotoxicity/1_Git_upload/ChemBAI/ToxCast_model/experiments/training/DART_MTL/results/seed_2/NVS_ENZ_hVEGFR3_xgb_RDKit/model.joblib
[2025-10-04 07:46:49] END seed_2:NVS_ENZ_hVEGFR3_xgb_RDKit status=0
[2025-10-04 07:46:49] Job NVS_ENZ_hVEGFR3_xgb_RDKit completed successfully
[2025-10-04 07:46:49] Command finished with status 0
