[2025-10-06 12:29:48] Job 488277 starting on n006.hpc
[2025-10-06 12:29:48] Label: TOX21_ERb_BLA_Antagonist_ratio_rf_Pattern
[2025-10-06 12:29:48] Job TOX21_ERb_BLA_Antagonist_ratio_rf_Pattern starting on n006.hpc
[2025-10-06 12:29:48] START seed_0:TOX21_ERb_BLA_Antagonist_ratio_rf_Pattern
2025-10-06 12:29:52,577 - Using PyTorch device: cuda:0
2025-10-06 12:29:52,577 - Selected compute device: cuda:0
2025-10-06 12:38:49,256 - Best Model Parameters: {'max_depth': 15, 'min_samples_leaf': 1, 'min_samples_split': 2, 'n_estimators': 600}
2025-10-06 12:38:49,256 - Validation F1 Score: 0.5139280514431274
2025-10-06 12:38:49,256 - Validation Precision: 0.4470777390568893
2025-10-06 12:38:49,256 - Validation Recall: 0.6058608058608059
2025-10-06 12:38:49,256 - Validation Accuracy: 0.8229091978931959
2025-10-06 12:38:49,256 - Validation AUC: 0.8375985983857465
2025-10-06 12:38:53,177 - Holdout Validation F1 Score: 0.5072765072765073
2025-10-06 12:38:53,177 - Holdout Validation Precision: 0.4135593220338983
2025-10-06 12:38:53,178 - Holdout Validation Recall: 0.6559139784946236
2025-10-06 12:38:53,178 - Holdout Validation Accuracy: 0.6703755215577191
2025-10-06 12:38:53,178 - Holdout Validation AUC: 0.755507474429583
2025-10-06 12:38:53,352 - Test F1 Score: 0.5801217038539553
2025-10-06 12:38:53,352 - Test Precision: 0.4897260273972603
2025-10-06 12:38:53,352 - Test Recall: 0.7114427860696517
2025-10-06 12:38:53,352 - Test Accuracy: 0.695139911634757
2025-10-06 12:38:53,352 - Test AUC: 0.7565415599825143
2025-10-06 12:38:53,522 - Best model saved as /gpfs/home1/won0316/_RESEARCH/0817_Genotoxicity/1_Git_upload/ChemBAI/ToxCast_model/experiments/training/DART_MTL/results/seed_0/TOX21_ERb_BLA_Antagonist_ratio_rf_Pattern/model.joblib
[2025-10-06 12:38:53] END seed_0:TOX21_ERb_BLA_Antagonist_ratio_rf_Pattern status=0
[2025-10-06 12:38:53] START seed_1:TOX21_ERb_BLA_Antagonist_ratio_rf_Pattern
2025-10-06 12:38:56,840 - Using PyTorch device: cuda:0
2025-10-06 12:38:56,841 - Selected compute device: cuda:0
2025-10-06 12:47:45,840 - Best Model Parameters: {'max_depth': 15, 'min_samples_leaf': 1, 'min_samples_split': 2, 'n_estimators': 400}
2025-10-06 12:47:45,840 - Validation F1 Score: 0.5265132248766158
2025-10-06 12:47:45,840 - Validation Precision: 0.4570580390429175
2025-10-06 12:47:45,840 - Validation Recall: 0.6224632107880839
2025-10-06 12:47:45,840 - Validation Accuracy: 0.8117972592605435
2025-10-06 12:47:45,840 - Validation AUC: 0.8324540400221438
2025-10-06 12:47:48,716 - Holdout Validation F1 Score: 0.5545171339563862
2025-10-06 12:47:48,716 - Holdout Validation Precision: 0.4972067039106145
2025-10-06 12:47:48,716 - Holdout Validation Recall: 0.6267605633802817
2025-10-06 12:47:48,716 - Holdout Validation Accuracy: 0.7971631205673759
2025-10-06 12:47:48,716 - Holdout Validation AUC: 0.8394478773171891
2025-10-06 12:47:48,848 - Test F1 Score: 0.5185185185185185
2025-10-06 12:47:48,848 - Test Precision: 0.42424242424242425
2025-10-06 12:47:48,849 - Test Recall: 0.6666666666666666
2025-10-06 12:47:48,849 - Test Accuracy: 0.7078651685393258
2025-10-06 12:47:48,849 - Test AUC: 0.7636664040616247
2025-10-06 12:47:48,964 - Best model saved as /gpfs/home1/won0316/_RESEARCH/0817_Genotoxicity/1_Git_upload/ChemBAI/ToxCast_model/experiments/training/DART_MTL/results/seed_1/TOX21_ERb_BLA_Antagonist_ratio_rf_Pattern/model.joblib
[2025-10-06 12:47:49] END seed_1:TOX21_ERb_BLA_Antagonist_ratio_rf_Pattern status=0
[2025-10-06 12:47:49] START seed_2:TOX21_ERb_BLA_Antagonist_ratio_rf_Pattern
2025-10-06 12:47:52,537 - Using PyTorch device: cuda:0
2025-10-06 12:47:52,538 - Selected compute device: cuda:0
2025-10-06 12:56:45,696 - Best Model Parameters: {'max_depth': 15, 'min_samples_leaf': 1, 'min_samples_split': 2, 'n_estimators': 400}
2025-10-06 12:56:45,697 - Validation F1 Score: 0.5506731810421102
2025-10-06 12:56:45,697 - Validation Precision: 0.4768008133682452
2025-10-06 12:56:45,697 - Validation Recall: 0.6525191435399698
2025-10-06 12:56:45,697 - Validation Accuracy: 0.8172289393112321
2025-10-06 12:56:45,697 - Validation AUC: 0.8461565561805686
2025-10-06 12:56:48,541 - Holdout Validation F1 Score: 0.5011494252873563
2025-10-06 12:56:48,541 - Holdout Validation Precision: 0.3771626297577855
2025-10-06 12:56:48,541 - Holdout Validation Recall: 0.7465753424657534
2025-10-06 12:56:48,541 - Holdout Validation Accuracy: 0.6864161849710982
2025-10-06 12:56:48,541 - Holdout Validation AUC: 0.7670919263385017
2025-10-06 12:56:48,675 - Test F1 Score: 0.5128205128205128
2025-10-06 12:56:48,676 - Test Precision: 0.398406374501992
2025-10-06 12:56:48,676 - Test Recall: 0.7194244604316546
2025-10-06 12:56:48,676 - Test Accuracy: 0.7277936962750716
2025-10-06 12:56:48,676 - Test AUC: 0.7962896230421745
2025-10-06 12:56:48,793 - Best model saved as /gpfs/home1/won0316/_RESEARCH/0817_Genotoxicity/1_Git_upload/ChemBAI/ToxCast_model/experiments/training/DART_MTL/results/seed_2/TOX21_ERb_BLA_Antagonist_ratio_rf_Pattern/model.joblib
[2025-10-06 12:56:49] END seed_2:TOX21_ERb_BLA_Antagonist_ratio_rf_Pattern status=0
[2025-10-06 12:56:49] Job TOX21_ERb_BLA_Antagonist_ratio_rf_Pattern completed successfully
[2025-10-06 12:56:49] Command finished with status 0
