[2025-10-06 10:14:44] Job 488025 starting on n005.hpc
[2025-10-06 10:14:44] Label: TOX21_PGC_ERR_Antagonist_logistic_Layered
[2025-10-06 10:14:45] Job TOX21_PGC_ERR_Antagonist_logistic_Layered starting on n005.hpc
[2025-10-06 10:14:45] START seed_0:TOX21_PGC_ERR_Antagonist_logistic_Layered
2025-10-06 10:14:48,815 - Using PyTorch device: cuda:0
2025-10-06 10:14:48,816 - Selected compute device: cuda:0
2025-10-06 16:44:09,595 - Best Model Parameters: {'C': 0.5, 'penalty': 'l2', 'solver': 'liblinear'}
2025-10-06 16:44:09,595 - Validation F1 Score: 0.34144321551006596
2025-10-06 16:44:09,596 - Validation Precision: 0.2878342838860603
2025-10-06 16:44:09,596 - Validation Recall: 0.4202718912435026
2025-10-06 16:44:09,596 - Validation Accuracy: 0.8307065256390016
2025-10-06 16:44:09,596 - Validation AUC: 0.6691673711180568
2025-10-06 16:44:14,779 - Holdout Validation F1 Score: 0.4186046511627907
2025-10-06 16:44:14,780 - Holdout Validation Precision: 0.39375
2025-10-06 16:44:14,780 - Holdout Validation Recall: 0.44680851063829785
2025-10-06 16:44:14,780 - Holdout Validation Accuracy: 0.7566063977746871
2025-10-06 16:44:14,780 - Holdout Validation AUC: 0.6906365800387739
2025-10-06 16:44:14,813 - Test F1 Score: 0.2727272727272727
2025-10-06 16:44:14,813 - Test Precision: 0.21195652173913043
2025-10-06 16:44:14,813 - Test Recall: 0.38235294117647056
2025-10-06 16:44:14,813 - Test Accuracy: 0.6936671575846833
2025-10-06 16:44:14,813 - Test AUC: 0.5858225439222482
2025-10-06 16:44:14,816 - Best model saved as /gpfs/home1/won0316/_RESEARCH/0817_Genotoxicity/1_Git_upload/ChemBAI/ToxCast_model/experiments/training/DART_MTL/results/seed_0/TOX21_PGC_ERR_Antagonist_logistic_Layered/model.joblib
[2025-10-06 16:44:15] END seed_0:TOX21_PGC_ERR_Antagonist_logistic_Layered status=0
[2025-10-06 16:44:15] START seed_1:TOX21_PGC_ERR_Antagonist_logistic_Layered
2025-10-06 16:44:17,498 - Using PyTorch device: cuda:0
2025-10-06 16:44:17,499 - Selected compute device: cuda:0
2025-10-06 23:10:47,850 - Best Model Parameters: {'C': 2, 'penalty': 'l2', 'solver': 'saga'}
2025-10-06 23:10:47,851 - Validation F1 Score: 0.34215969604641056
2025-10-06 23:10:47,851 - Validation Precision: 0.2858798594388234
2025-10-06 23:10:47,851 - Validation Recall: 0.426353346456693
2025-10-06 23:10:47,851 - Validation Accuracy: 0.8221688080499832
2025-10-06 23:10:47,851 - Validation AUC: 0.6524627981970503
2025-10-06 23:14:37,637 - Holdout Validation F1 Score: 0.43661971830985913
2025-10-06 23:14:37,637 - Holdout Validation Precision: 0.36257309941520466
2025-10-06 23:14:37,637 - Holdout Validation Recall: 0.5486725663716814
2025-10-06 23:14:37,637 - Holdout Validation Accuracy: 0.7730496453900709
2025-10-06 23:14:37,637 - Holdout Validation AUC: 0.6850185362353504
2025-10-06 23:14:37,667 - Test F1 Score: 0.2421875
2025-10-06 23:14:37,667 - Test Precision: 0.20666666666666667
2025-10-06 23:14:37,667 - Test Recall: 0.29245283018867924
2025-10-06 23:14:37,667 - Test Accuracy: 0.7275280898876404
2025-10-06 23:14:37,667 - Test AUC: 0.5503767357867861
2025-10-06 23:14:37,671 - Best model saved as /gpfs/home1/won0316/_RESEARCH/0817_Genotoxicity/1_Git_upload/ChemBAI/ToxCast_model/experiments/training/DART_MTL/results/seed_1/TOX21_PGC_ERR_Antagonist_logistic_Layered/model.joblib
[2025-10-06 23:14:38] END seed_1:TOX21_PGC_ERR_Antagonist_logistic_Layered status=0
[2025-10-06 23:14:38] START seed_2:TOX21_PGC_ERR_Antagonist_logistic_Layered
2025-10-06 23:14:41,687 - Using PyTorch device: cuda:0
2025-10-06 23:14:41,687 - Selected compute device: cuda:0
