[2025-10-06 21:55:22] Job 488425 starting on n005.hpc
[2025-10-06 21:55:22] Label: TOX21_ERb_BLA_Antagonist_ratio_logistic_MACCS
[2025-10-06 21:55:22] Job TOX21_ERb_BLA_Antagonist_ratio_logistic_MACCS starting on n005.hpc
[2025-10-06 21:55:22] START seed_0:TOX21_ERb_BLA_Antagonist_ratio_logistic_MACCS
2025-10-06 21:55:26,619 - Using PyTorch device: cuda:0
2025-10-06 21:55:26,620 - Selected compute device: cuda:0
2025-10-06 22:12:23,703 - Best Model Parameters: {'C': 0.1, 'penalty': 'l2', 'solver': 'saga'}
2025-10-06 22:12:23,703 - Validation F1 Score: 0.4086171535027961
2025-10-06 22:12:23,703 - Validation Precision: 0.31946935111967645
2025-10-06 22:12:23,703 - Validation Recall: 0.5686542965231489
2025-10-06 22:12:23,703 - Validation Accuracy: 0.7458033266837928
2025-10-06 22:12:23,703 - Validation AUC: 0.7260278167576371
2025-10-06 22:12:24,530 - Holdout Validation F1 Score: 0.45401174168297453
2025-10-06 22:12:24,530 - Holdout Validation Precision: 0.3569230769230769
2025-10-06 22:12:24,530 - Holdout Validation Recall: 0.6236559139784946
2025-10-06 22:12:24,530 - Holdout Validation Accuracy: 0.6119610570236439
2025-10-06 22:12:24,530 - Holdout Validation AUC: 0.6672769271117029
2025-10-06 22:12:24,541 - Test F1 Score: 0.5163636363636364
2025-10-06 22:12:24,541 - Test Precision: 0.4068767908309456
2025-10-06 22:12:24,541 - Test Recall: 0.7064676616915423
2025-10-06 22:12:24,541 - Test Accuracy: 0.6082474226804123
2025-10-06 22:12:24,541 - Test AUC: 0.6635806324028394
2025-10-06 22:12:24,543 - Best model saved as /gpfs/home1/won0316/_RESEARCH/0817_Genotoxicity/1_Git_upload/ChemBAI/ToxCast_model/experiments/training/DART_MTL/results/seed_0/TOX21_ERb_BLA_Antagonist_ratio_logistic_MACCS/model.joblib
[2025-10-06 22:12:25] END seed_0:TOX21_ERb_BLA_Antagonist_ratio_logistic_MACCS status=0
[2025-10-06 22:12:25] START seed_1:TOX21_ERb_BLA_Antagonist_ratio_logistic_MACCS
2025-10-06 22:12:28,318 - Using PyTorch device: cuda:0
2025-10-06 22:12:28,319 - Selected compute device: cuda:0
2025-10-06 22:29:06,392 - Best Model Parameters: {'C': 0.5, 'penalty': 'l1', 'solver': 'saga'}
2025-10-06 22:29:06,392 - Validation F1 Score: 0.44101467536785643
2025-10-06 22:29:06,393 - Validation Precision: 0.35092243386960253
2025-10-06 22:29:06,393 - Validation Recall: 0.5941444905911911
2025-10-06 22:29:06,393 - Validation Accuracy: 0.74685915997665
2025-10-06 22:29:06,393 - Validation AUC: 0.7292089509781515
2025-10-06 22:29:30,466 - Holdout Validation F1 Score: 0.40336134453781514
2025-10-06 22:29:30,466 - Holdout Validation Precision: 0.33488372093023255
2025-10-06 22:29:30,466 - Holdout Validation Recall: 0.5070422535211268
2025-10-06 22:29:30,466 - Holdout Validation Accuracy: 0.6978723404255319
2025-10-06 22:29:30,466 - Holdout Validation AUC: 0.6644860280689466
2025-10-06 22:29:30,477 - Test F1 Score: 0.46558704453441296
2025-10-06 22:29:30,477 - Test Precision: 0.35276073619631904
2025-10-06 22:29:30,477 - Test Recall: 0.6845238095238095
2025-10-06 22:29:30,477 - Test Accuracy: 0.6292134831460674
2025-10-06 22:29:30,477 - Test AUC: 0.6837414653361344
2025-10-06 22:29:30,478 - Best model saved as /gpfs/home1/won0316/_RESEARCH/0817_Genotoxicity/1_Git_upload/ChemBAI/ToxCast_model/experiments/training/DART_MTL/results/seed_1/TOX21_ERb_BLA_Antagonist_ratio_logistic_MACCS/model.joblib
[2025-10-06 22:29:31] END seed_1:TOX21_ERb_BLA_Antagonist_ratio_logistic_MACCS status=0
[2025-10-06 22:29:31] START seed_2:TOX21_ERb_BLA_Antagonist_ratio_logistic_MACCS
2025-10-06 22:29:33,389 - Using PyTorch device: cuda:0
2025-10-06 22:29:33,389 - Selected compute device: cuda:0
2025-10-06 22:46:25,741 - Best Model Parameters: {'C': 0.5, 'penalty': 'l2', 'solver': 'saga'}
2025-10-06 22:46:25,742 - Validation F1 Score: 0.45112193534599887
2025-10-06 22:46:25,742 - Validation Precision: 0.35830695328871537
2025-10-06 22:46:25,742 - Validation Recall: 0.6100521874847584
2025-10-06 22:46:25,742 - Validation Accuracy: 0.7449684872294121
2025-10-06 22:46:25,742 - Validation AUC: 0.7302676969418312
2025-10-06 22:46:27,466 - Holdout Validation F1 Score: 0.4365904365904366
2025-10-06 22:46:27,466 - Holdout Validation Precision: 0.31343283582089554
2025-10-06 22:46:27,466 - Holdout Validation Recall: 0.7191780821917808
2025-10-06 22:46:27,466 - Holdout Validation Accuracy: 0.6083815028901735
2025-10-06 22:46:27,466 - Holdout Validation AUC: 0.692458226704802
2025-10-06 22:46:27,476 - Test F1 Score: 0.41830065359477125
2025-10-06 22:46:27,476 - Test Precision: 0.3
2025-10-06 22:46:27,476 - Test Recall: 0.6906474820143885
2025-10-06 22:46:27,477 - Test Accuracy: 0.6174785100286533
2025-10-06 22:46:27,477 - Test AUC: 0.6934080642462773
2025-10-06 22:46:27,479 - Best model saved as /gpfs/home1/won0316/_RESEARCH/0817_Genotoxicity/1_Git_upload/ChemBAI/ToxCast_model/experiments/training/DART_MTL/results/seed_2/TOX21_ERb_BLA_Antagonist_ratio_logistic_MACCS/model.joblib
[2025-10-06 22:46:27] END seed_2:TOX21_ERb_BLA_Antagonist_ratio_logistic_MACCS status=0
[2025-10-06 22:46:27] Job TOX21_ERb_BLA_Antagonist_ratio_logistic_MACCS completed successfully
[2025-10-06 22:46:27] Command finished with status 0
