[2025-10-01 16:35:56] Job 482756 starting on n011.hpc
[2025-10-01 16:35:56] Label: DART_MTL_BSK_4H_MCP1_xgb_Pattern
[2025-10-01 16:35:56] Job DART_MTL_BSK_4H_MCP1_xgb_Pattern starting on n011.hpc
[2025-10-01 16:35:56] START seed_0:BSK_4H_MCP1_xgb_Pattern
2025-10-01 16:36:00,615 - Using PyTorch device: cuda:0
2025-10-01 16:36:00,615 - Selected compute device: cuda:0
2025-10-01 17:11:48,252 - Best Model Parameters: {'colsample_bytree': 1.0, 'learning_rate': 0.05, 'max_depth': 6, 'min_child_weight': 1, 'n_estimators': 400, 'subsample': 1.0}
2025-10-01 17:11:48,252 - Validation F1 Score: 0.510715528998652
2025-10-01 17:11:48,252 - Validation Precision: 0.5184559932325572
2025-10-01 17:11:48,252 - Validation Recall: 0.5034461152882206
2025-10-01 17:11:48,252 - Validation Accuracy: 0.7887525987525988
2025-10-01 17:11:48,252 - Validation AUC: 0.782519536538268
2025-10-01 17:11:51,700 - Holdout Validation F1 Score: 0.6078431372549019
2025-10-01 17:11:51,700 - Holdout Validation Precision: 0.5740740740740741
2025-10-01 17:11:51,701 - Holdout Validation Recall: 0.6458333333333334
2025-10-01 17:11:51,701 - Holdout Validation Accuracy: 0.7350993377483444
2025-10-01 17:11:51,701 - Holdout Validation AUC: 0.8029935275080906
2025-10-01 17:11:52,465 - Test F1 Score: 0.43373493975903615
2025-10-01 17:11:52,465 - Test Precision: 0.5625
2025-10-01 17:11:52,465 - Test Recall: 0.35294117647058826
2025-10-01 17:11:52,465 - Test Accuracy: 0.7251461988304093
2025-10-01 17:11:52,465 - Test AUC: 0.7249183006535947
2025-10-01 17:11:52,470 - Best model saved as /gpfs/home1/won0316/_RESEARCH/0817_Genotoxicity/1_Git_upload/ChemBAI/ToxCast_model/experiments/training/DART_MTL/results/seed_0/BSK_4H_MCP1_xgb_Pattern/model.joblib
[2025-10-01 17:11:53] END seed_0:BSK_4H_MCP1_xgb_Pattern status=0
[2025-10-01 17:11:53] START seed_1:BSK_4H_MCP1_xgb_Pattern
2025-10-01 17:11:55,524 - Using PyTorch device: cuda:0
2025-10-01 17:11:55,524 - Selected compute device: cuda:0
2025-10-01 17:47:58,569 - Best Model Parameters: {'colsample_bytree': 0.8, 'learning_rate': 0.05, 'max_depth': 3, 'min_child_weight': 5, 'n_estimators': 200, 'subsample': 0.8}
2025-10-01 17:47:58,569 - Validation F1 Score: 0.5334375252356507
2025-10-01 17:47:58,569 - Validation Precision: 0.488929502075042
2025-10-01 17:47:58,569 - Validation Recall: 0.5875
2025-10-01 17:47:58,569 - Validation Accuracy: 0.7575482960711959
2025-10-01 17:47:58,569 - Validation AUC: 0.7735818977029915
2025-10-01 17:48:01,072 - Holdout Validation F1 Score: 0.39344262295081966
2025-10-01 17:48:01,072 - Holdout Validation Precision: 0.36363636363636365
2025-10-01 17:48:01,072 - Holdout Validation Recall: 0.42857142857142855
2025-10-01 17:48:01,072 - Holdout Validation Accuracy: 0.6542056074766355
2025-10-01 17:48:01,072 - Holdout Validation AUC: 0.6505424954792043
2025-10-01 17:48:01,824 - Test F1 Score: 0.4523809523809524
2025-10-01 17:48:01,824 - Test Precision: 0.3877551020408163
2025-10-01 17:48:01,824 - Test Recall: 0.5428571428571428
2025-10-01 17:48:01,824 - Test Accuracy: 0.7032258064516129
2025-10-01 17:48:01,824 - Test AUC: 0.7329761904761904
2025-10-01 17:48:01,881 - Best model saved as /gpfs/home1/won0316/_RESEARCH/0817_Genotoxicity/1_Git_upload/ChemBAI/ToxCast_model/experiments/training/DART_MTL/results/seed_1/BSK_4H_MCP1_xgb_Pattern/model.joblib
[2025-10-01 17:48:02] END seed_1:BSK_4H_MCP1_xgb_Pattern status=0
[2025-10-01 17:48:02] START seed_2:BSK_4H_MCP1_xgb_Pattern
2025-10-01 17:48:05,334 - Using PyTorch device: cuda:0
2025-10-01 17:48:05,334 - Selected compute device: cuda:0
2025-10-01 18:24:06,252 - Best Model Parameters: {'colsample_bytree': 1.0, 'learning_rate': 0.1, 'max_depth': 3, 'min_child_weight': 3, 'n_estimators': 200, 'subsample': 1.0}
2025-10-01 18:24:06,252 - Validation F1 Score: 0.5093104485383897
2025-10-01 18:24:06,252 - Validation Precision: 0.48683305632362134
2025-10-01 18:24:06,252 - Validation Recall: 0.5359887005649717
2025-10-01 18:24:06,252 - Validation Accuracy: 0.7702515723270439
2025-10-01 18:24:06,252 - Validation AUC: 0.7734336997689542
2025-10-01 18:24:08,674 - Holdout Validation F1 Score: 0.574468085106383
2025-10-01 18:24:08,674 - Holdout Validation Precision: 0.5510204081632653
2025-10-01 18:24:08,674 - Holdout Validation Recall: 0.6
2025-10-01 18:24:08,674 - Holdout Validation Accuracy: 0.726027397260274
2025-10-01 18:24:08,674 - Holdout Validation AUC: 0.7232123212321232
2025-10-01 18:24:09,419 - Test F1 Score: 0.37209302325581395
2025-10-01 18:24:09,419 - Test Precision: 0.35555555555555557
2025-10-01 18:24:09,419 - Test Recall: 0.3902439024390244
2025-10-01 18:24:09,419 - Test Accuracy: 0.64
2025-10-01 18:24:09,419 - Test AUC: 0.6263146117699709
2025-10-01 18:24:09,423 - Best model saved as /gpfs/home1/won0316/_RESEARCH/0817_Genotoxicity/1_Git_upload/ChemBAI/ToxCast_model/experiments/training/DART_MTL/results/seed_2/BSK_4H_MCP1_xgb_Pattern/model.joblib
[2025-10-01 18:24:10] END seed_2:BSK_4H_MCP1_xgb_Pattern status=0
[2025-10-01 18:24:10] Job DART_MTL_BSK_4H_MCP1_xgb_Pattern completed successfully
[2025-10-01 18:24:10] Command finished with status 0
