[2025-09-30 12:43:28] Job 481387 starting on n014.hpc
[2025-09-30 12:43:28] Label: DART_MTL_ATG_BRE_CIS_logistic_Pattern
[2025-09-30 12:43:28] Job DART_MTL_ATG_BRE_CIS_logistic_Pattern starting on n014.hpc
[2025-09-30 12:43:28] START seed_0:ATG_BRE_CIS_logistic_Pattern
2025-09-30 12:43:32,655 - Using PyTorch device: cuda:0
2025-09-30 12:43:32,656 - Selected compute device: cuda:0
2025-09-30 15:53:40,018 - Best Model Parameters: {'C': 0.1, 'penalty': 'l1', 'solver': 'saga'}
2025-09-30 15:53:40,018 - Validation F1 Score: 0.23329938738762013
2025-09-30 15:53:40,018 - Validation Precision: 0.17553370296960286
2025-09-30 15:53:40,018 - Validation Recall: 0.34901960784313724
2025-09-30 15:53:40,018 - Validation Accuracy: 0.805063227953411
2025-09-30 15:53:40,018 - Validation AUC: 0.6689065583511099
2025-09-30 15:56:17,748 - Holdout Validation F1 Score: 0.19298245614035087
2025-09-30 15:56:17,748 - Holdout Validation Precision: 0.13924050632911392
2025-09-30 15:56:17,748 - Holdout Validation Recall: 0.3142857142857143
2025-09-30 15:56:17,748 - Holdout Validation Accuracy: 0.642023346303502
2025-09-30 15:56:17,748 - Holdout Validation AUC: 0.5772200772200772
2025-09-30 15:56:17,773 - Test F1 Score: 0.2875
2025-09-30 15:56:17,773 - Test Precision: 0.21296296296296297
2025-09-30 15:56:17,774 - Test Recall: 0.4423076923076923
2025-09-30 15:56:17,774 - Test Accuracy: 0.6346153846153846
2025-09-30 15:56:17,774 - Test AUC: 0.5806952662721894
2025-09-30 15:56:17,776 - Best model saved as /gpfs/home1/won0316/_RESEARCH/0817_Genotoxicity/1_Git_upload/ChemBAI/ToxCast_model/experiments/training/DART_MTL/results/seed_0/ATG_BRE_CIS_logistic_Pattern/model.joblib
[2025-09-30 15:56:18] END seed_0:ATG_BRE_CIS_logistic_Pattern status=0
[2025-09-30 15:56:18] START seed_1:ATG_BRE_CIS_logistic_Pattern
2025-09-30 15:56:21,579 - Using PyTorch device: cuda:0
2025-09-30 15:56:21,580 - Selected compute device: cuda:0
2025-09-30 19:06:39,172 - Best Model Parameters: {'C': 0.1, 'penalty': 'l1', 'solver': 'saga'}
2025-09-30 19:06:39,173 - Validation F1 Score: 0.24605934258919912
2025-09-30 19:06:39,173 - Validation Precision: 0.1846602151141815
2025-09-30 19:06:39,173 - Validation Recall: 0.3694155844155844
2025-09-30 19:06:39,173 - Validation Accuracy: 0.7910287222063495
2025-09-30 19:06:39,173 - Validation AUC: 0.6660189533713519
2025-09-30 19:09:16,919 - Holdout Validation F1 Score: 0.29545454545454547
2025-09-30 19:09:16,919 - Holdout Validation Precision: 0.21311475409836064
2025-09-30 19:09:16,919 - Holdout Validation Recall: 0.48148148148148145
2025-09-30 19:09:16,919 - Holdout Validation Accuracy: 0.7633587786259542
2025-09-30 19:09:16,919 - Holdout Validation AUC: 0.6807722616233255
2025-09-30 19:09:16,945 - Test F1 Score: 0.25
2025-09-30 19:09:16,945 - Test Precision: 0.18518518518518517
2025-09-30 19:09:16,945 - Test Recall: 0.38461538461538464
2025-09-30 19:09:16,945 - Test Accuracy: 0.7204968944099379
2025-09-30 19:09:16,945 - Test AUC: 0.5859835100117785
2025-09-30 19:09:16,947 - Best model saved as /gpfs/home1/won0316/_RESEARCH/0817_Genotoxicity/1_Git_upload/ChemBAI/ToxCast_model/experiments/training/DART_MTL/results/seed_1/ATG_BRE_CIS_logistic_Pattern/model.joblib
[2025-09-30 19:09:17] END seed_1:ATG_BRE_CIS_logistic_Pattern status=0
[2025-09-30 19:09:17] START seed_2:ATG_BRE_CIS_logistic_Pattern
2025-09-30 19:09:21,786 - Using PyTorch device: cuda:0
2025-09-30 19:09:21,787 - Selected compute device: cuda:0
[2025-10-03 01:44:07] Job 484630 starting on n007.hpc
[2025-10-03 01:44:07] Label: ATG_BRE_CIS_logistic_Pattern
[2025-10-03 01:44:07] Job ATG_BRE_CIS_logistic_Pattern starting on n007.hpc
[2025-10-03 01:44:07] SKIP seed_0:ATG_BRE_CIS_logistic_Pattern model.joblib exists
[2025-10-03 01:44:07] SKIP seed_1:ATG_BRE_CIS_logistic_Pattern model.joblib exists
[2025-10-03 01:44:07] START seed_2:ATG_BRE_CIS_logistic_Pattern
2025-10-03 01:44:10,952 - Using PyTorch device: cuda:0
2025-10-03 01:44:10,953 - Selected compute device: cuda:0
2025-10-03 04:53:46,762 - Best Model Parameters: {'C': 0.1, 'penalty': 'l1', 'solver': 'saga'}
2025-10-03 04:53:46,762 - Validation F1 Score: 0.2663527008274471
2025-10-03 04:53:46,762 - Validation Precision: 0.20034423182427857
2025-10-03 04:53:46,762 - Validation Recall: 0.39776380153738644
2025-10-03 04:53:46,762 - Validation Accuracy: 0.8009462877717516
2025-10-03 04:53:46,762 - Validation AUC: 0.6890745472955715
2025-10-03 04:56:22,932 - Holdout Validation F1 Score: 0.30357142857142855
2025-10-03 04:56:22,932 - Holdout Validation Precision: 0.21518987341772153
2025-10-03 04:56:22,932 - Holdout Validation Recall: 0.5151515151515151
2025-10-03 04:56:22,932 - Holdout Validation Accuracy: 0.7391304347826086
2025-10-03 04:56:22,932 - Holdout Validation AUC: 0.6777739804055594
2025-10-03 04:56:22,959 - Test F1 Score: 0.2127659574468085
2025-10-03 04:56:22,959 - Test Precision: 0.18518518518518517
2025-10-03 04:56:22,959 - Test Recall: 0.25
2025-10-03 04:56:22,959 - Test Accuracy: 0.758957654723127
2025-10-03 04:56:22,959 - Test AUC: 0.5845505617977528
2025-10-03 04:56:22,962 - Best model saved as /gpfs/home1/won0316/_RESEARCH/0817_Genotoxicity/1_Git_upload/ChemBAI/ToxCast_model/experiments/training/DART_MTL/results/seed_2/ATG_BRE_CIS_logistic_Pattern/model.joblib
[2025-10-03 04:56:23] END seed_2:ATG_BRE_CIS_logistic_Pattern status=0
[2025-10-03 04:56:23] Job ATG_BRE_CIS_logistic_Pattern completed successfully
[2025-10-03 04:56:23] Command finished with status 0
