[2025-10-01 06:41:54] Job 482283 starting on n004.hpc
[2025-10-01 06:41:54] Label: DART_MTL_ATG_HIF1a_CIS_gbt_Pattern
[2025-10-01 06:41:55] Job DART_MTL_ATG_HIF1a_CIS_gbt_Pattern starting on n004.hpc
[2025-10-01 06:41:55] START seed_0:ATG_HIF1a_CIS_gbt_Pattern
2025-10-01 06:41:58,711 - Using PyTorch device: cuda:0
2025-10-01 06:41:58,711 - Selected compute device: cuda:0
2025-10-01 11:49:52,854 - Best Model Parameters: {'learning_rate': 0.05, 'max_depth': 3, 'min_samples_leaf': 2, 'min_samples_split': 2, 'n_estimators': 100}
2025-10-01 11:49:52,855 - Validation F1 Score: 0.19190347517104914
2025-10-01 11:49:52,855 - Validation Precision: 0.13581390140132926
2025-10-01 11:49:52,855 - Validation Recall: 0.3273809523809524
2025-10-01 11:49:52,855 - Validation Accuracy: 0.742085967831392
2025-10-01 11:49:52,855 - Validation AUC: 0.5852735584365325
2025-10-01 11:50:06,264 - Holdout Validation F1 Score: 0.36879432624113473
2025-10-01 11:50:06,264 - Holdout Validation Precision: 0.2549019607843137
2025-10-01 11:50:06,264 - Holdout Validation Recall: 0.6666666666666666
2025-10-01 11:50:06,264 - Holdout Validation Accuracy: 0.6536964980544747
2025-10-01 11:50:06,264 - Holdout Validation AUC: 0.693895553987297
2025-10-01 11:50:06,291 - Test F1 Score: 0.2909090909090909
2025-10-01 11:50:06,291 - Test Precision: 0.2033898305084746
2025-10-01 11:50:06,291 - Test Recall: 0.5106382978723404
2025-10-01 11:50:06,291 - Test Accuracy: 0.625
2025-10-01 11:50:06,291 - Test AUC: 0.6163789642713771
2025-10-01 11:50:06,296 - Best model saved as /gpfs/home1/won0316/_RESEARCH/0817_Genotoxicity/1_Git_upload/ChemBAI/ToxCast_model/experiments/training/DART_MTL/results/seed_0/ATG_HIF1a_CIS_gbt_Pattern/model.joblib
[2025-10-01 11:50:06] END seed_0:ATG_HIF1a_CIS_gbt_Pattern status=0
[2025-10-01 11:50:06] START seed_1:ATG_HIF1a_CIS_gbt_Pattern
2025-10-01 11:50:08,986 - Using PyTorch device: cuda:0
2025-10-01 11:50:08,987 - Selected compute device: cuda:0
[2025-10-03 13:28:46] Job 485076 starting on n007.hpc
[2025-10-03 13:28:46] Label: ATG_HIF1a_CIS_gbt_Pattern
[2025-10-03 13:28:47] Job ATG_HIF1a_CIS_gbt_Pattern starting on n007.hpc
[2025-10-03 13:28:47] SKIP seed_0:ATG_HIF1a_CIS_gbt_Pattern model.joblib exists
[2025-10-03 13:28:47] START seed_1:ATG_HIF1a_CIS_gbt_Pattern
2025-10-03 13:28:50,755 - Using PyTorch device: cuda:0
2025-10-03 13:28:50,756 - Selected compute device: cuda:0
2025-10-03 18:33:06,866 - Best Model Parameters: {'learning_rate': 0.05, 'max_depth': 3, 'min_samples_leaf': 2, 'min_samples_split': 2, 'n_estimators': 100}
2025-10-03 18:33:06,866 - Validation F1 Score: 0.21886217405997624
2025-10-03 18:33:06,866 - Validation Precision: 0.16421821682438997
2025-10-03 18:33:06,866 - Validation Recall: 0.3301427815970386
2025-10-03 18:33:06,866 - Validation Accuracy: 0.7575312459734571
2025-10-03 18:33:06,866 - Validation AUC: 0.589114481795149
2025-10-03 18:33:20,229 - Holdout Validation F1 Score: 0.2
2025-10-03 18:33:20,230 - Holdout Validation Precision: 0.12962962962962962
2025-10-03 18:33:20,230 - Holdout Validation Recall: 0.4375
2025-10-03 18:33:20,230 - Holdout Validation Accuracy: 0.7862595419847328
2025-10-03 18:33:20,230 - Holdout Validation AUC: 0.7707063008130082
2025-10-03 18:33:20,257 - Test F1 Score: 0.32857142857142857
2025-10-03 18:33:20,257 - Test Precision: 0.24210526315789474
2025-10-03 18:33:20,258 - Test Recall: 0.5111111111111111
2025-10-03 18:33:20,258 - Test Accuracy: 0.7080745341614907
2025-10-03 18:33:20,258 - Test AUC: 0.6538708383473727
2025-10-03 18:33:20,264 - Best model saved as /gpfs/home1/won0316/_RESEARCH/0817_Genotoxicity/1_Git_upload/ChemBAI/ToxCast_model/experiments/training/DART_MTL/results/seed_1/ATG_HIF1a_CIS_gbt_Pattern/model.joblib
[2025-10-03 18:33:20] END seed_1:ATG_HIF1a_CIS_gbt_Pattern status=0
[2025-10-03 18:33:20] START seed_2:ATG_HIF1a_CIS_gbt_Pattern
2025-10-03 18:33:23,848 - Using PyTorch device: cuda:0
2025-10-03 18:33:23,848 - Selected compute device: cuda:0
2025-10-03 23:38:27,490 - Best Model Parameters: {'learning_rate': 0.05, 'max_depth': 3, 'min_samples_leaf': 1, 'min_samples_split': 4, 'n_estimators': 200}
2025-10-03 23:38:27,490 - Validation F1 Score: 0.21044454564685555
2025-10-03 23:38:27,490 - Validation Precision: 0.1621043744862367
2025-10-03 23:38:27,490 - Validation Recall: 0.30125313283208016
2025-10-03 23:38:27,490 - Validation Accuracy: 0.7840714871701382
2025-10-03 23:38:27,490 - Validation AUC: 0.5725570175830429
2025-10-03 23:38:52,948 - Holdout Validation F1 Score: 0.272
2025-10-03 23:38:52,949 - Holdout Validation Precision: 0.20238095238095238
2025-10-03 23:38:52,949 - Holdout Validation Recall: 0.4146341463414634
2025-10-03 23:38:52,949 - Holdout Validation Accuracy: 0.6956521739130435
2025-10-03 23:38:52,949 - Holdout Validation AUC: 0.58011911514464
2025-10-03 23:38:52,978 - Test F1 Score: 0.18
2025-10-03 23:38:52,978 - Test Precision: 0.16071428571428573
2025-10-03 23:38:52,978 - Test Recall: 0.20454545454545456
2025-10-03 23:38:52,978 - Test Accuracy: 0.7328990228013029
2025-10-03 23:38:52,978 - Test AUC: 0.5293380573798825
2025-10-03 23:38:52,987 - Best model saved as /gpfs/home1/won0316/_RESEARCH/0817_Genotoxicity/1_Git_upload/ChemBAI/ToxCast_model/experiments/training/DART_MTL/results/seed_2/ATG_HIF1a_CIS_gbt_Pattern/model.joblib
[2025-10-03 23:38:53] END seed_2:ATG_HIF1a_CIS_gbt_Pattern status=0
[2025-10-03 23:38:53] Job ATG_HIF1a_CIS_gbt_Pattern completed successfully
[2025-10-03 23:38:53] Command finished with status 0
