[2025-10-04 12:43:53] Job 486641 starting on n006.hpc
[2025-10-04 12:43:53] Label: CEETOX_H295R_ESTRONE_xgb_RDKit
[2025-10-04 12:43:54] Job CEETOX_H295R_ESTRONE_xgb_RDKit starting on n006.hpc
[2025-10-04 12:43:54] START seed_0:CEETOX_H295R_ESTRONE_xgb_RDKit
2025-10-04 12:43:57,348 - Using PyTorch device: cuda:0
2025-10-04 12:43:57,348 - Selected compute device: cuda:0
2025-10-04 13:14:53,040 - Best Model Parameters: {'colsample_bytree': 1.0, 'learning_rate': 0.1, 'max_depth': 9, 'min_child_weight': 1, 'n_estimators': 200, 'subsample': 1.0}
2025-10-04 13:14:53,040 - Validation F1 Score: 0.15523809523809523
2025-10-04 13:14:53,040 - Validation Precision: 0.1876190476190476
2025-10-04 13:14:53,040 - Validation Recall: 0.13333333333333336
2025-10-04 13:14:53,040 - Validation Accuracy: 0.8452273411623006
2025-10-04 13:14:53,040 - Validation AUC: 0.6513275832910537
2025-10-04 13:14:55,370 - Holdout Validation F1 Score: 0.0
2025-10-04 13:14:55,370 - Holdout Validation Precision: 0.0
2025-10-04 13:14:55,370 - Holdout Validation Recall: 0.0
2025-10-04 13:14:55,370 - Holdout Validation Accuracy: 0.7647058823529411
2025-10-04 13:14:55,370 - Holdout Validation AUC: 0.5389937106918239
2025-10-04 13:14:56,110 - Test F1 Score: 0.21052631578947367
2025-10-04 13:14:56,110 - Test Precision: 0.4
2025-10-04 13:14:56,110 - Test Recall: 0.14285714285714285
2025-10-04 13:14:56,110 - Test Accuracy: 0.6296296296296297
2025-10-04 13:14:56,110 - Test AUC: 0.5090970350404312
2025-10-04 13:14:56,114 - Best model saved as /gpfs/home1/won0316/_RESEARCH/0817_Genotoxicity/1_Git_upload/ChemBAI/ToxCast_model/experiments/training/DART_MTL/results/seed_0/CEETOX_H295R_ESTRONE_xgb_RDKit/model.joblib
[2025-10-04 13:14:56] END seed_0:CEETOX_H295R_ESTRONE_xgb_RDKit status=0
[2025-10-04 13:14:56] START seed_1:CEETOX_H295R_ESTRONE_xgb_RDKit
2025-10-04 13:14:59,605 - Using PyTorch device: cuda:0
2025-10-04 13:14:59,605 - Selected compute device: cuda:0
