[2025-10-03 23:48:04] Job 485580 starting on n005.hpc
[2025-10-03 23:48:04] Label: BSK_hDFCGF_VCAM1_gbt_Layered
[2025-10-03 23:48:04] Job BSK_hDFCGF_VCAM1_gbt_Layered starting on n005.hpc
[2025-10-03 23:48:04] START seed_0:BSK_hDFCGF_VCAM1_gbt_Layered
2025-10-03 23:48:08,438 - Using PyTorch device: cuda:0
2025-10-03 23:48:08,438 - Selected compute device: cuda:0
2025-10-04 02:00:47,599 - Best Model Parameters: {'learning_rate': 0.1, 'max_depth': 5, 'min_samples_leaf': 1, 'min_samples_split': 2, 'n_estimators': 300}
2025-10-04 02:00:47,599 - Validation F1 Score: 0.4503136090012475
2025-10-04 02:00:47,599 - Validation Precision: 0.4752154059390902
2025-10-04 02:00:47,599 - Validation Recall: 0.42862470862470864
2025-10-04 02:00:47,599 - Validation Accuracy: 0.7332491832491833
2025-10-04 02:00:47,599 - Validation AUC: 0.7040384437954013
2025-10-04 02:01:14,182 - Holdout Validation F1 Score: 0.48717948717948717
2025-10-04 02:01:14,182 - Holdout Validation Precision: 0.4418604651162791
2025-10-04 02:01:14,182 - Holdout Validation Recall: 0.5428571428571428
2025-10-04 02:01:14,182 - Holdout Validation Accuracy: 0.7350993377483444
2025-10-04 02:01:14,182 - Holdout Validation AUC: 0.6979064039408867
2025-10-04 02:01:14,210 - Test F1 Score: 0.22857142857142856
2025-10-04 02:01:14,210 - Test Precision: 0.32
2025-10-04 02:01:14,210 - Test Recall: 0.17777777777777778
2025-10-04 02:01:14,210 - Test Accuracy: 0.6842105263157895
2025-10-04 02:01:14,210 - Test AUC: 0.5761022927689594
2025-10-04 02:01:14,223 - Best model saved as /gpfs/home1/won0316/_RESEARCH/0817_Genotoxicity/1_Git_upload/ChemBAI/ToxCast_model/experiments/training/DART_MTL/results/seed_0/BSK_hDFCGF_VCAM1_gbt_Layered/model.joblib
[2025-10-04 02:01:14] END seed_0:BSK_hDFCGF_VCAM1_gbt_Layered status=0
[2025-10-04 02:01:14] START seed_1:BSK_hDFCGF_VCAM1_gbt_Layered
2025-10-04 02:01:17,055 - Using PyTorch device: cuda:0
2025-10-04 02:01:17,056 - Selected compute device: cuda:0
2025-10-04 04:20:34,973 - Best Model Parameters: {'learning_rate': 0.05, 'max_depth': 7, 'min_samples_leaf': 1, 'min_samples_split': 4, 'n_estimators': 100}
2025-10-04 04:20:34,974 - Validation F1 Score: 0.46125021673483585
2025-10-04 04:20:34,974 - Validation Precision: 0.4647695398805922
2025-10-04 04:20:34,974 - Validation Recall: 0.45924978687127027
2025-10-04 04:20:34,974 - Validation Accuracy: 0.7295664206642065
2025-10-04 04:20:34,974 - Validation AUC: 0.7066634749851964
2025-10-04 04:20:48,979 - Holdout Validation F1 Score: 0.25
2025-10-04 04:20:48,979 - Holdout Validation Precision: 0.3157894736842105
2025-10-04 04:20:48,979 - Holdout Validation Recall: 0.20689655172413793
2025-10-04 04:20:48,979 - Holdout Validation Accuracy: 0.6635514018691588
2025-10-04 04:20:48,979 - Holdout Validation AUC: 0.5605658709106985
2025-10-04 04:20:49,004 - Test F1 Score: 0.3142857142857143
2025-10-04 04:20:49,005 - Test Precision: 0.34375
2025-10-04 04:20:49,005 - Test Recall: 0.2894736842105263
2025-10-04 04:20:49,005 - Test Accuracy: 0.6903225806451613
2025-10-04 04:20:49,005 - Test AUC: 0.6107737291947818
2025-10-04 04:20:49,016 - Best model saved as /gpfs/home1/won0316/_RESEARCH/0817_Genotoxicity/1_Git_upload/ChemBAI/ToxCast_model/experiments/training/DART_MTL/results/seed_1/BSK_hDFCGF_VCAM1_gbt_Layered/model.joblib
[2025-10-04 04:20:49] END seed_1:BSK_hDFCGF_VCAM1_gbt_Layered status=0
[2025-10-04 04:20:49] START seed_2:BSK_hDFCGF_VCAM1_gbt_Layered
2025-10-04 04:20:51,876 - Using PyTorch device: cuda:0
2025-10-04 04:20:51,877 - Selected compute device: cuda:0
2025-10-04 06:35:38,276 - Best Model Parameters: {'learning_rate': 0.2, 'max_depth': 3, 'min_samples_leaf': 1, 'min_samples_split': 4, 'n_estimators': 300}
2025-10-04 06:35:38,276 - Validation F1 Score: 0.45458654133968623
2025-10-04 06:35:38,276 - Validation Precision: 0.45518932048343813
2025-10-04 06:35:38,276 - Validation Recall: 0.4545454545454546
2025-10-04 06:35:38,276 - Validation Accuracy: 0.7286277873070326
2025-10-04 06:35:38,276 - Validation AUC: 0.671805692066085
2025-10-04 06:35:53,786 - Holdout Validation F1 Score: 0.3333333333333333
2025-10-04 06:35:53,786 - Holdout Validation Precision: 0.4230769230769231
2025-10-04 06:35:53,786 - Holdout Validation Recall: 0.275
2025-10-04 06:35:53,786 - Holdout Validation Accuracy: 0.6986301369863014
2025-10-04 06:35:53,786 - Holdout Validation AUC: 0.6911556603773585
2025-10-04 06:35:53,812 - Test F1 Score: 0.4864864864864865
2025-10-04 06:35:53,812 - Test Precision: 0.5142857142857142
2025-10-04 06:35:53,812 - Test Recall: 0.46153846153846156
2025-10-04 06:35:53,812 - Test Accuracy: 0.7466666666666667
2025-10-04 06:35:53,812 - Test AUC: 0.7207207207207207
2025-10-04 06:35:53,823 - Best model saved as /gpfs/home1/won0316/_RESEARCH/0817_Genotoxicity/1_Git_upload/ChemBAI/ToxCast_model/experiments/training/DART_MTL/results/seed_2/BSK_hDFCGF_VCAM1_gbt_Layered/model.joblib
[2025-10-04 06:35:54] END seed_2:BSK_hDFCGF_VCAM1_gbt_Layered status=0
[2025-10-04 06:35:54] Job BSK_hDFCGF_VCAM1_gbt_Layered completed successfully
[2025-10-04 06:35:54] Command finished with status 0
