[2025-10-02 13:53:00] Job 483973 starting on n005.hpc
[2025-10-02 13:53:00] Label: DART_MTL_BSK_hDFCGF_VCAM1_dt_Layered
[2025-10-02 13:53:00] Job DART_MTL_BSK_hDFCGF_VCAM1_dt_Layered starting on n005.hpc
[2025-10-02 13:53:00] START seed_0:BSK_hDFCGF_VCAM1_dt_Layered
2025-10-02 13:53:04,453 - Using PyTorch device: cuda:0
2025-10-02 13:53:04,454 - Selected compute device: cuda:0
2025-10-02 13:56:01,926 - Best Model Parameters: {'criterion': 'entropy', 'max_depth': None, 'min_samples_leaf': 1, 'min_samples_split': 3}
2025-10-02 13:56:01,926 - Validation F1 Score: 0.4306631999623239
2025-10-02 13:56:01,926 - Validation Precision: 0.4083822417918528
2025-10-02 13:56:01,926 - Validation Recall: 0.4560372960372961
2025-10-02 13:56:01,926 - Validation Accuracy: 0.6954261954261953
2025-10-02 13:56:01,926 - Validation AUC: 0.6222639939516708
2025-10-02 13:56:02,474 - Holdout Validation F1 Score: 0.44036697247706424
2025-10-02 13:56:02,474 - Holdout Validation Precision: 0.32432432432432434
2025-10-02 13:56:02,474 - Holdout Validation Recall: 0.6857142857142857
2025-10-02 13:56:02,474 - Holdout Validation Accuracy: 0.5960264900662252
2025-10-02 13:56:02,474 - Holdout Validation AUC: 0.6302955665024631
2025-10-02 13:56:02,498 - Test F1 Score: 0.2391304347826087
2025-10-02 13:56:02,498 - Test Precision: 0.23404255319148937
2025-10-02 13:56:02,498 - Test Recall: 0.24444444444444444
2025-10-02 13:56:02,498 - Test Accuracy: 0.5906432748538012
2025-10-02 13:56:02,498 - Test AUC: 0.4793650793650794
2025-10-02 13:56:02,500 - Best model saved as /gpfs/home1/won0316/_RESEARCH/0817_Genotoxicity/1_Git_upload/ChemBAI/ToxCast_model/experiments/training/DART_MTL/results/seed_0/BSK_hDFCGF_VCAM1_dt_Layered/model.joblib
[2025-10-02 13:56:02] END seed_0:BSK_hDFCGF_VCAM1_dt_Layered status=0
[2025-10-02 13:56:03] START seed_1:BSK_hDFCGF_VCAM1_dt_Layered
2025-10-02 13:56:06,225 - Using PyTorch device: cuda:0
2025-10-02 13:56:06,226 - Selected compute device: cuda:0
2025-10-02 13:59:07,092 - Best Model Parameters: {'criterion': 'gini', 'max_depth': None, 'min_samples_leaf': 1, 'min_samples_split': 3}
2025-10-02 13:59:07,093 - Validation F1 Score: 0.4563504911806836
2025-10-02 13:59:07,093 - Validation Precision: 0.4263637018733467
2025-10-02 13:59:07,093 - Validation Recall: 0.49411764705882355
2025-10-02 13:59:07,093 - Validation Accuracy: 0.7022845669633166
2025-10-02 13:59:07,093 - Validation AUC: 0.6464014841318837
2025-10-02 13:59:07,653 - Holdout Validation F1 Score: 0.3939393939393939
2025-10-02 13:59:07,653 - Holdout Validation Precision: 0.35135135135135137
2025-10-02 13:59:07,653 - Holdout Validation Recall: 0.4482758620689655
2025-10-02 13:59:07,653 - Holdout Validation Accuracy: 0.6261682242990654
2025-10-02 13:59:07,653 - Holdout Validation AUC: 0.5667550839964633
2025-10-02 13:59:07,677 - Test F1 Score: 0.33707865168539325
2025-10-02 13:59:07,677 - Test Precision: 0.29411764705882354
2025-10-02 13:59:07,677 - Test Recall: 0.39473684210526316
2025-10-02 13:59:07,677 - Test Accuracy: 0.6193548387096774
2025-10-02 13:59:07,677 - Test AUC: 0.5331758884390464
2025-10-02 13:59:07,680 - Best model saved as /gpfs/home1/won0316/_RESEARCH/0817_Genotoxicity/1_Git_upload/ChemBAI/ToxCast_model/experiments/training/DART_MTL/results/seed_1/BSK_hDFCGF_VCAM1_dt_Layered/model.joblib
[2025-10-02 13:59:08] END seed_1:BSK_hDFCGF_VCAM1_dt_Layered status=0
[2025-10-02 13:59:08] START seed_2:BSK_hDFCGF_VCAM1_dt_Layered
2025-10-02 13:59:11,077 - Using PyTorch device: cuda:0
2025-10-02 13:59:11,078 - Selected compute device: cuda:0
2025-10-02 14:02:07,980 - Best Model Parameters: {'criterion': 'gini', 'max_depth': None, 'min_samples_leaf': 1, 'min_samples_split': 3}
2025-10-02 14:02:07,980 - Validation F1 Score: 0.4284762806829052
2025-10-02 14:02:07,980 - Validation Precision: 0.3973792732516356
2025-10-02 14:02:07,980 - Validation Recall: 0.4666666666666667
2025-10-02 14:02:07,980 - Validation Accuracy: 0.6900829045168668
2025-10-02 14:02:07,980 - Validation AUC: 0.6229190411808045
2025-10-02 14:02:08,527 - Holdout Validation F1 Score: 0.2926829268292683
2025-10-02 14:02:08,528 - Holdout Validation Precision: 0.2857142857142857
2025-10-02 14:02:08,528 - Holdout Validation Recall: 0.3
2025-10-02 14:02:08,528 - Holdout Validation Accuracy: 0.6027397260273972
2025-10-02 14:02:08,528 - Holdout Validation AUC: 0.5264150943396227
2025-10-02 14:02:08,551 - Test F1 Score: 0.3448275862068966
2025-10-02 14:02:08,551 - Test Precision: 0.3125
2025-10-02 14:02:08,551 - Test Recall: 0.38461538461538464
2025-10-02 14:02:08,551 - Test Accuracy: 0.62
2025-10-02 14:02:08,551 - Test AUC: 0.5304920304920304
2025-10-02 14:02:08,554 - Best model saved as /gpfs/home1/won0316/_RESEARCH/0817_Genotoxicity/1_Git_upload/ChemBAI/ToxCast_model/experiments/training/DART_MTL/results/seed_2/BSK_hDFCGF_VCAM1_dt_Layered/model.joblib
[2025-10-02 14:02:09] END seed_2:BSK_hDFCGF_VCAM1_dt_Layered status=0
[2025-10-02 14:02:09] Job DART_MTL_BSK_hDFCGF_VCAM1_dt_Layered completed successfully
[2025-10-02 14:02:09] Command finished with status 0
