[2025-10-04 11:57:45] Job 486510 starting on n005.hpc
[2025-10-04 11:57:45] Label: CEETOX_H295R_ESTRADIOL_logistic_RDKit
[2025-10-04 11:57:45] Job CEETOX_H295R_ESTRADIOL_logistic_RDKit starting on n005.hpc
[2025-10-04 11:57:45] START seed_0:CEETOX_H295R_ESTRADIOL_logistic_RDKit
2025-10-04 11:57:48,417 - Using PyTorch device: cuda:0
2025-10-04 11:57:48,418 - Selected compute device: cuda:0
2025-10-04 12:21:25,836 - Best Model Parameters: {'C': 0.1, 'penalty': 'l1', 'solver': 'liblinear'}
2025-10-04 12:21:25,836 - Validation F1 Score: 0.26216450216450216
2025-10-04 12:21:25,836 - Validation Precision: 0.21797570850202427
2025-10-04 12:21:25,836 - Validation Recall: 0.3555555555555555
2025-10-04 12:21:25,836 - Validation Accuracy: 0.7666064438422162
2025-10-04 12:21:25,836 - Validation AUC: 0.6148570945374597
2025-10-04 12:21:26,121 - Holdout Validation F1 Score: 0.13333333333333333
2025-10-04 12:21:26,121 - Holdout Validation Precision: 0.14285714285714285
2025-10-04 12:21:26,121 - Holdout Validation Recall: 0.125
2025-10-04 12:21:26,121 - Holdout Validation Accuracy: 0.8088235294117647
2025-10-04 12:21:26,121 - Holdout Validation AUC: 0.5114583333333333
2025-10-04 12:21:26,144 - Test F1 Score: 0.5128205128205128
2025-10-04 12:21:26,144 - Test Precision: 0.5
2025-10-04 12:21:26,144 - Test Recall: 0.5263157894736842
2025-10-04 12:21:26,144 - Test Accuracy: 0.7654320987654321
2025-10-04 12:21:26,144 - Test AUC: 0.7347198641765703
2025-10-04 12:21:26,147 - Best model saved as /gpfs/home1/won0316/_RESEARCH/0817_Genotoxicity/1_Git_upload/ChemBAI/ToxCast_model/experiments/training/DART_MTL/results/seed_0/CEETOX_H295R_ESTRADIOL_logistic_RDKit/model.joblib
[2025-10-04 12:21:26] END seed_0:CEETOX_H295R_ESTRADIOL_logistic_RDKit status=0
[2025-10-04 12:21:26] START seed_1:CEETOX_H295R_ESTRADIOL_logistic_RDKit
2025-10-04 12:21:29,458 - Using PyTorch device: cuda:0
2025-10-04 12:21:29,458 - Selected compute device: cuda:0
2025-10-04 12:47:03,942 - Best Model Parameters: {'C': 20, 'penalty': 'l2', 'solver': 'liblinear'}
2025-10-04 12:47:03,943 - Validation F1 Score: 0.16860333698696872
2025-10-04 12:47:03,943 - Validation Precision: 0.17775557775557776
2025-10-04 12:47:03,943 - Validation Recall: 0.17090909090909095
2025-10-04 12:47:03,943 - Validation Accuracy: 0.7928243105209397
2025-10-04 12:47:03,943 - Validation AUC: 0.5031813755864389
2025-10-04 12:47:04,336 - Holdout Validation F1 Score: 0.4444444444444444
2025-10-04 12:47:04,336 - Holdout Validation Precision: 0.36363636363636365
2025-10-04 12:47:04,336 - Holdout Validation Recall: 0.5714285714285714
2025-10-04 12:47:04,336 - Holdout Validation Accuracy: 0.782608695652174
2025-10-04 12:47:04,336 - Holdout Validation AUC: 0.717948717948718
2025-10-04 12:47:04,358 - Test F1 Score: 0.1111111111111111
2025-10-04 12:47:04,358 - Test Precision: 0.16666666666666666
2025-10-04 12:47:04,358 - Test Recall: 0.08333333333333333
2025-10-04 12:47:04,358 - Test Accuracy: 0.7575757575757576
2025-10-04 12:47:04,359 - Test AUC: 0.5262345679012346
2025-10-04 12:47:04,360 - Best model saved as /gpfs/home1/won0316/_RESEARCH/0817_Genotoxicity/1_Git_upload/ChemBAI/ToxCast_model/experiments/training/DART_MTL/results/seed_1/CEETOX_H295R_ESTRADIOL_logistic_RDKit/model.joblib
[2025-10-04 12:47:05] END seed_1:CEETOX_H295R_ESTRADIOL_logistic_RDKit status=0
[2025-10-04 12:47:06] START seed_2:CEETOX_H295R_ESTRADIOL_logistic_RDKit
2025-10-04 12:47:09,361 - Using PyTorch device: cuda:0
2025-10-04 12:47:09,362 - Selected compute device: cuda:0
2025-10-04 13:11:00,396 - Best Model Parameters: {'C': 0.1, 'penalty': 'l1', 'solver': 'liblinear'}
2025-10-04 13:11:00,396 - Validation F1 Score: 0.3023569023569023
2025-10-04 13:11:00,396 - Validation Precision: 0.2424050054804531
2025-10-04 13:11:00,396 - Validation Recall: 0.41090909090909084
2025-10-04 13:11:00,396 - Validation Accuracy: 0.7726610644257702
2025-10-04 13:11:00,396 - Validation AUC: 0.6233292383292384
2025-10-04 13:11:00,682 - Holdout Validation F1 Score: 0.32
2025-10-04 13:11:00,682 - Holdout Validation Precision: 0.36363636363636365
2025-10-04 13:11:00,682 - Holdout Validation Recall: 0.2857142857142857
2025-10-04 13:11:00,683 - Holdout Validation Accuracy: 0.7384615384615385
2025-10-04 13:11:00,683 - Holdout Validation AUC: 0.6750700280112045
2025-10-04 13:11:00,705 - Test F1 Score: 0.16666666666666666
2025-10-04 13:11:00,705 - Test Precision: 0.16666666666666666
2025-10-04 13:11:00,705 - Test Recall: 0.16666666666666666
2025-10-04 13:11:00,705 - Test Accuracy: 0.855072463768116
2025-10-04 13:11:00,705 - Test AUC: 0.6534391534391535
2025-10-04 13:11:00,707 - Best model saved as /gpfs/home1/won0316/_RESEARCH/0817_Genotoxicity/1_Git_upload/ChemBAI/ToxCast_model/experiments/training/DART_MTL/results/seed_2/CEETOX_H295R_ESTRADIOL_logistic_RDKit/model.joblib
[2025-10-04 13:11:01] END seed_2:CEETOX_H295R_ESTRADIOL_logistic_RDKit status=0
[2025-10-04 13:11:01] Job CEETOX_H295R_ESTRADIOL_logistic_RDKit completed successfully
[2025-10-04 13:11:01] Command finished with status 0
