[2025-10-04 03:58:35] Job 485821 starting on n005.hpc
[2025-10-04 03:58:35] Label: BSK_KF3CT_TIMP2_gbt_Layered
[2025-10-04 03:58:35] Job BSK_KF3CT_TIMP2_gbt_Layered starting on n005.hpc
[2025-10-04 03:58:35] START seed_0:BSK_KF3CT_TIMP2_gbt_Layered
2025-10-04 03:58:39,074 - Using PyTorch device: cuda:0
2025-10-04 03:58:39,075 - Selected compute device: cuda:0
2025-10-04 06:24:56,573 - Best Model Parameters: {'learning_rate': 0.1, 'max_depth': 3, 'min_samples_leaf': 1, 'min_samples_split': 4, 'n_estimators': 300}
2025-10-04 06:24:56,573 - Validation F1 Score: 0.42579614771991225
2025-10-04 06:24:56,573 - Validation Precision: 0.439114347282543
2025-10-04 06:24:56,573 - Validation Recall: 0.42278911564625854
2025-10-04 06:24:56,573 - Validation Accuracy: 0.7871933471933472
2025-10-04 06:24:56,573 - Validation AUC: 0.695393425075476
2025-10-04 06:25:13,272 - Holdout Validation F1 Score: 0.4411764705882353
2025-10-04 06:25:13,272 - Holdout Validation Precision: 0.40540540540540543
2025-10-04 06:25:13,272 - Holdout Validation Recall: 0.4838709677419355
2025-10-04 06:25:13,272 - Holdout Validation Accuracy: 0.7483443708609272
2025-10-04 06:25:13,273 - Holdout Validation AUC: 0.7487903225806452
2025-10-04 06:25:13,299 - Test F1 Score: 0.22641509433962265
2025-10-04 06:25:13,299 - Test Precision: 0.3157894736842105
2025-10-04 06:25:13,299 - Test Recall: 0.17647058823529413
2025-10-04 06:25:13,299 - Test Accuracy: 0.7602339181286549
2025-10-04 06:25:13,299 - Test AUC: 0.6138900815800773
2025-10-04 06:25:13,309 - Best model saved as /gpfs/home1/won0316/_RESEARCH/0817_Genotoxicity/1_Git_upload/ChemBAI/ToxCast_model/experiments/training/DART_MTL/results/seed_0/BSK_KF3CT_TIMP2_gbt_Layered/model.joblib
[2025-10-04 06:25:13] END seed_0:BSK_KF3CT_TIMP2_gbt_Layered status=0
[2025-10-04 06:25:13] START seed_1:BSK_KF3CT_TIMP2_gbt_Layered
2025-10-04 06:25:16,608 - Using PyTorch device: cuda:0
2025-10-04 06:25:16,609 - Selected compute device: cuda:0
2025-10-04 08:52:20,567 - Best Model Parameters: {'learning_rate': 0.1, 'max_depth': 5, 'min_samples_leaf': 1, 'min_samples_split': 2, 'n_estimators': 100}
2025-10-04 08:52:20,567 - Validation F1 Score: 0.41716575869809736
2025-10-04 08:52:20,567 - Validation Precision: 0.42211237345562225
2025-10-04 08:52:20,567 - Validation Recall: 0.4137142857142857
2025-10-04 08:52:20,568 - Validation Accuracy: 0.7870251790753202
2025-10-04 08:52:20,568 - Validation AUC: 0.6939515872877218
2025-10-04 08:52:30,981 - Holdout Validation F1 Score: 0.07692307692307693
2025-10-04 08:52:30,981 - Holdout Validation Precision: 0.16666666666666666
2025-10-04 08:52:30,981 - Holdout Validation Recall: 0.05
2025-10-04 08:52:30,981 - Holdout Validation Accuracy: 0.7757009345794392
2025-10-04 08:52:30,981 - Holdout Validation AUC: 0.6548850574712644
2025-10-04 08:52:31,006 - Test F1 Score: 0.41379310344827586
2025-10-04 08:52:31,006 - Test Precision: 0.5714285714285714
2025-10-04 08:52:31,006 - Test Recall: 0.32432432432432434
2025-10-04 08:52:31,006 - Test Accuracy: 0.7806451612903226
2025-10-04 08:52:31,006 - Test AUC: 0.7278973889143381
2025-10-04 08:52:31,014 - Best model saved as /gpfs/home1/won0316/_RESEARCH/0817_Genotoxicity/1_Git_upload/ChemBAI/ToxCast_model/experiments/training/DART_MTL/results/seed_1/BSK_KF3CT_TIMP2_gbt_Layered/model.joblib
[2025-10-04 08:52:31] END seed_1:BSK_KF3CT_TIMP2_gbt_Layered status=0
[2025-10-04 08:52:31] START seed_2:BSK_KF3CT_TIMP2_gbt_Layered
2025-10-04 08:52:34,313 - Using PyTorch device: cuda:0
2025-10-04 08:52:34,314 - Selected compute device: cuda:0
2025-10-04 11:16:15,005 - Best Model Parameters: {'learning_rate': 0.05, 'max_depth': 7, 'min_samples_leaf': 1, 'min_samples_split': 2, 'n_estimators': 100}
2025-10-04 11:16:15,005 - Validation F1 Score: 0.38780729204312997
2025-10-04 11:16:15,005 - Validation Precision: 0.4119016444548359
2025-10-04 11:16:15,005 - Validation Recall: 0.3723404255319149
2025-10-04 11:16:15,005 - Validation Accuracy: 0.7883333333333334
2025-10-04 11:16:15,005 - Validation AUC: 0.680377946079802
2025-10-04 11:16:29,410 - Holdout Validation F1 Score: 0.39285714285714285
2025-10-04 11:16:29,411 - Holdout Validation Precision: 0.4782608695652174
2025-10-04 11:16:29,411 - Holdout Validation Recall: 0.3333333333333333
2025-10-04 11:16:29,411 - Holdout Validation Accuracy: 0.7671232876712328
2025-10-04 11:16:29,411 - Holdout Validation AUC: 0.7122552963260927
2025-10-04 11:16:29,436 - Test F1 Score: 0.3508771929824561
2025-10-04 11:16:29,436 - Test Precision: 0.43478260869565216
2025-10-04 11:16:29,436 - Test Recall: 0.29411764705882354
2025-10-04 11:16:29,436 - Test Accuracy: 0.7533333333333333
2025-10-04 11:16:29,436 - Test AUC: 0.6674695740365112
2025-10-04 11:16:29,446 - Best model saved as /gpfs/home1/won0316/_RESEARCH/0817_Genotoxicity/1_Git_upload/ChemBAI/ToxCast_model/experiments/training/DART_MTL/results/seed_2/BSK_KF3CT_TIMP2_gbt_Layered/model.joblib
[2025-10-04 11:16:29] END seed_2:BSK_KF3CT_TIMP2_gbt_Layered status=0
[2025-10-04 11:16:29] Job BSK_KF3CT_TIMP2_gbt_Layered completed successfully
[2025-10-04 11:16:29] Command finished with status 0
