[2025-10-08 06:54:59] Job 489418 starting on n006.hpc
[2025-10-08 06:54:59] Label: TOX21_ERa_LUC_VM7_Agonist_10nM_ICI182780_logistic_MACCS
[2025-10-08 06:55:00] Job TOX21_ERa_LUC_VM7_Agonist_10nM_ICI182780_logistic_MACCS starting on n006.hpc
[2025-10-08 06:55:00] START seed_0:TOX21_ERa_LUC_VM7_Agonist_10nM_ICI182780_logistic_MACCS
2025-10-08 06:55:03,908 - Using PyTorch device: cuda:0
2025-10-08 06:55:03,909 - Selected compute device: cuda:0
2025-10-08 07:17:14,651 - Best Model Parameters: {'C': 2, 'penalty': 'l1', 'solver': 'saga'}
2025-10-08 07:17:14,651 - Validation F1 Score: 0.2548821703058991
2025-10-08 07:17:14,652 - Validation Precision: 0.1693140526510938
2025-10-08 07:17:14,652 - Validation Recall: 0.5428571428571429
2025-10-08 07:17:14,652 - Validation Accuracy: 0.9613600941460124
2025-10-08 07:17:14,652 - Validation AUC: 0.8366589837705906
2025-10-08 07:17:41,905 - Holdout Validation F1 Score: 0.38461538461538464
2025-10-08 07:17:41,905 - Holdout Validation Precision: 0.2777777777777778
2025-10-08 07:17:41,905 - Holdout Validation Recall: 0.625
2025-10-08 07:17:41,905 - Holdout Validation Accuracy: 0.933240611961057
2025-10-08 07:17:41,905 - Holdout Validation AUC: 0.9255695443645084
2025-10-08 07:17:41,916 - Test F1 Score: 0.4819277108433735
2025-10-08 07:17:41,916 - Test Precision: 0.3508771929824561
2025-10-08 07:17:41,916 - Test Recall: 0.7692307692307693
2025-10-08 07:17:41,916 - Test Accuracy: 0.9366715758468336
2025-10-08 07:17:41,916 - Test AUC: 0.9181293438567558
2025-10-08 07:17:41,918 - Best model saved as /gpfs/home1/won0316/_RESEARCH/0817_Genotoxicity/1_Git_upload/ChemBAI/ToxCast_model/experiments/training/DART_MTL/results/seed_0/TOX21_ERa_LUC_VM7_Agonist_10nM_ICI182780_logistic_MACCS/model.joblib
[2025-10-08 07:17:42] END seed_0:TOX21_ERa_LUC_VM7_Agonist_10nM_ICI182780_logistic_MACCS status=0
[2025-10-08 07:17:42] START seed_1:TOX21_ERa_LUC_VM7_Agonist_10nM_ICI182780_logistic_MACCS
2025-10-08 07:17:45,363 - Using PyTorch device: cuda:0
2025-10-08 07:17:45,364 - Selected compute device: cuda:0
2025-10-08 07:40:17,496 - Best Model Parameters: {'C': 2, 'penalty': 'l2', 'solver': 'saga'}
2025-10-08 07:40:17,496 - Validation F1 Score: 0.4147610354126748
2025-10-08 07:40:17,496 - Validation Precision: 0.2917215383439101
2025-10-08 07:40:17,497 - Validation Recall: 0.7273684210526316
2025-10-08 07:40:17,497 - Validation Accuracy: 0.9654876054074986
2025-10-08 07:40:17,497 - Validation AUC: 0.9009637966157239
2025-10-08 07:40:24,443 - Holdout Validation F1 Score: 0.15789473684210525
2025-10-08 07:40:24,443 - Holdout Validation Precision: 0.0967741935483871
2025-10-08 07:40:24,443 - Holdout Validation Recall: 0.42857142857142855
2025-10-08 07:40:24,443 - Holdout Validation Accuracy: 0.9546099290780142
2025-10-08 07:40:24,443 - Holdout Validation AUC: 0.7102947196070406
2025-10-08 07:40:24,454 - Test F1 Score: 0.4
2025-10-08 07:40:24,454 - Test Precision: 0.2682926829268293
2025-10-08 07:40:24,454 - Test Recall: 0.7857142857142857
2025-10-08 07:40:24,454 - Test Accuracy: 0.9536516853932584
2025-10-08 07:40:24,454 - Test AUC: 0.9424887433483423
2025-10-08 07:40:24,455 - Best model saved as /gpfs/home1/won0316/_RESEARCH/0817_Genotoxicity/1_Git_upload/ChemBAI/ToxCast_model/experiments/training/DART_MTL/results/seed_1/TOX21_ERa_LUC_VM7_Agonist_10nM_ICI182780_logistic_MACCS/model.joblib
[2025-10-08 07:40:24] END seed_1:TOX21_ERa_LUC_VM7_Agonist_10nM_ICI182780_logistic_MACCS status=0
[2025-10-08 07:40:24] START seed_2:TOX21_ERa_LUC_VM7_Agonist_10nM_ICI182780_logistic_MACCS
2025-10-08 07:40:27,204 - Using PyTorch device: cuda:0
2025-10-08 07:40:27,205 - Selected compute device: cuda:0
2025-10-08 08:02:07,615 - Best Model Parameters: {'C': 50, 'penalty': 'l2', 'solver': 'liblinear'}
2025-10-08 08:02:07,615 - Validation F1 Score: 0.40435354668119683
2025-10-08 08:02:07,615 - Validation Precision: 0.2928425484307837
2025-10-08 08:02:07,615 - Validation Recall: 0.6673202614379085
2025-10-08 08:02:07,615 - Validation Accuracy: 0.9708923436647081
2025-10-08 08:02:07,616 - Validation AUC: 0.9101719063754385
2025-10-08 08:02:07,882 - Holdout Validation F1 Score: 0.39215686274509803
2025-10-08 08:02:07,882 - Holdout Validation Precision: 0.3448275862068966
2025-10-08 08:02:07,882 - Holdout Validation Recall: 0.45454545454545453
2025-10-08 08:02:07,882 - Holdout Validation Accuracy: 0.9552023121387283
2025-10-08 08:02:07,882 - Holdout Validation AUC: 0.8164518317503393
2025-10-08 08:02:07,893 - Test F1 Score: 0.4827586206896552
2025-10-08 08:02:07,893 - Test Precision: 0.3888888888888889
2025-10-08 08:02:07,893 - Test Recall: 0.6363636363636364
2025-10-08 08:02:07,893 - Test Accuracy: 0.9785100286532952
2025-10-08 08:02:07,893 - Test AUC: 0.9236469498478233
2025-10-08 08:02:07,895 - Best model saved as /gpfs/home1/won0316/_RESEARCH/0817_Genotoxicity/1_Git_upload/ChemBAI/ToxCast_model/experiments/training/DART_MTL/results/seed_2/TOX21_ERa_LUC_VM7_Agonist_10nM_ICI182780_logistic_MACCS/model.joblib
[2025-10-08 08:02:08] END seed_2:TOX21_ERa_LUC_VM7_Agonist_10nM_ICI182780_logistic_MACCS status=0
[2025-10-08 08:02:08] Job TOX21_ERa_LUC_VM7_Agonist_10nM_ICI182780_logistic_MACCS completed successfully
[2025-10-08 08:02:08] Command finished with status 0
