[2025-10-02 14:12:00] Job 484051 starting on n005.hpc
[2025-10-02 14:12:00] Label: DART_MTL_BSK_hDFCGF_VCAM1_rf_Pattern
[2025-10-02 14:12:00] Job DART_MTL_BSK_hDFCGF_VCAM1_rf_Pattern starting on n005.hpc
[2025-10-02 14:12:00] START seed_0:BSK_hDFCGF_VCAM1_rf_Pattern
2025-10-02 14:12:04,490 - Using PyTorch device: cuda:0
2025-10-02 14:12:04,491 - Selected compute device: cuda:0
2025-10-02 14:15:42,842 - Best Model Parameters: {'max_depth': 5, 'min_samples_leaf': 2, 'min_samples_split': 2, 'n_estimators': 600}
2025-10-02 14:15:42,842 - Validation F1 Score: 0.4876566978840409
2025-10-02 14:15:42,842 - Validation Precision: 0.39475003959833105
2025-10-02 14:15:42,842 - Validation Recall: 0.6382750582750583
2025-10-02 14:15:42,842 - Validation Accuracy: 0.6599643599643601
2025-10-02 14:15:42,842 - Validation AUC: 0.7067577825731771
2025-10-02 14:15:43,996 - Holdout Validation F1 Score: 0.46551724137931033
2025-10-02 14:15:43,996 - Holdout Validation Precision: 0.3333333333333333
2025-10-02 14:15:43,996 - Holdout Validation Recall: 0.7714285714285715
2025-10-02 14:15:43,996 - Holdout Validation Accuracy: 0.5894039735099338
2025-10-02 14:15:43,996 - Holdout Validation AUC: 0.7613300492610837
2025-10-02 14:15:44,129 - Test F1 Score: 0.4489795918367347
2025-10-02 14:15:44,129 - Test Precision: 0.3235294117647059
2025-10-02 14:15:44,129 - Test Recall: 0.7333333333333333
2025-10-02 14:15:44,130 - Test Accuracy: 0.5263157894736842
2025-10-02 14:15:44,130 - Test AUC: 0.6936507936507936
2025-10-02 14:15:44,261 - Best model saved as /gpfs/home1/won0316/_RESEARCH/0817_Genotoxicity/1_Git_upload/ChemBAI/ToxCast_model/experiments/training/DART_MTL/results/seed_0/BSK_hDFCGF_VCAM1_rf_Pattern/model.joblib
[2025-10-02 14:15:44] END seed_0:BSK_hDFCGF_VCAM1_rf_Pattern status=0
[2025-10-02 14:15:44] START seed_1:BSK_hDFCGF_VCAM1_rf_Pattern
2025-10-02 14:15:47,583 - Using PyTorch device: cuda:0
2025-10-02 14:15:47,584 - Selected compute device: cuda:0
2025-10-02 14:19:29,996 - Best Model Parameters: {'max_depth': 10, 'min_samples_leaf': 1, 'min_samples_split': 2, 'n_estimators': 600}
2025-10-02 14:19:29,997 - Validation F1 Score: 0.5022412966008943
2025-10-02 14:19:29,997 - Validation Precision: 0.46171206353825694
2025-10-02 14:19:29,997 - Validation Recall: 0.5527280477408354
2025-10-02 14:19:29,997 - Validation Accuracy: 0.7236813544606034
2025-10-02 14:19:29,997 - Validation AUC: 0.7478307064954917
2025-10-02 14:19:31,251 - Holdout Validation F1 Score: 0.3448275862068966
2025-10-02 14:19:31,251 - Holdout Validation Precision: 0.3448275862068966
2025-10-02 14:19:31,251 - Holdout Validation Recall: 0.3448275862068966
2025-10-02 14:19:31,251 - Holdout Validation Accuracy: 0.6448598130841121
2025-10-02 14:19:31,251 - Holdout Validation AUC: 0.6109637488947834
2025-10-02 14:19:31,404 - Test F1 Score: 0.43956043956043955
2025-10-02 14:19:31,404 - Test Precision: 0.37735849056603776
2025-10-02 14:19:31,404 - Test Recall: 0.5263157894736842
2025-10-02 14:19:31,404 - Test Accuracy: 0.6709677419354839
2025-10-02 14:19:31,404 - Test AUC: 0.7228969860548808
2025-10-02 14:19:31,543 - Best model saved as /gpfs/home1/won0316/_RESEARCH/0817_Genotoxicity/1_Git_upload/ChemBAI/ToxCast_model/experiments/training/DART_MTL/results/seed_1/BSK_hDFCGF_VCAM1_rf_Pattern/model.joblib
[2025-10-02 14:19:32] END seed_1:BSK_hDFCGF_VCAM1_rf_Pattern status=0
[2025-10-02 14:19:32] START seed_2:BSK_hDFCGF_VCAM1_rf_Pattern
2025-10-02 14:19:34,368 - Using PyTorch device: cuda:0
2025-10-02 14:19:34,369 - Selected compute device: cuda:0
2025-10-02 14:23:16,030 - Best Model Parameters: {'max_depth': 10, 'min_samples_leaf': 1, 'min_samples_split': 4, 'n_estimators': 600}
2025-10-02 14:23:16,030 - Validation F1 Score: 0.4758882631897047
2025-10-02 14:23:16,030 - Validation Precision: 0.44786944594510925
2025-10-02 14:23:16,030 - Validation Recall: 0.509090909090909
2025-10-02 14:23:16,030 - Validation Accuracy: 0.7195997712978845
2025-10-02 14:23:16,030 - Validation AUC: 0.7400249641227257
2025-10-02 14:23:17,262 - Holdout Validation F1 Score: 0.4819277108433735
2025-10-02 14:23:17,262 - Holdout Validation Precision: 0.46511627906976744
2025-10-02 14:23:17,262 - Holdout Validation Recall: 0.5
2025-10-02 14:23:17,262 - Holdout Validation Accuracy: 0.7054794520547946
2025-10-02 14:23:17,262 - Holdout Validation AUC: 0.7331367924528303
2025-10-02 14:23:17,416 - Test F1 Score: 0.4594594594594595
2025-10-02 14:23:17,417 - Test Precision: 0.4857142857142857
2025-10-02 14:23:17,417 - Test Recall: 0.4358974358974359
2025-10-02 14:23:17,417 - Test Accuracy: 0.7333333333333333
2025-10-02 14:23:17,417 - Test AUC: 0.7070917070917071
2025-10-02 14:23:17,557 - Best model saved as /gpfs/home1/won0316/_RESEARCH/0817_Genotoxicity/1_Git_upload/ChemBAI/ToxCast_model/experiments/training/DART_MTL/results/seed_2/BSK_hDFCGF_VCAM1_rf_Pattern/model.joblib
[2025-10-02 14:23:18] END seed_2:BSK_hDFCGF_VCAM1_rf_Pattern status=0
[2025-10-02 14:23:18] Job DART_MTL_BSK_hDFCGF_VCAM1_rf_Pattern completed successfully
[2025-10-02 14:23:18] Command finished with status 0
