[2025-10-01 23:58:58] Job 483177 starting on n004.hpc
[2025-10-01 23:58:58] Label: DART_MTL_BSK_CASM3C_uPAR_dt_Morgan
[2025-10-01 23:58:58] Job DART_MTL_BSK_CASM3C_uPAR_dt_Morgan starting on n004.hpc
[2025-10-01 23:58:58] START seed_0:BSK_CASM3C_uPAR_dt_Morgan
2025-10-01 23:59:02,323 - Using PyTorch device: cuda:0
2025-10-01 23:59:02,323 - Selected compute device: cuda:0
2025-10-02 00:00:30,776 - Best Model Parameters: {'criterion': 'entropy', 'max_depth': None, 'min_samples_leaf': 1, 'min_samples_split': 2}
2025-10-02 00:00:30,777 - Validation F1 Score: 0.3079863759151235
2025-10-02 00:00:30,777 - Validation Precision: 0.2660285207455019
2025-10-02 00:00:30,777 - Validation Recall: 0.3695590327169274
2025-10-02 00:00:30,777 - Validation Accuracy: 0.7640778140778142
2025-10-02 00:00:30,777 - Validation AUC: 0.5986723565670934
2025-10-02 00:00:31,099 - Holdout Validation F1 Score: 0.23529411764705882
2025-10-02 00:00:31,099 - Holdout Validation Precision: 0.2
2025-10-02 00:00:31,099 - Holdout Validation Recall: 0.2857142857142857
2025-10-02 00:00:31,099 - Holdout Validation Accuracy: 0.7417218543046358
2025-10-02 00:00:31,099 - Holdout Validation AUC: 0.5439560439560439
2025-10-02 00:00:31,115 - Test F1 Score: 0.18867924528301888
2025-10-02 00:00:31,115 - Test Precision: 0.22727272727272727
2025-10-02 00:00:31,115 - Test Recall: 0.16129032258064516
2025-10-02 00:00:31,115 - Test Accuracy: 0.7485380116959064
2025-10-02 00:00:31,115 - Test AUC: 0.5199308755760368
2025-10-02 00:00:31,117 - Best model saved as /gpfs/home1/won0316/_RESEARCH/0817_Genotoxicity/1_Git_upload/ChemBAI/ToxCast_model/experiments/training/DART_MTL/results/seed_0/BSK_CASM3C_uPAR_dt_Morgan/model.joblib
[2025-10-02 00:00:31] END seed_0:BSK_CASM3C_uPAR_dt_Morgan status=0
[2025-10-02 00:00:31] START seed_1:BSK_CASM3C_uPAR_dt_Morgan
2025-10-02 00:00:34,675 - Using PyTorch device: cuda:0
2025-10-02 00:00:34,676 - Selected compute device: cuda:0
2025-10-02 00:02:05,994 - Best Model Parameters: {'criterion': 'entropy', 'max_depth': 5, 'min_samples_leaf': 1, 'min_samples_split': 2}
2025-10-02 00:02:05,994 - Validation F1 Score: 0.30002689863378795
2025-10-02 00:02:05,994 - Validation Precision: 0.2049683659323041
2025-10-02 00:02:05,994 - Validation Recall: 0.5650472334682861
2025-10-02 00:02:05,994 - Validation Accuracy: 0.6263484914260907
2025-10-02 00:02:05,994 - Validation AUC: 0.6088242072947991
2025-10-02 00:02:06,262 - Holdout Validation F1 Score: 0.15384615384615385
2025-10-02 00:02:06,262 - Holdout Validation Precision: 0.11428571428571428
2025-10-02 00:02:06,262 - Holdout Validation Recall: 0.23529411764705882
2025-10-02 00:02:06,262 - Holdout Validation Accuracy: 0.5887850467289719
2025-10-02 00:02:06,262 - Holdout Validation AUC: 0.5098039215686274
2025-10-02 00:02:06,278 - Test F1 Score: 0.3013698630136986
2025-10-02 00:02:06,279 - Test Precision: 0.25
2025-10-02 00:02:06,279 - Test Recall: 0.3793103448275862
2025-10-02 00:02:06,279 - Test Accuracy: 0.6709677419354839
2025-10-02 00:02:06,279 - Test AUC: 0.5626710454296662
2025-10-02 00:02:06,280 - Best model saved as /gpfs/home1/won0316/_RESEARCH/0817_Genotoxicity/1_Git_upload/ChemBAI/ToxCast_model/experiments/training/DART_MTL/results/seed_1/BSK_CASM3C_uPAR_dt_Morgan/model.joblib
[2025-10-02 00:02:06] END seed_1:BSK_CASM3C_uPAR_dt_Morgan status=0
[2025-10-02 00:02:06] START seed_2:BSK_CASM3C_uPAR_dt_Morgan
2025-10-02 00:02:09,086 - Using PyTorch device: cuda:0
2025-10-02 00:02:09,087 - Selected compute device: cuda:0
2025-10-02 00:03:38,152 - Best Model Parameters: {'criterion': 'entropy', 'max_depth': None, 'min_samples_leaf': 1, 'min_samples_split': 3}
2025-10-02 00:03:38,152 - Validation F1 Score: 0.30914418078430395
2025-10-02 00:03:38,152 - Validation Precision: 0.2668640197210711
2025-10-02 00:03:38,152 - Validation Recall: 0.3692745376955903
2025-10-02 00:03:38,152 - Validation Accuracy: 0.7664493996569468
2025-10-02 00:03:38,152 - Validation AUC: 0.6029057343919388
2025-10-02 00:03:38,478 - Holdout Validation F1 Score: 0.2413793103448276
2025-10-02 00:03:38,478 - Holdout Validation Precision: 0.2
2025-10-02 00:03:38,478 - Holdout Validation Recall: 0.30434782608695654
2025-10-02 00:03:38,478 - Holdout Validation Accuracy: 0.6986301369863014
2025-10-02 00:03:38,478 - Holdout Validation AUC: 0.5383527748320961
2025-10-02 00:03:38,495 - Test F1 Score: 0.35714285714285715
2025-10-02 00:03:38,495 - Test Precision: 0.37037037037037035
2025-10-02 00:03:38,495 - Test Recall: 0.3448275862068966
2025-10-02 00:03:38,495 - Test Accuracy: 0.76
2025-10-02 00:03:38,495 - Test AUC: 0.6021658592191508
2025-10-02 00:03:38,497 - Best model saved as /gpfs/home1/won0316/_RESEARCH/0817_Genotoxicity/1_Git_upload/ChemBAI/ToxCast_model/experiments/training/DART_MTL/results/seed_2/BSK_CASM3C_uPAR_dt_Morgan/model.joblib
[2025-10-02 00:03:39] END seed_2:BSK_CASM3C_uPAR_dt_Morgan status=0
[2025-10-02 00:03:39] Job DART_MTL_BSK_CASM3C_uPAR_dt_Morgan completed successfully
[2025-10-02 00:03:39] Command finished with status 0
