[2025-10-04 19:52:45] Job 487171 starting on n006.hpc
[2025-10-04 19:52:45] Label: TOX21_ERa_BLA_Antagonist_ratio_logistic_Pattern
[2025-10-04 19:52:45] Job TOX21_ERa_BLA_Antagonist_ratio_logistic_Pattern starting on n006.hpc
[2025-10-04 19:52:45] START seed_0:TOX21_ERa_BLA_Antagonist_ratio_logistic_Pattern
2025-10-04 19:52:49,252 - Using PyTorch device: cuda:0
2025-10-04 19:52:49,253 - Selected compute device: cuda:0
2025-10-05 02:32:27,925 - Best Model Parameters: {'C': 2, 'penalty': 'l1', 'solver': 'liblinear'}
2025-10-05 02:32:27,926 - Validation F1 Score: 0.36763136293146026
2025-10-05 02:32:27,926 - Validation Precision: 0.3223065573458856
2025-10-05 02:32:27,926 - Validation Recall: 0.4287895050685749
2025-10-05 02:32:27,926 - Validation Accuracy: 0.8433960117925254
2025-10-05 02:32:27,926 - Validation AUC: 0.7062530135665734
2025-10-05 02:32:37,731 - Holdout Validation F1 Score: 0.4121212121212121
2025-10-05 02:32:37,731 - Holdout Validation Precision: 0.36363636363636365
2025-10-05 02:32:37,731 - Holdout Validation Recall: 0.4755244755244755
2025-10-05 02:32:37,731 - Holdout Validation Accuracy: 0.7562814070351759
2025-10-05 02:32:37,731 - Holdout Validation AUC: 0.7029150023024449
2025-10-05 02:32:37,760 - Test F1 Score: 0.32947976878612717
2025-10-05 02:32:37,760 - Test Precision: 0.2893401015228426
2025-10-05 02:32:37,760 - Test Recall: 0.3825503355704698
2025-10-05 02:32:37,760 - Test Accuracy: 0.7025641025641025
2025-10-05 02:32:37,760 - Test AUC: 0.6540965124070668
2025-10-05 02:32:37,763 - Best model saved as /gpfs/home1/won0316/_RESEARCH/0817_Genotoxicity/1_Git_upload/ChemBAI/ToxCast_model/experiments/training/DART_MTL/results/seed_0/TOX21_ERa_BLA_Antagonist_ratio_logistic_Pattern/model.joblib
[2025-10-05 02:32:38] END seed_0:TOX21_ERa_BLA_Antagonist_ratio_logistic_Pattern status=0
[2025-10-05 02:32:38] START seed_1:TOX21_ERa_BLA_Antagonist_ratio_logistic_Pattern
2025-10-05 02:32:40,393 - Using PyTorch device: cuda:0
2025-10-05 02:32:40,394 - Selected compute device: cuda:0
2025-10-05 09:10:19,999 - Best Model Parameters: {'C': 1, 'penalty': 'l2', 'solver': 'liblinear'}
2025-10-05 09:10:20,000 - Validation F1 Score: 0.4038068814631693
2025-10-05 09:10:20,000 - Validation Precision: 0.3661626981125338
2025-10-05 09:10:20,000 - Validation Recall: 0.45162107396149953
2025-10-05 09:10:20,000 - Validation Accuracy: 0.8473041560761511
2025-10-05 09:10:20,000 - Validation AUC: 0.7496393890890097
2025-10-05 09:10:23,932 - Holdout Validation F1 Score: 0.37606837606837606
2025-10-05 09:10:23,932 - Holdout Validation Precision: 0.36666666666666664
2025-10-05 09:10:23,932 - Holdout Validation Recall: 0.38596491228070173
2025-10-05 09:10:23,932 - Holdout Validation Accuracy: 0.8113695090439277
2025-10-05 09:10:23,932 - Holdout Validation AUC: 0.7096757044125466
2025-10-05 09:10:23,963 - Test F1 Score: 0.2527075812274368
2025-10-05 09:10:23,963 - Test Precision: 0.2229299363057325
2025-10-05 09:10:23,963 - Test Recall: 0.2916666666666667
2025-10-05 09:10:23,963 - Test Accuracy: 0.7311688311688311
2025-10-05 09:10:23,963 - Test AUC: 0.6110192307692308
2025-10-05 09:10:23,966 - Best model saved as /gpfs/home1/won0316/_RESEARCH/0817_Genotoxicity/1_Git_upload/ChemBAI/ToxCast_model/experiments/training/DART_MTL/results/seed_1/TOX21_ERa_BLA_Antagonist_ratio_logistic_Pattern/model.joblib
[2025-10-05 09:10:24] END seed_1:TOX21_ERa_BLA_Antagonist_ratio_logistic_Pattern status=0
[2025-10-05 09:10:24] START seed_2:TOX21_ERa_BLA_Antagonist_ratio_logistic_Pattern
2025-10-05 09:10:27,174 - Using PyTorch device: cuda:0
2025-10-05 09:10:27,175 - Selected compute device: cuda:0
2025-10-05 15:46:52,141 - Best Model Parameters: {'C': 0.1, 'penalty': 'l1', 'solver': 'saga'}
2025-10-05 15:46:52,141 - Validation F1 Score: 0.4170166878864226
2025-10-05 15:46:52,141 - Validation Precision: 0.33956696863820895
2025-10-05 15:46:52,141 - Validation Recall: 0.5414593234554095
2025-10-05 15:46:52,141 - Validation Accuracy: 0.8193969030154851
2025-10-05 15:46:52,141 - Validation AUC: 0.7741927232409186
2025-10-05 15:52:06,377 - Holdout Validation F1 Score: 0.32608695652173914
2025-10-05 15:52:06,377 - Holdout Validation Precision: 0.24861878453038674
2025-10-05 15:52:06,377 - Holdout Validation Recall: 0.47368421052631576
2025-10-05 15:52:06,377 - Holdout Validation Accuracy: 0.7612323491655969
2025-10-05 15:52:06,377 - Holdout Validation AUC: 0.6834025854108956
2025-10-05 15:52:06,413 - Test F1 Score: 0.26811594202898553
2025-10-05 15:52:06,413 - Test Precision: 0.22289156626506024
2025-10-05 15:52:06,413 - Test Recall: 0.33636363636363636
2025-10-05 15:52:06,413 - Test Accuracy: 0.7386804657179818
2025-10-05 15:52:06,413 - Test AUC: 0.6302413273001509
2025-10-05 15:52:06,415 - Best model saved as /gpfs/home1/won0316/_RESEARCH/0817_Genotoxicity/1_Git_upload/ChemBAI/ToxCast_model/experiments/training/DART_MTL/results/seed_2/TOX21_ERa_BLA_Antagonist_ratio_logistic_Pattern/model.joblib
[2025-10-05 15:52:06] END seed_2:TOX21_ERa_BLA_Antagonist_ratio_logistic_Pattern status=0
[2025-10-05 15:52:06] Job TOX21_ERa_BLA_Antagonist_ratio_logistic_Pattern completed successfully
[2025-10-05 15:52:06] Command finished with status 0
