[2025-10-04 08:24:57] Job 486122 starting on n006.hpc
[2025-10-04 08:24:57] Label: CEETOX_H295R_OHPROG_dt_MACCS
[2025-10-04 08:24:57] Job CEETOX_H295R_OHPROG_dt_MACCS starting on n006.hpc
[2025-10-04 08:24:57] START seed_0:CEETOX_H295R_OHPROG_dt_MACCS
2025-10-04 08:25:01,137 - Using PyTorch device: cuda:0
2025-10-04 08:25:01,137 - Selected compute device: cuda:0
2025-10-04 08:25:15,346 - Best Model Parameters: {'criterion': 'entropy', 'max_depth': None, 'min_samples_leaf': 1, 'min_samples_split': 2}
2025-10-04 08:25:15,347 - Validation F1 Score: 0.5744468232377702
2025-10-04 08:25:15,347 - Validation Precision: 0.5551648351648353
2025-10-04 08:25:15,347 - Validation Recall: 0.5964705882352941
2025-10-04 08:25:15,347 - Validation Accuracy: 0.6289972899728997
2025-10-04 08:25:15,347 - Validation AUC: 0.6256090202038262
2025-10-04 08:25:15,379 - Holdout Validation F1 Score: 0.4788732394366197
2025-10-04 08:25:15,379 - Holdout Validation Precision: 0.4722222222222222
2025-10-04 08:25:15,380 - Holdout Validation Recall: 0.4857142857142857
2025-10-04 08:25:15,380 - Holdout Validation Accuracy: 0.45588235294117646
2025-10-04 08:25:15,380 - Holdout Validation AUC: 0.45324675324675323
2025-10-04 08:25:15,390 - Test F1 Score: 0.5074626865671642
2025-10-04 08:25:15,390 - Test Precision: 0.4857142857142857
2025-10-04 08:25:15,390 - Test Recall: 0.53125
2025-10-04 08:25:15,390 - Test Accuracy: 0.5925925925925926
2025-10-04 08:25:15,390 - Test AUC: 0.5819515306122449
2025-10-04 08:25:15,391 - Best model saved as /gpfs/home1/won0316/_RESEARCH/0817_Genotoxicity/1_Git_upload/ChemBAI/ToxCast_model/experiments/training/DART_MTL/results/seed_0/CEETOX_H295R_OHPROG_dt_MACCS/model.joblib
[2025-10-04 08:25:15] END seed_0:CEETOX_H295R_OHPROG_dt_MACCS status=0
[2025-10-04 08:25:15] START seed_1:CEETOX_H295R_OHPROG_dt_MACCS
2025-10-04 08:25:18,407 - Using PyTorch device: cuda:0
2025-10-04 08:25:18,407 - Selected compute device: cuda:0
2025-10-04 08:25:32,017 - Best Model Parameters: {'criterion': 'gini', 'max_depth': 4, 'min_samples_leaf': 1, 'min_samples_split': 2}
2025-10-04 08:25:32,017 - Validation F1 Score: 0.6161419922807834
2025-10-04 08:25:32,017 - Validation Precision: 0.512608123666934
2025-10-04 08:25:32,017 - Validation Recall: 0.7789473684210526
2025-10-04 08:25:32,017 - Validation Accuracy: 0.5832482124616957
2025-10-04 08:25:32,017 - Validation AUC: 0.6284272445820432
2025-10-04 08:25:32,045 - Holdout Validation F1 Score: 0.56
2025-10-04 08:25:32,045 - Holdout Validation Precision: 0.45161290322580644
2025-10-04 08:25:32,045 - Holdout Validation Recall: 0.7368421052631579
2025-10-04 08:25:32,045 - Holdout Validation Accuracy: 0.5217391304347826
2025-10-04 08:25:32,045 - Holdout Validation AUC: 0.5107212475633528
2025-10-04 08:25:32,055 - Test F1 Score: 0.5507246376811594
2025-10-04 08:25:32,055 - Test Precision: 0.475
2025-10-04 08:25:32,055 - Test Recall: 0.6551724137931034
2025-10-04 08:25:32,055 - Test Accuracy: 0.5303030303030303
2025-10-04 08:25:32,055 - Test AUC: 0.4804287045666356
2025-10-04 08:25:32,057 - Best model saved as /gpfs/home1/won0316/_RESEARCH/0817_Genotoxicity/1_Git_upload/ChemBAI/ToxCast_model/experiments/training/DART_MTL/results/seed_1/CEETOX_H295R_OHPROG_dt_MACCS/model.joblib
[2025-10-04 08:25:32] END seed_1:CEETOX_H295R_OHPROG_dt_MACCS status=0
[2025-10-04 08:25:32] START seed_2:CEETOX_H295R_OHPROG_dt_MACCS
2025-10-04 08:25:34,620 - Using PyTorch device: cuda:0
2025-10-04 08:25:34,621 - Selected compute device: cuda:0
2025-10-04 08:25:48,311 - Best Model Parameters: {'criterion': 'gini', 'max_depth': 2, 'min_samples_leaf': 2, 'min_samples_split': 2}
2025-10-04 08:25:48,311 - Validation F1 Score: 0.5841137189977192
2025-10-04 08:25:48,311 - Validation Precision: 0.45676960985111315
2025-10-04 08:25:48,311 - Validation Recall: 0.8212121212121213
2025-10-04 08:25:48,311 - Validation Accuracy: 0.5379551820728291
2025-10-04 08:25:48,311 - Validation AUC: 0.5849865436370626
2025-10-04 08:25:48,338 - Holdout Validation F1 Score: 0.7450980392156863
2025-10-04 08:25:48,339 - Holdout Validation Precision: 0.59375
2025-10-04 08:25:48,339 - Holdout Validation Recall: 1.0
2025-10-04 08:25:48,339 - Holdout Validation Accuracy: 0.6
2025-10-04 08:25:48,339 - Holdout Validation AUC: 0.5185185185185186
2025-10-04 08:25:48,348 - Test F1 Score: 0.6391752577319587
2025-10-04 08:25:48,348 - Test Precision: 0.484375
2025-10-04 08:25:48,348 - Test Recall: 0.9393939393939394
2025-10-04 08:25:48,348 - Test Accuracy: 0.4927536231884058
2025-10-04 08:25:48,348 - Test AUC: 0.5096801346801347
2025-10-04 08:25:48,350 - Best model saved as /gpfs/home1/won0316/_RESEARCH/0817_Genotoxicity/1_Git_upload/ChemBAI/ToxCast_model/experiments/training/DART_MTL/results/seed_2/CEETOX_H295R_OHPROG_dt_MACCS/model.joblib
[2025-10-04 08:25:48] END seed_2:CEETOX_H295R_OHPROG_dt_MACCS status=0
[2025-10-04 08:25:48] Job CEETOX_H295R_OHPROG_dt_MACCS completed successfully
[2025-10-04 08:25:48] Command finished with status 0
