[2025-09-29 18:26:53] Job 480926 starting on n011.hpc
[2025-09-29 18:26:53] Label: DART_MTL_ATG_Ahr_CIS_xgb_MACCS
[2025-09-29 18:26:53] Job DART_MTL_ATG_Ahr_CIS_xgb_MACCS starting on n011.hpc
[2025-09-29 18:26:53] START seed_0:ATG_Ahr_CIS_xgb_MACCS
2025-09-29 18:26:57,707 - Using PyTorch device: cuda:0
2025-09-29 18:26:57,707 - Selected compute device: cuda:0
2025-09-29 18:32:21,468 - Best Model Parameters: {'colsample_bytree': 1.0, 'learning_rate': 0.1, 'max_depth': 3, 'min_child_weight': 5, 'n_estimators': 200, 'subsample': 1.0}
2025-09-29 18:32:21,468 - Validation F1 Score: 0.4070553118341856
2025-09-29 18:32:21,468 - Validation Precision: 0.35217655488963007
2025-09-29 18:32:21,468 - Validation Recall: 0.48409090909090907
2025-09-29 18:32:21,468 - Validation Accuracy: 0.7940648918469219
2025-09-29 18:32:21,469 - Validation AUC: 0.6952267871779515
2025-09-29 18:32:21,827 - Holdout Validation F1 Score: 0.3508771929824561
2025-09-29 18:32:21,827 - Holdout Validation Precision: 0.32786885245901637
2025-09-29 18:32:21,827 - Holdout Validation Recall: 0.37735849056603776
2025-09-29 18:32:21,827 - Holdout Validation Accuracy: 0.7120622568093385
2025-09-29 18:32:21,827 - Holdout Validation AUC: 0.6253699593044765
2025-09-29 18:32:21,901 - Test F1 Score: 0.2839506172839506
2025-09-29 18:32:21,902 - Test Precision: 0.22330097087378642
2025-09-29 18:32:21,902 - Test Recall: 0.3898305084745763
2025-09-29 18:32:21,902 - Test Accuracy: 0.6282051282051282
2025-09-29 18:32:21,902 - Test AUC: 0.5722851209218196
2025-09-29 18:32:21,905 - Best model saved as /gpfs/home1/won0316/_RESEARCH/0817_Genotoxicity/1_Git_upload/ChemBAI/ToxCast_model/experiments/training/DART_MTL/results/seed_0/ATG_Ahr_CIS_xgb_MACCS/model.joblib
[2025-09-29 18:32:22] END seed_0:ATG_Ahr_CIS_xgb_MACCS status=0
[2025-09-29 18:32:22] START seed_1:ATG_Ahr_CIS_xgb_MACCS
2025-09-29 18:32:24,903 - Using PyTorch device: cuda:0
2025-09-29 18:32:24,903 - Selected compute device: cuda:0
2025-09-29 18:37:48,146 - Best Model Parameters: {'colsample_bytree': 1.0, 'learning_rate': 0.05, 'max_depth': 3, 'min_child_weight': 5, 'n_estimators': 400, 'subsample': 0.8}
2025-09-29 18:37:48,146 - Validation F1 Score: 0.3884231690573826
2025-09-29 18:37:48,147 - Validation Precision: 0.34154083177473826
2025-09-29 18:37:48,147 - Validation Recall: 0.4518025078369906
2025-09-29 18:37:48,147 - Validation Accuracy: 0.7920337473319776
2025-09-29 18:37:48,147 - Validation AUC: 0.6918920654578559
2025-09-29 18:37:48,622 - Holdout Validation F1 Score: 0.2542372881355932
2025-09-29 18:37:48,622 - Holdout Validation Precision: 0.234375
2025-09-29 18:37:48,622 - Holdout Validation Recall: 0.2777777777777778
2025-09-29 18:37:48,622 - Holdout Validation Accuracy: 0.6641221374045801
2025-09-29 18:37:48,622 - Holdout Validation AUC: 0.5183849715099715
2025-09-29 18:37:48,695 - Test F1 Score: 0.35
2025-09-29 18:37:48,695 - Test Precision: 0.2857142857142857
2025-09-29 18:37:48,695 - Test Recall: 0.45161290322580644
2025-09-29 18:37:48,695 - Test Accuracy: 0.6770186335403726
2025-09-29 18:37:48,695 - Test AUC: 0.6272332506203473
2025-09-29 18:37:48,700 - Best model saved as /gpfs/home1/won0316/_RESEARCH/0817_Genotoxicity/1_Git_upload/ChemBAI/ToxCast_model/experiments/training/DART_MTL/results/seed_1/ATG_Ahr_CIS_xgb_MACCS/model.joblib
[2025-09-29 18:37:49] END seed_1:ATG_Ahr_CIS_xgb_MACCS status=0
[2025-09-29 18:37:49] START seed_2:ATG_Ahr_CIS_xgb_MACCS
2025-09-29 18:37:51,866 - Using PyTorch device: cuda:0
2025-09-29 18:37:51,866 - Selected compute device: cuda:0
2025-09-29 18:43:15,958 - Best Model Parameters: {'colsample_bytree': 0.8, 'learning_rate': 0.1, 'max_depth': 3, 'min_child_weight': 1, 'n_estimators': 400, 'subsample': 1.0}
2025-09-29 18:43:15,958 - Validation F1 Score: 0.3498699106634707
2025-09-29 18:43:15,958 - Validation Precision: 0.3075401014696787
2025-09-29 18:43:15,958 - Validation Recall: 0.4067787114845938
2025-09-29 18:43:15,959 - Validation Accuracy: 0.7847539993619252
2025-09-29 18:43:15,959 - Validation AUC: 0.6554122332997986
2025-09-29 18:43:16,401 - Holdout Validation F1 Score: 0.4482758620689655
2025-09-29 18:43:16,401 - Holdout Validation Precision: 0.39
2025-09-29 18:43:16,401 - Holdout Validation Recall: 0.527027027027027
2025-09-29 18:43:16,401 - Holdout Validation Accuracy: 0.6789297658862876
2025-09-29 18:43:16,401 - Holdout Validation AUC: 0.6947447447447448
2025-09-29 18:43:16,472 - Test F1 Score: 0.34782608695652173
2025-09-29 18:43:16,472 - Test Precision: 0.2962962962962963
2025-09-29 18:43:16,472 - Test Recall: 0.42105263157894735
2025-09-29 18:43:16,472 - Test Accuracy: 0.7068403908794788
2025-09-29 18:43:16,472 - Test AUC: 0.6327719298245614
2025-09-29 18:43:16,476 - Best model saved as /gpfs/home1/won0316/_RESEARCH/0817_Genotoxicity/1_Git_upload/ChemBAI/ToxCast_model/experiments/training/DART_MTL/results/seed_2/ATG_Ahr_CIS_xgb_MACCS/model.joblib
[2025-09-29 18:43:17] END seed_2:ATG_Ahr_CIS_xgb_MACCS status=0
[2025-09-29 18:43:17] Job DART_MTL_ATG_Ahr_CIS_xgb_MACCS completed successfully
[2025-09-29 18:43:17] Command finished with status 0
