[2025-10-04 02:42:01] Job 485777 starting on n006.hpc
[2025-10-04 02:42:01] Label: BSK_KF3CT_TIMP2_xgb_Layered
[2025-10-04 02:42:01] Job BSK_KF3CT_TIMP2_xgb_Layered starting on n006.hpc
[2025-10-04 02:42:01] START seed_0:BSK_KF3CT_TIMP2_xgb_Layered
2025-10-04 02:42:05,058 - Using PyTorch device: cuda:0
2025-10-04 02:42:05,058 - Selected compute device: cuda:0
2025-10-04 03:17:50,383 - Best Model Parameters: {'colsample_bytree': 1.0, 'learning_rate': 0.05, 'max_depth': 6, 'min_child_weight': 3, 'n_estimators': 400, 'subsample': 1.0}
2025-10-04 03:17:50,383 - Validation F1 Score: 0.438251400685707
2025-10-04 03:17:50,384 - Validation Precision: 0.47965770276886444
2025-10-04 03:17:50,384 - Validation Recall: 0.41471088435374154
2025-10-04 03:17:50,384 - Validation Accuracy: 0.8003059103059103
2025-10-04 03:17:50,384 - Validation AUC: 0.7004519100070503
2025-10-04 03:17:54,040 - Holdout Validation F1 Score: 0.47761194029850745
2025-10-04 03:17:54,040 - Holdout Validation Precision: 0.4444444444444444
2025-10-04 03:17:54,040 - Holdout Validation Recall: 0.5161290322580645
2025-10-04 03:17:54,040 - Holdout Validation Accuracy: 0.7682119205298014
2025-10-04 03:17:54,040 - Holdout Validation AUC: 0.7837365591397849
2025-10-04 03:17:54,762 - Test F1 Score: 0.23076923076923078
2025-10-04 03:17:54,762 - Test Precision: 0.3333333333333333
2025-10-04 03:17:54,762 - Test Recall: 0.17647058823529413
2025-10-04 03:17:54,762 - Test Accuracy: 0.7660818713450293
2025-10-04 03:17:54,762 - Test AUC: 0.6475955345641906
2025-10-04 03:17:54,767 - Best model saved as /gpfs/home1/won0316/_RESEARCH/0817_Genotoxicity/1_Git_upload/ChemBAI/ToxCast_model/experiments/training/DART_MTL/results/seed_0/BSK_KF3CT_TIMP2_xgb_Layered/model.joblib
[2025-10-04 03:17:55] END seed_0:BSK_KF3CT_TIMP2_xgb_Layered status=0
[2025-10-04 03:17:55] START seed_1:BSK_KF3CT_TIMP2_xgb_Layered
2025-10-04 03:17:57,762 - Using PyTorch device: cuda:0
2025-10-04 03:17:57,762 - Selected compute device: cuda:0
2025-10-04 03:53:57,466 - Best Model Parameters: {'colsample_bytree': 1.0, 'learning_rate': 0.1, 'max_depth': 9, 'min_child_weight': 5, 'n_estimators': 200, 'subsample': 0.8}
2025-10-04 03:53:57,466 - Validation F1 Score: 0.42333467531730185
2025-10-04 03:53:57,466 - Validation Precision: 0.43406714175962974
2025-10-04 03:53:57,466 - Validation Recall: 0.4137142857142858
2025-10-04 03:53:57,466 - Validation Accuracy: 0.7921722378988496
2025-10-04 03:53:57,466 - Validation AUC: 0.6976773553496243
2025-10-04 03:54:00,318 - Holdout Validation F1 Score: 0.1875
2025-10-04 03:54:00,318 - Holdout Validation Precision: 0.25
2025-10-04 03:54:00,318 - Holdout Validation Recall: 0.15
2025-10-04 03:54:00,318 - Holdout Validation Accuracy: 0.7570093457943925
2025-10-04 03:54:00,318 - Holdout Validation AUC: 0.7043103448275863
2025-10-04 03:54:01,045 - Test F1 Score: 0.47619047619047616
2025-10-04 03:54:01,045 - Test Precision: 0.5769230769230769
2025-10-04 03:54:01,045 - Test Recall: 0.40540540540540543
2025-10-04 03:54:01,045 - Test Accuracy: 0.7870967741935484
2025-10-04 03:54:01,046 - Test AUC: 0.7635135135135135
2025-10-04 03:54:01,049 - Best model saved as /gpfs/home1/won0316/_RESEARCH/0817_Genotoxicity/1_Git_upload/ChemBAI/ToxCast_model/experiments/training/DART_MTL/results/seed_1/BSK_KF3CT_TIMP2_xgb_Layered/model.joblib
[2025-10-04 03:54:01] END seed_1:BSK_KF3CT_TIMP2_xgb_Layered status=0
[2025-10-04 03:54:01] START seed_2:BSK_KF3CT_TIMP2_xgb_Layered
2025-10-04 03:54:04,509 - Using PyTorch device: cuda:0
2025-10-04 03:54:04,509 - Selected compute device: cuda:0
2025-10-04 04:30:29,319 - Best Model Parameters: {'colsample_bytree': 0.8, 'learning_rate': 0.05, 'max_depth': 9, 'min_child_weight': 1, 'n_estimators': 200, 'subsample': 1.0}
2025-10-04 04:30:29,319 - Validation F1 Score: 0.37877034486012173
2025-10-04 04:30:29,319 - Validation Precision: 0.4070671271782035
2025-10-04 04:30:29,319 - Validation Recall: 0.3599290780141844
2025-10-04 04:30:29,319 - Validation Accuracy: 0.7898427672955974
2025-10-04 04:30:29,319 - Validation AUC: 0.6741345772370566
2025-10-04 04:30:32,233 - Holdout Validation F1 Score: 0.32142857142857145
2025-10-04 04:30:32,234 - Holdout Validation Precision: 0.391304347826087
2025-10-04 04:30:32,234 - Holdout Validation Recall: 0.2727272727272727
2025-10-04 04:30:32,234 - Holdout Validation Accuracy: 0.7397260273972602
2025-10-04 04:30:32,234 - Holdout Validation AUC: 0.7149369804237061
2025-10-04 04:30:32,969 - Test F1 Score: 0.42857142857142855
2025-10-04 04:30:32,969 - Test Precision: 0.5454545454545454
2025-10-04 04:30:32,969 - Test Recall: 0.35294117647058826
2025-10-04 04:30:32,969 - Test Accuracy: 0.7866666666666666
2025-10-04 04:30:32,969 - Test AUC: 0.7328853955375253
2025-10-04 04:30:32,974 - Best model saved as /gpfs/home1/won0316/_RESEARCH/0817_Genotoxicity/1_Git_upload/ChemBAI/ToxCast_model/experiments/training/DART_MTL/results/seed_2/BSK_KF3CT_TIMP2_xgb_Layered/model.joblib
[2025-10-04 04:30:33] END seed_2:BSK_KF3CT_TIMP2_xgb_Layered status=0
[2025-10-04 04:30:33] Job BSK_KF3CT_TIMP2_xgb_Layered completed successfully
[2025-10-04 04:30:33] Command finished with status 0
