[2025-09-30 14:00:44] Job 481403 starting on n005.hpc
[2025-09-30 14:00:44] Label: DART_MTL_ATG_DR5_RAR_CIS_dt_MACCS
[2025-09-30 14:00:44] Job DART_MTL_ATG_DR5_RAR_CIS_dt_MACCS starting on n005.hpc
[2025-09-30 14:00:44] START seed_0:ATG_DR5_RAR_CIS_dt_MACCS
2025-09-30 14:00:47,952 - Using PyTorch device: cuda:0
2025-09-30 14:00:47,953 - Selected compute device: cuda:0
2025-09-30 14:01:14,216 - Best Model Parameters: {'criterion': 'entropy', 'max_depth': None, 'min_samples_leaf': 3, 'min_samples_split': 2}
2025-09-30 14:01:14,217 - Validation F1 Score: 0.16782568275932577
2025-09-30 14:01:14,217 - Validation Precision: 0.1266155118335301
2025-09-30 14:01:14,217 - Validation Recall: 0.2505050505050505
2025-09-30 14:01:14,217 - Validation Accuracy: 0.8177249029395451
2025-09-30 14:01:14,217 - Validation AUC: 0.5743071904474782
2025-09-30 14:01:14,307 - Holdout Validation F1 Score: 0.08695652173913043
2025-09-30 14:01:14,307 - Holdout Validation Precision: 0.09090909090909091
2025-09-30 14:01:14,307 - Holdout Validation Recall: 0.08333333333333333
2025-09-30 14:01:14,307 - Holdout Validation Accuracy: 0.754863813229572
2025-09-30 14:01:14,307 - Holdout Validation AUC: 0.4955379587732529
2025-09-30 14:01:14,316 - Test F1 Score: 0.1095890410958904
2025-09-30 14:01:14,317 - Test Precision: 0.09302325581395349
2025-09-30 14:01:14,317 - Test Recall: 0.13333333333333333
2025-09-30 14:01:14,317 - Test Accuracy: 0.7916666666666666
2025-09-30 14:01:14,317 - Test AUC: 0.5171985815602836
2025-09-30 14:01:14,318 - Best model saved as /gpfs/home1/won0316/_RESEARCH/0817_Genotoxicity/1_Git_upload/ChemBAI/ToxCast_model/experiments/training/DART_MTL/results/seed_0/ATG_DR5_RAR_CIS_dt_MACCS/model.joblib
[2025-09-30 14:01:14] END seed_0:ATG_DR5_RAR_CIS_dt_MACCS status=0
[2025-09-30 14:01:14] START seed_1:ATG_DR5_RAR_CIS_dt_MACCS
2025-09-30 14:01:17,565 - Using PyTorch device: cuda:0
2025-09-30 14:01:17,566 - Selected compute device: cuda:0
2025-09-30 14:01:43,846 - Best Model Parameters: {'criterion': 'gini', 'max_depth': 2, 'min_samples_leaf': 1, 'min_samples_split': 2}
2025-09-30 14:01:43,846 - Validation F1 Score: 0.1826722010263814
2025-09-30 14:01:43,846 - Validation Precision: 0.11611997763670293
2025-09-30 14:01:43,846 - Validation Recall: 0.4488888888888889
2025-09-30 14:01:43,846 - Validation Accuracy: 0.6855162098115997
2025-09-30 14:01:43,847 - Validation AUC: 0.559541361276364
2025-09-30 14:01:43,894 - Holdout Validation F1 Score: 0.26229508196721313
2025-09-30 14:01:43,894 - Holdout Validation Precision: 0.17582417582417584
2025-09-30 14:01:43,894 - Holdout Validation Recall: 0.5161290322580645
2025-09-30 14:01:43,894 - Holdout Validation Accuracy: 0.6564885496183206
2025-09-30 14:01:43,894 - Holdout Validation AUC: 0.5721966205837175
2025-09-30 14:01:43,905 - Test F1 Score: 0.2446043165467626
2025-09-30 14:01:43,905 - Test Precision: 0.16037735849056603
2025-09-30 14:01:43,905 - Test Recall: 0.5151515151515151
2025-09-30 14:01:43,905 - Test Accuracy: 0.6739130434782609
2025-09-30 14:01:43,905 - Test AUC: 0.5819440075495439
2025-09-30 14:01:43,906 - Best model saved as /gpfs/home1/won0316/_RESEARCH/0817_Genotoxicity/1_Git_upload/ChemBAI/ToxCast_model/experiments/training/DART_MTL/results/seed_1/ATG_DR5_RAR_CIS_dt_MACCS/model.joblib
[2025-09-30 14:01:44] END seed_1:ATG_DR5_RAR_CIS_dt_MACCS status=0
[2025-09-30 14:01:44] START seed_2:ATG_DR5_RAR_CIS_dt_MACCS
2025-09-30 14:01:46,873 - Using PyTorch device: cuda:0
2025-09-30 14:01:46,875 - Selected compute device: cuda:0
2025-09-30 14:02:11,830 - Best Model Parameters: {'criterion': 'entropy', 'max_depth': None, 'min_samples_leaf': 3, 'min_samples_split': 2}
2025-09-30 14:02:11,830 - Validation F1 Score: 0.19660213013632286
2025-09-30 14:02:11,830 - Validation Precision: 0.15167863542034415
2025-09-30 14:02:11,830 - Validation Recall: 0.28334875115633673
2025-09-30 14:02:11,830 - Validation Accuracy: 0.8168058657308237
2025-09-30 14:02:11,830 - Validation AUC: 0.593631443756886
2025-09-30 14:02:11,923 - Holdout Validation F1 Score: 0.17307692307692307
2025-09-30 14:02:11,923 - Holdout Validation Precision: 0.1125
2025-09-30 14:02:11,923 - Holdout Validation Recall: 0.375
2025-09-30 14:02:11,923 - Holdout Validation Accuracy: 0.7123745819397993
2025-09-30 14:02:11,923 - Holdout Validation AUC: 0.5629545454545455
2025-09-30 14:02:11,933 - Test F1 Score: 0.20618556701030927
2025-09-30 14:02:11,933 - Test Precision: 0.15384615384615385
2025-09-30 14:02:11,933 - Test Recall: 0.3125
2025-09-30 14:02:11,933 - Test Accuracy: 0.749185667752443
2025-09-30 14:02:11,933 - Test AUC: 0.5580681818181819
2025-09-30 14:02:11,935 - Best model saved as /gpfs/home1/won0316/_RESEARCH/0817_Genotoxicity/1_Git_upload/ChemBAI/ToxCast_model/experiments/training/DART_MTL/results/seed_2/ATG_DR5_RAR_CIS_dt_MACCS/model.joblib
[2025-09-30 14:02:12] END seed_2:ATG_DR5_RAR_CIS_dt_MACCS status=0
[2025-09-30 14:02:12] Job DART_MTL_ATG_DR5_RAR_CIS_dt_MACCS completed successfully
[2025-09-30 14:02:12] Command finished with status 0
