[2025-10-04 11:11:34] Job 486475 starting on n006.hpc
[2025-10-04 11:11:34] Label: CEETOX_H295R_ESTRADIOL_gbt_RDKit
[2025-10-04 11:11:34] Job CEETOX_H295R_ESTRADIOL_gbt_RDKit starting on n006.hpc
[2025-10-04 11:11:34] START seed_0:CEETOX_H295R_ESTRADIOL_gbt_RDKit
2025-10-04 11:11:38,042 - Using PyTorch device: cuda:0
2025-10-04 11:11:38,042 - Selected compute device: cuda:0
2025-10-04 12:21:06,659 - Best Model Parameters: {'learning_rate': 0.05, 'max_depth': 3, 'min_samples_leaf': 2, 'min_samples_split': 2, 'n_estimators': 100}
2025-10-04 12:21:06,659 - Validation F1 Score: 0.12992481203007517
2025-10-04 12:21:06,659 - Validation Precision: 0.13
2025-10-04 12:21:06,659 - Validation Recall: 0.13333333333333333
2025-10-04 12:21:06,660 - Validation Accuracy: 0.810840108401084
2025-10-04 12:21:06,660 - Validation AUC: 0.6127261965161509
2025-10-04 12:21:09,231 - Holdout Validation F1 Score: 0.14285714285714285
2025-10-04 12:21:09,231 - Holdout Validation Precision: 0.16666666666666666
2025-10-04 12:21:09,231 - Holdout Validation Recall: 0.125
2025-10-04 12:21:09,231 - Holdout Validation Accuracy: 0.8235294117647058
2025-10-04 12:21:09,231 - Holdout Validation AUC: 0.4989583333333333
2025-10-04 12:21:09,254 - Test F1 Score: 0.4117647058823529
2025-10-04 12:21:09,254 - Test Precision: 0.4666666666666667
2025-10-04 12:21:09,254 - Test Recall: 0.3684210526315789
2025-10-04 12:21:09,254 - Test Accuracy: 0.7530864197530864
2025-10-04 12:21:09,254 - Test AUC: 0.650679117147708
2025-10-04 12:21:09,259 - Best model saved as /gpfs/home1/won0316/_RESEARCH/0817_Genotoxicity/1_Git_upload/ChemBAI/ToxCast_model/experiments/training/DART_MTL/results/seed_0/CEETOX_H295R_ESTRADIOL_gbt_RDKit/model.joblib
[2025-10-04 12:21:09] END seed_0:CEETOX_H295R_ESTRADIOL_gbt_RDKit status=0
[2025-10-04 12:21:09] START seed_1:CEETOX_H295R_ESTRADIOL_gbt_RDKit
2025-10-04 12:21:12,418 - Using PyTorch device: cuda:0
2025-10-04 12:21:12,419 - Selected compute device: cuda:0
