[2025-10-04 15:37:30] Job 486935 starting on n005.hpc
[2025-10-04 15:37:30] Label: CEETOX_H295R_PROG_logistic_Morgan
[2025-10-04 15:37:30] Job CEETOX_H295R_PROG_logistic_Morgan starting on n005.hpc
[2025-10-04 15:37:30] START seed_0:CEETOX_H295R_PROG_logistic_Morgan
2025-10-04 15:37:33,519 - Using PyTorch device: cuda:0
2025-10-04 15:37:33,519 - Selected compute device: cuda:0
2025-10-04 15:42:57,771 - Best Model Parameters: {'C': 0.5, 'penalty': 'l1', 'solver': 'liblinear'}
2025-10-04 15:42:57,771 - Validation F1 Score: 0.558352972468098
2025-10-04 15:42:57,771 - Validation Precision: 0.5319718860430935
2025-10-04 15:42:57,771 - Validation Recall: 0.5892045454545454
2025-10-04 15:42:57,771 - Validation Accuracy: 0.6264077085215296
2025-10-04 15:42:57,771 - Validation AUC: 0.6371276540919398
2025-10-04 15:42:57,951 - Holdout Validation F1 Score: 0.34615384615384615
2025-10-04 15:42:57,951 - Holdout Validation Precision: 0.34615384615384615
2025-10-04 15:42:57,951 - Holdout Validation Recall: 0.34615384615384615
2025-10-04 15:42:57,952 - Holdout Validation Accuracy: 0.5
2025-10-04 15:42:57,952 - Holdout Validation AUC: 0.44963369963369965
2025-10-04 15:42:57,967 - Test F1 Score: 0.5714285714285714
2025-10-04 15:42:57,967 - Test Precision: 0.47619047619047616
2025-10-04 15:42:57,967 - Test Recall: 0.7142857142857143
2025-10-04 15:42:57,967 - Test Accuracy: 0.6296296296296297
2025-10-04 15:42:57,967 - Test AUC: 0.6839622641509434
2025-10-04 15:42:57,969 - Best model saved as /gpfs/home1/won0316/_RESEARCH/0817_Genotoxicity/1_Git_upload/ChemBAI/ToxCast_model/experiments/training/DART_MTL/results/seed_0/CEETOX_H295R_PROG_logistic_Morgan/model.joblib
[2025-10-04 15:42:58] END seed_0:CEETOX_H295R_PROG_logistic_Morgan status=0
[2025-10-04 15:42:58] START seed_1:CEETOX_H295R_PROG_logistic_Morgan
2025-10-04 15:43:00,666 - Using PyTorch device: cuda:0
2025-10-04 15:43:00,666 - Selected compute device: cuda:0
2025-10-04 15:48:49,866 - Best Model Parameters: {'C': 1, 'penalty': 'l1', 'solver': 'liblinear'}
2025-10-04 15:48:49,866 - Validation F1 Score: 0.5244490075911307
2025-10-04 15:48:49,866 - Validation Precision: 0.4943695411412318
2025-10-04 15:48:49,866 - Validation Recall: 0.5623809523809523
2025-10-04 15:48:49,866 - Validation Accuracy: 0.5968079673135853
2025-10-04 15:48:49,866 - Validation AUC: 0.5907048018368773
2025-10-04 15:48:50,041 - Holdout Validation F1 Score: 0.5
2025-10-04 15:48:50,041 - Holdout Validation Precision: 0.4166666666666667
2025-10-04 15:48:50,041 - Holdout Validation Recall: 0.625
2025-10-04 15:48:50,041 - Holdout Validation Accuracy: 0.5652173913043478
2025-10-04 15:48:50,041 - Holdout Validation AUC: 0.6416666666666667
2025-10-04 15:48:50,057 - Test F1 Score: 0.5185185185185185
2025-10-04 15:48:50,057 - Test Precision: 0.4827586206896552
2025-10-04 15:48:50,057 - Test Recall: 0.56
2025-10-04 15:48:50,057 - Test Accuracy: 0.6060606060606061
2025-10-04 15:48:50,057 - Test AUC: 0.6078048780487806
2025-10-04 15:48:50,058 - Best model saved as /gpfs/home1/won0316/_RESEARCH/0817_Genotoxicity/1_Git_upload/ChemBAI/ToxCast_model/experiments/training/DART_MTL/results/seed_1/CEETOX_H295R_PROG_logistic_Morgan/model.joblib
[2025-10-04 15:48:50] END seed_1:CEETOX_H295R_PROG_logistic_Morgan status=0
[2025-10-04 15:48:50] START seed_2:CEETOX_H295R_PROG_logistic_Morgan
2025-10-04 15:48:52,627 - Using PyTorch device: cuda:0
2025-10-04 15:48:52,628 - Selected compute device: cuda:0
2025-10-04 15:54:37,213 - Best Model Parameters: {'C': 0.5, 'penalty': 'l2', 'solver': 'liblinear'}
2025-10-04 15:54:37,213 - Validation F1 Score: 0.5176429462673227
2025-10-04 15:54:37,213 - Validation Precision: 0.5079021082117057
2025-10-04 15:54:37,213 - Validation Recall: 0.5318548387096774
2025-10-04 15:54:37,213 - Validation Accuracy: 0.6325490196078432
2025-10-04 15:54:37,213 - Validation AUC: 0.6339897376073578
2025-10-04 15:54:37,388 - Holdout Validation F1 Score: 0.5333333333333333
2025-10-04 15:54:37,388 - Holdout Validation Precision: 0.5405405405405406
2025-10-04 15:54:37,388 - Holdout Validation Recall: 0.5263157894736842
2025-10-04 15:54:37,388 - Holdout Validation Accuracy: 0.46153846153846156
2025-10-04 15:54:37,388 - Holdout Validation AUC: 0.5043859649122807
2025-10-04 15:54:37,404 - Test F1 Score: 0.18181818181818182
2025-10-04 15:54:37,404 - Test Precision: 0.19047619047619047
2025-10-04 15:54:37,404 - Test Recall: 0.17391304347826086
2025-10-04 15:54:37,404 - Test Accuracy: 0.4782608695652174
2025-10-04 15:54:37,404 - Test AUC: 0.44896030245746693
2025-10-04 15:54:37,406 - Best model saved as /gpfs/home1/won0316/_RESEARCH/0817_Genotoxicity/1_Git_upload/ChemBAI/ToxCast_model/experiments/training/DART_MTL/results/seed_2/CEETOX_H295R_PROG_logistic_Morgan/model.joblib
[2025-10-04 15:54:37] END seed_2:CEETOX_H295R_PROG_logistic_Morgan status=0
[2025-10-04 15:54:37] Job CEETOX_H295R_PROG_logistic_Morgan completed successfully
[2025-10-04 15:54:37] Command finished with status 0
