[2025-10-04 04:16:44] Job 485828 starting on n007.hpc
[2025-10-04 04:16:44] Label: BSK_KF3CT_TIMP2_logistic_MACCS
[2025-10-04 04:16:44] Job BSK_KF3CT_TIMP2_logistic_MACCS starting on n007.hpc
[2025-10-04 04:16:44] START seed_0:BSK_KF3CT_TIMP2_logistic_MACCS
2025-10-04 04:16:48,211 - Using PyTorch device: cuda:0
2025-10-04 04:16:48,212 - Selected compute device: cuda:0
2025-10-04 04:20:10,117 - Best Model Parameters: {'C': 0.1, 'penalty': 'l2', 'solver': 'saga'}
2025-10-04 04:20:10,117 - Validation F1 Score: 0.35939733549307656
2025-10-04 04:20:10,117 - Validation Precision: 0.2807748497130541
2025-10-04 04:20:10,117 - Validation Recall: 0.5018707482993198
2025-10-04 04:20:10,117 - Validation Accuracy: 0.666943866943867
2025-10-04 04:20:10,117 - Validation AUC: 0.6381073320412847
2025-10-04 04:20:10,305 - Holdout Validation F1 Score: 0.4634146341463415
2025-10-04 04:20:10,305 - Holdout Validation Precision: 0.37254901960784315
2025-10-04 04:20:10,305 - Holdout Validation Recall: 0.6129032258064516
2025-10-04 04:20:10,305 - Holdout Validation Accuracy: 0.7086092715231788
2025-10-04 04:20:10,305 - Holdout Validation AUC: 0.7329301075268817
2025-10-04 04:20:10,315 - Test F1 Score: 0.3364485981308411
2025-10-04 04:20:10,315 - Test Precision: 0.2465753424657534
2025-10-04 04:20:10,315 - Test Recall: 0.5294117647058824
2025-10-04 04:20:10,315 - Test Accuracy: 0.5847953216374269
2025-10-04 04:20:10,315 - Test AUC: 0.6451266638042079
2025-10-04 04:20:10,317 - Best model saved as /gpfs/home1/won0316/_RESEARCH/0817_Genotoxicity/1_Git_upload/ChemBAI/ToxCast_model/experiments/training/DART_MTL/results/seed_0/BSK_KF3CT_TIMP2_logistic_MACCS/model.joblib
[2025-10-04 04:20:10] END seed_0:BSK_KF3CT_TIMP2_logistic_MACCS status=0
[2025-10-04 04:20:10] START seed_1:BSK_KF3CT_TIMP2_logistic_MACCS
2025-10-04 04:20:13,740 - Using PyTorch device: cuda:0
2025-10-04 04:20:13,741 - Selected compute device: cuda:0
2025-10-04 04:23:45,962 - Best Model Parameters: {'C': 0.1, 'penalty': 'l1', 'solver': 'liblinear'}
2025-10-04 04:23:45,963 - Validation F1 Score: 0.390316532418325
2025-10-04 04:23:45,963 - Validation Precision: 0.3019918934792352
2025-10-04 04:23:45,963 - Validation Recall: 0.554122448979592
2025-10-04 04:23:45,963 - Validation Accuracy: 0.6808904927284567
2025-10-04 04:23:45,963 - Validation AUC: 0.6579701909869977
2025-10-04 04:23:46,007 - Holdout Validation F1 Score: 0.4
2025-10-04 04:23:46,007 - Holdout Validation Precision: 0.3142857142857143
2025-10-04 04:23:46,007 - Holdout Validation Recall: 0.55
2025-10-04 04:23:46,007 - Holdout Validation Accuracy: 0.6915887850467289
2025-10-04 04:23:46,007 - Holdout Validation AUC: 0.6632183908045978
2025-10-04 04:23:46,017 - Test F1 Score: 0.4489795918367347
2025-10-04 04:23:46,017 - Test Precision: 0.36065573770491804
2025-10-04 04:23:46,017 - Test Recall: 0.5945945945945946
2025-10-04 04:23:46,017 - Test Accuracy: 0.6516129032258065
2025-10-04 04:23:46,017 - Test AUC: 0.6752175904718278
2025-10-04 04:23:46,018 - Best model saved as /gpfs/home1/won0316/_RESEARCH/0817_Genotoxicity/1_Git_upload/ChemBAI/ToxCast_model/experiments/training/DART_MTL/results/seed_1/BSK_KF3CT_TIMP2_logistic_MACCS/model.joblib
[2025-10-04 04:23:46] END seed_1:BSK_KF3CT_TIMP2_logistic_MACCS status=0
[2025-10-04 04:23:46] START seed_2:BSK_KF3CT_TIMP2_logistic_MACCS
2025-10-04 04:23:48,865 - Using PyTorch device: cuda:0
2025-10-04 04:23:48,866 - Selected compute device: cuda:0
2025-10-04 04:27:15,686 - Best Model Parameters: {'C': 0.1, 'penalty': 'l2', 'solver': 'liblinear'}
2025-10-04 04:27:15,686 - Validation F1 Score: 0.37176727018460315
2025-10-04 04:27:15,686 - Validation Precision: 0.3009343336579109
2025-10-04 04:27:15,686 - Validation Recall: 0.49361702127659574
2025-10-04 04:27:15,686 - Validation Accuracy: 0.7029102344196684
2025-10-04 04:27:15,686 - Validation AUC: 0.6675454028112172
2025-10-04 04:27:15,732 - Holdout Validation F1 Score: 0.38461538461538464
2025-10-04 04:27:15,732 - Holdout Validation Precision: 0.3333333333333333
2025-10-04 04:27:15,732 - Holdout Validation Recall: 0.45454545454545453
2025-10-04 04:27:15,732 - Holdout Validation Accuracy: 0.6712328767123288
2025-10-04 04:27:15,732 - Holdout Validation AUC: 0.6507106462858676
2025-10-04 04:27:15,742 - Test F1 Score: 0.3764705882352941
2025-10-04 04:27:15,742 - Test Precision: 0.3137254901960784
2025-10-04 04:27:15,742 - Test Recall: 0.47058823529411764
2025-10-04 04:27:15,742 - Test Accuracy: 0.6466666666666666
2025-10-04 04:27:15,742 - Test AUC: 0.5976166328600405
2025-10-04 04:27:15,744 - Best model saved as /gpfs/home1/won0316/_RESEARCH/0817_Genotoxicity/1_Git_upload/ChemBAI/ToxCast_model/experiments/training/DART_MTL/results/seed_2/BSK_KF3CT_TIMP2_logistic_MACCS/model.joblib
[2025-10-04 04:27:16] END seed_2:BSK_KF3CT_TIMP2_logistic_MACCS status=0
[2025-10-04 04:27:16] Job BSK_KF3CT_TIMP2_logistic_MACCS completed successfully
[2025-10-04 04:27:16] Command finished with status 0
