[2025-10-01 20:12:32] Job 482931 starting on n005.hpc
[2025-10-01 20:12:32] Label: DART_MTL_BSK_BE3C_PAI1_rf_Morgan
[2025-10-01 20:12:33] Job DART_MTL_BSK_BE3C_PAI1_rf_Morgan starting on n005.hpc
[2025-10-01 20:12:33] START seed_0:BSK_BE3C_PAI1_rf_Morgan
2025-10-01 20:12:36,929 - Using PyTorch device: cuda:0
2025-10-01 20:12:36,929 - Selected compute device: cuda:0
2025-10-01 20:15:38,927 - Best Model Parameters: {'max_depth': 15, 'min_samples_leaf': 1, 'min_samples_split': 2, 'n_estimators': 600}
2025-10-01 20:15:38,927 - Validation F1 Score: 0.27582687755236773
2025-10-01 20:15:38,927 - Validation Precision: 0.26312722103766883
2025-10-01 20:15:38,927 - Validation Recall: 0.2985603543743079
2025-10-01 20:15:38,927 - Validation Accuracy: 0.7494238194238194
2025-10-01 20:15:38,927 - Validation AUC: 0.6108158488034707
2025-10-01 20:15:39,941 - Holdout Validation F1 Score: 0.43636363636363634
2025-10-01 20:15:39,942 - Holdout Validation Precision: 0.4444444444444444
2025-10-01 20:15:39,942 - Holdout Validation Recall: 0.42857142857142855
2025-10-01 20:15:39,942 - Holdout Validation Accuracy: 0.7947019867549668
2025-10-01 20:15:39,942 - Holdout Validation AUC: 0.7177700348432056
2025-10-01 20:15:40,090 - Test F1 Score: 0.16666666666666666
2025-10-01 20:15:40,091 - Test Precision: 0.23529411764705882
2025-10-01 20:15:40,091 - Test Recall: 0.12903225806451613
2025-10-01 20:15:40,091 - Test Accuracy: 0.7660818713450293
2025-10-01 20:15:40,091 - Test AUC: 0.5918202764976959
2025-10-01 20:15:40,237 - Best model saved as /gpfs/home1/won0316/_RESEARCH/0817_Genotoxicity/1_Git_upload/ChemBAI/ToxCast_model/experiments/training/DART_MTL/results/seed_0/BSK_BE3C_PAI1_rf_Morgan/model.joblib
[2025-10-01 20:15:40] END seed_0:BSK_BE3C_PAI1_rf_Morgan status=0
[2025-10-01 20:15:40] START seed_1:BSK_BE3C_PAI1_rf_Morgan
2025-10-01 20:15:43,286 - Using PyTorch device: cuda:0
2025-10-01 20:15:43,286 - Selected compute device: cuda:0
2025-10-01 20:18:45,702 - Best Model Parameters: {'max_depth': 15, 'min_samples_leaf': 1, 'min_samples_split': 2, 'n_estimators': 400}
2025-10-01 20:18:45,702 - Validation F1 Score: 0.3043591917358282
2025-10-01 20:18:45,702 - Validation Precision: 0.28251529251458096
2025-10-01 20:18:45,702 - Validation Recall: 0.33879492600422834
2025-10-01 20:18:45,702 - Validation Accuracy: 0.7560885608856089
2025-10-01 20:18:45,702 - Validation AUC: 0.6378916092619997
2025-10-01 20:18:46,450 - Holdout Validation F1 Score: 0.14814814814814814
2025-10-01 20:18:46,450 - Holdout Validation Precision: 0.25
2025-10-01 20:18:46,450 - Holdout Validation Recall: 0.10526315789473684
2025-10-01 20:18:46,450 - Holdout Validation Accuracy: 0.7850467289719626
2025-10-01 20:18:46,450 - Holdout Validation AUC: 0.5651913875598087
2025-10-01 20:18:46,556 - Test F1 Score: 0.1724137931034483
2025-10-01 20:18:46,556 - Test Precision: 0.22727272727272727
2025-10-01 20:18:46,556 - Test Recall: 0.1388888888888889
2025-10-01 20:18:46,556 - Test Accuracy: 0.6903225806451613
2025-10-01 20:18:46,556 - Test AUC: 0.49871615312791784
2025-10-01 20:18:46,652 - Best model saved as /gpfs/home1/won0316/_RESEARCH/0817_Genotoxicity/1_Git_upload/ChemBAI/ToxCast_model/experiments/training/DART_MTL/results/seed_1/BSK_BE3C_PAI1_rf_Morgan/model.joblib
[2025-10-01 20:18:47] END seed_1:BSK_BE3C_PAI1_rf_Morgan status=0
[2025-10-01 20:18:47] START seed_2:BSK_BE3C_PAI1_rf_Morgan
2025-10-01 20:18:50,311 - Using PyTorch device: cuda:0
2025-10-01 20:18:50,312 - Selected compute device: cuda:0
2025-10-01 20:21:54,287 - Best Model Parameters: {'max_depth': 15, 'min_samples_leaf': 1, 'min_samples_split': 2, 'n_estimators': 600}
2025-10-01 20:21:54,287 - Validation F1 Score: 0.3182591543159153
2025-10-01 20:21:54,287 - Validation Precision: 0.28963801943064615
2025-10-01 20:21:54,287 - Validation Recall: 0.35551684088269453
2025-10-01 20:21:54,287 - Validation Accuracy: 0.7588707833047457
2025-10-01 20:21:54,287 - Validation AUC: 0.6468638510856601
2025-10-01 20:21:55,372 - Holdout Validation F1 Score: 0.23333333333333334
2025-10-01 20:21:55,372 - Holdout Validation Precision: 0.28
2025-10-01 20:21:55,372 - Holdout Validation Recall: 0.2
2025-10-01 20:21:55,372 - Holdout Validation Accuracy: 0.684931506849315
2025-10-01 20:21:55,372 - Holdout Validation AUC: 0.5438867438867439
2025-10-01 20:21:55,520 - Test F1 Score: 0.12244897959183673
2025-10-01 20:21:55,520 - Test Precision: 0.15789473684210525
2025-10-01 20:21:55,521 - Test Recall: 0.1
2025-10-01 20:21:55,521 - Test Accuracy: 0.7133333333333334
2025-10-01 20:21:55,521 - Test AUC: 0.5191666666666667
2025-10-01 20:21:55,664 - Best model saved as /gpfs/home1/won0316/_RESEARCH/0817_Genotoxicity/1_Git_upload/ChemBAI/ToxCast_model/experiments/training/DART_MTL/results/seed_2/BSK_BE3C_PAI1_rf_Morgan/model.joblib
[2025-10-01 20:21:56] END seed_2:BSK_BE3C_PAI1_rf_Morgan status=0
[2025-10-01 20:21:56] Job DART_MTL_BSK_BE3C_PAI1_rf_Morgan completed successfully
[2025-10-01 20:21:56] Command finished with status 0
