[2025-10-04 11:16:34] Job 486482 starting on n005.hpc
[2025-10-04 11:16:34] Label: CEETOX_H295R_ESTRADIOL_gbt_Pattern
[2025-10-04 11:16:34] Job CEETOX_H295R_ESTRADIOL_gbt_Pattern starting on n005.hpc
[2025-10-04 11:16:34] START seed_0:CEETOX_H295R_ESTRADIOL_gbt_Pattern
2025-10-04 11:16:38,244 - Using PyTorch device: cuda:0
2025-10-04 11:16:38,244 - Selected compute device: cuda:0
2025-10-04 11:55:44,807 - Best Model Parameters: {'learning_rate': 0.1, 'max_depth': 7, 'min_samples_leaf': 2, 'min_samples_split': 2, 'n_estimators': 300}
2025-10-04 11:55:44,807 - Validation F1 Score: 0.24175213675213678
2025-10-04 11:55:44,807 - Validation Precision: 0.32301587301587303
2025-10-04 11:55:44,807 - Validation Recall: 0.2
2025-10-04 11:55:44,807 - Validation Accuracy: 0.8599518217404395
2025-10-04 11:55:44,807 - Validation AUC: 0.6199095213935396
2025-10-04 11:55:55,498 - Holdout Validation F1 Score: 0.2
2025-10-04 11:55:55,498 - Holdout Validation Precision: 0.16666666666666666
2025-10-04 11:55:55,498 - Holdout Validation Recall: 0.25
2025-10-04 11:55:55,498 - Holdout Validation Accuracy: 0.7647058823529411
2025-10-04 11:55:55,498 - Holdout Validation AUC: 0.6145833333333334
2025-10-04 11:55:55,524 - Test F1 Score: 0.42424242424242425
2025-10-04 11:55:55,524 - Test Precision: 0.5
2025-10-04 11:55:55,524 - Test Recall: 0.3684210526315789
2025-10-04 11:55:55,524 - Test Accuracy: 0.7654320987654321
2025-10-04 11:55:55,524 - Test AUC: 0.7198641765704584
2025-10-04 11:55:55,539 - Best model saved as /gpfs/home1/won0316/_RESEARCH/0817_Genotoxicity/1_Git_upload/ChemBAI/ToxCast_model/experiments/training/DART_MTL/results/seed_0/CEETOX_H295R_ESTRADIOL_gbt_Pattern/model.joblib
[2025-10-04 11:55:55] END seed_0:CEETOX_H295R_ESTRADIOL_gbt_Pattern status=0
[2025-10-04 11:55:55] START seed_1:CEETOX_H295R_ESTRADIOL_gbt_Pattern
2025-10-04 11:55:58,097 - Using PyTorch device: cuda:0
2025-10-04 11:55:58,098 - Selected compute device: cuda:0
2025-10-04 12:38:32,557 - Best Model Parameters: {'learning_rate': 0.1, 'max_depth': 3, 'min_samples_leaf': 1, 'min_samples_split': 4, 'n_estimators': 300}
2025-10-04 12:38:32,557 - Validation F1 Score: 0.23698412698412694
2025-10-04 12:38:32,557 - Validation Precision: 0.2528205128205128
2025-10-04 12:38:32,557 - Validation Recall: 0.22545454545454544
2025-10-04 12:38:32,557 - Validation Accuracy: 0.826608784473953
2025-10-04 12:38:32,557 - Validation AUC: 0.6470472986928684
2025-10-04 12:38:37,653 - Holdout Validation F1 Score: 0.4444444444444444
2025-10-04 12:38:37,653 - Holdout Validation Precision: 0.36363636363636365
2025-10-04 12:38:37,653 - Holdout Validation Recall: 0.5714285714285714
2025-10-04 12:38:37,653 - Holdout Validation Accuracy: 0.782608695652174
2025-10-04 12:38:37,653 - Holdout Validation AUC: 0.8131868131868131
2025-10-04 12:38:37,676 - Test F1 Score: 0.38461538461538464
2025-10-04 12:38:37,676 - Test Precision: 0.35714285714285715
2025-10-04 12:38:37,676 - Test Recall: 0.4166666666666667
2025-10-04 12:38:37,676 - Test Accuracy: 0.7575757575757576
2025-10-04 12:38:37,676 - Test AUC: 0.6612654320987655
2025-10-04 12:38:37,686 - Best model saved as /gpfs/home1/won0316/_RESEARCH/0817_Genotoxicity/1_Git_upload/ChemBAI/ToxCast_model/experiments/training/DART_MTL/results/seed_1/CEETOX_H295R_ESTRADIOL_gbt_Pattern/model.joblib
[2025-10-04 12:38:38] END seed_1:CEETOX_H295R_ESTRADIOL_gbt_Pattern status=0
[2025-10-04 12:38:38] START seed_2:CEETOX_H295R_ESTRADIOL_gbt_Pattern
2025-10-04 12:38:40,877 - Using PyTorch device: cuda:0
2025-10-04 12:38:40,878 - Selected compute device: cuda:0
2025-10-04 13:18:25,200 - Best Model Parameters: {'learning_rate': 0.1, 'max_depth': 5, 'min_samples_leaf': 2, 'min_samples_split': 2, 'n_estimators': 100}
2025-10-04 13:18:25,200 - Validation F1 Score: 0.35365210411650044
2025-10-04 13:18:25,200 - Validation Precision: 0.40301120448179273
2025-10-04 13:18:25,200 - Validation Recall: 0.3327272727272727
2025-10-04 13:18:25,200 - Validation Accuracy: 0.8484033613445379
2025-10-04 13:18:25,200 - Validation AUC: 0.6989434889434889
2025-10-04 13:18:27,875 - Holdout Validation F1 Score: 0.25
2025-10-04 13:18:27,875 - Holdout Validation Precision: 0.3
2025-10-04 13:18:27,875 - Holdout Validation Recall: 0.21428571428571427
2025-10-04 13:18:27,875 - Holdout Validation Accuracy: 0.7230769230769231
2025-10-04 13:18:27,875 - Holdout Validation AUC: 0.6680672268907564
2025-10-04 13:18:27,898 - Test F1 Score: 0.0
2025-10-04 13:18:27,898 - Test Precision: 0.0
2025-10-04 13:18:27,898 - Test Recall: 0.0
2025-10-04 13:18:27,898 - Test Accuracy: 0.7246376811594203
2025-10-04 13:18:27,898 - Test AUC: 0.4312169312169313
2025-10-04 13:18:27,904 - Best model saved as /gpfs/home1/won0316/_RESEARCH/0817_Genotoxicity/1_Git_upload/ChemBAI/ToxCast_model/experiments/training/DART_MTL/results/seed_2/CEETOX_H295R_ESTRADIOL_gbt_Pattern/model.joblib
[2025-10-04 13:18:28] END seed_2:CEETOX_H295R_ESTRADIOL_gbt_Pattern status=0
[2025-10-04 13:18:28] Job CEETOX_H295R_ESTRADIOL_gbt_Pattern completed successfully
[2025-10-04 13:18:28] Command finished with status 0
