[2025-10-02 05:17:54] Job 483503 starting on n004.hpc
[2025-10-02 05:17:54] Label: DART_MTL_BSK_hDFCGF_PAI1_rf_Pattern
[2025-10-02 05:17:54] Job DART_MTL_BSK_hDFCGF_PAI1_rf_Pattern starting on n004.hpc
[2025-10-02 05:17:54] START seed_0:BSK_hDFCGF_PAI1_rf_Pattern
2025-10-02 05:17:58,300 - Using PyTorch device: cuda:0
2025-10-02 05:17:58,301 - Selected compute device: cuda:0
2025-10-02 05:21:37,887 - Best Model Parameters: {'max_depth': 10, 'min_samples_leaf': 1, 'min_samples_split': 4, 'n_estimators': 600}
2025-10-02 05:21:37,887 - Validation F1 Score: 0.48879916757601827
2025-10-02 05:21:37,887 - Validation Precision: 0.4486895773970475
2025-10-02 05:21:37,887 - Validation Recall: 0.5387096774193548
2025-10-02 05:21:37,887 - Validation Accuracy: 0.7309088209088209
2025-10-02 05:21:37,887 - Validation AUC: 0.7473199325827458
2025-10-02 05:21:39,112 - Holdout Validation F1 Score: 0.47368421052631576
2025-10-02 05:21:39,112 - Holdout Validation Precision: 0.35526315789473684
2025-10-02 05:21:39,112 - Holdout Validation Recall: 0.7105263157894737
2025-10-02 05:21:39,113 - Holdout Validation Accuracy: 0.6026490066225165
2025-10-02 05:21:39,113 - Holdout Validation AUC: 0.7338146250582208
2025-10-02 05:21:39,268 - Test F1 Score: 0.5546218487394958
2025-10-02 05:21:39,268 - Test Precision: 0.4714285714285714
2025-10-02 05:21:39,268 - Test Recall: 0.673469387755102
2025-10-02 05:21:39,268 - Test Accuracy: 0.6900584795321637
2025-10-02 05:21:39,268 - Test AUC: 0.7204750752760121
2025-10-02 05:21:39,406 - Best model saved as /gpfs/home1/won0316/_RESEARCH/0817_Genotoxicity/1_Git_upload/ChemBAI/ToxCast_model/experiments/training/DART_MTL/results/seed_0/BSK_hDFCGF_PAI1_rf_Pattern/model.joblib
[2025-10-02 05:21:39] END seed_0:BSK_hDFCGF_PAI1_rf_Pattern status=0
[2025-10-02 05:21:39] START seed_1:BSK_hDFCGF_PAI1_rf_Pattern
2025-10-02 05:21:42,947 - Using PyTorch device: cuda:0
2025-10-02 05:21:42,948 - Selected compute device: cuda:0
2025-10-02 05:25:22,670 - Best Model Parameters: {'max_depth': 15, 'min_samples_leaf': 1, 'min_samples_split': 2, 'n_estimators': 400}
2025-10-02 05:25:22,670 - Validation F1 Score: 0.4899132414122576
2025-10-02 05:25:22,671 - Validation Precision: 0.5029098276737596
2025-10-02 05:25:22,671 - Validation Recall: 0.4800000000000001
2025-10-02 05:25:22,671 - Validation Accuracy: 0.7597894508356848
2025-10-02 05:25:22,671 - Validation AUC: 0.7545277498169014
2025-10-02 05:25:23,684 - Holdout Validation F1 Score: 0.39215686274509803
2025-10-02 05:25:23,684 - Holdout Validation Precision: 0.47619047619047616
2025-10-02 05:25:23,684 - Holdout Validation Recall: 0.3333333333333333
2025-10-02 05:25:23,684 - Holdout Validation Accuracy: 0.7102803738317757
2025-10-02 05:25:23,684 - Holdout Validation AUC: 0.6911255411255411
2025-10-02 05:25:23,797 - Test F1 Score: 0.5217391304347826
2025-10-02 05:25:23,797 - Test Precision: 0.48
2025-10-02 05:25:23,797 - Test Recall: 0.5714285714285714
2025-10-02 05:25:23,797 - Test Accuracy: 0.7161290322580646
2025-10-02 05:25:23,797 - Test AUC: 0.7266118836915296
2025-10-02 05:25:23,900 - Best model saved as /gpfs/home1/won0316/_RESEARCH/0817_Genotoxicity/1_Git_upload/ChemBAI/ToxCast_model/experiments/training/DART_MTL/results/seed_1/BSK_hDFCGF_PAI1_rf_Pattern/model.joblib
[2025-10-02 05:25:24] END seed_1:BSK_hDFCGF_PAI1_rf_Pattern status=0
[2025-10-02 05:25:24] START seed_2:BSK_hDFCGF_PAI1_rf_Pattern
2025-10-02 05:25:27,228 - Using PyTorch device: cuda:0
2025-10-02 05:25:27,229 - Selected compute device: cuda:0
2025-10-02 05:29:07,859 - Best Model Parameters: {'max_depth': 10, 'min_samples_leaf': 1, 'min_samples_split': 4, 'n_estimators': 600}
2025-10-02 05:29:07,859 - Validation F1 Score: 0.5180924930541321
2025-10-02 05:29:07,859 - Validation Precision: 0.4693558474046279
2025-10-02 05:29:07,859 - Validation Recall: 0.5782738095238096
2025-10-02 05:29:07,859 - Validation Accuracy: 0.7414636935391653
2025-10-02 05:29:07,859 - Validation AUC: 0.7547688146568744
2025-10-02 05:29:09,095 - Holdout Validation F1 Score: 0.3925233644859813
2025-10-02 05:29:09,095 - Holdout Validation Precision: 0.3
2025-10-02 05:29:09,095 - Holdout Validation Recall: 0.5675675675675675
2025-10-02 05:29:09,096 - Holdout Validation Accuracy: 0.5547945205479452
2025-10-02 05:29:09,096 - Holdout Validation AUC: 0.6300520704190429
2025-10-02 05:29:09,250 - Test F1 Score: 0.4489795918367347
2025-10-02 05:29:09,250 - Test Precision: 0.39285714285714285
2025-10-02 05:29:09,250 - Test Recall: 0.5238095238095238
2025-10-02 05:29:09,250 - Test Accuracy: 0.64
2025-10-02 05:29:09,250 - Test AUC: 0.706900352733686
2025-10-02 05:29:09,389 - Best model saved as /gpfs/home1/won0316/_RESEARCH/0817_Genotoxicity/1_Git_upload/ChemBAI/ToxCast_model/experiments/training/DART_MTL/results/seed_2/BSK_hDFCGF_PAI1_rf_Pattern/model.joblib
[2025-10-02 05:29:09] END seed_2:BSK_hDFCGF_PAI1_rf_Pattern status=0
[2025-10-02 05:29:09] Job DART_MTL_BSK_hDFCGF_PAI1_rf_Pattern completed successfully
[2025-10-02 05:29:09] Command finished with status 0
