[2025-10-05 18:25:11] Job 487832 starting on n006.hpc
[2025-10-05 18:25:11] Label: TOX21_PGC_ERR_Antagonist_rf_Pattern
[2025-10-05 18:25:11] Job TOX21_PGC_ERR_Antagonist_rf_Pattern starting on n006.hpc
[2025-10-05 18:25:11] START seed_0:TOX21_PGC_ERR_Antagonist_rf_Pattern
2025-10-05 18:25:15,542 - Using PyTorch device: cuda:0
2025-10-05 18:25:15,543 - Selected compute device: cuda:0
2025-10-05 18:34:36,344 - Best Model Parameters: {'max_depth': 15, 'min_samples_leaf': 2, 'min_samples_split': 2, 'n_estimators': 600}
2025-10-05 18:34:36,344 - Validation F1 Score: 0.43126599679402844
2025-10-05 18:34:36,344 - Validation Precision: 0.3694605922536097
2025-10-05 18:34:36,344 - Validation Recall: 0.518006130880981
2025-10-05 18:34:36,344 - Validation Accuracy: 0.8578214383099644
2025-10-05 18:34:36,344 - Validation AUC: 0.8164179379245077
2025-10-05 18:34:40,243 - Holdout Validation F1 Score: 0.4124293785310734
2025-10-05 18:34:40,243 - Holdout Validation Precision: 0.3427230046948357
2025-10-05 18:34:40,243 - Holdout Validation Recall: 0.5177304964539007
2025-10-05 18:34:40,243 - Holdout Validation Accuracy: 0.7107093184979137
2025-10-05 18:34:40,243 - Holdout Validation AUC: 0.7474968710888611
2025-10-05 18:34:40,419 - Test F1 Score: 0.40540540540540543
2025-10-05 18:34:40,419 - Test Precision: 0.30927835051546393
2025-10-05 18:34:40,419 - Test Recall: 0.5882352941176471
2025-10-05 18:34:40,419 - Test Accuracy: 0.7407952871870398
2025-10-05 18:34:40,419 - Test AUC: 0.7490315016821286
2025-10-05 18:34:40,581 - Best model saved as /gpfs/home1/won0316/_RESEARCH/0817_Genotoxicity/1_Git_upload/ChemBAI/ToxCast_model/experiments/training/DART_MTL/results/seed_0/TOX21_PGC_ERR_Antagonist_rf_Pattern/model.joblib
[2025-10-05 18:34:41] END seed_0:TOX21_PGC_ERR_Antagonist_rf_Pattern status=0
[2025-10-05 18:34:41] START seed_1:TOX21_PGC_ERR_Antagonist_rf_Pattern
2025-10-05 18:34:44,017 - Using PyTorch device: cuda:0
2025-10-05 18:34:44,017 - Selected compute device: cuda:0
2025-10-05 18:44:01,497 - Best Model Parameters: {'max_depth': 15, 'min_samples_leaf': 1, 'min_samples_split': 2, 'n_estimators': 400}
2025-10-05 18:44:01,497 - Validation F1 Score: 0.4428239405199738
2025-10-05 18:44:01,497 - Validation Precision: 0.38196588074059223
2025-10-05 18:44:01,497 - Validation Recall: 0.5297859251968504
2025-10-05 18:44:01,497 - Validation Accuracy: 0.8553212363960029
2025-10-05 18:44:01,497 - Validation AUC: 0.8238068531185343
2025-10-05 18:44:04,612 - Holdout Validation F1 Score: 0.40329218106995884
2025-10-05 18:44:04,613 - Holdout Validation Precision: 0.3769230769230769
2025-10-05 18:44:04,613 - Holdout Validation Recall: 0.4336283185840708
2025-10-05 18:44:04,613 - Holdout Validation Accuracy: 0.7943262411347518
2025-10-05 18:44:04,613 - Holdout Validation AUC: 0.7663387945467591
2025-10-05 18:44:04,749 - Test F1 Score: 0.362962962962963
2025-10-05 18:44:04,749 - Test Precision: 0.29878048780487804
2025-10-05 18:44:04,749 - Test Recall: 0.46226415094339623
2025-10-05 18:44:04,749 - Test Accuracy: 0.7584269662921348
2025-10-05 18:44:04,749 - Test AUC: 0.7339575938725947
2025-10-05 18:44:04,863 - Best model saved as /gpfs/home1/won0316/_RESEARCH/0817_Genotoxicity/1_Git_upload/ChemBAI/ToxCast_model/experiments/training/DART_MTL/results/seed_1/TOX21_PGC_ERR_Antagonist_rf_Pattern/model.joblib
[2025-10-05 18:44:05] END seed_1:TOX21_PGC_ERR_Antagonist_rf_Pattern status=0
[2025-10-05 18:44:05] START seed_2:TOX21_PGC_ERR_Antagonist_rf_Pattern
2025-10-05 18:44:08,553 - Using PyTorch device: cuda:0
2025-10-05 18:44:08,553 - Selected compute device: cuda:0
2025-10-05 18:53:24,461 - Best Model Parameters: {'max_depth': 15, 'min_samples_leaf': 1, 'min_samples_split': 2, 'n_estimators': 600}
2025-10-05 18:53:24,461 - Validation F1 Score: 0.4696266035750439
2025-10-05 18:53:24,461 - Validation Precision: 0.4071031580630747
2025-10-05 18:53:24,461 - Validation Recall: 0.556390977443609
2025-10-05 18:53:24,461 - Validation Accuracy: 0.8580143014537853
2025-10-05 18:53:24,461 - Validation AUC: 0.8312014283246665
2025-10-05 18:53:28,589 - Holdout Validation F1 Score: 0.32950191570881227
2025-10-05 18:53:28,589 - Holdout Validation Precision: 0.2529411764705882
2025-10-05 18:53:28,589 - Holdout Validation Recall: 0.4725274725274725
2025-10-05 18:53:28,590 - Holdout Validation Accuracy: 0.7471098265895953
2025-10-05 18:53:28,590 - Holdout Validation AUC: 0.7241867949022692
2025-10-05 18:53:28,766 - Test F1 Score: 0.38524590163934425
2025-10-05 18:53:28,766 - Test Precision: 0.32867132867132864
2025-10-05 18:53:28,766 - Test Recall: 0.46534653465346537
2025-10-05 18:53:28,766 - Test Accuracy: 0.7851002865329513
2025-10-05 18:53:28,766 - Test AUC: 0.7545566114400385
2025-10-05 18:53:28,934 - Best model saved as /gpfs/home1/won0316/_RESEARCH/0817_Genotoxicity/1_Git_upload/ChemBAI/ToxCast_model/experiments/training/DART_MTL/results/seed_2/TOX21_PGC_ERR_Antagonist_rf_Pattern/model.joblib
[2025-10-05 18:53:29] END seed_2:TOX21_PGC_ERR_Antagonist_rf_Pattern status=0
[2025-10-05 18:53:29] Job TOX21_PGC_ERR_Antagonist_rf_Pattern completed successfully
[2025-10-05 18:53:29] Command finished with status 0
