[2025-09-30 05:12:07] Job 481325 starting on n037.hpc
[2025-09-30 05:12:07] Label: DART_MTL_ATG_BRE_CIS_xgb_RDKit
[2025-09-30 05:12:07] Job DART_MTL_ATG_BRE_CIS_xgb_RDKit starting on n037.hpc
[2025-09-30 05:12:07] START seed_0:ATG_BRE_CIS_xgb_RDKit
2025-09-30 05:12:11,749 - Using PyTorch device: cuda:0
2025-09-30 05:12:11,749 - Selected compute device: cuda:0
2025-09-30 05:57:14,639 - Best Model Parameters: {'colsample_bytree': 0.8, 'learning_rate': 0.1, 'max_depth': 9, 'min_child_weight': 3, 'n_estimators': 400, 'subsample': 0.8}
2025-09-30 05:57:14,640 - Validation F1 Score: 0.20733090117326572
2025-09-30 05:57:14,640 - Validation Precision: 0.2264302600472813
2025-09-30 05:57:14,640 - Validation Recall: 0.19215686274509805
2025-09-30 05:57:14,640 - Validation Accuracy: 0.8757082640044371
2025-09-30 05:57:14,640 - Validation AUC: 0.5968171006107361
2025-09-30 05:57:19,754 - Holdout Validation F1 Score: 0.08888888888888889
2025-09-30 05:57:19,754 - Holdout Validation Precision: 0.2
2025-09-30 05:57:19,754 - Holdout Validation Recall: 0.05714285714285714
2025-09-30 05:57:19,754 - Holdout Validation Accuracy: 0.8404669260700389
2025-09-30 05:57:19,754 - Holdout Validation AUC: 0.6374517374517374
2025-09-30 05:57:20,497 - Test F1 Score: 0.05063291139240506
2025-09-30 05:57:20,497 - Test Precision: 0.07407407407407407
2025-09-30 05:57:20,497 - Test Recall: 0.038461538461538464
2025-09-30 05:57:20,497 - Test Accuracy: 0.7596153846153846
2025-09-30 05:57:20,497 - Test AUC: 0.5794378698224852
2025-09-30 05:57:20,503 - Best model saved as /gpfs/home1/won0316/_RESEARCH/0817_Genotoxicity/1_Git_upload/ChemBAI/ToxCast_model/experiments/training/DART_MTL/results/seed_0/ATG_BRE_CIS_xgb_RDKit/model.joblib
[2025-09-30 05:57:22] END seed_0:ATG_BRE_CIS_xgb_RDKit status=0
[2025-09-30 05:57:22] START seed_1:ATG_BRE_CIS_xgb_RDKit
2025-09-30 05:57:26,479 - Using PyTorch device: cuda:0
2025-09-30 05:57:26,479 - Selected compute device: cuda:0
2025-09-30 06:42:40,000 - Best Model Parameters: {'colsample_bytree': 1.0, 'learning_rate': 0.05, 'max_depth': 9, 'min_child_weight': 1, 'n_estimators': 400, 'subsample': 1.0}
2025-09-30 06:42:40,000 - Validation F1 Score: 0.1870033693374646
2025-09-30 06:42:40,000 - Validation Precision: 0.20385127291009644
2025-09-30 06:42:40,000 - Validation Recall: 0.17389610389610388
2025-09-30 06:42:40,000 - Validation Accuracy: 0.8600152378391399
2025-09-30 06:42:40,000 - Validation AUC: 0.6084166387118417
2025-09-30 06:42:45,446 - Holdout Validation F1 Score: 0.19047619047619047
2025-09-30 06:42:45,446 - Holdout Validation Precision: 0.26666666666666666
2025-09-30 06:42:45,446 - Holdout Validation Recall: 0.14814814814814814
2025-09-30 06:42:45,446 - Holdout Validation Accuracy: 0.8702290076335878
2025-09-30 06:42:45,446 - Holdout Validation AUC: 0.5394011032308904
2025-09-30 06:42:46,206 - Test F1 Score: 0.0
2025-09-30 06:42:46,207 - Test Precision: 0.0
2025-09-30 06:42:46,207 - Test Recall: 0.0
2025-09-30 06:42:46,207 - Test Accuracy: 0.8478260869565217
2025-09-30 06:42:46,207 - Test AUC: 0.6672555948174324
2025-09-30 06:42:46,214 - Best model saved as /gpfs/home1/won0316/_RESEARCH/0817_Genotoxicity/1_Git_upload/ChemBAI/ToxCast_model/experiments/training/DART_MTL/results/seed_1/ATG_BRE_CIS_xgb_RDKit/model.joblib
[2025-09-30 06:42:46] END seed_1:ATG_BRE_CIS_xgb_RDKit status=0
[2025-09-30 06:42:46] START seed_2:ATG_BRE_CIS_xgb_RDKit
2025-09-30 06:42:50,389 - Using PyTorch device: cuda:0
2025-09-30 06:42:50,389 - Selected compute device: cuda:0
2025-09-30 07:28:12,265 - Best Model Parameters: {'colsample_bytree': 1.0, 'learning_rate': 0.1, 'max_depth': 9, 'min_child_weight': 1, 'n_estimators': 400, 'subsample': 1.0}
2025-09-30 07:28:12,265 - Validation F1 Score: 0.21182615726703052
2025-09-30 07:28:12,265 - Validation Precision: 0.23397217881545482
2025-09-30 07:28:12,265 - Validation Recall: 0.19364081062194266
2025-09-30 07:28:12,265 - Validation Accuracy: 0.8687645275967368
2025-09-30 07:28:12,265 - Validation AUC: 0.6228358543722425
2025-09-30 07:28:17,606 - Holdout Validation F1 Score: 0.1509433962264151
2025-09-30 07:28:17,607 - Holdout Validation Precision: 0.2
2025-09-30 07:28:17,607 - Holdout Validation Recall: 0.12121212121212122
2025-09-30 07:28:17,607 - Holdout Validation Accuracy: 0.8494983277591973
2025-09-30 07:28:17,607 - Holdout Validation AUC: 0.6140920483025747
2025-09-30 07:28:18,371 - Test F1 Score: 0.038461538461538464
2025-09-30 07:28:18,371 - Test Precision: 0.08333333333333333
2025-09-30 07:28:18,371 - Test Recall: 0.025
2025-09-30 07:28:18,371 - Test Accuracy: 0.8371335504885994
2025-09-30 07:28:18,371 - Test AUC: 0.5814606741573033
2025-09-30 07:28:18,377 - Best model saved as /gpfs/home1/won0316/_RESEARCH/0817_Genotoxicity/1_Git_upload/ChemBAI/ToxCast_model/experiments/training/DART_MTL/results/seed_2/ATG_BRE_CIS_xgb_RDKit/model.joblib
[2025-09-30 07:28:19] END seed_2:ATG_BRE_CIS_xgb_RDKit status=0
[2025-09-30 07:28:19] Job DART_MTL_ATG_BRE_CIS_xgb_RDKit completed successfully
[2025-09-30 07:28:19] Command finished with status 0
