[2025-10-04 18:32:22] Job 487157 starting on n007.hpc
[2025-10-04 18:32:22] Label: TOX21_ERa_BLA_Antagonist_ratio_logistic_Morgan
[2025-10-04 18:32:22] Job TOX21_ERa_BLA_Antagonist_ratio_logistic_Morgan starting on n007.hpc
[2025-10-04 18:32:22] START seed_0:TOX21_ERa_BLA_Antagonist_ratio_logistic_Morgan
2025-10-04 18:32:26,227 - Using PyTorch device: cuda:0
2025-10-04 18:32:26,228 - Selected compute device: cuda:0
2025-10-04 20:41:36,268 - Best Model Parameters: {'C': 0.5, 'penalty': 'l1', 'solver': 'liblinear'}
2025-10-04 20:41:36,268 - Validation F1 Score: 0.256539785524509
2025-10-04 20:41:36,269 - Validation Precision: 0.20760866614952533
2025-10-04 20:41:36,269 - Validation Recall: 0.33592128801431126
2025-10-04 20:41:36,269 - Validation Accuracy: 0.7941418769814239
2025-10-04 20:41:36,269 - Validation AUC: 0.5980514206248796
2025-10-04 20:41:36,989 - Holdout Validation F1 Score: 0.3123123123123123
2025-10-04 20:41:36,989 - Holdout Validation Precision: 0.2736842105263158
2025-10-04 20:41:36,989 - Holdout Validation Recall: 0.36363636363636365
2025-10-04 20:41:36,989 - Holdout Validation Accuracy: 0.7123115577889447
2025-10-04 20:41:36,989 - Holdout Validation AUC: 0.6050825131988992
2025-10-04 20:41:37,008 - Test F1 Score: 0.22857142857142856
2025-10-04 20:41:37,008 - Test Precision: 0.21686746987951808
2025-10-04 20:41:37,008 - Test Recall: 0.24161073825503357
2025-10-04 20:41:37,008 - Test Accuracy: 0.6884615384615385
2025-10-04 20:41:37,008 - Test AUC: 0.5036162903242962
2025-10-04 20:41:37,010 - Best model saved as /gpfs/home1/won0316/_RESEARCH/0817_Genotoxicity/1_Git_upload/ChemBAI/ToxCast_model/experiments/training/DART_MTL/results/seed_0/TOX21_ERa_BLA_Antagonist_ratio_logistic_Morgan/model.joblib
[2025-10-04 20:41:37] END seed_0:TOX21_ERa_BLA_Antagonist_ratio_logistic_Morgan status=0
[2025-10-04 20:41:37] START seed_1:TOX21_ERa_BLA_Antagonist_ratio_logistic_Morgan
2025-10-04 20:41:40,733 - Using PyTorch device: cuda:0
2025-10-04 20:41:40,734 - Selected compute device: cuda:0
2025-10-04 22:51:16,529 - Best Model Parameters: {'C': 0.5, 'penalty': 'l2', 'solver': 'liblinear'}
2025-10-04 22:51:16,529 - Validation F1 Score: 0.30360461062134675
2025-10-04 22:51:16,529 - Validation Precision: 0.2514519685329526
2025-10-04 22:51:16,529 - Validation Recall: 0.38343465045592706
2025-10-04 22:51:16,529 - Validation Accuracy: 0.7989578667543062
2025-10-04 22:51:16,529 - Validation AUC: 0.6367418297118315
2025-10-04 22:51:17,261 - Holdout Validation F1 Score: 0.2828282828282828
2025-10-04 22:51:17,261 - Holdout Validation Precision: 0.22950819672131148
2025-10-04 22:51:17,261 - Holdout Validation Recall: 0.3684210526315789
2025-10-04 22:51:17,262 - Holdout Validation Accuracy: 0.7248062015503876
2025-10-04 22:51:17,262 - Holdout Validation AUC: 0.552837586390218
2025-10-04 22:51:17,282 - Test F1 Score: 0.22393822393822393
2025-10-04 22:51:17,282 - Test Precision: 0.20863309352517986
2025-10-04 22:51:17,282 - Test Recall: 0.24166666666666667
2025-10-04 22:51:17,282 - Test Accuracy: 0.7389610389610389
2025-10-04 22:51:17,282 - Test AUC: 0.525076923076923
2025-10-04 22:51:17,284 - Best model saved as /gpfs/home1/won0316/_RESEARCH/0817_Genotoxicity/1_Git_upload/ChemBAI/ToxCast_model/experiments/training/DART_MTL/results/seed_1/TOX21_ERa_BLA_Antagonist_ratio_logistic_Morgan/model.joblib
[2025-10-04 22:51:17] END seed_1:TOX21_ERa_BLA_Antagonist_ratio_logistic_Morgan status=0
[2025-10-04 22:51:17] START seed_2:TOX21_ERa_BLA_Antagonist_ratio_logistic_Morgan
2025-10-04 22:51:20,349 - Using PyTorch device: cuda:0
2025-10-04 22:51:20,350 - Selected compute device: cuda:0
