[2025-10-04 14:54:21] Job 486864 starting on n006.hpc
[2025-10-04 14:54:21] Label: CEETOX_H295R_PROG_xgb_Layered
[2025-10-04 14:54:21] Job CEETOX_H295R_PROG_xgb_Layered starting on n006.hpc
[2025-10-04 14:54:21] START seed_0:CEETOX_H295R_PROG_xgb_Layered
2025-10-04 14:54:25,055 - Using PyTorch device: cuda:0
2025-10-04 14:54:25,055 - Selected compute device: cuda:0
2025-10-04 15:24:51,991 - Best Model Parameters: {'colsample_bytree': 1.0, 'learning_rate': 0.1, 'max_depth': 3, 'min_child_weight': 5, 'n_estimators': 200, 'subsample': 0.8}
2025-10-04 15:24:51,991 - Validation F1 Score: 0.5925687159887422
2025-10-04 15:24:51,991 - Validation Precision: 0.5992924317062248
2025-10-04 15:24:51,991 - Validation Recall: 0.5886363636363636
2025-10-04 15:24:51,991 - Validation Accuracy: 0.6780788919000301
2025-10-04 15:24:51,991 - Validation AUC: 0.6889822974644403
2025-10-04 15:24:54,089 - Holdout Validation F1 Score: 0.5
2025-10-04 15:24:54,089 - Holdout Validation Precision: 0.4666666666666667
2025-10-04 15:24:54,089 - Holdout Validation Recall: 0.5384615384615384
2025-10-04 15:24:54,089 - Holdout Validation Accuracy: 0.5882352941176471
2025-10-04 15:24:54,089 - Holdout Validation AUC: 0.5347985347985349
2025-10-04 15:24:54,816 - Test F1 Score: 0.5483870967741935
2025-10-04 15:24:54,816 - Test Precision: 0.5
2025-10-04 15:24:54,816 - Test Recall: 0.6071428571428571
2025-10-04 15:24:54,816 - Test Accuracy: 0.654320987654321
2025-10-04 15:24:54,816 - Test AUC: 0.6148921832884098
2025-10-04 15:24:54,820 - Best model saved as /gpfs/home1/won0316/_RESEARCH/0817_Genotoxicity/1_Git_upload/ChemBAI/ToxCast_model/experiments/training/DART_MTL/results/seed_0/CEETOX_H295R_PROG_xgb_Layered/model.joblib
[2025-10-04 15:24:55] END seed_0:CEETOX_H295R_PROG_xgb_Layered status=0
[2025-10-04 15:24:55] START seed_1:CEETOX_H295R_PROG_xgb_Layered
2025-10-04 15:24:57,618 - Using PyTorch device: cuda:0
2025-10-04 15:24:57,618 - Selected compute device: cuda:0
2025-10-04 15:55:33,780 - Best Model Parameters: {'colsample_bytree': 1.0, 'learning_rate': 0.05, 'max_depth': 6, 'min_child_weight': 1, 'n_estimators': 200, 'subsample': 1.0}
2025-10-04 15:55:33,780 - Validation F1 Score: 0.6027050727050727
2025-10-04 15:55:33,780 - Validation Precision: 0.6088278440266437
2025-10-04 15:55:33,780 - Validation Recall: 0.6022222222222222
2025-10-04 15:55:33,780 - Validation Accuracy: 0.6845250255362615
2025-10-04 15:55:33,781 - Validation AUC: 0.6842897074972546
2025-10-04 15:55:35,978 - Holdout Validation F1 Score: 0.5853658536585366
2025-10-04 15:55:35,979 - Holdout Validation Precision: 0.48
2025-10-04 15:55:35,979 - Holdout Validation Recall: 0.75
2025-10-04 15:55:35,979 - Holdout Validation Accuracy: 0.6304347826086957
2025-10-04 15:55:35,979 - Holdout Validation AUC: 0.6572916666666667
2025-10-04 15:55:36,712 - Test F1 Score: 0.45454545454545453
2025-10-04 15:55:36,712 - Test Precision: 0.5263157894736842
2025-10-04 15:55:36,712 - Test Recall: 0.4
2025-10-04 15:55:36,712 - Test Accuracy: 0.6363636363636364
2025-10-04 15:55:36,712 - Test AUC: 0.6092682926829269
2025-10-04 15:55:36,716 - Best model saved as /gpfs/home1/won0316/_RESEARCH/0817_Genotoxicity/1_Git_upload/ChemBAI/ToxCast_model/experiments/training/DART_MTL/results/seed_1/CEETOX_H295R_PROG_xgb_Layered/model.joblib
[2025-10-04 15:55:37] END seed_1:CEETOX_H295R_PROG_xgb_Layered status=0
[2025-10-04 15:55:37] START seed_2:CEETOX_H295R_PROG_xgb_Layered
2025-10-04 15:55:39,845 - Using PyTorch device: cuda:0
2025-10-04 15:55:39,845 - Selected compute device: cuda:0
2025-10-04 16:26:13,231 - Best Model Parameters: {'colsample_bytree': 0.8, 'learning_rate': 0.1, 'max_depth': 3, 'min_child_weight': 1, 'n_estimators': 200, 'subsample': 0.8}
2025-10-04 16:26:13,231 - Validation F1 Score: 0.5474802509699745
2025-10-04 16:26:13,231 - Validation Precision: 0.5476666666666666
2025-10-04 16:26:13,231 - Validation Recall: 0.5508064516129033
2025-10-04 16:26:13,231 - Validation Accuracy: 0.6682072829131653
2025-10-04 16:26:13,231 - Validation AUC: 0.6494419366109871
2025-10-04 16:26:15,374 - Holdout Validation F1 Score: 0.5396825396825397
2025-10-04 16:26:15,374 - Holdout Validation Precision: 0.68
2025-10-04 16:26:15,374 - Holdout Validation Recall: 0.4473684210526316
2025-10-04 16:26:15,374 - Holdout Validation Accuracy: 0.5538461538461539
2025-10-04 16:26:15,374 - Holdout Validation AUC: 0.5419103313840157
2025-10-04 16:26:16,099 - Test F1 Score: 0.425531914893617
2025-10-04 16:26:16,099 - Test Precision: 0.4166666666666667
2025-10-04 16:26:16,099 - Test Recall: 0.43478260869565216
2025-10-04 16:26:16,099 - Test Accuracy: 0.6086956521739131
2025-10-04 16:26:16,099 - Test AUC: 0.6521739130434783
2025-10-04 16:26:16,102 - Best model saved as /gpfs/home1/won0316/_RESEARCH/0817_Genotoxicity/1_Git_upload/ChemBAI/ToxCast_model/experiments/training/DART_MTL/results/seed_2/CEETOX_H295R_PROG_xgb_Layered/model.joblib
[2025-10-04 16:26:16] END seed_2:CEETOX_H295R_PROG_xgb_Layered status=0
[2025-10-04 16:26:16] Job CEETOX_H295R_PROG_xgb_Layered completed successfully
[2025-10-04 16:26:16] Command finished with status 0
