[2025-10-01 10:19:56] Job 482474 starting on n011.hpc
[2025-10-01 10:19:56] Label: DART_MTL_BSK_3C_uPAR_xgb_RDKit
[2025-10-01 10:19:57] Job DART_MTL_BSK_3C_uPAR_xgb_RDKit starting on n011.hpc
[2025-10-01 10:19:57] START seed_0:BSK_3C_uPAR_xgb_RDKit
2025-10-01 10:20:00,849 - Using PyTorch device: cuda:0
2025-10-01 10:20:00,850 - Selected compute device: cuda:0
2025-10-01 10:56:00,869 - Best Model Parameters: {'colsample_bytree': 0.8, 'learning_rate': 0.1, 'max_depth': 9, 'min_child_weight': 5, 'n_estimators': 400, 'subsample': 0.8}
2025-10-01 10:56:00,869 - Validation F1 Score: 0.3882723683411763
2025-10-01 10:56:00,869 - Validation Precision: 0.3942439431913115
2025-10-01 10:56:00,869 - Validation Recall: 0.3828415300546448
2025-10-01 10:56:00,869 - Validation Accuracy: 0.7178021978021978
2025-10-01 10:56:00,870 - Validation AUC: 0.6490487792497843
2025-10-01 10:56:04,810 - Holdout Validation F1 Score: 0.4666666666666667
2025-10-01 10:56:04,811 - Holdout Validation Precision: 0.5121951219512195
2025-10-01 10:56:04,811 - Holdout Validation Recall: 0.42857142857142855
2025-10-01 10:56:04,811 - Holdout Validation Accuracy: 0.6821192052980133
2025-10-01 10:56:04,811 - Holdout Validation AUC: 0.6591636654661864
2025-10-01 10:56:05,568 - Test F1 Score: 0.32
2025-10-01 10:56:05,568 - Test Precision: 0.38095238095238093
2025-10-01 10:56:05,568 - Test Recall: 0.27586206896551724
2025-10-01 10:56:05,568 - Test Accuracy: 0.6023391812865497
2025-10-01 10:56:05,568 - Test AUC: 0.604287458040891
2025-10-01 10:56:05,573 - Best model saved as /gpfs/home1/won0316/_RESEARCH/0817_Genotoxicity/1_Git_upload/ChemBAI/ToxCast_model/experiments/training/DART_MTL/results/seed_0/BSK_3C_uPAR_xgb_RDKit/model.joblib
[2025-10-01 10:56:06] END seed_0:BSK_3C_uPAR_xgb_RDKit status=0
[2025-10-01 10:56:06] START seed_1:BSK_3C_uPAR_xgb_RDKit
2025-10-01 10:56:09,670 - Using PyTorch device: cuda:0
2025-10-01 10:56:09,670 - Selected compute device: cuda:0
2025-10-01 11:33:16,859 - Best Model Parameters: {'colsample_bytree': 0.8, 'learning_rate': 0.1, 'max_depth': 9, 'min_child_weight': 5, 'n_estimators': 400, 'subsample': 1.0}
2025-10-01 11:33:16,859 - Validation F1 Score: 0.38341921290154973
2025-10-01 11:33:16,859 - Validation Precision: 0.40930762911862234
2025-10-01 11:33:16,859 - Validation Recall: 0.3651923076923077
2025-10-01 11:33:16,859 - Validation Accuracy: 0.7192397438680269
2025-10-01 11:33:16,859 - Validation AUC: 0.6423500947512925
2025-10-01 11:33:21,039 - Holdout Validation F1 Score: 0.2545454545454545
2025-10-01 11:33:21,040 - Holdout Validation Precision: 0.3181818181818182
2025-10-01 11:33:21,040 - Holdout Validation Recall: 0.21212121212121213
2025-10-01 11:33:21,040 - Holdout Validation Accuracy: 0.616822429906542
2025-10-01 11:33:21,040 - Holdout Validation AUC: 0.5372645372645373
2025-10-01 11:33:21,807 - Test F1 Score: 0.24691358024691357
2025-10-01 11:33:21,807 - Test Precision: 0.37037037037037035
2025-10-01 11:33:21,807 - Test Recall: 0.18518518518518517
2025-10-01 11:33:21,807 - Test Accuracy: 0.6064516129032258
2025-10-01 11:33:21,807 - Test AUC: 0.5773744041070774
2025-10-01 11:33:21,813 - Best model saved as /gpfs/home1/won0316/_RESEARCH/0817_Genotoxicity/1_Git_upload/ChemBAI/ToxCast_model/experiments/training/DART_MTL/results/seed_1/BSK_3C_uPAR_xgb_RDKit/model.joblib
[2025-10-01 11:33:22] END seed_1:BSK_3C_uPAR_xgb_RDKit status=0
[2025-10-01 11:33:22] START seed_2:BSK_3C_uPAR_xgb_RDKit
2025-10-01 11:33:24,719 - Using PyTorch device: cuda:0
2025-10-01 11:33:24,720 - Selected compute device: cuda:0
2025-10-01 12:09:30,856 - Best Model Parameters: {'colsample_bytree': 0.8, 'learning_rate': 0.1, 'max_depth': 9, 'min_child_weight': 5, 'n_estimators': 200, 'subsample': 1.0}
2025-10-01 12:09:30,856 - Validation F1 Score: 0.39061945473004417
2025-10-01 12:09:30,856 - Validation Precision: 0.39531715047136046
2025-10-01 12:09:30,856 - Validation Recall: 0.3875576036866359
2025-10-01 12:09:30,856 - Validation Accuracy: 0.7158061749571184
2025-10-01 12:09:30,856 - Validation AUC: 0.6293516448419035
2025-10-01 12:09:33,606 - Holdout Validation F1 Score: 0.4380952380952381
2025-10-01 12:09:33,606 - Holdout Validation Precision: 0.42592592592592593
2025-10-01 12:09:33,606 - Holdout Validation Recall: 0.45098039215686275
2025-10-01 12:09:33,606 - Holdout Validation Accuracy: 0.5958904109589042
2025-10-01 12:09:33,606 - Holdout Validation AUC: 0.5896800825593395
2025-10-01 12:09:34,366 - Test F1 Score: 0.2608695652173913
2025-10-01 12:09:34,366 - Test Precision: 0.26666666666666666
2025-10-01 12:09:34,366 - Test Recall: 0.2553191489361702
2025-10-01 12:09:34,366 - Test Accuracy: 0.5466666666666666
2025-10-01 12:09:34,366 - Test AUC: 0.5154926668043793
2025-10-01 12:09:34,370 - Best model saved as /gpfs/home1/won0316/_RESEARCH/0817_Genotoxicity/1_Git_upload/ChemBAI/ToxCast_model/experiments/training/DART_MTL/results/seed_2/BSK_3C_uPAR_xgb_RDKit/model.joblib
[2025-10-01 12:09:35] END seed_2:BSK_3C_uPAR_xgb_RDKit status=0
[2025-10-01 12:09:35] Job DART_MTL_BSK_3C_uPAR_xgb_RDKit completed successfully
[2025-10-01 12:09:35] Command finished with status 0
