[2025-10-04 01:49:59] Job 485749 starting on n006.hpc
[2025-10-04 01:49:59] Label: BSK_KF3CT_TIMP2_xgb_MACCS
[2025-10-04 01:49:59] Job BSK_KF3CT_TIMP2_xgb_MACCS starting on n006.hpc
[2025-10-04 01:49:59] START seed_0:BSK_KF3CT_TIMP2_xgb_MACCS
2025-10-04 01:50:02,892 - Using PyTorch device: cuda:0
2025-10-04 01:50:02,892 - Selected compute device: cuda:0
2025-10-04 01:54:36,990 - Best Model Parameters: {'colsample_bytree': 0.8, 'learning_rate': 0.05, 'max_depth': 3, 'min_child_weight': 1, 'n_estimators': 200, 'subsample': 0.8}
2025-10-04 01:54:36,990 - Validation F1 Score: 0.380371208328833
2025-10-04 01:54:36,990 - Validation Precision: 0.3083717651054561
2025-10-04 01:54:36,990 - Validation Recall: 0.5016156462585035
2025-10-04 01:54:36,990 - Validation Accuracy: 0.6977665577665577
2025-10-04 01:54:36,990 - Validation AUC: 0.6560282684678092
2025-10-04 01:54:37,290 - Holdout Validation F1 Score: 0.45
2025-10-04 01:54:37,291 - Holdout Validation Precision: 0.3673469387755102
2025-10-04 01:54:37,291 - Holdout Validation Recall: 0.5806451612903226
2025-10-04 01:54:37,291 - Holdout Validation Accuracy: 0.7086092715231788
2025-10-04 01:54:37,291 - Holdout Validation AUC: 0.7149193548387097
2025-10-04 01:54:37,359 - Test F1 Score: 0.3116883116883117
2025-10-04 01:54:37,359 - Test Precision: 0.27906976744186046
2025-10-04 01:54:37,359 - Test Recall: 0.35294117647058826
2025-10-04 01:54:37,359 - Test Accuracy: 0.6900584795321637
2025-10-04 01:54:37,359 - Test AUC: 0.6577930442249893
2025-10-04 01:54:37,362 - Best model saved as /gpfs/home1/won0316/_RESEARCH/0817_Genotoxicity/1_Git_upload/ChemBAI/ToxCast_model/experiments/training/DART_MTL/results/seed_0/BSK_KF3CT_TIMP2_xgb_MACCS/model.joblib
[2025-10-04 01:54:37] END seed_0:BSK_KF3CT_TIMP2_xgb_MACCS status=0
[2025-10-04 01:54:37] START seed_1:BSK_KF3CT_TIMP2_xgb_MACCS
2025-10-04 01:54:40,741 - Using PyTorch device: cuda:0
2025-10-04 01:54:40,741 - Selected compute device: cuda:0
2025-10-04 01:59:16,433 - Best Model Parameters: {'colsample_bytree': 0.8, 'learning_rate': 0.05, 'max_depth': 3, 'min_child_weight': 3, 'n_estimators': 400, 'subsample': 1.0}
2025-10-04 01:59:16,433 - Validation F1 Score: 0.39550919857632943
2025-10-04 01:59:16,433 - Validation Precision: 0.33849632828003745
2025-10-04 01:59:16,433 - Validation Recall: 0.4817959183673469
2025-10-04 01:59:16,433 - Validation Accuracy: 0.7273605383112655
2025-10-04 01:59:16,433 - Validation AUC: 0.6857612408788879
2025-10-04 01:59:16,832 - Holdout Validation F1 Score: 0.36363636363636365
2025-10-04 01:59:16,832 - Holdout Validation Precision: 0.3333333333333333
2025-10-04 01:59:16,832 - Holdout Validation Recall: 0.4
2025-10-04 01:59:16,832 - Holdout Validation Accuracy: 0.7383177570093458
2025-10-04 01:59:16,832 - Holdout Validation AUC: 0.7135057471264368
2025-10-04 01:59:16,901 - Test F1 Score: 0.40963855421686746
2025-10-04 01:59:16,901 - Test Precision: 0.3695652173913043
2025-10-04 01:59:16,901 - Test Recall: 0.4594594594594595
2025-10-04 01:59:16,901 - Test Accuracy: 0.6838709677419355
2025-10-04 01:59:16,901 - Test AUC: 0.6779661016949153
2025-10-04 01:59:16,905 - Best model saved as /gpfs/home1/won0316/_RESEARCH/0817_Genotoxicity/1_Git_upload/ChemBAI/ToxCast_model/experiments/training/DART_MTL/results/seed_1/BSK_KF3CT_TIMP2_xgb_MACCS/model.joblib
[2025-10-04 01:59:17] END seed_1:BSK_KF3CT_TIMP2_xgb_MACCS status=0
[2025-10-04 01:59:17] START seed_2:BSK_KF3CT_TIMP2_xgb_MACCS
2025-10-04 01:59:20,118 - Using PyTorch device: cuda:0
2025-10-04 01:59:20,118 - Selected compute device: cuda:0
2025-10-04 02:03:55,151 - Best Model Parameters: {'colsample_bytree': 1.0, 'learning_rate': 0.1, 'max_depth': 6, 'min_child_weight': 1, 'n_estimators': 200, 'subsample': 1.0}
2025-10-04 02:03:55,151 - Validation F1 Score: 0.38756527076961217
2025-10-04 02:03:55,151 - Validation Precision: 0.36515431500691237
2025-10-04 02:03:55,151 - Validation Recall: 0.41427304964539
2025-10-04 02:03:55,151 - Validation Accuracy: 0.7641709548313321
2025-10-04 02:03:55,151 - Validation AUC: 0.6793068609818925
2025-10-04 02:03:55,498 - Holdout Validation F1 Score: 0.24615384615384617
2025-10-04 02:03:55,498 - Holdout Validation Precision: 0.25
2025-10-04 02:03:55,498 - Holdout Validation Recall: 0.24242424242424243
2025-10-04 02:03:55,498 - Holdout Validation Accuracy: 0.6643835616438356
2025-10-04 02:03:55,498 - Holdout Validation AUC: 0.638106731027085
2025-10-04 02:03:55,568 - Test F1 Score: 0.35294117647058826
2025-10-04 02:03:55,568 - Test Precision: 0.35294117647058826
2025-10-04 02:03:55,568 - Test Recall: 0.35294117647058826
2025-10-04 02:03:55,568 - Test Accuracy: 0.7066666666666667
2025-10-04 02:03:55,568 - Test AUC: 0.6686105476673426
2025-10-04 02:03:55,571 - Best model saved as /gpfs/home1/won0316/_RESEARCH/0817_Genotoxicity/1_Git_upload/ChemBAI/ToxCast_model/experiments/training/DART_MTL/results/seed_2/BSK_KF3CT_TIMP2_xgb_MACCS/model.joblib
[2025-10-04 02:03:56] END seed_2:BSK_KF3CT_TIMP2_xgb_MACCS status=0
[2025-10-04 02:03:56] Job BSK_KF3CT_TIMP2_xgb_MACCS completed successfully
[2025-10-04 02:03:56] Command finished with status 0
