[2025-10-05 18:12:25] Job 487797 starting on n005.hpc
[2025-10-05 18:12:25] Label: TOX21_PGC_ERR_Antagonist_rf_RDKit
[2025-10-05 18:12:25] Job TOX21_PGC_ERR_Antagonist_rf_RDKit starting on n005.hpc
[2025-10-05 18:12:25] START seed_0:TOX21_PGC_ERR_Antagonist_rf_RDKit
2025-10-05 18:12:29,651 - Using PyTorch device: cuda:0
2025-10-05 18:12:29,652 - Selected compute device: cuda:0
2025-10-05 18:23:13,936 - Best Model Parameters: {'max_depth': None, 'min_samples_leaf': 1, 'min_samples_split': 2, 'n_estimators': 200}
2025-10-05 18:23:13,936 - Validation F1 Score: 0.33311890840114056
2025-10-05 18:23:13,936 - Validation Precision: 0.37818939657940953
2025-10-05 18:23:13,936 - Validation Recall: 0.29806743969079036
2025-10-05 18:23:13,936 - Validation Accuracy: 0.8756148911436732
2025-10-05 18:23:13,936 - Validation AUC: 0.8048956633635587
2025-10-05 18:23:17,020 - Holdout Validation F1 Score: 0.23636363636363636
2025-10-05 18:23:17,021 - Holdout Validation Precision: 0.3291139240506329
2025-10-05 18:23:17,021 - Holdout Validation Recall: 0.18439716312056736
2025-10-05 18:23:17,021 - Holdout Validation Accuracy: 0.7663421418636995
2025-10-05 18:23:17,021 - Holdout Validation AUC: 0.7278767577118457
2025-10-05 18:23:17,116 - Test F1 Score: 0.22666666666666666
2025-10-05 18:23:17,117 - Test Precision: 0.3541666666666667
2025-10-05 18:23:17,117 - Test Recall: 0.16666666666666666
2025-10-05 18:23:17,117 - Test Accuracy: 0.8291605301914581
2025-10-05 18:23:17,117 - Test AUC: 0.6755955415094981
2025-10-05 18:23:17,196 - Best model saved as /gpfs/home1/won0316/_RESEARCH/0817_Genotoxicity/1_Git_upload/ChemBAI/ToxCast_model/experiments/training/DART_MTL/results/seed_0/TOX21_PGC_ERR_Antagonist_rf_RDKit/model.joblib
[2025-10-05 18:23:17] END seed_0:TOX21_PGC_ERR_Antagonist_rf_RDKit status=0
[2025-10-05 18:23:17] START seed_1:TOX21_PGC_ERR_Antagonist_rf_RDKit
2025-10-05 18:23:20,108 - Using PyTorch device: cuda:0
2025-10-05 18:23:20,109 - Selected compute device: cuda:0
2025-10-05 18:34:00,657 - Best Model Parameters: {'max_depth': None, 'min_samples_leaf': 1, 'min_samples_split': 2, 'n_estimators': 200}
2025-10-05 18:34:00,657 - Validation F1 Score: 0.3308982063292041
2025-10-05 18:34:00,657 - Validation Precision: 0.3634931110231872
2025-10-05 18:34:00,657 - Validation Recall: 0.3041461614173228
2025-10-05 18:34:00,657 - Validation Accuracy: 0.866542547350291
2025-10-05 18:34:00,657 - Validation AUC: 0.795790617916774
2025-10-05 18:34:03,577 - Holdout Validation F1 Score: 0.13533834586466165
2025-10-05 18:34:03,577 - Holdout Validation Precision: 0.45
2025-10-05 18:34:03,577 - Holdout Validation Recall: 0.07964601769911504
2025-10-05 18:34:03,577 - Holdout Validation Accuracy: 0.8368794326241135
2025-10-05 18:34:03,577 - Holdout Validation AUC: 0.664262437215977
2025-10-05 18:34:03,673 - Test F1 Score: 0.19402985074626866
2025-10-05 18:34:03,673 - Test Precision: 0.4642857142857143
2025-10-05 18:34:03,673 - Test Recall: 0.12264150943396226
2025-10-05 18:34:03,673 - Test Accuracy: 0.848314606741573
2025-10-05 18:34:03,673 - Test AUC: 0.7171912946011582
2025-10-05 18:34:03,750 - Best model saved as /gpfs/home1/won0316/_RESEARCH/0817_Genotoxicity/1_Git_upload/ChemBAI/ToxCast_model/experiments/training/DART_MTL/results/seed_1/TOX21_PGC_ERR_Antagonist_rf_RDKit/model.joblib
[2025-10-05 18:34:04] END seed_1:TOX21_PGC_ERR_Antagonist_rf_RDKit status=0
[2025-10-05 18:34:04] START seed_2:TOX21_PGC_ERR_Antagonist_rf_RDKit
2025-10-05 18:34:07,315 - Using PyTorch device: cuda:0
2025-10-05 18:34:07,315 - Selected compute device: cuda:0
2025-10-05 18:44:53,438 - Best Model Parameters: {'max_depth': None, 'min_samples_leaf': 1, 'min_samples_split': 2, 'n_estimators': 200}
2025-10-05 18:44:53,438 - Validation F1 Score: 0.37175872357326417
2025-10-05 18:44:53,438 - Validation Precision: 0.3989033035257665
2025-10-05 18:44:53,439 - Validation Recall: 0.3488721804511278
2025-10-05 18:44:53,439 - Validation Accuracy: 0.8673211351187945
2025-10-05 18:44:53,439 - Validation AUC: 0.806480303475562
2025-10-05 18:44:56,592 - Holdout Validation F1 Score: 0.17391304347826086
2025-10-05 18:44:56,592 - Holdout Validation Precision: 0.2553191489361702
2025-10-05 18:44:56,592 - Holdout Validation Recall: 0.13186813186813187
2025-10-05 18:44:56,592 - Holdout Validation Accuracy: 0.8352601156069365
2025-10-05 18:44:56,592 - Holdout Validation AUC: 0.6593498016126969
2025-10-05 18:44:56,688 - Test F1 Score: 0.1774193548387097
2025-10-05 18:44:56,688 - Test Precision: 0.4782608695652174
2025-10-05 18:44:56,688 - Test Recall: 0.10891089108910891
2025-10-05 18:44:56,689 - Test Accuracy: 0.8538681948424068
2025-10-05 18:44:56,689 - Test AUC: 0.7385607907524421
2025-10-05 18:44:56,766 - Best model saved as /gpfs/home1/won0316/_RESEARCH/0817_Genotoxicity/1_Git_upload/ChemBAI/ToxCast_model/experiments/training/DART_MTL/results/seed_2/TOX21_PGC_ERR_Antagonist_rf_RDKit/model.joblib
[2025-10-05 18:44:57] END seed_2:TOX21_PGC_ERR_Antagonist_rf_RDKit status=0
[2025-10-05 18:44:57] Job TOX21_PGC_ERR_Antagonist_rf_RDKit completed successfully
[2025-10-05 18:44:57] Command finished with status 0
