[2025-10-06 12:41:54] Job 488284 starting on n006.hpc
[2025-10-06 12:41:54] Label: TOX21_ERb_BLA_Antagonist_ratio_rf_Layered
[2025-10-06 12:41:54] Job TOX21_ERb_BLA_Antagonist_ratio_rf_Layered starting on n006.hpc
[2025-10-06 12:41:54] START seed_0:TOX21_ERb_BLA_Antagonist_ratio_rf_Layered
2025-10-06 12:41:58,662 - Using PyTorch device: cuda:0
2025-10-06 12:41:58,663 - Selected compute device: cuda:0
2025-10-06 12:51:20,609 - Best Model Parameters: {'max_depth': 15, 'min_samples_leaf': 1, 'min_samples_split': 4, 'n_estimators': 200}
2025-10-06 12:51:20,609 - Validation F1 Score: 0.470262478754999
2025-10-06 12:51:20,609 - Validation Precision: 0.4288920221029985
2025-10-06 12:51:20,609 - Validation Recall: 0.5213595148021377
2025-10-06 12:51:20,609 - Validation Accuracy: 0.81901189741529
2025-10-06 12:51:20,610 - Validation AUC: 0.8018444743928498
2025-10-06 12:51:22,605 - Holdout Validation F1 Score: 0.56
2025-10-06 12:51:22,605 - Holdout Validation Precision: 0.5233644859813084
2025-10-06 12:51:22,605 - Holdout Validation Recall: 0.6021505376344086
2025-10-06 12:51:22,605 - Holdout Validation Accuracy: 0.7552155771905424
2025-10-06 12:51:22,605 - Holdout Validation AUC: 0.7811131957473421
2025-10-06 12:51:22,701 - Test F1 Score: 0.5080831408775982
2025-10-06 12:51:22,701 - Test Precision: 0.47413793103448276
2025-10-06 12:51:22,701 - Test Recall: 0.5472636815920398
2025-10-06 12:51:22,701 - Test Accuracy: 0.6863033873343152
2025-10-06 12:51:22,701 - Test AUC: 0.7190459834717625
2025-10-06 12:51:22,760 - Best model saved as /gpfs/home1/won0316/_RESEARCH/0817_Genotoxicity/1_Git_upload/ChemBAI/ToxCast_model/experiments/training/DART_MTL/results/seed_0/TOX21_ERb_BLA_Antagonist_ratio_rf_Layered/model.joblib
[2025-10-06 12:51:23] END seed_0:TOX21_ERb_BLA_Antagonist_ratio_rf_Layered status=0
[2025-10-06 12:51:23] START seed_1:TOX21_ERb_BLA_Antagonist_ratio_rf_Layered
2025-10-06 12:51:26,460 - Using PyTorch device: cuda:0
2025-10-06 12:51:26,461 - Selected compute device: cuda:0
2025-10-06 13:00:40,824 - Best Model Parameters: {'max_depth': None, 'min_samples_leaf': 2, 'min_samples_split': 2, 'n_estimators': 600}
2025-10-06 13:00:40,825 - Validation F1 Score: 0.48832903279098616
2025-10-06 13:00:40,825 - Validation Precision: 0.49013235231722074
2025-10-06 13:00:40,825 - Validation Recall: 0.48788904271137773
2025-10-06 13:00:40,825 - Validation Accuracy: 0.8286296591703801
2025-10-06 13:00:40,825 - Validation AUC: 0.815050202196411
2025-10-06 13:00:45,534 - Holdout Validation F1 Score: 0.44363636363636366
2025-10-06 13:00:45,535 - Holdout Validation Precision: 0.45864661654135336
2025-10-06 13:00:45,535 - Holdout Validation Recall: 0.4295774647887324
2025-10-06 13:00:45,535 - Holdout Validation Accuracy: 0.7829787234042553
2025-10-06 13:00:45,535 - Holdout Validation AUC: 0.7528456708278087
2025-10-06 13:00:45,711 - Test F1 Score: 0.4013605442176871
2025-10-06 13:00:45,711 - Test Precision: 0.46825396825396826
2025-10-06 13:00:45,711 - Test Recall: 0.35119047619047616
2025-10-06 13:00:45,711 - Test Accuracy: 0.7528089887640449
2025-10-06 13:00:45,711 - Test AUC: 0.755312281162465
2025-10-06 13:00:45,896 - Best model saved as /gpfs/home1/won0316/_RESEARCH/0817_Genotoxicity/1_Git_upload/ChemBAI/ToxCast_model/experiments/training/DART_MTL/results/seed_1/TOX21_ERb_BLA_Antagonist_ratio_rf_Layered/model.joblib
[2025-10-06 13:00:46] END seed_1:TOX21_ERb_BLA_Antagonist_ratio_rf_Layered status=0
[2025-10-06 13:00:46] START seed_2:TOX21_ERb_BLA_Antagonist_ratio_rf_Layered
2025-10-06 13:00:49,475 - Using PyTorch device: cuda:0
2025-10-06 13:00:49,476 - Selected compute device: cuda:0
2025-10-06 13:10:05,908 - Best Model Parameters: {'max_depth': 10, 'min_samples_leaf': 1, 'min_samples_split': 2, 'n_estimators': 200}
2025-10-06 13:10:05,908 - Validation F1 Score: 0.5088255600912247
2025-10-06 13:10:05,909 - Validation Precision: 0.42918935648369894
2025-10-06 13:10:05,909 - Validation Recall: 0.6258645076330294
2025-10-06 13:10:05,909 - Validation Accuracy: 0.7930285069150438
2025-10-06 13:10:05,909 - Validation AUC: 0.8081437651292667
2025-10-06 13:10:07,621 - Holdout Validation F1 Score: 0.45454545454545453
2025-10-06 13:10:07,621 - Holdout Validation Precision: 0.3401360544217687
2025-10-06 13:10:07,621 - Holdout Validation Recall: 0.684931506849315
2025-10-06 13:10:07,621 - Holdout Validation Accuracy: 0.653179190751445
2025-10-06 13:10:07,622 - Holdout Validation AUC: 0.7275641025641025
2025-10-06 13:10:07,716 - Test F1 Score: 0.43271767810026385
2025-10-06 13:10:07,716 - Test Precision: 0.3416666666666667
2025-10-06 13:10:07,716 - Test Recall: 0.5899280575539568
2025-10-06 13:10:07,717 - Test Accuracy: 0.6919770773638968
2025-10-06 13:10:07,717 - Test AUC: 0.7220563441911945
2025-10-06 13:10:07,767 - Best model saved as /gpfs/home1/won0316/_RESEARCH/0817_Genotoxicity/1_Git_upload/ChemBAI/ToxCast_model/experiments/training/DART_MTL/results/seed_2/TOX21_ERb_BLA_Antagonist_ratio_rf_Layered/model.joblib
[2025-10-06 13:10:08] END seed_2:TOX21_ERb_BLA_Antagonist_ratio_rf_Layered status=0
[2025-10-06 13:10:08] Job TOX21_ERb_BLA_Antagonist_ratio_rf_Layered completed successfully
[2025-10-06 13:10:08] Command finished with status 0
