[2025-10-02 09:36:00] Job 483721 starting on n005.hpc
[2025-10-02 09:36:00] Label: DART_MTL_BSK_hDFCGF_TIMP1_rf_RDKit
[2025-10-02 09:36:00] Job DART_MTL_BSK_hDFCGF_TIMP1_rf_RDKit starting on n005.hpc
[2025-10-02 09:36:00] START seed_0:BSK_hDFCGF_TIMP1_rf_RDKit
2025-10-02 09:36:04,352 - Using PyTorch device: cuda:0
2025-10-02 09:36:04,353 - Selected compute device: cuda:0
2025-10-02 09:39:47,804 - Best Model Parameters: {'max_depth': 10, 'min_samples_leaf': 1, 'min_samples_split': 4, 'n_estimators': 200}
2025-10-02 09:39:47,804 - Validation F1 Score: 0.27932913893193356
2025-10-02 09:39:47,804 - Validation Precision: 0.2463286196824442
2025-10-02 09:39:47,804 - Validation Recall: 0.325359911406423
2025-10-02 09:39:47,804 - Validation Accuracy: 0.7255034155034155
2025-10-02 09:39:47,804 - Validation AUC: 0.607842011523289
2025-10-02 09:39:48,474 - Holdout Validation F1 Score: 0.33962264150943394
2025-10-02 09:39:48,474 - Holdout Validation Precision: 0.375
2025-10-02 09:39:48,474 - Holdout Validation Recall: 0.3103448275862069
2025-10-02 09:39:48,474 - Holdout Validation Accuracy: 0.7682119205298014
2025-10-02 09:39:48,474 - Holdout Validation AUC: 0.7319106840022611
2025-10-02 09:39:48,543 - Test F1 Score: 0.0975609756097561
2025-10-02 09:39:48,543 - Test Precision: 0.15384615384615385
2025-10-02 09:39:48,543 - Test Recall: 0.07142857142857142
2025-10-02 09:39:48,543 - Test Accuracy: 0.783625730994152
2025-10-02 09:39:48,543 - Test AUC: 0.5042457542457542
2025-10-02 09:39:48,589 - Best model saved as /gpfs/home1/won0316/_RESEARCH/0817_Genotoxicity/1_Git_upload/ChemBAI/ToxCast_model/experiments/training/DART_MTL/results/seed_0/BSK_hDFCGF_TIMP1_rf_RDKit/model.joblib
[2025-10-02 09:39:49] END seed_0:BSK_hDFCGF_TIMP1_rf_RDKit status=0
[2025-10-02 09:39:49] START seed_1:BSK_hDFCGF_TIMP1_rf_RDKit
2025-10-02 09:39:51,839 - Using PyTorch device: cuda:0
2025-10-02 09:39:51,840 - Selected compute device: cuda:0
2025-10-02 09:43:40,333 - Best Model Parameters: {'max_depth': 15, 'min_samples_leaf': 1, 'min_samples_split': 2, 'n_estimators': 200}
2025-10-02 09:43:40,333 - Validation F1 Score: 0.2999102692877983
2025-10-02 09:43:40,333 - Validation Precision: 0.28014874141876434
2025-10-02 09:43:40,333 - Validation Recall: 0.324630021141649
2025-10-02 09:43:40,333 - Validation Accuracy: 0.756066854786195
2025-10-02 09:43:40,333 - Validation AUC: 0.6421519858918422
2025-10-02 09:43:41,041 - Holdout Validation F1 Score: 0.0
2025-10-02 09:43:41,041 - Holdout Validation Precision: 0.0
2025-10-02 09:43:41,041 - Holdout Validation Recall: 0.0
2025-10-02 09:43:41,041 - Holdout Validation Accuracy: 0.7383177570093458
2025-10-02 09:43:41,041 - Holdout Validation AUC: 0.5376436781609195
2025-10-02 09:43:41,109 - Test F1 Score: 0.09090909090909091
2025-10-02 09:43:41,110 - Test Precision: 0.14285714285714285
2025-10-02 09:43:41,110 - Test Recall: 0.06666666666666667
2025-10-02 09:43:41,110 - Test Accuracy: 0.7419354838709677
2025-10-02 09:43:41,110 - Test AUC: 0.6789333333333334
2025-10-02 09:43:41,158 - Best model saved as /gpfs/home1/won0316/_RESEARCH/0817_Genotoxicity/1_Git_upload/ChemBAI/ToxCast_model/experiments/training/DART_MTL/results/seed_1/BSK_hDFCGF_TIMP1_rf_RDKit/model.joblib
[2025-10-02 09:43:41] END seed_1:BSK_hDFCGF_TIMP1_rf_RDKit status=0
[2025-10-02 09:43:41] START seed_2:BSK_hDFCGF_TIMP1_rf_RDKit
2025-10-02 09:43:43,781 - Using PyTorch device: cuda:0
2025-10-02 09:43:43,781 - Selected compute device: cuda:0
2025-10-02 09:47:31,393 - Best Model Parameters: {'max_depth': 10, 'min_samples_leaf': 1, 'min_samples_split': 2, 'n_estimators': 600}
2025-10-02 09:47:31,393 - Validation F1 Score: 0.3195260110426627
2025-10-02 09:47:31,393 - Validation Precision: 0.26864652375488285
2025-10-02 09:47:31,393 - Validation Recall: 0.4
2025-10-02 09:47:31,393 - Validation Accuracy: 0.7165780445969124
2025-10-02 09:47:31,393 - Validation AUC: 0.6425531019782357
2025-10-02 09:47:32,694 - Holdout Validation F1 Score: 0.0851063829787234
2025-10-02 09:47:32,694 - Holdout Validation Precision: 0.1
2025-10-02 09:47:32,694 - Holdout Validation Recall: 0.07407407407407407
2025-10-02 09:47:32,694 - Holdout Validation Accuracy: 0.7054794520547946
2025-10-02 09:47:32,694 - Holdout Validation AUC: 0.5916588857765328
2025-10-02 09:47:32,849 - Test F1 Score: 0.25
2025-10-02 09:47:32,849 - Test Precision: 0.23076923076923078
2025-10-02 09:47:32,849 - Test Recall: 0.2727272727272727
2025-10-02 09:47:32,849 - Test Accuracy: 0.76
2025-10-02 09:47:32,849 - Test AUC: 0.6296164772727273
2025-10-02 09:47:32,988 - Best model saved as /gpfs/home1/won0316/_RESEARCH/0817_Genotoxicity/1_Git_upload/ChemBAI/ToxCast_model/experiments/training/DART_MTL/results/seed_2/BSK_hDFCGF_TIMP1_rf_RDKit/model.joblib
[2025-10-02 09:47:33] END seed_2:BSK_hDFCGF_TIMP1_rf_RDKit status=0
[2025-10-02 09:47:33] Job DART_MTL_BSK_hDFCGF_TIMP1_rf_RDKit completed successfully
[2025-10-02 09:47:33] Command finished with status 0
