[2025-10-06 03:53:17] Job 487967 starting on n007.hpc
[2025-10-06 03:53:17] Label: TOX21_PGC_ERR_Antagonist_logistic_MACCS
[2025-10-06 03:53:17] Job TOX21_PGC_ERR_Antagonist_logistic_MACCS starting on n007.hpc
[2025-10-06 03:53:17] START seed_0:TOX21_PGC_ERR_Antagonist_logistic_MACCS
2025-10-06 03:53:21,855 - Using PyTorch device: cuda:0
2025-10-06 03:53:21,856 - Selected compute device: cuda:0
2025-10-06 04:09:08,898 - Best Model Parameters: {'C': 0.1, 'penalty': 'l2', 'solver': 'liblinear'}
2025-10-06 04:09:08,898 - Validation F1 Score: 0.30684495541883067
2025-10-06 04:09:08,898 - Validation Precision: 0.21727061776212664
2025-10-06 04:09:08,898 - Validation Recall: 0.5228575236572037
2025-10-06 04:09:08,898 - Validation Accuracy: 0.7544475379956659
2025-10-06 04:09:08,898 - Validation AUC: 0.6932929337119319
2025-10-06 04:09:09,055 - Holdout Validation F1 Score: 0.3037974683544304
2025-10-06 04:09:09,055 - Holdout Validation Precision: 0.23622047244094488
2025-10-06 04:09:09,055 - Holdout Validation Recall: 0.425531914893617
2025-10-06 04:09:09,055 - Holdout Validation Accuracy: 0.6175243393602226
2025-10-06 04:09:09,055 - Holdout Validation AUC: 0.6059535203317873
2025-10-06 04:09:09,066 - Test F1 Score: 0.29292929292929293
2025-10-06 04:09:09,066 - Test Precision: 0.19727891156462585
2025-10-06 04:09:09,066 - Test Recall: 0.5686274509803921
2025-10-06 04:09:09,066 - Test Accuracy: 0.5876288659793815
2025-10-06 04:09:09,066 - Test AUC: 0.6150983790396575
2025-10-06 04:09:09,067 - Best model saved as /gpfs/home1/won0316/_RESEARCH/0817_Genotoxicity/1_Git_upload/ChemBAI/ToxCast_model/experiments/training/DART_MTL/results/seed_0/TOX21_PGC_ERR_Antagonist_logistic_MACCS/model.joblib
[2025-10-06 04:09:09] END seed_0:TOX21_PGC_ERR_Antagonist_logistic_MACCS status=0
[2025-10-06 04:09:09] START seed_1:TOX21_PGC_ERR_Antagonist_logistic_MACCS
2025-10-06 04:09:12,643 - Using PyTorch device: cuda:0
2025-10-06 04:09:12,644 - Selected compute device: cuda:0
2025-10-06 04:22:59,537 - Best Model Parameters: {'C': 0.1, 'penalty': 'l2', 'solver': 'saga'}
2025-10-06 04:22:59,537 - Validation F1 Score: 0.32260720684657035
2025-10-06 04:22:59,538 - Validation Precision: 0.2294055270624805
2025-10-06 04:22:59,538 - Validation Recall: 0.5438361220472441
2025-10-06 04:22:59,538 - Validation Accuracy: 0.752464324727342
2025-10-06 04:22:59,538 - Validation AUC: 0.698597563008109
2025-10-06 04:23:00,254 - Holdout Validation F1 Score: 0.297029702970297
2025-10-06 04:23:00,254 - Holdout Validation Precision: 0.23684210526315788
2025-10-06 04:23:00,254 - Holdout Validation Recall: 0.39823008849557523
2025-10-06 04:23:00,254 - Holdout Validation Accuracy: 0.6978723404255319
2025-10-06 04:23:00,254 - Holdout Validation AUC: 0.5856702941879933
2025-10-06 04:23:00,264 - Test F1 Score: 0.2972292191435768
2025-10-06 04:23:00,264 - Test Precision: 0.2027491408934708
2025-10-06 04:23:00,264 - Test Recall: 0.5566037735849056
2025-10-06 04:23:00,264 - Test Accuracy: 0.6081460674157303
2025-10-06 04:23:00,264 - Test AUC: 0.6025359611432842
2025-10-06 04:23:00,266 - Best model saved as /gpfs/home1/won0316/_RESEARCH/0817_Genotoxicity/1_Git_upload/ChemBAI/ToxCast_model/experiments/training/DART_MTL/results/seed_1/TOX21_PGC_ERR_Antagonist_logistic_MACCS/model.joblib
[2025-10-06 04:23:00] END seed_1:TOX21_PGC_ERR_Antagonist_logistic_MACCS status=0
[2025-10-06 04:23:00] START seed_2:TOX21_PGC_ERR_Antagonist_logistic_MACCS
2025-10-06 04:23:02,959 - Using PyTorch device: cuda:0
2025-10-06 04:23:02,960 - Selected compute device: cuda:0
2025-10-06 04:37:11,776 - Best Model Parameters: {'C': 0.1, 'penalty': 'l2', 'solver': 'saga'}
2025-10-06 04:37:11,777 - Validation F1 Score: 0.3310536736650648
2025-10-06 04:37:11,777 - Validation Precision: 0.23720353352130977
2025-10-06 04:37:11,777 - Validation Recall: 0.5488721804511278
2025-10-06 04:37:11,777 - Validation Accuracy: 0.7500396148264039
2025-10-06 04:37:11,777 - Validation AUC: 0.7098498482523703
2025-10-06 04:37:12,511 - Holdout Validation F1 Score: 0.2734584450402145
2025-10-06 04:37:12,512 - Holdout Validation Precision: 0.18085106382978725
2025-10-06 04:37:12,512 - Holdout Validation Recall: 0.5604395604395604
2025-10-06 04:37:12,512 - Holdout Validation Accuracy: 0.6083815028901735
2025-10-06 04:37:12,512 - Holdout Validation AUC: 0.598352562578852
2025-10-06 04:37:12,522 - Test F1 Score: 0.31693989071038253
2025-10-06 04:37:12,522 - Test Precision: 0.2188679245283019
2025-10-06 04:37:12,522 - Test Recall: 0.5742574257425742
2025-10-06 04:37:12,522 - Test Accuracy: 0.6418338108882522
2025-10-06 04:37:12,522 - Test AUC: 0.6670149427003003
2025-10-06 04:37:12,524 - Best model saved as /gpfs/home1/won0316/_RESEARCH/0817_Genotoxicity/1_Git_upload/ChemBAI/ToxCast_model/experiments/training/DART_MTL/results/seed_2/TOX21_PGC_ERR_Antagonist_logistic_MACCS/model.joblib
[2025-10-06 04:37:12] END seed_2:TOX21_PGC_ERR_Antagonist_logistic_MACCS status=0
[2025-10-06 04:37:12] Job TOX21_PGC_ERR_Antagonist_logistic_MACCS completed successfully
[2025-10-06 04:37:12] Command finished with status 0
