[2025-10-01 12:37:15] Job 482518 starting on n005.hpc
[2025-10-01 12:37:15] Label: DART_MTL_BSK_3C_uPAR_gbt_Pattern
[2025-10-01 12:37:15] Job DART_MTL_BSK_3C_uPAR_gbt_Pattern starting on n005.hpc
[2025-10-01 12:37:15] START seed_0:BSK_3C_uPAR_gbt_Pattern
2025-10-01 12:37:19,534 - Using PyTorch device: cuda:0
2025-10-01 12:37:19,535 - Selected compute device: cuda:0
2025-10-01 14:21:41,088 - Best Model Parameters: {'learning_rate': 0.05, 'max_depth': 5, 'min_samples_leaf': 1, 'min_samples_split': 2, 'n_estimators': 300}
2025-10-01 14:21:41,088 - Validation F1 Score: 0.49887073217510025
2025-10-01 14:21:41,088 - Validation Precision: 0.5079175667081062
2025-10-01 14:21:41,088 - Validation Recall: 0.4919672131147541
2025-10-01 14:21:41,088 - Validation Accuracy: 0.7694802494802495
2025-10-01 14:21:41,088 - Validation AUC: 0.7481487833271341
2025-10-01 14:22:02,795 - Holdout Validation F1 Score: 0.5333333333333333
2025-10-01 14:22:02,796 - Holdout Validation Precision: 0.4507042253521127
2025-10-01 14:22:02,796 - Holdout Validation Recall: 0.6530612244897959
2025-10-01 14:22:02,796 - Holdout Validation Accuracy: 0.6291390728476821
2025-10-01 14:22:02,796 - Holdout Validation AUC: 0.7272909163665466
2025-10-01 14:22:02,823 - Test F1 Score: 0.5391304347826087
2025-10-01 14:22:02,823 - Test Precision: 0.543859649122807
2025-10-01 14:22:02,823 - Test Recall: 0.5344827586206896
2025-10-01 14:22:02,823 - Test Accuracy: 0.6900584795321637
2025-10-01 14:22:02,823 - Test AUC: 0.6728715288373512
2025-10-01 14:22:02,836 - Best model saved as /gpfs/home1/won0316/_RESEARCH/0817_Genotoxicity/1_Git_upload/ChemBAI/ToxCast_model/experiments/training/DART_MTL/results/seed_0/BSK_3C_uPAR_gbt_Pattern/model.joblib
[2025-10-01 14:22:03] END seed_0:BSK_3C_uPAR_gbt_Pattern status=0
[2025-10-01 14:22:03] START seed_1:BSK_3C_uPAR_gbt_Pattern
2025-10-01 14:22:05,618 - Using PyTorch device: cuda:0
2025-10-01 14:22:05,619 - Selected compute device: cuda:0
2025-10-01 16:11:30,289 - Best Model Parameters: {'learning_rate': 0.1, 'max_depth': 5, 'min_samples_leaf': 1, 'min_samples_split': 2, 'n_estimators': 100}
2025-10-01 16:11:30,289 - Validation F1 Score: 0.47288846720796585
2025-10-01 16:11:30,289 - Validation Precision: 0.470421333052912
2025-10-01 16:11:30,289 - Validation Recall: 0.47971153846153847
2025-10-01 16:11:30,289 - Validation Accuracy: 0.7457835901888431
2025-10-01 16:11:30,289 - Validation AUC: 0.7273032140576463
2025-10-01 16:11:38,006 - Holdout Validation F1 Score: 0.41935483870967744
2025-10-01 16:11:38,006 - Holdout Validation Precision: 0.4482758620689655
2025-10-01 16:11:38,006 - Holdout Validation Recall: 0.3939393939393939
2025-10-01 16:11:38,006 - Holdout Validation Accuracy: 0.6635514018691588
2025-10-01 16:11:38,006 - Holdout Validation AUC: 0.6347256347256347
2025-10-01 16:11:38,031 - Test F1 Score: 0.5178571428571429
2025-10-01 16:11:38,031 - Test Precision: 0.5
2025-10-01 16:11:38,031 - Test Recall: 0.5370370370370371
2025-10-01 16:11:38,031 - Test Accuracy: 0.6516129032258065
2025-10-01 16:11:38,031 - Test AUC: 0.6842684268426843
2025-10-01 16:11:38,037 - Best model saved as /gpfs/home1/won0316/_RESEARCH/0817_Genotoxicity/1_Git_upload/ChemBAI/ToxCast_model/experiments/training/DART_MTL/results/seed_1/BSK_3C_uPAR_gbt_Pattern/model.joblib
[2025-10-01 16:11:38] END seed_1:BSK_3C_uPAR_gbt_Pattern status=0
[2025-10-01 16:11:38] START seed_2:BSK_3C_uPAR_gbt_Pattern
2025-10-01 16:11:40,802 - Using PyTorch device: cuda:0
2025-10-01 16:11:40,803 - Selected compute device: cuda:0
2025-10-01 17:55:44,940 - Best Model Parameters: {'learning_rate': 0.05, 'max_depth': 3, 'min_samples_leaf': 1, 'min_samples_split': 2, 'n_estimators': 100}
2025-10-01 17:55:44,940 - Validation F1 Score: 0.4973545958879136
2025-10-01 17:55:44,940 - Validation Precision: 0.4531821046337175
2025-10-01 17:55:44,940 - Validation Recall: 0.5545826932923706
2025-10-01 17:55:44,940 - Validation Accuracy: 0.7347541452258433
2025-10-01 17:55:44,940 - Validation AUC: 0.7380230089590876
2025-10-01 17:55:49,521 - Holdout Validation F1 Score: 0.5185185185185185
2025-10-01 17:55:49,521 - Holdout Validation Precision: 0.4166666666666667
2025-10-01 17:55:49,521 - Holdout Validation Recall: 0.6862745098039216
2025-10-01 17:55:49,521 - Holdout Validation Accuracy: 0.5547945205479452
2025-10-01 17:55:49,521 - Holdout Validation AUC: 0.6212590299277606
2025-10-01 17:55:49,546 - Test F1 Score: 0.4074074074074074
2025-10-01 17:55:49,546 - Test Precision: 0.36065573770491804
2025-10-01 17:55:49,546 - Test Recall: 0.46808510638297873
2025-10-01 17:55:49,546 - Test Accuracy: 0.5733333333333334
2025-10-01 17:55:49,546 - Test AUC: 0.5865523652137988
2025-10-01 17:55:49,551 - Best model saved as /gpfs/home1/won0316/_RESEARCH/0817_Genotoxicity/1_Git_upload/ChemBAI/ToxCast_model/experiments/training/DART_MTL/results/seed_2/BSK_3C_uPAR_gbt_Pattern/model.joblib
[2025-10-01 17:55:50] END seed_2:BSK_3C_uPAR_gbt_Pattern status=0
[2025-10-01 17:55:50] Job DART_MTL_BSK_3C_uPAR_gbt_Pattern completed successfully
[2025-10-01 17:55:50] Command finished with status 0
