[2025-10-04 12:33:53] Job 486620 starting on n006.hpc
[2025-10-04 12:33:53] Label: CEETOX_H295R_ESTRONE_rf_Layered
[2025-10-04 12:33:53] Job CEETOX_H295R_ESTRONE_rf_Layered starting on n006.hpc
[2025-10-04 12:33:53] START seed_0:CEETOX_H295R_ESTRONE_rf_Layered
2025-10-04 12:33:56,825 - Using PyTorch device: cuda:0
2025-10-04 12:33:56,826 - Selected compute device: cuda:0
2025-10-04 12:37:07,111 - Best Model Parameters: {'max_depth': 5, 'min_samples_leaf': 1, 'min_samples_split': 2, 'n_estimators': 400}
2025-10-04 12:37:07,111 - Validation F1 Score: 0.15326432022084197
2025-10-04 12:37:07,112 - Validation Precision: 0.12580086580086577
2025-10-04 12:37:07,112 - Validation Recall: 0.2
2025-10-04 12:37:07,112 - Validation Accuracy: 0.7616681722372778
2025-10-04 12:37:07,112 - Validation AUC: 0.5903137155420259
2025-10-04 12:37:07,916 - Holdout Validation F1 Score: 0.2962962962962963
2025-10-04 12:37:07,916 - Holdout Validation Precision: 0.3333333333333333
2025-10-04 12:37:07,916 - Holdout Validation Recall: 0.26666666666666666
2025-10-04 12:37:07,916 - Holdout Validation Accuracy: 0.7205882352941176
2025-10-04 12:37:07,916 - Holdout Validation AUC: 0.5339622641509434
2025-10-04 12:37:08,026 - Test F1 Score: 0.5769230769230769
2025-10-04 12:37:08,026 - Test Precision: 0.625
2025-10-04 12:37:08,026 - Test Recall: 0.5357142857142857
2025-10-04 12:37:08,026 - Test Accuracy: 0.7283950617283951
2025-10-04 12:37:08,026 - Test AUC: 0.6977762803234502
2025-10-04 12:37:08,113 - Best model saved as /gpfs/home1/won0316/_RESEARCH/0817_Genotoxicity/1_Git_upload/ChemBAI/ToxCast_model/experiments/training/DART_MTL/results/seed_0/CEETOX_H295R_ESTRONE_rf_Layered/model.joblib
[2025-10-04 12:37:08] END seed_0:CEETOX_H295R_ESTRONE_rf_Layered status=0
[2025-10-04 12:37:08] START seed_1:CEETOX_H295R_ESTRONE_rf_Layered
2025-10-04 12:37:11,238 - Using PyTorch device: cuda:0
2025-10-04 12:37:11,239 - Selected compute device: cuda:0
2025-10-04 12:40:22,197 - Best Model Parameters: {'max_depth': 5, 'min_samples_leaf': 2, 'min_samples_split': 2, 'n_estimators': 400}
2025-10-04 12:40:22,197 - Validation F1 Score: 0.3598029556650246
2025-10-04 12:40:22,197 - Validation Precision: 0.3220454545454545
2025-10-04 12:40:22,197 - Validation Recall: 0.41208791208791207
2025-10-04 12:40:22,197 - Validation Accuracy: 0.7814351378958121
2025-10-04 12:40:22,198 - Validation AUC: 0.6627318295739348
2025-10-04 12:40:22,993 - Holdout Validation F1 Score: 0.34782608695652173
2025-10-04 12:40:22,993 - Holdout Validation Precision: 0.26666666666666666
2025-10-04 12:40:22,993 - Holdout Validation Recall: 0.5
2025-10-04 12:40:22,993 - Holdout Validation Accuracy: 0.6739130434782609
2025-10-04 12:40:22,993 - Holdout Validation AUC: 0.6907894736842105
2025-10-04 12:40:23,103 - Test F1 Score: 0.08333333333333333
2025-10-04 12:40:23,103 - Test Precision: 0.1
2025-10-04 12:40:23,103 - Test Recall: 0.07142857142857142
2025-10-04 12:40:23,103 - Test Accuracy: 0.6666666666666666
2025-10-04 12:40:23,103 - Test AUC: 0.5267857142857143
2025-10-04 12:40:23,191 - Best model saved as /gpfs/home1/won0316/_RESEARCH/0817_Genotoxicity/1_Git_upload/ChemBAI/ToxCast_model/experiments/training/DART_MTL/results/seed_1/CEETOX_H295R_ESTRONE_rf_Layered/model.joblib
[2025-10-04 12:40:23] END seed_1:CEETOX_H295R_ESTRONE_rf_Layered status=0
[2025-10-04 12:40:23] START seed_2:CEETOX_H295R_ESTRONE_rf_Layered
2025-10-04 12:40:25,753 - Using PyTorch device: cuda:0
2025-10-04 12:40:25,754 - Selected compute device: cuda:0
2025-10-04 12:43:36,717 - Best Model Parameters: {'max_depth': 5, 'min_samples_leaf': 1, 'min_samples_split': 2, 'n_estimators': 600}
2025-10-04 12:43:36,717 - Validation F1 Score: 0.28575172975172974
2025-10-04 12:43:36,718 - Validation Precision: 0.2683667313079078
2025-10-04 12:43:36,718 - Validation Recall: 0.3076923076923077
2025-10-04 12:43:36,718 - Validation Accuracy: 0.7726050420168068
2025-10-04 12:43:36,718 - Validation AUC: 0.6776182737450342
2025-10-04 12:43:37,781 - Holdout Validation F1 Score: 0.25806451612903225
2025-10-04 12:43:37,781 - Holdout Validation Precision: 0.26666666666666666
2025-10-04 12:43:37,781 - Holdout Validation Recall: 0.25
2025-10-04 12:43:37,781 - Holdout Validation Accuracy: 0.6461538461538462
2025-10-04 12:43:37,781 - Holdout Validation AUC: 0.5121173469387755
2025-10-04 12:43:37,913 - Test F1 Score: 0.0
2025-10-04 12:43:37,913 - Test Precision: 0.0
2025-10-04 12:43:37,913 - Test Recall: 0.0
2025-10-04 12:43:37,913 - Test Accuracy: 0.8115942028985508
2025-10-04 12:43:37,913 - Test AUC: 0.5345622119815667
2025-10-04 12:43:38,045 - Best model saved as /gpfs/home1/won0316/_RESEARCH/0817_Genotoxicity/1_Git_upload/ChemBAI/ToxCast_model/experiments/training/DART_MTL/results/seed_2/CEETOX_H295R_ESTRONE_rf_Layered/model.joblib
[2025-10-04 12:43:38] END seed_2:CEETOX_H295R_ESTRONE_rf_Layered status=0
[2025-10-04 12:43:38] Job CEETOX_H295R_ESTRONE_rf_Layered completed successfully
[2025-10-04 12:43:38] Command finished with status 0
