[2025-10-04 08:25:51] Job 486129 starting on n006.hpc
[2025-10-04 08:25:51] Label: CEETOX_H295R_OHPROG_dt_Morgan
[2025-10-04 08:25:51] Job CEETOX_H295R_OHPROG_dt_Morgan starting on n006.hpc
[2025-10-04 08:25:51] START seed_0:CEETOX_H295R_OHPROG_dt_Morgan
2025-10-04 08:25:54,628 - Using PyTorch device: cuda:0
2025-10-04 08:25:54,628 - Selected compute device: cuda:0
2025-10-04 08:26:53,440 - Best Model Parameters: {'criterion': 'entropy', 'max_depth': 3, 'min_samples_leaf': 1, 'min_samples_split': 2}
2025-10-04 08:26:53,440 - Validation F1 Score: 0.6131326188350423
2025-10-04 08:26:53,440 - Validation Precision: 0.47541979167140863
2025-10-04 08:26:53,440 - Validation Recall: 0.8652100840336134
2025-10-04 08:26:53,440 - Validation Accuracy: 0.5404396266184884
2025-10-04 08:26:53,440 - Validation AUC: 0.5732166323976399
2025-10-04 08:26:53,610 - Holdout Validation F1 Score: 0.6451612903225806
2025-10-04 08:26:53,611 - Holdout Validation Precision: 0.5172413793103449
2025-10-04 08:26:53,611 - Holdout Validation Recall: 0.8571428571428571
2025-10-04 08:26:53,611 - Holdout Validation Accuracy: 0.5147058823529411
2025-10-04 08:26:53,611 - Holdout Validation AUC: 0.4974025974025974
2025-10-04 08:26:53,627 - Test F1 Score: 0.6736842105263158
2025-10-04 08:26:53,627 - Test Precision: 0.5079365079365079
2025-10-04 08:26:53,627 - Test Recall: 1.0
2025-10-04 08:26:53,627 - Test Accuracy: 0.6172839506172839
2025-10-04 08:26:53,627 - Test AUC: 0.6833545918367346
2025-10-04 08:26:53,629 - Best model saved as /gpfs/home1/won0316/_RESEARCH/0817_Genotoxicity/1_Git_upload/ChemBAI/ToxCast_model/experiments/training/DART_MTL/results/seed_0/CEETOX_H295R_OHPROG_dt_Morgan/model.joblib
[2025-10-04 08:26:54] END seed_0:CEETOX_H295R_OHPROG_dt_Morgan status=0
[2025-10-04 08:26:54] START seed_1:CEETOX_H295R_OHPROG_dt_Morgan
2025-10-04 08:26:56,846 - Using PyTorch device: cuda:0
2025-10-04 08:26:56,847 - Selected compute device: cuda:0
2025-10-04 08:27:57,055 - Best Model Parameters: {'criterion': 'entropy', 'max_depth': 3, 'min_samples_leaf': 1, 'min_samples_split': 2}
2025-10-04 08:27:57,055 - Validation F1 Score: 0.6293573343987925
2025-10-04 08:27:57,055 - Validation Precision: 0.48935726556830755
2025-10-04 08:27:57,055 - Validation Recall: 0.8842105263157896
2025-10-04 08:27:57,055 - Validation Accuracy: 0.5539836567926455
2025-10-04 08:27:57,055 - Validation AUC: 0.5993756449948401
2025-10-04 08:27:57,226 - Holdout Validation F1 Score: 0.5454545454545454
2025-10-04 08:27:57,226 - Holdout Validation Precision: 0.4166666666666667
2025-10-04 08:27:57,226 - Holdout Validation Recall: 0.7894736842105263
2025-10-04 08:27:57,226 - Holdout Validation Accuracy: 0.45652173913043476
2025-10-04 08:27:57,226 - Holdout Validation AUC: 0.5116959064327486
2025-10-04 08:27:57,242 - Test F1 Score: 0.6428571428571429
2025-10-04 08:27:57,242 - Test Precision: 0.4909090909090909
2025-10-04 08:27:57,243 - Test Recall: 0.9310344827586207
2025-10-04 08:27:57,243 - Test Accuracy: 0.5454545454545454
2025-10-04 08:27:57,243 - Test AUC: 0.6043802423112767
2025-10-04 08:27:57,245 - Best model saved as /gpfs/home1/won0316/_RESEARCH/0817_Genotoxicity/1_Git_upload/ChemBAI/ToxCast_model/experiments/training/DART_MTL/results/seed_1/CEETOX_H295R_OHPROG_dt_Morgan/model.joblib
[2025-10-04 08:27:57] END seed_1:CEETOX_H295R_OHPROG_dt_Morgan status=0
[2025-10-04 08:27:57] START seed_2:CEETOX_H295R_OHPROG_dt_Morgan
2025-10-04 08:28:00,144 - Using PyTorch device: cuda:0
2025-10-04 08:28:00,146 - Selected compute device: cuda:0
2025-10-04 08:28:57,334 - Best Model Parameters: {'criterion': 'entropy', 'max_depth': 3, 'min_samples_leaf': 2, 'min_samples_split': 2}
2025-10-04 08:28:57,334 - Validation F1 Score: 0.5885198120313443
2025-10-04 08:28:57,334 - Validation Precision: 0.471610116539694
2025-10-04 08:28:57,334 - Validation Recall: 0.8080213903743315
2025-10-04 08:28:57,334 - Validation Accuracy: 0.5685714285714285
2025-10-04 08:28:57,334 - Validation AUC: 0.6244626192723078
2025-10-04 08:28:57,501 - Holdout Validation F1 Score: 0.723404255319149
2025-10-04 08:28:57,501 - Holdout Validation Precision: 0.6071428571428571
2025-10-04 08:28:57,501 - Holdout Validation Recall: 0.8947368421052632
2025-10-04 08:28:57,501 - Holdout Validation Accuracy: 0.6
2025-10-04 08:28:57,501 - Holdout Validation AUC: 0.5243664717348928
2025-10-04 08:28:57,517 - Test F1 Score: 0.6341463414634146
2025-10-04 08:28:57,517 - Test Precision: 0.5306122448979592
2025-10-04 08:28:57,517 - Test Recall: 0.7878787878787878
2025-10-04 08:28:57,517 - Test Accuracy: 0.5652173913043478
2025-10-04 08:28:57,517 - Test AUC: 0.5963804713804713
2025-10-04 08:28:57,519 - Best model saved as /gpfs/home1/won0316/_RESEARCH/0817_Genotoxicity/1_Git_upload/ChemBAI/ToxCast_model/experiments/training/DART_MTL/results/seed_2/CEETOX_H295R_OHPROG_dt_Morgan/model.joblib
[2025-10-04 08:28:57] END seed_2:CEETOX_H295R_OHPROG_dt_Morgan status=0
[2025-10-04 08:28:57] Job CEETOX_H295R_OHPROG_dt_Morgan completed successfully
[2025-10-04 08:28:57] Command finished with status 0
