[2025-10-04 17:09:54] Job 487106 starting on n007.hpc
[2025-10-04 17:09:54] Label: TOX21_ERa_BLA_Antagonist_ratio_xgb_Layered
[2025-10-04 17:09:54] Job TOX21_ERa_BLA_Antagonist_ratio_xgb_Layered starting on n007.hpc
[2025-10-04 17:09:54] START seed_0:TOX21_ERa_BLA_Antagonist_ratio_xgb_Layered
2025-10-04 17:09:58,423 - Using PyTorch device: cuda:0
2025-10-04 17:09:58,423 - Selected compute device: cuda:0
2025-10-04 18:07:04,462 - Best Model Parameters: {'colsample_bytree': 1.0, 'learning_rate': 0.1, 'max_depth': 9, 'min_child_weight': 5, 'n_estimators': 400, 'subsample': 0.8}
2025-10-04 18:07:04,462 - Validation F1 Score: 0.40283660447188874
2025-10-04 18:07:04,463 - Validation Precision: 0.43295343189333435
2025-10-04 18:07:04,463 - Validation Recall: 0.37926058437686344
2025-10-04 18:07:04,463 - Validation Accuracy: 0.8815258018368611
2025-10-04 18:07:04,463 - Validation AUC: 0.7822197526297614
2025-10-04 18:07:11,409 - Holdout Validation F1 Score: 0.5059288537549407
2025-10-04 18:07:11,410 - Holdout Validation Precision: 0.5818181818181818
2025-10-04 18:07:11,410 - Holdout Validation Recall: 0.44755244755244755
2025-10-04 18:07:11,410 - Holdout Validation Accuracy: 0.842964824120603
2025-10-04 18:07:11,410 - Holdout Validation AUC: 0.8188832606903051
2025-10-04 18:07:12,170 - Test F1 Score: 0.30303030303030304
2025-10-04 18:07:12,170 - Test Precision: 0.34782608695652173
2025-10-04 18:07:12,171 - Test Recall: 0.2684563758389262
2025-10-04 18:07:12,171 - Test Accuracy: 0.764102564102564
2025-10-04 18:07:12,171 - Test AUC: 0.7035439645178103
2025-10-04 18:07:12,177 - Best model saved as /gpfs/home1/won0316/_RESEARCH/0817_Genotoxicity/1_Git_upload/ChemBAI/ToxCast_model/experiments/training/DART_MTL/results/seed_0/TOX21_ERa_BLA_Antagonist_ratio_xgb_Layered/model.joblib
[2025-10-04 18:07:12] END seed_0:TOX21_ERa_BLA_Antagonist_ratio_xgb_Layered status=0
[2025-10-04 18:07:12] START seed_1:TOX21_ERa_BLA_Antagonist_ratio_xgb_Layered
2025-10-04 18:07:15,726 - Using PyTorch device: cuda:0
2025-10-04 18:07:15,726 - Selected compute device: cuda:0
2025-10-04 19:04:12,427 - Best Model Parameters: {'colsample_bytree': 0.8, 'learning_rate': 0.1, 'max_depth': 9, 'min_child_weight': 1, 'n_estimators': 400, 'subsample': 0.8}
2025-10-04 19:04:12,427 - Validation F1 Score: 0.43747645520620393
2025-10-04 19:04:12,427 - Validation Precision: 0.47024450856339806
2025-10-04 19:04:12,427 - Validation Recall: 0.4091185410334347
2025-10-04 19:04:12,427 - Validation Accuracy: 0.8795375334943003
2025-10-04 19:04:12,427 - Validation AUC: 0.8020898073502533
2025-10-04 19:04:19,934 - Holdout Validation F1 Score: 0.44571428571428573
2025-10-04 19:04:19,934 - Holdout Validation Precision: 0.639344262295082
2025-10-04 19:04:19,934 - Holdout Validation Recall: 0.34210526315789475
2025-10-04 19:04:19,934 - Holdout Validation Accuracy: 0.8746770025839793
2025-10-04 19:04:19,934 - Holdout Validation AUC: 0.7945839978734716
2025-10-04 19:04:20,685 - Test F1 Score: 0.20224719101123595
2025-10-04 19:04:20,685 - Test Precision: 0.3103448275862069
2025-10-04 19:04:20,685 - Test Recall: 0.15
2025-10-04 19:04:20,685 - Test Accuracy: 0.8155844155844156
2025-10-04 19:04:20,685 - Test AUC: 0.726923076923077
2025-10-04 19:04:20,692 - Best model saved as /gpfs/home1/won0316/_RESEARCH/0817_Genotoxicity/1_Git_upload/ChemBAI/ToxCast_model/experiments/training/DART_MTL/results/seed_1/TOX21_ERa_BLA_Antagonist_ratio_xgb_Layered/model.joblib
[2025-10-04 19:04:21] END seed_1:TOX21_ERa_BLA_Antagonist_ratio_xgb_Layered status=0
[2025-10-04 19:04:21] START seed_2:TOX21_ERa_BLA_Antagonist_ratio_xgb_Layered
2025-10-04 19:04:23,581 - Using PyTorch device: cuda:0
2025-10-04 19:04:23,582 - Selected compute device: cuda:0
