[2025-10-02 14:24:00] Job 484075 starting on n005.hpc
[2025-10-02 14:24:00] Label: DART_MTL_BSK_hDFCGF_VCAM1_xgb_MACCS
[2025-10-02 14:24:00] Job DART_MTL_BSK_hDFCGF_VCAM1_xgb_MACCS starting on n005.hpc
[2025-10-02 14:24:00] START seed_0:BSK_hDFCGF_VCAM1_xgb_MACCS
2025-10-02 14:24:04,534 - Using PyTorch device: cuda:0
2025-10-02 14:24:04,535 - Selected compute device: cuda:0
2025-10-02 14:28:37,544 - Best Model Parameters: {'colsample_bytree': 1.0, 'learning_rate': 0.1, 'max_depth': 9, 'min_child_weight': 5, 'n_estimators': 400, 'subsample': 0.8}
2025-10-02 14:28:37,544 - Validation F1 Score: 0.46479923604950824
2025-10-02 14:28:37,544 - Validation Precision: 0.4535014124293785
2025-10-02 14:28:37,544 - Validation Recall: 0.48018648018648025
2025-10-02 14:28:37,544 - Validation Accuracy: 0.7209147609147608
2025-10-02 14:28:37,544 - Validation AUC: 0.6937169831219295
2025-10-02 14:28:38,070 - Holdout Validation F1 Score: 0.5135135135135135
2025-10-02 14:28:38,070 - Holdout Validation Precision: 0.48717948717948717
2025-10-02 14:28:38,070 - Holdout Validation Recall: 0.5428571428571428
2025-10-02 14:28:38,070 - Holdout Validation Accuracy: 0.7615894039735099
2025-10-02 14:28:38,070 - Holdout Validation AUC: 0.762807881773399
2025-10-02 14:28:38,142 - Test F1 Score: 0.32967032967032966
2025-10-02 14:28:38,142 - Test Precision: 0.32608695652173914
2025-10-02 14:28:38,142 - Test Recall: 0.3333333333333333
2025-10-02 14:28:38,142 - Test Accuracy: 0.6432748538011696
2025-10-02 14:28:38,142 - Test AUC: 0.6399470899470898
2025-10-02 14:28:38,147 - Best model saved as /gpfs/home1/won0316/_RESEARCH/0817_Genotoxicity/1_Git_upload/ChemBAI/ToxCast_model/experiments/training/DART_MTL/results/seed_0/BSK_hDFCGF_VCAM1_xgb_MACCS/model.joblib
[2025-10-02 14:28:38] END seed_0:BSK_hDFCGF_VCAM1_xgb_MACCS status=0
[2025-10-02 14:28:38] START seed_1:BSK_hDFCGF_VCAM1_xgb_MACCS
2025-10-02 14:28:41,915 - Using PyTorch device: cuda:0
2025-10-02 14:28:41,916 - Selected compute device: cuda:0
2025-10-02 14:33:19,865 - Best Model Parameters: {'colsample_bytree': 0.8, 'learning_rate': 0.1, 'max_depth': 9, 'min_child_weight': 1, 'n_estimators': 200, 'subsample': 0.8}
2025-10-02 14:33:19,865 - Validation F1 Score: 0.44627715121136174
2025-10-02 14:33:19,865 - Validation Precision: 0.47160499932563055
2025-10-02 14:33:19,865 - Validation Recall: 0.42395566922421135
2025-10-02 14:33:19,865 - Validation Accuracy: 0.7361813544606035
2025-10-02 14:33:19,865 - Validation AUC: 0.7041841474220872
2025-10-02 14:33:20,271 - Holdout Validation F1 Score: 0.27906976744186046
2025-10-02 14:33:20,271 - Holdout Validation Precision: 0.42857142857142855
2025-10-02 14:33:20,271 - Holdout Validation Recall: 0.20689655172413793
2025-10-02 14:33:20,271 - Holdout Validation Accuracy: 0.7102803738317757
2025-10-02 14:33:20,271 - Holdout Validation AUC: 0.636604774535809
2025-10-02 14:33:20,343 - Test F1 Score: 0.48717948717948717
2025-10-02 14:33:20,343 - Test Precision: 0.475
2025-10-02 14:33:20,343 - Test Recall: 0.5
2025-10-02 14:33:20,343 - Test Accuracy: 0.7419354838709677
2025-10-02 14:33:20,343 - Test AUC: 0.6798245614035088
2025-10-02 14:33:20,348 - Best model saved as /gpfs/home1/won0316/_RESEARCH/0817_Genotoxicity/1_Git_upload/ChemBAI/ToxCast_model/experiments/training/DART_MTL/results/seed_1/BSK_hDFCGF_VCAM1_xgb_MACCS/model.joblib
[2025-10-02 14:33:20] END seed_1:BSK_hDFCGF_VCAM1_xgb_MACCS status=0
[2025-10-02 14:33:20] START seed_2:BSK_hDFCGF_VCAM1_xgb_MACCS
2025-10-02 14:33:24,053 - Using PyTorch device: cuda:0
2025-10-02 14:33:24,053 - Selected compute device: cuda:0
2025-10-02 14:37:58,850 - Best Model Parameters: {'colsample_bytree': 0.8, 'learning_rate': 0.1, 'max_depth': 6, 'min_child_weight': 5, 'n_estimators': 400, 'subsample': 1.0}
2025-10-02 14:37:58,850 - Validation F1 Score: 0.47091664347514833
2025-10-02 14:37:58,850 - Validation Precision: 0.469341245632424
2025-10-02 14:37:58,850 - Validation Recall: 0.4727272727272728
2025-10-02 14:37:58,850 - Validation Accuracy: 0.7346912521440824
2025-10-02 14:37:58,850 - Validation AUC: 0.7163624596813267
2025-10-02 14:37:59,317 - Holdout Validation F1 Score: 0.4533333333333333
2025-10-02 14:37:59,317 - Holdout Validation Precision: 0.4857142857142857
2025-10-02 14:37:59,317 - Holdout Validation Recall: 0.425
2025-10-02 14:37:59,317 - Holdout Validation Accuracy: 0.7191780821917808
2025-10-02 14:37:59,317 - Holdout Validation AUC: 0.7250000000000001
2025-10-02 14:37:59,388 - Test F1 Score: 0.41379310344827586
2025-10-02 14:37:59,389 - Test Precision: 0.375
2025-10-02 14:37:59,389 - Test Recall: 0.46153846153846156
2025-10-02 14:37:59,389 - Test Accuracy: 0.66
2025-10-02 14:37:59,389 - Test AUC: 0.5571725571725572
2025-10-02 14:37:59,394 - Best model saved as /gpfs/home1/won0316/_RESEARCH/0817_Genotoxicity/1_Git_upload/ChemBAI/ToxCast_model/experiments/training/DART_MTL/results/seed_2/BSK_hDFCGF_VCAM1_xgb_MACCS/model.joblib
[2025-10-02 14:38:00] END seed_2:BSK_hDFCGF_VCAM1_xgb_MACCS status=0
[2025-10-02 14:38:00] Job DART_MTL_BSK_hDFCGF_VCAM1_xgb_MACCS completed successfully
[2025-10-02 14:38:00] Command finished with status 0
