[2025-09-30 23:59:29] Job 482024 starting on n011.hpc
[2025-09-30 23:59:29] Label: DART_MTL_ATG_ERE_CIS_gbt_Layered
[2025-09-30 23:59:29] Job DART_MTL_ATG_ERE_CIS_gbt_Layered starting on n011.hpc
[2025-09-30 23:59:29] START seed_0:ATG_ERE_CIS_gbt_Layered
2025-09-30 23:59:33,664 - Using PyTorch device: cuda:0
2025-09-30 23:59:33,665 - Selected compute device: cuda:0
2025-10-01 05:06:27,079 - Best Model Parameters: {'learning_rate': 0.05, 'max_depth': 5, 'min_samples_leaf': 2, 'min_samples_split': 2, 'n_estimators': 200}
2025-10-01 05:06:27,079 - Validation F1 Score: 0.4544140349113624
2025-10-01 05:06:27,079 - Validation Precision: 0.4257936849392835
2025-10-01 05:06:27,079 - Validation Recall: 0.49002457002457006
2025-10-01 05:06:27,079 - Validation Accuracy: 0.7827354409317804
2025-10-01 05:06:27,079 - Validation AUC: 0.7203097494526066
2025-10-01 05:07:10,117 - Holdout Validation F1 Score: 0.4931506849315068
2025-10-01 05:07:10,118 - Holdout Validation Precision: 0.6206896551724138
2025-10-01 05:07:10,118 - Holdout Validation Recall: 0.4090909090909091
2025-10-01 05:07:10,118 - Holdout Validation Accuracy: 0.7120622568093385
2025-10-01 05:07:10,118 - Holdout Validation AUC: 0.6933835395373856
2025-10-01 05:07:10,150 - Test F1 Score: 0.4931506849315068
2025-10-01 05:07:10,150 - Test Precision: 0.5901639344262295
2025-10-01 05:07:10,150 - Test Recall: 0.4235294117647059
2025-10-01 05:07:10,150 - Test Accuracy: 0.7628205128205128
2025-10-01 05:07:10,150 - Test AUC: 0.715055713915522
2025-10-01 05:07:10,160 - Best model saved as /gpfs/home1/won0316/_RESEARCH/0817_Genotoxicity/1_Git_upload/ChemBAI/ToxCast_model/experiments/training/DART_MTL/results/seed_0/ATG_ERE_CIS_gbt_Layered/model.joblib
[2025-10-01 05:07:10] END seed_0:ATG_ERE_CIS_gbt_Layered status=0
[2025-10-01 05:07:10] START seed_1:ATG_ERE_CIS_gbt_Layered
2025-10-01 05:07:12,750 - Using PyTorch device: cuda:0
2025-10-01 05:07:12,751 - Selected compute device: cuda:0
[2025-10-03 08:18:09] Job 484995 starting on n007.hpc
[2025-10-03 08:18:09] Label: ATG_ERE_CIS_gbt_Layered
[2025-10-03 08:18:09] Job ATG_ERE_CIS_gbt_Layered starting on n007.hpc
[2025-10-03 08:18:09] SKIP seed_0:ATG_ERE_CIS_gbt_Layered model.joblib exists
[2025-10-03 08:18:09] START seed_1:ATG_ERE_CIS_gbt_Layered
2025-10-03 08:18:13,393 - Using PyTorch device: cuda:0
2025-10-03 08:18:13,394 - Selected compute device: cuda:0
2025-10-03 13:17:22,323 - Best Model Parameters: {'learning_rate': 0.2, 'max_depth': 3, 'min_samples_leaf': 1, 'min_samples_split': 2, 'n_estimators': 200}
2025-10-03 13:17:22,323 - Validation F1 Score: 0.48837517199104435
2025-10-03 13:17:22,323 - Validation Precision: 0.4614323839806131
2025-10-03 13:17:22,323 - Validation Recall: 0.519384703033756
2025-10-03 13:17:22,323 - Validation Accuracy: 0.784658521145303
2025-10-03 13:17:22,323 - Validation AUC: 0.7228383444952943
2025-10-03 13:17:46,686 - Holdout Validation F1 Score: 0.30927835051546393
2025-10-03 13:17:46,686 - Holdout Validation Precision: 0.32608695652173914
2025-10-03 13:17:46,686 - Holdout Validation Recall: 0.29411764705882354
2025-10-03 13:17:46,686 - Holdout Validation Accuracy: 0.7442748091603053
2025-10-03 13:17:46,686 - Holdout Validation AUC: 0.6334913112164297
2025-10-03 13:17:46,716 - Test F1 Score: 0.4148148148148148
2025-10-03 13:17:46,716 - Test Precision: 0.5283018867924528
2025-10-03 13:17:46,716 - Test Recall: 0.34146341463414637
2025-10-03 13:17:46,716 - Test Accuracy: 0.7546583850931677
2025-10-03 13:17:46,716 - Test AUC: 0.673755081300813
2025-10-03 13:17:46,725 - Best model saved as /gpfs/home1/won0316/_RESEARCH/0817_Genotoxicity/1_Git_upload/ChemBAI/ToxCast_model/experiments/training/DART_MTL/results/seed_1/ATG_ERE_CIS_gbt_Layered/model.joblib
[2025-10-03 13:17:47] END seed_1:ATG_ERE_CIS_gbt_Layered status=0
[2025-10-03 13:17:47] START seed_2:ATG_ERE_CIS_gbt_Layered
2025-10-03 13:17:49,479 - Using PyTorch device: cuda:0
2025-10-03 13:17:49,480 - Selected compute device: cuda:0
