[2025-10-02 00:48:43] Job 483293 starting on n011.hpc
[2025-10-02 00:48:43] Label: DART_MTL_BSK_CASM3C_uPAR_rf_Layered
[2025-10-02 00:48:43] Job DART_MTL_BSK_CASM3C_uPAR_rf_Layered starting on n011.hpc
[2025-10-02 00:48:43] START seed_0:BSK_CASM3C_uPAR_rf_Layered
2025-10-02 00:48:47,072 - Using PyTorch device: cuda:0
2025-10-02 00:48:47,073 - Selected compute device: cuda:0
2025-10-02 00:52:33,650 - Best Model Parameters: {'max_depth': None, 'min_samples_leaf': 1, 'min_samples_split': 2, 'n_estimators': 200}
2025-10-02 00:52:33,650 - Validation F1 Score: 0.31076847047195455
2025-10-02 00:52:33,650 - Validation Precision: 0.341287560478737
2025-10-02 00:52:33,651 - Validation Recall: 0.288904694167852
2025-10-02 00:52:33,651 - Validation Accuracy: 0.8203712503712504
2025-10-02 00:52:33,651 - Validation AUC: 0.71291088385683
2025-10-02 00:52:34,403 - Holdout Validation F1 Score: 0.23255813953488372
2025-10-02 00:52:34,403 - Holdout Validation Precision: 0.22727272727272727
2025-10-02 00:52:34,403 - Holdout Validation Recall: 0.23809523809523808
2025-10-02 00:52:34,403 - Holdout Validation Accuracy: 0.7814569536423841
2025-10-02 00:52:34,403 - Holdout Validation AUC: 0.6051282051282052
2025-10-02 00:52:34,474 - Test F1 Score: 0.2
2025-10-02 00:52:34,474 - Test Precision: 0.4444444444444444
2025-10-02 00:52:34,474 - Test Recall: 0.12903225806451613
2025-10-02 00:52:34,474 - Test Accuracy: 0.8128654970760234
2025-10-02 00:52:34,474 - Test AUC: 0.5867511520737326
2025-10-02 00:52:34,526 - Best model saved as /gpfs/home1/won0316/_RESEARCH/0817_Genotoxicity/1_Git_upload/ChemBAI/ToxCast_model/experiments/training/DART_MTL/results/seed_0/BSK_CASM3C_uPAR_rf_Layered/model.joblib
[2025-10-02 00:52:35] END seed_0:BSK_CASM3C_uPAR_rf_Layered status=0
[2025-10-02 00:52:35] START seed_1:BSK_CASM3C_uPAR_rf_Layered
2025-10-02 00:52:38,032 - Using PyTorch device: cuda:0
2025-10-02 00:52:38,032 - Selected compute device: cuda:0
2025-10-02 00:56:27,437 - Best Model Parameters: {'max_depth': 15, 'min_samples_leaf': 1, 'min_samples_split': 2, 'n_estimators': 200}
2025-10-02 00:56:27,437 - Validation F1 Score: 0.3117162526576196
2025-10-02 00:56:27,437 - Validation Precision: 0.2811790915864096
2025-10-02 00:56:27,437 - Validation Recall: 0.35168690958164645
2025-10-02 00:56:27,437 - Validation Accuracy: 0.7811428261341437
2025-10-02 00:56:27,437 - Validation AUC: 0.6721562254528068
2025-10-02 00:56:28,166 - Holdout Validation F1 Score: 0.27586206896551724
2025-10-02 00:56:28,166 - Holdout Validation Precision: 0.3333333333333333
2025-10-02 00:56:28,166 - Holdout Validation Recall: 0.23529411764705882
2025-10-02 00:56:28,166 - Holdout Validation Accuracy: 0.8037383177570093
2025-10-02 00:56:28,166 - Holdout Validation AUC: 0.6718954248366014
2025-10-02 00:56:28,235 - Test F1 Score: 0.10810810810810811
2025-10-02 00:56:28,235 - Test Precision: 0.25
2025-10-02 00:56:28,235 - Test Recall: 0.06896551724137931
2025-10-02 00:56:28,235 - Test Accuracy: 0.7870967741935484
2025-10-02 00:56:28,235 - Test AUC: 0.6574986316365627
2025-10-02 00:56:28,284 - Best model saved as /gpfs/home1/won0316/_RESEARCH/0817_Genotoxicity/1_Git_upload/ChemBAI/ToxCast_model/experiments/training/DART_MTL/results/seed_1/BSK_CASM3C_uPAR_rf_Layered/model.joblib
[2025-10-02 00:56:28] END seed_1:BSK_CASM3C_uPAR_rf_Layered status=0
[2025-10-02 00:56:28] START seed_2:BSK_CASM3C_uPAR_rf_Layered
2025-10-02 00:56:31,034 - Using PyTorch device: cuda:0
2025-10-02 00:56:31,035 - Selected compute device: cuda:0
2025-10-02 01:00:18,930 - Best Model Parameters: {'max_depth': None, 'min_samples_leaf': 1, 'min_samples_split': 2, 'n_estimators': 400}
2025-10-02 01:00:18,930 - Validation F1 Score: 0.30671279425137254
2025-10-02 01:00:18,930 - Validation Precision: 0.34672979797979797
2025-10-02 01:00:18,930 - Validation Recall: 0.2780938833570412
2025-10-02 01:00:18,930 - Validation Accuracy: 0.8216209262435678
2025-10-02 01:00:18,930 - Validation AUC: 0.7278473001171819
2025-10-02 01:00:20,067 - Holdout Validation F1 Score: 0.06666666666666667
2025-10-02 01:00:20,067 - Holdout Validation Precision: 0.14285714285714285
2025-10-02 01:00:20,067 - Holdout Validation Recall: 0.043478260869565216
2025-10-02 01:00:20,067 - Holdout Validation Accuracy: 0.8082191780821918
2025-10-02 01:00:20,067 - Holdout Validation AUC: 0.5759985860728172
2025-10-02 01:00:20,179 - Test F1 Score: 0.15
2025-10-02 01:00:20,179 - Test Precision: 0.2727272727272727
2025-10-02 01:00:20,179 - Test Recall: 0.10344827586206896
2025-10-02 01:00:20,179 - Test Accuracy: 0.7733333333333333
2025-10-02 01:00:20,179 - Test AUC: 0.60986035907666
2025-10-02 01:00:20,283 - Best model saved as /gpfs/home1/won0316/_RESEARCH/0817_Genotoxicity/1_Git_upload/ChemBAI/ToxCast_model/experiments/training/DART_MTL/results/seed_2/BSK_CASM3C_uPAR_rf_Layered/model.joblib
[2025-10-02 01:00:20] END seed_2:BSK_CASM3C_uPAR_rf_Layered status=0
[2025-10-02 01:00:20] Job DART_MTL_BSK_CASM3C_uPAR_rf_Layered completed successfully
[2025-10-02 01:00:20] Command finished with status 0
