[2025-10-04 05:54:25] Job 485934 starting on n006.hpc
[2025-10-04 05:54:25] Label: NVS_ENZ_hVEGFR3_dt_Layered
[2025-10-04 05:54:26] Job NVS_ENZ_hVEGFR3_dt_Layered starting on n006.hpc
[2025-10-04 05:54:26] START seed_0:NVS_ENZ_hVEGFR3_dt_Layered
2025-10-04 05:54:29,088 - Using PyTorch device: cuda:0
2025-10-04 05:54:29,088 - Selected compute device: cuda:0
2025-10-04 05:56:09,259 - Best Model Parameters: {'criterion': 'entropy', 'max_depth': None, 'min_samples_leaf': 2, 'min_samples_split': 2}
2025-10-04 05:56:09,259 - Validation F1 Score: 0.5833333333333334
2025-10-04 05:56:09,260 - Validation Precision: 0.5666666666666667
2025-10-04 05:56:09,260 - Validation Recall: 0.6666666666666666
2025-10-04 05:56:09,260 - Validation Accuracy: 0.8032967032967033
2025-10-04 05:56:09,260 - Validation AUC: 0.7424242424242424
2025-10-04 05:56:09,423 - Holdout Validation F1 Score: 0.0
2025-10-04 05:56:09,423 - Holdout Validation Precision: 0.0
2025-10-04 05:56:09,423 - Holdout Validation Recall: 0.0
2025-10-04 05:56:09,423 - Holdout Validation Accuracy: 0.875
2025-10-04 05:56:09,423 - Holdout Validation AUC: nan
2025-10-04 05:56:09,443 - Test F1 Score: 0.0
2025-10-04 05:56:09,443 - Test Precision: 0.0
2025-10-04 05:56:09,443 - Test Recall: 0.0
2025-10-04 05:56:09,443 - Test Accuracy: 0.75
2025-10-04 05:56:09,443 - Test AUC: nan
2025-10-04 05:56:09,445 - Best model saved as /gpfs/home1/won0316/_RESEARCH/0817_Genotoxicity/1_Git_upload/ChemBAI/ToxCast_model/experiments/training/DART_MTL/results/seed_0/NVS_ENZ_hVEGFR3_dt_Layered/model.joblib
[2025-10-04 05:56:09] END seed_0:NVS_ENZ_hVEGFR3_dt_Layered status=0
[2025-10-04 05:56:09] START seed_1:NVS_ENZ_hVEGFR3_dt_Layered
2025-10-04 05:56:12,514 - Using PyTorch device: cuda:0
2025-10-04 05:56:12,516 - Selected compute device: cuda:0
2025-10-04 05:57:52,633 - Best Model Parameters: {'criterion': 'gini', 'max_depth': None, 'min_samples_leaf': 2, 'min_samples_split': 2}
2025-10-04 05:57:52,634 - Validation F1 Score: 0.42666666666666664
2025-10-04 05:57:52,634 - Validation Precision: 0.36333333333333334
2025-10-04 05:57:52,634 - Validation Recall: 0.5333333333333333
2025-10-04 05:57:52,634 - Validation Accuracy: 0.7736263736263735
2025-10-04 05:57:52,634 - Validation AUC: 0.6575757575757576
2025-10-04 05:57:52,797 - Holdout Validation F1 Score: 0.0
2025-10-04 05:57:52,797 - Holdout Validation Precision: 0.0
2025-10-04 05:57:52,797 - Holdout Validation Recall: 0.0
2025-10-04 05:57:52,797 - Holdout Validation Accuracy: 0.8
2025-10-04 05:57:52,797 - Holdout Validation AUC: nan
2025-10-04 05:57:52,818 - Test F1 Score: 0.0
2025-10-04 05:57:52,818 - Test Precision: 0.0
2025-10-04 05:57:52,818 - Test Recall: 0.0
2025-10-04 05:57:52,818 - Test Accuracy: 0.8333333333333334
2025-10-04 05:57:52,818 - Test AUC: 0.45454545454545453
2025-10-04 05:57:52,820 - Best model saved as /gpfs/home1/won0316/_RESEARCH/0817_Genotoxicity/1_Git_upload/ChemBAI/ToxCast_model/experiments/training/DART_MTL/results/seed_1/NVS_ENZ_hVEGFR3_dt_Layered/model.joblib
[2025-10-04 05:57:53] END seed_1:NVS_ENZ_hVEGFR3_dt_Layered status=0
[2025-10-04 05:57:53] START seed_2:NVS_ENZ_hVEGFR3_dt_Layered
2025-10-04 05:57:55,460 - Using PyTorch device: cuda:0
2025-10-04 05:57:55,460 - Selected compute device: cuda:0
2025-10-04 05:59:35,831 - Best Model Parameters: {'criterion': 'gini', 'max_depth': 3, 'min_samples_leaf': 1, 'min_samples_split': 2}
2025-10-04 05:59:35,831 - Validation F1 Score: 0.29047619047619044
2025-10-04 05:59:35,831 - Validation Precision: 0.24
2025-10-04 05:59:35,831 - Validation Recall: 0.4
2025-10-04 05:59:35,831 - Validation Accuracy: 0.6974358974358974
2025-10-04 05:59:35,831 - Validation AUC: 0.5863636363636363
2025-10-04 05:59:35,993 - Holdout Validation F1 Score: 0.0
2025-10-04 05:59:35,993 - Holdout Validation Precision: 0.0
2025-10-04 05:59:35,993 - Holdout Validation Recall: 0.0
2025-10-04 05:59:35,993 - Holdout Validation Accuracy: 0.8
2025-10-04 05:59:35,993 - Holdout Validation AUC: 0.4444444444444444
2025-10-04 05:59:36,013 - Test F1 Score: 0.2857142857142857
2025-10-04 05:59:36,013 - Test Precision: 0.16666666666666666
2025-10-04 05:59:36,013 - Test Recall: 1.0
2025-10-04 05:59:36,013 - Test Accuracy: 0.5
2025-10-04 05:59:36,014 - Test AUC: 0.9444444444444444
2025-10-04 05:59:36,016 - Best model saved as /gpfs/home1/won0316/_RESEARCH/0817_Genotoxicity/1_Git_upload/ChemBAI/ToxCast_model/experiments/training/DART_MTL/results/seed_2/NVS_ENZ_hVEGFR3_dt_Layered/model.joblib
[2025-10-04 05:59:36] END seed_2:NVS_ENZ_hVEGFR3_dt_Layered status=0
[2025-10-04 05:59:36] Job NVS_ENZ_hVEGFR3_dt_Layered completed successfully
[2025-10-04 05:59:36] Command finished with status 0
