[2025-10-04 10:38:02] Job 486428 starting on n007.hpc
[2025-10-04 10:38:02] Label: CEETOX_H295R_ESTRADIOL_xgb_Morgan
[2025-10-04 10:38:02] Job CEETOX_H295R_ESTRADIOL_xgb_Morgan starting on n007.hpc
[2025-10-04 10:38:02] START seed_0:CEETOX_H295R_ESTRADIOL_xgb_Morgan
2025-10-04 10:38:06,166 - Using PyTorch device: cuda:0
2025-10-04 10:38:06,166 - Selected compute device: cuda:0
2025-10-04 10:54:08,302 - Best Model Parameters: {'colsample_bytree': 1.0, 'learning_rate': 0.1, 'max_depth': 3, 'min_child_weight': 3, 'n_estimators': 400, 'subsample': 1.0}
2025-10-04 10:54:08,302 - Validation F1 Score: 0.2281094039446442
2025-10-04 10:54:08,302 - Validation Precision: 0.22809523809523807
2025-10-04 10:54:08,302 - Validation Recall: 0.24444444444444446
2025-10-04 10:54:08,302 - Validation Accuracy: 0.8057813911472449
2025-10-04 10:54:08,302 - Validation AUC: 0.596883984441062
2025-10-04 10:54:09,749 - Holdout Validation F1 Score: 0.25
2025-10-04 10:54:09,749 - Holdout Validation Precision: 0.25
2025-10-04 10:54:09,749 - Holdout Validation Recall: 0.25
2025-10-04 10:54:09,749 - Holdout Validation Accuracy: 0.8235294117647058
2025-10-04 10:54:09,749 - Holdout Validation AUC: 0.5750000000000001
2025-10-04 10:54:10,128 - Test F1 Score: 0.3157894736842105
2025-10-04 10:54:10,128 - Test Precision: 0.3157894736842105
2025-10-04 10:54:10,128 - Test Recall: 0.3157894736842105
2025-10-04 10:54:10,128 - Test Accuracy: 0.6790123456790124
2025-10-04 10:54:10,128 - Test AUC: 0.5611205432937181
2025-10-04 10:54:10,132 - Best model saved as /gpfs/home1/won0316/_RESEARCH/0817_Genotoxicity/1_Git_upload/ChemBAI/ToxCast_model/experiments/training/DART_MTL/results/seed_0/CEETOX_H295R_ESTRADIOL_xgb_Morgan/model.joblib
[2025-10-04 10:54:10] END seed_0:CEETOX_H295R_ESTRADIOL_xgb_Morgan status=0
[2025-10-04 10:54:10] START seed_1:CEETOX_H295R_ESTRADIOL_xgb_Morgan
2025-10-04 10:54:13,841 - Using PyTorch device: cuda:0
2025-10-04 10:54:13,841 - Selected compute device: cuda:0
2025-10-04 11:10:07,684 - Best Model Parameters: {'colsample_bytree': 1.0, 'learning_rate': 0.1, 'max_depth': 9, 'min_child_weight': 3, 'n_estimators': 200, 'subsample': 1.0}
2025-10-04 11:10:07,684 - Validation F1 Score: 0.24726770813727333
2025-10-04 11:10:07,684 - Validation Precision: 0.2362032085561497
2025-10-04 11:10:07,684 - Validation Recall: 0.2654545454545455
2025-10-04 11:10:07,684 - Validation Accuracy: 0.8062053115423902
2025-10-04 11:10:07,684 - Validation AUC: 0.6028526747514088
2025-10-04 11:10:08,894 - Holdout Validation F1 Score: 0.4
2025-10-04 11:10:08,894 - Holdout Validation Precision: 0.375
2025-10-04 11:10:08,894 - Holdout Validation Recall: 0.42857142857142855
2025-10-04 11:10:08,894 - Holdout Validation Accuracy: 0.8043478260869565
2025-10-04 11:10:08,894 - Holdout Validation AUC: 0.6007326007326008
2025-10-04 11:10:09,264 - Test F1 Score: 0.0
2025-10-04 11:10:09,264 - Test Precision: 0.0
2025-10-04 11:10:09,264 - Test Recall: 0.0
2025-10-04 11:10:09,264 - Test Accuracy: 0.803030303030303
2025-10-04 11:10:09,264 - Test AUC: 0.5478395061728395
2025-10-04 11:10:09,267 - Best model saved as /gpfs/home1/won0316/_RESEARCH/0817_Genotoxicity/1_Git_upload/ChemBAI/ToxCast_model/experiments/training/DART_MTL/results/seed_1/CEETOX_H295R_ESTRADIOL_xgb_Morgan/model.joblib
[2025-10-04 11:10:09] END seed_1:CEETOX_H295R_ESTRADIOL_xgb_Morgan status=0
[2025-10-04 11:10:09] START seed_2:CEETOX_H295R_ESTRADIOL_xgb_Morgan
2025-10-04 11:10:12,194 - Using PyTorch device: cuda:0
2025-10-04 11:10:12,195 - Selected compute device: cuda:0
2025-10-04 11:26:06,097 - Best Model Parameters: {'colsample_bytree': 0.8, 'learning_rate': 0.05, 'max_depth': 9, 'min_child_weight': 5, 'n_estimators': 200, 'subsample': 1.0}
2025-10-04 11:26:06,097 - Validation F1 Score: 0.2377889822595705
2025-10-04 11:26:06,098 - Validation Precision: 0.251948051948052
2025-10-04 11:26:06,098 - Validation Recall: 0.23272727272727275
2025-10-04 11:26:06,098 - Validation Accuracy: 0.8152661064425771
2025-10-04 11:26:06,098 - Validation AUC: 0.6003808353808353
2025-10-04 11:26:07,318 - Holdout Validation F1 Score: 0.2608695652173913
2025-10-04 11:26:07,318 - Holdout Validation Precision: 0.3333333333333333
2025-10-04 11:26:07,318 - Holdout Validation Recall: 0.21428571428571427
2025-10-04 11:26:07,318 - Holdout Validation Accuracy: 0.7384615384615385
2025-10-04 11:26:07,318 - Holdout Validation AUC: 0.6855742296918768
2025-10-04 11:26:07,688 - Test F1 Score: 0.0
2025-10-04 11:26:07,688 - Test Precision: 0.0
2025-10-04 11:26:07,688 - Test Recall: 0.0
2025-10-04 11:26:07,688 - Test Accuracy: 0.8405797101449275
2025-10-04 11:26:07,689 - Test AUC: 0.2671957671957672
2025-10-04 11:26:07,692 - Best model saved as /gpfs/home1/won0316/_RESEARCH/0817_Genotoxicity/1_Git_upload/ChemBAI/ToxCast_model/experiments/training/DART_MTL/results/seed_2/CEETOX_H295R_ESTRADIOL_xgb_Morgan/model.joblib
[2025-10-04 11:26:08] END seed_2:CEETOX_H295R_ESTRADIOL_xgb_Morgan status=0
[2025-10-04 11:26:08] Job CEETOX_H295R_ESTRADIOL_xgb_Morgan completed successfully
[2025-10-04 11:26:08] Command finished with status 0
