[2025-09-30 17:43:44] Job 481622 starting on n011.hpc
[2025-09-30 17:43:44] Label: DART_MTL_ATG_DR5_RAR_CIS_gbt_Pattern
[2025-09-30 17:43:44] Job DART_MTL_ATG_DR5_RAR_CIS_gbt_Pattern starting on n011.hpc
[2025-09-30 17:43:44] START seed_0:ATG_DR5_RAR_CIS_gbt_Pattern
2025-09-30 17:43:48,413 - Using PyTorch device: cuda:0
2025-09-30 17:43:48,413 - Selected compute device: cuda:0
2025-09-30 23:02:24,831 - Best Model Parameters: {'learning_rate': 0.1, 'max_depth': 3, 'min_samples_leaf': 2, 'min_samples_split': 2, 'n_estimators': 200}
2025-09-30 23:02:24,831 - Validation F1 Score: 0.25678630827834115
2025-09-30 23:02:24,832 - Validation Precision: 0.21751137019312358
2025-09-30 23:02:24,832 - Validation Recall: 0.3136363636363636
2025-09-30 23:02:24,832 - Validation Accuracy: 0.8647049362174155
2025-09-30 23:02:24,832 - Validation AUC: 0.6523837470564089
2025-09-30 23:02:51,586 - Holdout Validation F1 Score: 0.3225806451612903
2025-09-30 23:02:51,587 - Holdout Validation Precision: 0.2631578947368421
2025-09-30 23:02:51,587 - Holdout Validation Recall: 0.4166666666666667
2025-09-30 23:02:51,587 - Holdout Validation Accuracy: 0.754863813229572
2025-09-30 23:02:51,587 - Holdout Validation AUC: 0.6066490698843641
2025-09-30 23:02:51,616 - Test F1 Score: 0.12121212121212122
2025-09-30 23:02:51,616 - Test Precision: 0.1111111111111111
2025-09-30 23:02:51,616 - Test Recall: 0.13333333333333333
2025-09-30 23:02:51,616 - Test Accuracy: 0.8141025641025641
2025-09-30 23:02:51,616 - Test AUC: 0.5733451536643026
2025-09-30 23:02:51,625 - Best model saved as /gpfs/home1/won0316/_RESEARCH/0817_Genotoxicity/1_Git_upload/ChemBAI/ToxCast_model/experiments/training/DART_MTL/results/seed_0/ATG_DR5_RAR_CIS_gbt_Pattern/model.joblib
[2025-09-30 23:02:52] END seed_0:ATG_DR5_RAR_CIS_gbt_Pattern status=0
[2025-09-30 23:02:52] START seed_1:ATG_DR5_RAR_CIS_gbt_Pattern
2025-09-30 23:02:54,966 - Using PyTorch device: cuda:0
2025-09-30 23:02:54,967 - Selected compute device: cuda:0
[2025-10-03 02:27:40] Job 484651 starting on n005.hpc
[2025-10-03 02:27:41] Label: ATG_DR5_RAR_CIS_gbt_Pattern
[2025-10-03 02:27:41] Job ATG_DR5_RAR_CIS_gbt_Pattern starting on n005.hpc
[2025-10-03 02:27:41] SKIP seed_0:ATG_DR5_RAR_CIS_gbt_Pattern model.joblib exists
[2025-10-03 02:27:41] START seed_1:ATG_DR5_RAR_CIS_gbt_Pattern
2025-10-03 02:27:44,965 - Using PyTorch device: cuda:0
2025-10-03 02:27:44,966 - Selected compute device: cuda:0
