[2025-10-04 13:30:00] Job 486691 starting on n005.hpc
[2025-10-04 13:30:00] Label: CEETOX_H295R_ESTRONE_gbt_Layered
[2025-10-04 13:30:00] Job CEETOX_H295R_ESTRONE_gbt_Layered starting on n005.hpc
[2025-10-04 13:30:00] START seed_0:CEETOX_H295R_ESTRONE_gbt_Layered
2025-10-04 13:30:03,384 - Using PyTorch device: cuda:0
2025-10-04 13:30:03,384 - Selected compute device: cuda:0
2025-10-04 14:23:30,478 - Best Model Parameters: {'learning_rate': 0.2, 'max_depth': 3, 'min_samples_leaf': 1, 'min_samples_split': 4, 'n_estimators': 100}
2025-10-04 14:23:30,478 - Validation F1 Score: 0.21308565531475748
2025-10-04 14:23:30,478 - Validation Precision: 0.23166666666666663
2025-10-04 14:23:30,478 - Validation Recall: 0.2
2025-10-04 14:23:30,478 - Validation Accuracy: 0.8452875639867509
2025-10-04 14:23:30,478 - Validation AUC: 0.6385295112464062
2025-10-04 14:23:32,675 - Holdout Validation F1 Score: 0.1111111111111111
2025-10-04 14:23:32,675 - Holdout Validation Precision: 0.3333333333333333
2025-10-04 14:23:32,675 - Holdout Validation Recall: 0.06666666666666667
2025-10-04 14:23:32,675 - Holdout Validation Accuracy: 0.7647058823529411
2025-10-04 14:23:32,675 - Holdout Validation AUC: 0.530188679245283
2025-10-04 14:23:32,697 - Test F1 Score: 0.358974358974359
2025-10-04 14:23:32,697 - Test Precision: 0.6363636363636364
2025-10-04 14:23:32,698 - Test Recall: 0.25
2025-10-04 14:23:32,698 - Test Accuracy: 0.691358024691358
2025-10-04 14:23:32,698 - Test AUC: 0.6846361185983827
2025-10-04 14:23:32,703 - Best model saved as /gpfs/home1/won0316/_RESEARCH/0817_Genotoxicity/1_Git_upload/ChemBAI/ToxCast_model/experiments/training/DART_MTL/results/seed_0/CEETOX_H295R_ESTRONE_gbt_Layered/model.joblib
[2025-10-04 14:23:33] END seed_0:CEETOX_H295R_ESTRONE_gbt_Layered status=0
[2025-10-04 14:23:33] START seed_1:CEETOX_H295R_ESTRONE_gbt_Layered
2025-10-04 14:23:36,134 - Using PyTorch device: cuda:0
2025-10-04 14:23:36,135 - Selected compute device: cuda:0
2025-10-04 15:20:08,891 - Best Model Parameters: {'learning_rate': 0.05, 'max_depth': 3, 'min_samples_leaf': 1, 'min_samples_split': 4, 'n_estimators': 100}
2025-10-04 15:20:08,892 - Validation F1 Score: 0.3458602444809341
2025-10-04 15:20:08,892 - Validation Precision: 0.3465367965367965
2025-10-04 15:20:08,892 - Validation Recall: 0.3494505494505495
2025-10-04 15:20:08,892 - Validation Accuracy: 0.8017620020429008
2025-10-04 15:20:08,892 - Validation AUC: 0.674601310969732
2025-10-04 15:20:11,168 - Holdout Validation F1 Score: 0.21052631578947367
2025-10-04 15:20:11,168 - Holdout Validation Precision: 0.18181818181818182
2025-10-04 15:20:11,168 - Holdout Validation Recall: 0.25
2025-10-04 15:20:11,168 - Holdout Validation Accuracy: 0.6739130434782609
2025-10-04 15:20:11,168 - Holdout Validation AUC: 0.6381578947368421
2025-10-04 15:20:11,191 - Test F1 Score: 0.16666666666666666
2025-10-04 15:20:11,191 - Test Precision: 0.2
2025-10-04 15:20:11,191 - Test Recall: 0.14285714285714285
2025-10-04 15:20:11,191 - Test Accuracy: 0.696969696969697
2025-10-04 15:20:11,191 - Test AUC: 0.5968406593406592
2025-10-04 15:20:11,196 - Best model saved as /gpfs/home1/won0316/_RESEARCH/0817_Genotoxicity/1_Git_upload/ChemBAI/ToxCast_model/experiments/training/DART_MTL/results/seed_1/CEETOX_H295R_ESTRONE_gbt_Layered/model.joblib
[2025-10-04 15:20:11] END seed_1:CEETOX_H295R_ESTRONE_gbt_Layered status=0
[2025-10-04 15:20:11] START seed_2:CEETOX_H295R_ESTRONE_gbt_Layered
2025-10-04 15:20:13,829 - Using PyTorch device: cuda:0
2025-10-04 15:20:13,830 - Selected compute device: cuda:0
2025-10-04 16:13:27,584 - Best Model Parameters: {'learning_rate': 0.2, 'max_depth': 3, 'min_samples_leaf': 2, 'min_samples_split': 2, 'n_estimators': 300}
2025-10-04 16:13:27,584 - Validation F1 Score: 0.3456153042359939
2025-10-04 16:13:27,584 - Validation Precision: 0.35862470862470863
2025-10-04 16:13:27,584 - Validation Recall: 0.3384615384615385
2025-10-04 16:13:27,584 - Validation Accuracy: 0.8032773109243697
2025-10-04 16:13:27,585 - Validation AUC: 0.6786114120621163
2025-10-04 16:13:33,699 - Holdout Validation F1 Score: 0.17391304347826086
2025-10-04 16:13:33,699 - Holdout Validation Precision: 0.2857142857142857
2025-10-04 16:13:33,699 - Holdout Validation Recall: 0.125
2025-10-04 16:13:33,699 - Holdout Validation Accuracy: 0.7076923076923077
2025-10-04 16:13:33,699 - Holdout Validation AUC: 0.5809948979591837
2025-10-04 16:13:33,722 - Test F1 Score: 0.0
2025-10-04 16:13:33,722 - Test Precision: 0.0
2025-10-04 16:13:33,722 - Test Recall: 0.0
2025-10-04 16:13:33,723 - Test Accuracy: 0.855072463768116
2025-10-04 16:13:33,723 - Test AUC: 0.6451612903225807
2025-10-04 16:13:33,733 - Best model saved as /gpfs/home1/won0316/_RESEARCH/0817_Genotoxicity/1_Git_upload/ChemBAI/ToxCast_model/experiments/training/DART_MTL/results/seed_2/CEETOX_H295R_ESTRONE_gbt_Layered/model.joblib
[2025-10-04 16:13:34] END seed_2:CEETOX_H295R_ESTRONE_gbt_Layered status=0
[2025-10-04 16:13:34] Job CEETOX_H295R_ESTRONE_gbt_Layered completed successfully
[2025-10-04 16:13:34] Command finished with status 0
