[2025-10-04 13:34:00] Job 486699 starting on n005.hpc
[2025-10-04 13:34:00] Label: CEETOX_H295R_ESTRONE_logistic_MACCS
[2025-10-04 13:34:00] Job CEETOX_H295R_ESTRONE_logistic_MACCS starting on n005.hpc
[2025-10-04 13:34:00] START seed_0:CEETOX_H295R_ESTRONE_logistic_MACCS
2025-10-04 13:34:03,644 - Using PyTorch device: cuda:0
2025-10-04 13:34:03,645 - Selected compute device: cuda:0
2025-10-04 13:35:26,644 - Best Model Parameters: {'C': 0.1, 'penalty': 'l1', 'solver': 'saga'}
2025-10-04 13:35:26,644 - Validation F1 Score: 0.28638727749164183
2025-10-04 13:35:26,644 - Validation Precision: 0.20431901431901434
2025-10-04 13:35:26,644 - Validation Recall: 0.48888888888888893
2025-10-04 13:35:26,644 - Validation Accuracy: 0.7271604938271604
2025-10-04 13:35:26,644 - Validation AUC: 0.6264797902925757
2025-10-04 13:35:26,774 - Holdout Validation F1 Score: 0.3181818181818182
2025-10-04 13:35:26,774 - Holdout Validation Precision: 0.2413793103448276
2025-10-04 13:35:26,775 - Holdout Validation Recall: 0.4666666666666667
2025-10-04 13:35:26,775 - Holdout Validation Accuracy: 0.5588235294117647
2025-10-04 13:35:26,775 - Holdout Validation AUC: 0.46226415094339623
2025-10-04 13:35:26,784 - Test F1 Score: 0.3
2025-10-04 13:35:26,784 - Test Precision: 0.28125
2025-10-04 13:35:26,784 - Test Recall: 0.32142857142857145
2025-10-04 13:35:26,784 - Test Accuracy: 0.48148148148148145
2025-10-04 13:35:26,784 - Test AUC: 0.47270889487870615
2025-10-04 13:35:26,786 - Best model saved as /gpfs/home1/won0316/_RESEARCH/0817_Genotoxicity/1_Git_upload/ChemBAI/ToxCast_model/experiments/training/DART_MTL/results/seed_0/CEETOX_H295R_ESTRONE_logistic_MACCS/model.joblib
[2025-10-04 13:35:27] END seed_0:CEETOX_H295R_ESTRONE_logistic_MACCS status=0
[2025-10-04 13:35:27] START seed_1:CEETOX_H295R_ESTRONE_logistic_MACCS
2025-10-04 13:35:29,909 - Using PyTorch device: cuda:0
2025-10-04 13:35:29,910 - Selected compute device: cuda:0
2025-10-04 13:36:59,385 - Best Model Parameters: {'C': 50, 'penalty': 'l1', 'solver': 'saga'}
2025-10-04 13:36:59,385 - Validation F1 Score: 0.3511522287636669
2025-10-04 13:36:59,385 - Validation Precision: 0.3071428571428571
2025-10-04 13:36:59,385 - Validation Recall: 0.42417582417582417
2025-10-04 13:36:59,385 - Validation Accuracy: 0.7702502553626149
2025-10-04 13:36:59,385 - Validation AUC: 0.6230426065162907
2025-10-04 13:37:01,102 - Holdout Validation F1 Score: 0.27586206896551724
2025-10-04 13:37:01,102 - Holdout Validation Precision: 0.19047619047619047
2025-10-04 13:37:01,102 - Holdout Validation Recall: 0.5
2025-10-04 13:37:01,102 - Holdout Validation Accuracy: 0.5434782608695652
2025-10-04 13:37:01,102 - Holdout Validation AUC: 0.5394736842105263
2025-10-04 13:37:01,111 - Test F1 Score: 0.4117647058823529
2025-10-04 13:37:01,112 - Test Precision: 0.35
2025-10-04 13:37:01,112 - Test Recall: 0.5
2025-10-04 13:37:01,112 - Test Accuracy: 0.696969696969697
2025-10-04 13:37:01,112 - Test AUC: 0.6146978021978022
2025-10-04 13:37:01,887 - Best model saved as /gpfs/home1/won0316/_RESEARCH/0817_Genotoxicity/1_Git_upload/ChemBAI/ToxCast_model/experiments/training/DART_MTL/results/seed_1/CEETOX_H295R_ESTRONE_logistic_MACCS/model.joblib
[2025-10-04 13:37:02] END seed_1:CEETOX_H295R_ESTRONE_logistic_MACCS status=0
[2025-10-04 13:37:02] START seed_2:CEETOX_H295R_ESTRONE_logistic_MACCS
2025-10-04 13:37:04,470 - Using PyTorch device: cuda:0
2025-10-04 13:37:04,470 - Selected compute device: cuda:0
2025-10-04 13:38:23,349 - Best Model Parameters: {'C': 0.1, 'penalty': 'l1', 'solver': 'saga'}
2025-10-04 13:38:23,349 - Validation F1 Score: 0.38084918177797433
2025-10-04 13:38:23,349 - Validation Precision: 0.2963349436392914
2025-10-04 13:38:23,349 - Validation Recall: 0.5384615384615384
2025-10-04 13:38:23,349 - Validation Accuracy: 0.748795518207283
2025-10-04 13:38:23,349 - Validation AUC: 0.6932286023835321
2025-10-04 13:38:23,510 - Holdout Validation F1 Score: 0.23529411764705882
2025-10-04 13:38:23,510 - Holdout Validation Precision: 0.2222222222222222
2025-10-04 13:38:23,511 - Holdout Validation Recall: 0.25
2025-10-04 13:38:23,511 - Holdout Validation Accuracy: 0.6
2025-10-04 13:38:23,511 - Holdout Validation AUC: 0.4987244897959183
2025-10-04 13:38:23,520 - Test F1 Score: 0.14285714285714285
2025-10-04 13:38:23,520 - Test Precision: 0.08571428571428572
2025-10-04 13:38:23,520 - Test Recall: 0.42857142857142855
2025-10-04 13:38:23,520 - Test Accuracy: 0.4782608695652174
2025-10-04 13:38:23,520 - Test AUC: 0.4078341013824885
2025-10-04 13:38:23,522 - Best model saved as /gpfs/home1/won0316/_RESEARCH/0817_Genotoxicity/1_Git_upload/ChemBAI/ToxCast_model/experiments/training/DART_MTL/results/seed_2/CEETOX_H295R_ESTRONE_logistic_MACCS/model.joblib
[2025-10-04 13:38:23] END seed_2:CEETOX_H295R_ESTRONE_logistic_MACCS status=0
[2025-10-04 13:38:23] Job CEETOX_H295R_ESTRONE_logistic_MACCS completed successfully
[2025-10-04 13:38:23] Command finished with status 0
