[2025-10-07 02:59:04] Job 488653 starting on n006.hpc
[2025-10-07 02:59:04] Label: TOX21_PR_BLA_Antagonist_ratio_rf_MACCS
[2025-10-07 02:59:04] Job TOX21_PR_BLA_Antagonist_ratio_rf_MACCS starting on n006.hpc
[2025-10-07 02:59:04] START seed_0:TOX21_PR_BLA_Antagonist_ratio_rf_MACCS
2025-10-07 02:59:08,430 - Using PyTorch device: cuda:0
2025-10-07 02:59:08,430 - Selected compute device: cuda:0
2025-10-07 03:02:15,482 - Best Model Parameters: {'max_depth': None, 'min_samples_leaf': 2, 'min_samples_split': 2, 'n_estimators': 400}
2025-10-07 03:02:15,483 - Validation F1 Score: 0.5919727158794477
2025-10-07 03:02:15,483 - Validation Precision: 0.5689713254878263
2025-10-07 03:02:15,483 - Validation Recall: 0.6178988326848249
2025-10-07 03:02:15,483 - Validation Accuracy: 0.8146075575137417
2025-10-07 03:02:15,483 - Validation AUC: 0.8311259911605176
2025-10-07 03:02:16,411 - Holdout Validation F1 Score: 0.6195028680688337
2025-10-07 03:02:16,411 - Holdout Validation Precision: 0.6113207547169811
2025-10-07 03:02:16,411 - Holdout Validation Recall: 0.627906976744186
2025-10-07 03:02:16,411 - Holdout Validation Accuracy: 0.7232267037552156
2025-10-07 03:02:16,411 - Holdout Validation AUC: 0.7756394087675932
2025-10-07 03:02:16,529 - Test F1 Score: 0.6757679180887372
2025-10-07 03:02:16,529 - Test Precision: 0.6449511400651465
2025-10-07 03:02:16,529 - Test Recall: 0.7096774193548387
2025-10-07 03:02:16,530 - Test Accuracy: 0.7201767304860088
2025-10-07 03:02:16,530 - Test AUC: 0.783328853046595
2025-10-07 03:02:16,651 - Best model saved as /gpfs/home1/won0316/_RESEARCH/0817_Genotoxicity/1_Git_upload/ChemBAI/ToxCast_model/experiments/training/DART_MTL/results/seed_0/TOX21_PR_BLA_Antagonist_ratio_rf_MACCS/model.joblib
[2025-10-07 03:02:17] END seed_0:TOX21_PR_BLA_Antagonist_ratio_rf_MACCS status=0
[2025-10-07 03:02:17] START seed_1:TOX21_PR_BLA_Antagonist_ratio_rf_MACCS
2025-10-07 03:02:20,262 - Using PyTorch device: cuda:0
2025-10-07 03:02:20,263 - Selected compute device: cuda:0
2025-10-07 03:05:27,507 - Best Model Parameters: {'max_depth': 15, 'min_samples_leaf': 1, 'min_samples_split': 2, 'n_estimators': 400}
2025-10-07 03:05:27,507 - Validation F1 Score: 0.6313033282408436
2025-10-07 03:05:27,508 - Validation Precision: 0.6053475552673572
2025-10-07 03:05:27,508 - Validation Recall: 0.6600035334797203
2025-10-07 03:05:27,508 - Validation Accuracy: 0.8155342765823406
2025-10-07 03:05:27,508 - Validation AUC: 0.8409598436550795
2025-10-07 03:05:28,380 - Holdout Validation F1 Score: 0.5494505494505495
2025-10-07 03:05:28,381 - Holdout Validation Precision: 0.5494505494505495
2025-10-07 03:05:28,381 - Holdout Validation Recall: 0.5494505494505495
2025-10-07 03:05:28,381 - Holdout Validation Accuracy: 0.7673758865248227
2025-10-07 03:05:28,381 - Holdout Validation AUC: 0.7486342529363561
2025-10-07 03:05:28,500 - Test F1 Score: 0.5918367346938775
2025-10-07 03:05:28,500 - Test Precision: 0.56640625
2025-10-07 03:05:28,500 - Test Recall: 0.6196581196581197
2025-10-07 03:05:28,500 - Test Accuracy: 0.7191011235955056
2025-10-07 03:05:28,500 - Test AUC: 0.7539650609734291
2025-10-07 03:05:28,625 - Best model saved as /gpfs/home1/won0316/_RESEARCH/0817_Genotoxicity/1_Git_upload/ChemBAI/ToxCast_model/experiments/training/DART_MTL/results/seed_1/TOX21_PR_BLA_Antagonist_ratio_rf_MACCS/model.joblib
[2025-10-07 03:05:29] END seed_1:TOX21_PR_BLA_Antagonist_ratio_rf_MACCS status=0
[2025-10-07 03:05:29] START seed_2:TOX21_PR_BLA_Antagonist_ratio_rf_MACCS
2025-10-07 03:05:31,454 - Using PyTorch device: cuda:0
2025-10-07 03:05:31,455 - Selected compute device: cuda:0
2025-10-07 03:08:38,111 - Best Model Parameters: {'max_depth': 15, 'min_samples_leaf': 2, 'min_samples_split': 2, 'n_estimators': 600}
2025-10-07 03:08:38,111 - Validation F1 Score: 0.6222542318894928
2025-10-07 03:08:38,111 - Validation Precision: 0.5872601067420464
2025-10-07 03:08:38,111 - Validation Recall: 0.6625899280575539
2025-10-07 03:08:38,111 - Validation Accuracy: 0.8107968669185395
2025-10-07 03:08:38,111 - Validation AUC: 0.8402776858276997
2025-10-07 03:08:39,348 - Holdout Validation F1 Score: 0.6487523992322457
2025-10-07 03:08:39,348 - Holdout Validation Precision: 0.5522875816993464
2025-10-07 03:08:39,348 - Holdout Validation Recall: 0.786046511627907
2025-10-07 03:08:39,348 - Holdout Validation Accuracy: 0.7355491329479769
2025-10-07 03:08:39,348 - Holdout Validation AUC: 0.8175028033737994
2025-10-07 03:08:39,508 - Test F1 Score: 0.6291666666666667
2025-10-07 03:08:39,508 - Test Precision: 0.5741444866920152
2025-10-07 03:08:39,508 - Test Recall: 0.695852534562212
2025-10-07 03:08:39,508 - Test Accuracy: 0.7449856733524355
2025-10-07 03:08:39,508 - Test AUC: 0.8023702539831572
2025-10-07 03:08:39,681 - Best model saved as /gpfs/home1/won0316/_RESEARCH/0817_Genotoxicity/1_Git_upload/ChemBAI/ToxCast_model/experiments/training/DART_MTL/results/seed_2/TOX21_PR_BLA_Antagonist_ratio_rf_MACCS/model.joblib
[2025-10-07 03:08:40] END seed_2:TOX21_PR_BLA_Antagonist_ratio_rf_MACCS status=0
[2025-10-07 03:08:40] Job TOX21_PR_BLA_Antagonist_ratio_rf_MACCS completed successfully
[2025-10-07 03:08:40] Command finished with status 0
