[2025-10-02 01:00:24] START seed_1:BSK_CASM3C_uPAR_xgb_MACCS
2025-10-02 01:00:27,704 - Using PyTorch device: cuda:0
2025-10-02 01:00:27,705 - Selected compute device: cuda:0
2025-10-02 01:05:03,883 - Best Model Parameters: {'colsample_bytree': 1.0, 'learning_rate': 0.1, 'max_depth': 6, 'min_child_weight': 5, 'n_estimators': 400, 'subsample': 1.0}
2025-10-02 01:05:03,883 - Validation F1 Score: 0.32776132402845437
2025-10-02 01:05:03,883 - Validation Precision: 0.3100136836343733
2025-10-02 01:05:03,883 - Validation Recall: 0.3520917678812415
2025-10-02 01:05:03,883 - Validation Accuracy: 0.7951595398306924
2025-10-02 01:05:03,883 - Validation AUC: 0.6498048282812425
2025-10-02 01:05:04,364 - Holdout Validation F1 Score: 0.4444444444444444
2025-10-02 01:05:04,364 - Holdout Validation Precision: 0.6
2025-10-02 01:05:04,364 - Holdout Validation Recall: 0.35294117647058826
2025-10-02 01:05:04,364 - Holdout Validation Accuracy: 0.8598130841121495
2025-10-02 01:05:04,364 - Holdout Validation AUC: 0.6620915032679738
2025-10-02 01:05:04,435 - Test F1 Score: 0.29508196721311475
2025-10-02 01:05:04,435 - Test Precision: 0.28125
2025-10-02 01:05:04,435 - Test Recall: 0.3103448275862069
2025-10-02 01:05:04,435 - Test Accuracy: 0.7225806451612903
2025-10-02 01:05:04,436 - Test AUC: 0.6200054734537493
2025-10-02 01:05:04,440 - Best model saved as /gpfs/home1/won0316/_RESEARCH/0817_Genotoxicity/1_Git_upload/ChemBAI/ToxCast_model/experiments/training/DART_MTL/results/seed_1/BSK_CASM3C_uPAR_xgb_MACCS/model.joblib
[2025-10-02 01:05:05] END seed_1:BSK_CASM3C_uPAR_xgb_MACCS status=0
