[2025-10-02 00:17:41] START seed_1:BSK_CASM3C_uPAR_dt_Pattern
2025-10-02 00:17:44,681 - Using PyTorch device: cuda:0
2025-10-02 00:17:44,681 - Selected compute device: cuda:0
2025-10-02 00:20:47,375 - Best Model Parameters: {'criterion': 'gini', 'max_depth': 3, 'min_samples_leaf': 1, 'min_samples_split': 2}
2025-10-02 00:20:47,375 - Validation F1 Score: 0.32596319818813724
2025-10-02 00:20:47,375 - Validation Precision: 0.2251145066014756
2025-10-02 00:20:47,375 - Validation Recall: 0.6219973009446693
2025-10-02 00:20:47,375 - Validation Accuracy: 0.6352154330366833
2025-10-02 00:20:47,375 - Validation AUC: 0.6423732238891762
2025-10-02 00:20:47,728 - Holdout Validation F1 Score: 0.2535211267605634
2025-10-02 00:20:47,728 - Holdout Validation Precision: 0.16666666666666666
2025-10-02 00:20:47,728 - Holdout Validation Recall: 0.5294117647058824
2025-10-02 00:20:47,728 - Holdout Validation Accuracy: 0.5046728971962616
2025-10-02 00:20:47,728 - Holdout Validation AUC: 0.5294117647058824
2025-10-02 00:20:47,752 - Test F1 Score: 0.37623762376237624
2025-10-02 00:20:47,752 - Test Precision: 0.2638888888888889
2025-10-02 00:20:47,752 - Test Recall: 0.6551724137931034
2025-10-02 00:20:47,752 - Test Accuracy: 0.5935483870967742
2025-10-02 00:20:47,752 - Test AUC: 0.6509304871373837
2025-10-02 00:20:47,754 - Best model saved as /gpfs/home1/won0316/_RESEARCH/0817_Genotoxicity/1_Git_upload/ChemBAI/ToxCast_model/experiments/training/DART_MTL/results/seed_1/BSK_CASM3C_uPAR_dt_Pattern/model.joblib
[2025-10-02 00:20:48] END seed_1:BSK_CASM3C_uPAR_dt_Pattern status=0
