[2025-10-04 17:04:35] START seed_1:TOX21_ERa_BLA_Antagonist_ratio_xgb_MACCS
2025-10-04 17:04:38,508 - Using PyTorch device: cuda:0
2025-10-04 17:04:38,509 - Selected compute device: cuda:0
2025-10-04 17:11:14,716 - Best Model Parameters: {'colsample_bytree': 1.0, 'learning_rate': 0.1, 'max_depth': 6, 'min_child_weight': 1, 'n_estimators': 400, 'subsample': 1.0}
2025-10-04 17:11:14,716 - Validation F1 Score: 0.4348279158187303
2025-10-04 17:11:14,716 - Validation Precision: 0.43433139935109305
2025-10-04 17:11:14,716 - Validation Recall: 0.43611955420466064
2025-10-04 17:11:14,716 - Validation Accuracy: 0.8700920745395611
2025-10-04 17:11:14,716 - Validation AUC: 0.7850761650271443
2025-10-04 17:11:15,428 - Holdout Validation F1 Score: 0.22702702702702704
2025-10-04 17:11:15,429 - Holdout Validation Precision: 0.29577464788732394
2025-10-04 17:11:15,429 - Holdout Validation Recall: 0.18421052631578946
2025-10-04 17:11:15,429 - Holdout Validation Accuracy: 0.8152454780361758
2025-10-04 17:11:15,429 - Holdout Validation AUC: 0.5826621477937267
2025-10-04 17:11:15,500 - Test F1 Score: 0.2698412698412698
2025-10-04 17:11:15,500 - Test Precision: 0.25757575757575757
2025-10-04 17:11:15,500 - Test Recall: 0.2833333333333333
2025-10-04 17:11:15,500 - Test Accuracy: 0.7610389610389611
2025-10-04 17:11:15,500 - Test AUC: 0.6693269230769231
2025-10-04 17:11:15,505 - Best model saved as /gpfs/home1/won0316/_RESEARCH/0817_Genotoxicity/1_Git_upload/ChemBAI/ToxCast_model/experiments/training/DART_MTL/results/seed_1/TOX21_ERa_BLA_Antagonist_ratio_xgb_MACCS/model.joblib
[2025-10-04 17:11:16] END seed_1:TOX21_ERa_BLA_Antagonist_ratio_xgb_MACCS status=0
