[2025-10-04 18:07:12] START seed_1:TOX21_ERa_BLA_Antagonist_ratio_xgb_Layered
2025-10-04 18:07:15,726 - Using PyTorch device: cuda:0
2025-10-04 18:07:15,726 - Selected compute device: cuda:0
2025-10-04 19:04:12,427 - Best Model Parameters: {'colsample_bytree': 0.8, 'learning_rate': 0.1, 'max_depth': 9, 'min_child_weight': 1, 'n_estimators': 400, 'subsample': 0.8}
2025-10-04 19:04:12,427 - Validation F1 Score: 0.43747645520620393
2025-10-04 19:04:12,427 - Validation Precision: 0.47024450856339806
2025-10-04 19:04:12,427 - Validation Recall: 0.4091185410334347
2025-10-04 19:04:12,427 - Validation Accuracy: 0.8795375334943003
2025-10-04 19:04:12,427 - Validation AUC: 0.8020898073502533
2025-10-04 19:04:19,934 - Holdout Validation F1 Score: 0.44571428571428573
2025-10-04 19:04:19,934 - Holdout Validation Precision: 0.639344262295082
2025-10-04 19:04:19,934 - Holdout Validation Recall: 0.34210526315789475
2025-10-04 19:04:19,934 - Holdout Validation Accuracy: 0.8746770025839793
2025-10-04 19:04:19,934 - Holdout Validation AUC: 0.7945839978734716
2025-10-04 19:04:20,685 - Test F1 Score: 0.20224719101123595
2025-10-04 19:04:20,685 - Test Precision: 0.3103448275862069
2025-10-04 19:04:20,685 - Test Recall: 0.15
2025-10-04 19:04:20,685 - Test Accuracy: 0.8155844155844156
2025-10-04 19:04:20,685 - Test AUC: 0.726923076923077
2025-10-04 19:04:20,692 - Best model saved as /gpfs/home1/won0316/_RESEARCH/0817_Genotoxicity/1_Git_upload/ChemBAI/ToxCast_model/experiments/training/DART_MTL/results/seed_1/TOX21_ERa_BLA_Antagonist_ratio_xgb_Layered/model.joblib
[2025-10-04 19:04:21] END seed_1:TOX21_ERa_BLA_Antagonist_ratio_xgb_Layered status=0
