[2025-10-04 16:57:51] START seed_1:TOX21_ERa_BLA_Antagonist_ratio_rf_Morgan
2025-10-04 16:57:54,304 - Using PyTorch device: cuda:0
2025-10-04 16:57:54,305 - Selected compute device: cuda:0
2025-10-04 17:03:48,766 - Best Model Parameters: {'max_depth': None, 'min_samples_leaf': 1, 'min_samples_split': 2, 'n_estimators': 600}
2025-10-04 17:03:48,767 - Validation F1 Score: 0.3543270300667449
2025-10-04 17:03:48,767 - Validation Precision: 0.40022791354474324
2025-10-04 17:03:48,767 - Validation Recall: 0.3181864235055724
2025-10-04 17:03:48,767 - Validation Accuracy: 0.8671652491498876
2025-10-04 17:03:48,767 - Validation AUC: 0.7754518549275835
2025-10-04 17:03:52,999 - Holdout Validation F1 Score: 0.36065573770491804
2025-10-04 17:03:52,999 - Holdout Validation Precision: 0.4782608695652174
2025-10-04 17:03:52,999 - Holdout Validation Recall: 0.2894736842105263
2025-10-04 17:03:52,999 - Holdout Validation Accuracy: 0.8488372093023255
2025-10-04 17:03:52,999 - Holdout Validation AUC: 0.6857987772461457
2025-10-04 17:03:53,188 - Test F1 Score: 0.11827956989247312
2025-10-04 17:03:53,188 - Test Precision: 0.16666666666666666
2025-10-04 17:03:53,188 - Test Recall: 0.09166666666666666
2025-10-04 17:03:53,188 - Test Accuracy: 0.787012987012987
2025-10-04 17:03:53,188 - Test AUC: 0.6683717948717949
2025-10-04 17:03:53,404 - Best model saved as /gpfs/home1/won0316/_RESEARCH/0817_Genotoxicity/1_Git_upload/ChemBAI/ToxCast_model/experiments/training/DART_MTL/results/seed_1/TOX21_ERa_BLA_Antagonist_ratio_rf_Morgan/model.joblib
[2025-10-04 17:03:53] END seed_1:TOX21_ERa_BLA_Antagonist_ratio_rf_Morgan status=0
