[2025-10-07 18:33:32] START seed_0:TOX21_ERa_LUC_VM7_Agonist_10nM_ICI182780_rf_Morgan
2025-10-07 18:33:36,384 - Using PyTorch device: cuda:0
2025-10-07 18:33:36,385 - Selected compute device: cuda:0
2025-10-07 18:39:12,943 - Best Model Parameters: {'max_depth': None, 'min_samples_leaf': 1, 'min_samples_split': 2, 'n_estimators': 400}
2025-10-07 18:39:12,943 - Validation F1 Score: 0.38292670292670294
2025-10-07 18:39:12,943 - Validation Precision: 0.34767071524966264
2025-10-07 18:39:12,943 - Validation Recall: 0.4428571428571429
2025-10-07 18:39:12,943 - Validation Accuracy: 0.9832224917119936
2025-10-07 18:39:12,943 - Validation AUC: 0.8575336895727835
2025-10-07 18:39:15,114 - Holdout Validation F1 Score: 0.4
2025-10-07 18:39:15,114 - Holdout Validation Precision: 0.6363636363636364
2025-10-07 18:39:15,114 - Holdout Validation Recall: 0.2916666666666667
2025-10-07 18:39:15,114 - Holdout Validation Accuracy: 0.9707927677329624
2025-10-07 18:39:15,114 - Holdout Validation AUC: 0.955695443645084
2025-10-07 18:39:15,241 - Test F1 Score: 0.6666666666666666
2025-10-07 18:39:15,241 - Test Precision: 0.7272727272727273
2025-10-07 18:39:15,241 - Test Recall: 0.6153846153846154
2025-10-07 18:39:15,241 - Test Accuracy: 0.9764359351988218
2025-10-07 18:39:15,241 - Test AUC: 0.9771468959830368
2025-10-07 18:39:15,353 - Best model saved as /gpfs/home1/won0316/_RESEARCH/0817_Genotoxicity/1_Git_upload/ChemBAI/ToxCast_model/experiments/training/DART_MTL/results/seed_0/TOX21_ERa_LUC_VM7_Agonist_10nM_ICI182780_rf_Morgan/model.joblib
[2025-10-07 18:39:15] END seed_0:TOX21_ERa_LUC_VM7_Agonist_10nM_ICI182780_rf_Morgan status=0
