[2025-10-07 18:03:07] START seed_0:TOX21_ERa_LUC_VM7_Agonist_10nM_ICI182780_dt_Pattern
2025-10-07 18:03:11,615 - Using PyTorch device: cuda:0
2025-10-07 18:03:11,616 - Selected compute device: cuda:0
2025-10-07 18:12:17,023 - Best Model Parameters: {'criterion': 'entropy', 'max_depth': None, 'min_samples_leaf': 3, 'min_samples_split': 2}
2025-10-07 18:12:17,023 - Validation F1 Score: 0.3523336239465272
2025-10-07 18:12:17,024 - Validation Precision: 0.29860160052800927
2025-10-07 18:12:17,024 - Validation Recall: 0.45714285714285713
2025-10-07 18:12:17,024 - Validation Accuracy: 0.9798345269019361
2025-10-07 18:12:17,024 - Validation AUC: 0.7612183301008058
2025-10-07 18:12:18,603 - Holdout Validation F1 Score: 0.375
2025-10-07 18:12:18,603 - Holdout Validation Precision: 0.3
2025-10-07 18:12:18,603 - Holdout Validation Recall: 0.5
2025-10-07 18:12:18,603 - Holdout Validation Accuracy: 0.9443671766342142
2025-10-07 18:12:18,603 - Holdout Validation AUC: 0.7910971223021582
2025-10-07 18:12:18,631 - Test F1 Score: 0.6296296296296297
2025-10-07 18:12:18,631 - Test Precision: 0.6071428571428571
2025-10-07 18:12:18,631 - Test Recall: 0.6538461538461539
2025-10-07 18:12:18,631 - Test Accuracy: 0.9705449189985272
2025-10-07 18:12:18,631 - Test AUC: 0.873247732359524
2025-10-07 18:12:18,633 - Best model saved as /gpfs/home1/won0316/_RESEARCH/0817_Genotoxicity/1_Git_upload/ChemBAI/ToxCast_model/experiments/training/DART_MTL/results/seed_0/TOX21_ERa_LUC_VM7_Agonist_10nM_ICI182780_dt_Pattern/model.joblib
[2025-10-07 18:12:19] END seed_0:TOX21_ERa_LUC_VM7_Agonist_10nM_ICI182780_dt_Pattern status=0
