[2025-10-08 09:33:01] START seed_0:TOX21_ERa_LUC_VM7_Agonist_10nM_ICI182780_logistic_Layered
2025-10-08 09:33:05,808 - Using PyTorch device: cuda:0
2025-10-08 09:33:05,809 - Selected compute device: cuda:0
2025-10-08 15:59:48,451 - Best Model Parameters: {'C': 100, 'penalty': 'l2', 'solver': 'saga'}
2025-10-08 15:59:48,451 - Validation F1 Score: 0.39468125960061445
2025-10-08 15:59:48,451 - Validation Precision: 0.3932433579492403
2025-10-08 15:59:48,451 - Validation Recall: 0.41428571428571426
2025-10-08 15:59:48,452 - Validation Accuracy: 0.9849179810272822
2025-10-08 15:59:48,452 - Validation AUC: 0.8495266116076614
2025-10-08 16:04:05,582 - Holdout Validation F1 Score: 0.7272727272727273
2025-10-08 16:04:05,583 - Holdout Validation Precision: 0.8
2025-10-08 16:04:05,583 - Holdout Validation Recall: 0.6666666666666666
2025-10-08 16:04:05,583 - Holdout Validation Accuracy: 0.9833101529902643
2025-10-08 16:04:05,583 - Holdout Validation AUC: 0.9640887290167865
2025-10-08 16:04:05,616 - Test F1 Score: 0.6071428571428571
2025-10-08 16:04:05,616 - Test Precision: 0.5666666666666667
2025-10-08 16:04:05,616 - Test Recall: 0.6538461538461539
2025-10-08 16:04:05,616 - Test Accuracy: 0.96759941089838
2025-10-08 16:04:05,616 - Test AUC: 0.9535575450583107
2025-10-08 16:04:05,619 - Best model saved as /gpfs/home1/won0316/_RESEARCH/0817_Genotoxicity/1_Git_upload/ChemBAI/ToxCast_model/experiments/training/DART_MTL/results/seed_0/TOX21_ERa_LUC_VM7_Agonist_10nM_ICI182780_logistic_Layered/model.joblib
[2025-10-08 16:04:06] END seed_0:TOX21_ERa_LUC_VM7_Agonist_10nM_ICI182780_logistic_Layered status=0
