[2025-10-07 02:31:19] START seed_0:TOX21_PR_BLA_Antagonist_ratio_dt_Layered
2025-10-07 02:31:23,657 - Using PyTorch device: cuda:0
2025-10-07 02:31:23,658 - Selected compute device: cuda:0
2025-10-07 02:40:39,045 - Best Model Parameters: {'criterion': 'entropy', 'max_depth': None, 'min_samples_leaf': 1, 'min_samples_split': 2}
2025-10-07 02:40:39,045 - Validation F1 Score: 0.4988969515402622
2025-10-07 02:40:39,045 - Validation Precision: 0.45941314531440736
2025-10-07 02:40:39,045 - Validation Recall: 0.5463035019455253
2025-10-07 02:40:39,045 - Validation Accuracy: 0.7607218817721264
2025-10-07 02:40:39,045 - Validation AUC: 0.6836955722525953
2025-10-07 02:40:41,553 - Holdout Validation F1 Score: 0.5730129390018485
2025-10-07 02:40:41,553 - Holdout Validation Precision: 0.5477031802120141
2025-10-07 02:40:41,553 - Holdout Validation Recall: 0.6007751937984496
2025-10-07 02:40:41,553 - Holdout Validation Accuracy: 0.6787204450625869
2025-10-07 02:40:41,553 - Holdout Validation AUC: 0.6654517479695303
2025-10-07 02:40:41,579 - Test F1 Score: 0.5975820379965457
2025-10-07 02:40:41,580 - Test Precision: 0.5766666666666667
2025-10-07 02:40:41,580 - Test Recall: 0.6200716845878136
2025-10-07 02:40:41,580 - Test Accuracy: 0.6568483063328424
2025-10-07 02:40:41,580 - Test AUC: 0.6531093189964157
2025-10-07 02:40:41,582 - Best model saved as /gpfs/home1/won0316/_RESEARCH/0817_Genotoxicity/1_Git_upload/ChemBAI/ToxCast_model/experiments/training/DART_MTL/results/seed_0/TOX21_PR_BLA_Antagonist_ratio_dt_Layered/model.joblib
[2025-10-07 02:40:42] END seed_0:TOX21_PR_BLA_Antagonist_ratio_dt_Layered status=0
