[2025-10-07 01:22:56] START seed_0:TOX21_PR_BLA_Antagonist_ratio_dt_Morgan
2025-10-07 01:23:00,394 - Using PyTorch device: cuda:0
2025-10-07 01:23:00,395 - Selected compute device: cuda:0
2025-10-07 01:27:18,865 - Best Model Parameters: {'criterion': 'entropy', 'max_depth': None, 'min_samples_leaf': 1, 'min_samples_split': 2}
2025-10-07 01:27:18,865 - Validation F1 Score: 0.4589595982615034
2025-10-07 01:27:18,865 - Validation Precision: 0.41508201857101773
2025-10-07 01:27:18,865 - Validation Recall: 0.5136186770428015
2025-10-07 01:27:18,865 - Validation Accuracy: 0.7366545157077455
2025-10-07 01:27:18,865 - Validation AUC: 0.6551505923608187
2025-10-07 01:27:20,165 - Holdout Validation F1 Score: 0.44880174291938996
2025-10-07 01:27:20,165 - Holdout Validation Precision: 0.5124378109452736
2025-10-07 01:27:20,165 - Holdout Validation Recall: 0.3992248062015504
2025-10-07 01:27:20,165 - Holdout Validation Accuracy: 0.6481223922114048
2025-10-07 01:27:20,165 - Holdout Validation AUC: 0.5986690544653517
2025-10-07 01:27:20,182 - Test F1 Score: 0.47126436781609193
2025-10-07 01:27:20,182 - Test Precision: 0.5061728395061729
2025-10-07 01:27:20,182 - Test Recall: 0.44086021505376344
2025-10-07 01:27:20,182 - Test Accuracy: 0.593519882179676
2025-10-07 01:27:20,183 - Test AUC: 0.5717204301075268
2025-10-07 01:27:20,184 - Best model saved as /gpfs/home1/won0316/_RESEARCH/0817_Genotoxicity/1_Git_upload/ChemBAI/ToxCast_model/experiments/training/DART_MTL/results/seed_0/TOX21_PR_BLA_Antagonist_ratio_dt_Morgan/model.joblib
[2025-10-07 01:27:20] END seed_0:TOX21_PR_BLA_Antagonist_ratio_dt_Morgan status=0
