[2025-10-07 17:17:03] START seed_0:TOX21_PR_BLA_Antagonist_ratio_logistic_Layered
2025-10-07 17:17:07,509 - Using PyTorch device: cuda:0
2025-10-07 17:17:07,510 - Selected compute device: cuda:0
2025-10-07 23:08:49,816 - Best Model Parameters: {'C': 0.1, 'penalty': 'l2', 'solver': 'saga'}
2025-10-07 23:08:49,816 - Validation F1 Score: 0.5520928150139003
2025-10-07 23:08:49,816 - Validation Precision: 0.49339929233812263
2025-10-07 23:08:49,816 - Validation Recall: 0.6272373540856031
2025-10-07 23:08:49,816 - Validation Accuracy: 0.7783435468362061
2025-10-07 23:08:49,816 - Validation AUC: 0.7766292160370639
2025-10-07 23:10:08,424 - Holdout Validation F1 Score: 0.6088495575221239
2025-10-07 23:10:08,424 - Holdout Validation Precision: 0.5602605863192183
2025-10-07 23:10:08,424 - Holdout Validation Recall: 0.6666666666666666
2025-10-07 23:10:08,424 - Holdout Validation Accuracy: 0.6926286509040334
2025-10-07 23:10:08,424 - Holdout Validation AUC: 0.7678748591703242
2025-10-07 23:10:08,457 - Test F1 Score: 0.6405451448040886
2025-10-07 23:10:08,457 - Test Precision: 0.6103896103896104
2025-10-07 23:10:08,458 - Test Recall: 0.6738351254480287
2025-10-07 23:10:08,458 - Test Accuracy: 0.6892488954344624
2025-10-07 23:10:08,458 - Test AUC: 0.7444220430107527
2025-10-07 23:10:08,460 - Best model saved as /gpfs/home1/won0316/_RESEARCH/0817_Genotoxicity/1_Git_upload/ChemBAI/ToxCast_model/experiments/training/DART_MTL/results/seed_0/TOX21_PR_BLA_Antagonist_ratio_logistic_Layered/model.joblib
[2025-10-07 23:10:08] END seed_0:TOX21_PR_BLA_Antagonist_ratio_logistic_Layered status=0
