[2025-10-07 21:25:38] START seed_2:TOX21_ERa_LUC_VM7_Agonist_10nM_ICI182780_xgb_RDKit
2025-10-07 21:25:41,271 - Using PyTorch device: cuda:0
2025-10-07 21:25:41,271 - Selected compute device: cuda:0
2025-10-07 22:22:23,262 - Best Model Parameters: {'colsample_bytree': 1.0, 'learning_rate': 0.1, 'max_depth': 9, 'min_child_weight': 1, 'n_estimators': 200, 'subsample': 0.8}
2025-10-07 22:22:23,262 - Validation F1 Score: 0.5835084470378588
2025-10-07 22:22:23,262 - Validation Precision: 0.592200152788388
2025-10-07 22:22:23,262 - Validation Recall: 0.5862745098039215
2025-10-07 22:22:23,262 - Validation Accuracy: 0.9879853174415556
2025-10-07 22:22:23,262 - Validation AUC: 0.9180431619033959
2025-10-07 22:22:27,881 - Holdout Validation F1 Score: 0.5945945945945946
2025-10-07 22:22:27,881 - Holdout Validation Precision: 0.7333333333333333
2025-10-07 22:22:27,881 - Holdout Validation Recall: 0.5
2025-10-07 22:22:27,881 - Holdout Validation Accuracy: 0.9783236994219653
2025-10-07 22:22:27,881 - Holdout Validation AUC: 0.833853459972863
2025-10-07 22:22:28,645 - Test F1 Score: 0.42857142857142855
2025-10-07 22:22:28,645 - Test Precision: 1.0
2025-10-07 22:22:28,645 - Test Recall: 0.2727272727272727
2025-10-07 22:22:28,645 - Test Accuracy: 0.9885386819484241
2025-10-07 22:22:28,645 - Test AUC: 0.8754796877067619
2025-10-07 22:22:28,650 - Best model saved as /gpfs/home1/won0316/_RESEARCH/0817_Genotoxicity/1_Git_upload/ChemBAI/ToxCast_model/experiments/training/DART_MTL/results/seed_2/TOX21_ERa_LUC_VM7_Agonist_10nM_ICI182780_xgb_RDKit/model.joblib
[2025-10-07 22:22:29] END seed_2:TOX21_ERa_LUC_VM7_Agonist_10nM_ICI182780_xgb_RDKit status=0
