[2025-10-02 14:10:47] START seed_2:BSK_hDFCGF_VCAM1_rf_RDKit
2025-10-02 14:10:49,842 - Using PyTorch device: cuda:0
2025-10-02 14:10:49,843 - Selected compute device: cuda:0
2025-10-02 14:14:34,239 - Best Model Parameters: {'max_depth': 15, 'min_samples_leaf': 1, 'min_samples_split': 2, 'n_estimators': 600}
2025-10-02 14:14:34,240 - Validation F1 Score: 0.39737356914233735
2025-10-02 14:14:34,240 - Validation Precision: 0.4068479953931333
2025-10-02 14:14:34,240 - Validation Recall: 0.39090909090909093
2025-10-02 14:14:34,240 - Validation Accuracy: 0.7067152658662093
2025-10-02 14:14:34,240 - Validation AUC: 0.6676514267080736
2025-10-02 14:14:35,623 - Holdout Validation F1 Score: 0.1875
2025-10-02 14:14:35,623 - Holdout Validation Precision: 0.25
2025-10-02 14:14:35,623 - Holdout Validation Recall: 0.15
2025-10-02 14:14:35,623 - Holdout Validation Accuracy: 0.6438356164383562
2025-10-02 14:14:35,623 - Holdout Validation AUC: 0.6387971698113207
2025-10-02 14:14:35,777 - Test F1 Score: 0.2909090909090909
2025-10-02 14:14:35,777 - Test Precision: 0.5
2025-10-02 14:14:35,777 - Test Recall: 0.20512820512820512
2025-10-02 14:14:35,777 - Test Accuracy: 0.74
2025-10-02 14:14:35,777 - Test AUC: 0.607068607068607
2025-10-02 14:14:35,924 - Best model saved as /gpfs/home1/won0316/_RESEARCH/0817_Genotoxicity/1_Git_upload/ChemBAI/ToxCast_model/experiments/training/DART_MTL/results/seed_2/BSK_hDFCGF_VCAM1_rf_RDKit/model.joblib
[2025-10-02 14:14:36] END seed_2:BSK_hDFCGF_VCAM1_rf_RDKit status=0
