[2025-10-02 13:59:56] START seed_2:BSK_hDFCGF_VCAM1_rf_MACCS
2025-10-02 14:00:00,410 - Using PyTorch device: cuda:0
2025-10-02 14:00:00,411 - Selected compute device: cuda:0
2025-10-02 14:02:23,709 - Best Model Parameters: {'max_depth': 15, 'min_samples_leaf': 1, 'min_samples_split': 2, 'n_estimators': 600}
2025-10-02 14:02:23,709 - Validation F1 Score: 0.43230525540600856
2025-10-02 14:02:23,709 - Validation Precision: 0.41829067975102074
2025-10-02 14:02:23,709 - Validation Recall: 0.44848484848484854
2025-10-02 14:02:23,709 - Validation Accuracy: 0.7051972555746142
2025-10-02 14:02:23,709 - Validation AUC: 0.6920096734052879
2025-10-02 14:02:24,581 - Holdout Validation F1 Score: 0.4
2025-10-02 14:02:24,581 - Holdout Validation Precision: 0.4666666666666667
2025-10-02 14:02:24,581 - Holdout Validation Recall: 0.35
2025-10-02 14:02:24,581 - Holdout Validation Accuracy: 0.7123287671232876
2025-10-02 14:02:24,581 - Holdout Validation AUC: 0.7438679245283019
2025-10-02 14:02:24,722 - Test F1 Score: 0.3611111111111111
2025-10-02 14:02:24,722 - Test Precision: 0.3939393939393939
2025-10-02 14:02:24,722 - Test Recall: 0.3333333333333333
2025-10-02 14:02:24,722 - Test Accuracy: 0.6933333333333334
2025-10-02 14:02:24,722 - Test AUC: 0.6109956109956111
2025-10-02 14:02:25,690 - Best model saved as /gpfs/home1/won0316/_RESEARCH/0817_Genotoxicity/1_Git_upload/ChemBAI/ToxCast_model/experiments/training/DART_MTL/results/seed_2/BSK_hDFCGF_VCAM1_rf_MACCS/model.joblib
[2025-10-02 14:02:26] END seed_2:BSK_hDFCGF_VCAM1_rf_MACCS status=0
