[2025-10-02 14:08:19] START seed_2:BSK_hDFCGF_VCAM1_rf_Morgan
2025-10-02 14:08:22,336 - Using PyTorch device: cuda:0
2025-10-02 14:08:22,337 - Selected compute device: cuda:0
2025-10-02 14:11:20,042 - Best Model Parameters: {'max_depth': 15, 'min_samples_leaf': 1, 'min_samples_split': 2, 'n_estimators': 200}
2025-10-02 14:11:20,042 - Validation F1 Score: 0.4048968485543596
2025-10-02 14:11:20,042 - Validation Precision: 0.3880196811411406
2025-10-02 14:11:20,042 - Validation Recall: 0.4242424242424242
2025-10-02 14:11:20,042 - Validation Accuracy: 0.6885934819897084
2025-10-02 14:11:20,042 - Validation AUC: 0.6528533776934873
2025-10-02 14:11:20,487 - Holdout Validation F1 Score: 0.2972972972972973
2025-10-02 14:11:20,487 - Holdout Validation Precision: 0.3235294117647059
2025-10-02 14:11:20,487 - Holdout Validation Recall: 0.275
2025-10-02 14:11:20,487 - Holdout Validation Accuracy: 0.6438356164383562
2025-10-02 14:11:20,487 - Holdout Validation AUC: 0.592806603773585
2025-10-02 14:11:20,550 - Test F1 Score: 0.25396825396825395
2025-10-02 14:11:20,550 - Test Precision: 0.3333333333333333
2025-10-02 14:11:20,550 - Test Recall: 0.20512820512820512
2025-10-02 14:11:20,550 - Test Accuracy: 0.6866666666666666
2025-10-02 14:11:20,550 - Test AUC: 0.5758835758835757
2025-10-02 14:11:20,598 - Best model saved as /gpfs/home1/won0316/_RESEARCH/0817_Genotoxicity/1_Git_upload/ChemBAI/ToxCast_model/experiments/training/DART_MTL/results/seed_2/BSK_hDFCGF_VCAM1_rf_Morgan/model.joblib
[2025-10-02 14:11:21] END seed_2:BSK_hDFCGF_VCAM1_rf_Morgan status=0
