[2025-10-02 14:22:36] START seed_2:BSK_hDFCGF_VCAM1_rf_Layered
2025-10-02 14:22:40,552 - Using PyTorch device: cuda:0
2025-10-02 14:22:40,552 - Selected compute device: cuda:0
2025-10-02 14:26:19,546 - Best Model Parameters: {'max_depth': None, 'min_samples_leaf': 2, 'min_samples_split': 2, 'n_estimators': 400}
2025-10-02 14:26:19,546 - Validation F1 Score: 0.4324904911017541
2025-10-02 14:26:19,546 - Validation Precision: 0.46438094472577235
2025-10-02 14:26:19,546 - Validation Recall: 0.40606060606060607
2025-10-02 14:26:19,546 - Validation Accuracy: 0.733956546598056
2025-10-02 14:26:19,546 - Validation AUC: 0.70544969260136
2025-10-02 14:26:20,571 - Holdout Validation F1 Score: 0.19672131147540983
2025-10-02 14:26:20,571 - Holdout Validation Precision: 0.2857142857142857
2025-10-02 14:26:20,571 - Holdout Validation Recall: 0.15
2025-10-02 14:26:20,571 - Holdout Validation Accuracy: 0.6643835616438356
2025-10-02 14:26:20,571 - Holdout Validation AUC: 0.6996462264150943
2025-10-02 14:26:20,683 - Test F1 Score: 0.3384615384615385
2025-10-02 14:26:20,683 - Test Precision: 0.4230769230769231
2025-10-02 14:26:20,683 - Test Recall: 0.28205128205128205
2025-10-02 14:26:20,683 - Test Accuracy: 0.7133333333333334
2025-10-02 14:26:20,683 - Test AUC: 0.6498036498036498
2025-10-02 14:26:20,782 - Best model saved as /gpfs/home1/won0316/_RESEARCH/0817_Genotoxicity/1_Git_upload/ChemBAI/ToxCast_model/experiments/training/DART_MTL/results/seed_2/BSK_hDFCGF_VCAM1_rf_Layered/model.joblib
[2025-10-02 14:26:21] END seed_2:BSK_hDFCGF_VCAM1_rf_Layered status=0
