[2025-10-03 23:56:38] START seed_2:BSK_hDFCGF_VCAM1_logistic_MACCS
2025-10-03 23:56:41,196 - Using PyTorch device: cuda:0
2025-10-03 23:56:41,197 - Selected compute device: cuda:0
2025-10-03 23:59:56,142 - Best Model Parameters: {'C': 10, 'penalty': 'l2', 'solver': 'liblinear'}
2025-10-03 23:59:56,143 - Validation F1 Score: 0.436361124457061
2025-10-03 23:59:56,143 - Validation Precision: 0.37449844559251305
2025-10-03 23:59:56,143 - Validation Recall: 0.5272727272727272
2025-10-03 23:59:56,143 - Validation Accuracy: 0.6576214979988564
2025-10-03 23:59:56,143 - Validation AUC: 0.6383489609049225
2025-10-03 23:59:56,212 - Holdout Validation F1 Score: 0.5052631578947369
2025-10-03 23:59:56,212 - Holdout Validation Precision: 0.43636363636363634
2025-10-03 23:59:56,212 - Holdout Validation Recall: 0.6
2025-10-03 23:59:56,212 - Holdout Validation Accuracy: 0.678082191780822
2025-10-03 23:59:56,213 - Holdout Validation AUC: 0.6667452830188679
2025-10-03 23:59:56,223 - Test F1 Score: 0.40816326530612246
2025-10-03 23:59:56,223 - Test Precision: 0.3389830508474576
2025-10-03 23:59:56,223 - Test Recall: 0.5128205128205128
2025-10-03 23:59:56,223 - Test Accuracy: 0.6133333333333333
2025-10-03 23:59:56,223 - Test AUC: 0.571032571032571
2025-10-03 23:59:56,224 - Best model saved as /gpfs/home1/won0316/_RESEARCH/0817_Genotoxicity/1_Git_upload/ChemBAI/ToxCast_model/experiments/training/DART_MTL/results/seed_2/BSK_hDFCGF_VCAM1_logistic_MACCS/model.joblib
[2025-10-03 23:59:56] END seed_2:BSK_hDFCGF_VCAM1_logistic_MACCS status=0
