[2025-10-04 07:55:29] START seed_0:NVS_ENZ_hVEGFR3_gbt_Morgan
2025-10-04 07:55:32,205 - Using PyTorch device: cuda:0
2025-10-04 07:55:32,206 - Selected compute device: cuda:0
2025-10-04 07:59:54,575 - Best Model Parameters: {'learning_rate': 0.05, 'max_depth': 3, 'min_samples_leaf': 2, 'min_samples_split': 2, 'n_estimators': 200}
2025-10-04 07:59:54,575 - Validation F1 Score: 0.4766666666666667
2025-10-04 07:59:54,575 - Validation Precision: 0.42000000000000004
2025-10-04 07:59:54,575 - Validation Recall: 0.5666666666666667
2025-10-04 07:59:54,575 - Validation Accuracy: 0.7912087912087912
2025-10-04 07:59:54,575 - Validation AUC: 0.7848484848484848
2025-10-04 07:59:55,082 - Holdout Validation F1 Score: 0.0
2025-10-04 07:59:55,082 - Holdout Validation Precision: 0.0
2025-10-04 07:59:55,082 - Holdout Validation Recall: 0.0
2025-10-04 07:59:55,082 - Holdout Validation Accuracy: 1.0
2025-10-04 07:59:55,082 - Holdout Validation AUC: nan
2025-10-04 07:59:55,096 - Test F1 Score: 0.0
2025-10-04 07:59:55,096 - Test Precision: 0.0
2025-10-04 07:59:55,096 - Test Recall: 0.0
2025-10-04 07:59:55,096 - Test Accuracy: 1.0
2025-10-04 07:59:55,096 - Test AUC: nan
2025-10-04 07:59:55,103 - Best model saved as /gpfs/home1/won0316/_RESEARCH/0817_Genotoxicity/1_Git_upload/ChemBAI/ToxCast_model/experiments/training/DART_MTL/results/seed_0/NVS_ENZ_hVEGFR3_gbt_Morgan/model.joblib
[2025-10-04 07:59:55] END seed_0:NVS_ENZ_hVEGFR3_gbt_Morgan status=0
