[2025-10-04 08:22:20] START seed_0:NVS_ENZ_hVEGFR3_logistic_Layered
2025-10-04 08:22:24,407 - Using PyTorch device: cuda:0
2025-10-04 08:22:24,407 - Selected compute device: cuda:0
2025-10-04 08:26:07,536 - Best Model Parameters: {'C': 1, 'penalty': 'l1', 'solver': 'saga'}
2025-10-04 08:26:07,536 - Validation F1 Score: 0.5066666666666666
2025-10-04 08:26:07,536 - Validation Precision: 0.5666666666666667
2025-10-04 08:26:07,536 - Validation Recall: 0.5333333333333333
2025-10-04 08:26:07,536 - Validation Accuracy: 0.821978021978022
2025-10-04 08:26:07,536 - Validation AUC: 0.7787878787878788
2025-10-04 08:26:10,784 - Holdout Validation F1 Score: 0.0
2025-10-04 08:26:10,785 - Holdout Validation Precision: 0.0
2025-10-04 08:26:10,785 - Holdout Validation Recall: 0.0
2025-10-04 08:26:10,785 - Holdout Validation Accuracy: 0.875
2025-10-04 08:26:10,785 - Holdout Validation AUC: nan
2025-10-04 08:26:10,804 - Test F1 Score: 0.0
2025-10-04 08:26:10,804 - Test Precision: 0.0
2025-10-04 08:26:10,804 - Test Recall: 0.0
2025-10-04 08:26:10,804 - Test Accuracy: 0.875
2025-10-04 08:26:10,804 - Test AUC: nan
2025-10-04 08:26:10,806 - Best model saved as /gpfs/home1/won0316/_RESEARCH/0817_Genotoxicity/1_Git_upload/ChemBAI/ToxCast_model/experiments/training/DART_MTL/results/seed_0/NVS_ENZ_hVEGFR3_logistic_Layered/model.joblib
[2025-10-04 08:26:11] END seed_0:NVS_ENZ_hVEGFR3_logistic_Layered status=0
