[2025-10-04 13:14:56] START seed_1:CEETOX_H295R_ESTRONE_xgb_RDKit
2025-10-04 13:14:59,605 - Using PyTorch device: cuda:0
2025-10-04 13:14:59,605 - Selected compute device: cuda:0
2025-10-04 13:46:33,805 - Best Model Parameters: {'colsample_bytree': 1.0, 'learning_rate': 0.1, 'max_depth': 6, 'min_child_weight': 3, 'n_estimators': 400, 'subsample': 0.8}
2025-10-04 13:46:33,805 - Validation F1 Score: 0.2616548636548636
2025-10-04 13:46:33,805 - Validation Precision: 0.28868131868131874
2025-10-04 13:46:33,805 - Validation Recall: 0.24505494505494507
2025-10-04 13:46:33,805 - Validation Accuracy: 0.795020429009193
2025-10-04 13:46:33,805 - Validation AUC: 0.603121650279545
2025-10-04 13:46:36,883 - Holdout Validation F1 Score: 0.4
2025-10-04 13:46:36,883 - Holdout Validation Precision: 0.42857142857142855
2025-10-04 13:46:36,883 - Holdout Validation Recall: 0.375
2025-10-04 13:46:36,883 - Holdout Validation Accuracy: 0.8043478260869565
2025-10-04 13:46:36,883 - Holdout Validation AUC: 0.6118421052631579
2025-10-04 13:46:37,625 - Test F1 Score: 0.1111111111111111
2025-10-04 13:46:37,625 - Test Precision: 0.25
2025-10-04 13:46:37,626 - Test Recall: 0.07142857142857142
2025-10-04 13:46:37,626 - Test Accuracy: 0.7575757575757576
2025-10-04 13:46:37,626 - Test AUC: 0.5947802197802198
2025-10-04 13:46:37,631 - Best model saved as /gpfs/home1/won0316/_RESEARCH/0817_Genotoxicity/1_Git_upload/ChemBAI/ToxCast_model/experiments/training/DART_MTL/results/seed_1/CEETOX_H295R_ESTRONE_xgb_RDKit/model.joblib
[2025-10-04 13:46:38] END seed_1:CEETOX_H295R_ESTRONE_xgb_RDKit status=0
