[2025-10-04 14:25:17] START seed_1:CEETOX_H295R_ESTRONE_logistic_RDKit
2025-10-04 14:25:20,365 - Using PyTorch device: cuda:0
2025-10-04 14:25:20,366 - Selected compute device: cuda:0
2025-10-04 14:49:54,049 - Best Model Parameters: {'C': 100, 'penalty': 'l2', 'solver': 'liblinear'}
2025-10-04 14:49:54,049 - Validation F1 Score: 0.29319180946767154
2025-10-04 14:49:54,049 - Validation Precision: 0.28421162171162173
2025-10-04 14:49:54,049 - Validation Recall: 0.30549450549450546
2025-10-04 14:49:54,049 - Validation Accuracy: 0.7860316649642493
2025-10-04 14:49:54,049 - Validation AUC: 0.5569828417196838
2025-10-04 14:49:54,453 - Holdout Validation F1 Score: 0.38095238095238093
2025-10-04 14:49:54,453 - Holdout Validation Precision: 0.3076923076923077
2025-10-04 14:49:54,453 - Holdout Validation Recall: 0.5
2025-10-04 14:49:54,453 - Holdout Validation Accuracy: 0.717391304347826
2025-10-04 14:49:54,453 - Holdout Validation AUC: 0.5789473684210527
2025-10-04 14:49:54,475 - Test F1 Score: 0.3333333333333333
2025-10-04 14:49:54,475 - Test Precision: 0.4
2025-10-04 14:49:54,475 - Test Recall: 0.2857142857142857
2025-10-04 14:49:54,475 - Test Accuracy: 0.7575757575757576
2025-10-04 14:49:54,475 - Test AUC: 0.5782967032967034
2025-10-04 14:49:54,478 - Best model saved as /gpfs/home1/won0316/_RESEARCH/0817_Genotoxicity/1_Git_upload/ChemBAI/ToxCast_model/experiments/training/DART_MTL/results/seed_1/CEETOX_H295R_ESTRONE_logistic_RDKit/model.joblib
[2025-10-04 14:49:54] END seed_1:CEETOX_H295R_ESTRONE_logistic_RDKit status=0
