[2025-10-04 13:18:40] START seed_1:CEETOX_H295R_ESTRONE_gbt_MACCS
2025-10-04 13:18:42,338 - Using PyTorch device: cuda:0
2025-10-04 13:18:42,339 - Selected compute device: cuda:0
2025-10-04 13:26:12,919 - Best Model Parameters: {'learning_rate': 0.05, 'max_depth': 5, 'min_samples_leaf': 2, 'min_samples_split': 2, 'n_estimators': 100}
2025-10-04 13:26:12,919 - Validation F1 Score: 0.3820451530507148
2025-10-04 13:26:12,919 - Validation Precision: 0.3501743626743627
2025-10-04 13:26:12,919 - Validation Recall: 0.4417582417582417
2025-10-04 13:26:12,919 - Validation Accuracy: 0.7883299284984678
2025-10-04 13:26:12,919 - Validation AUC: 0.6964235588972431
2025-10-04 13:26:13,388 - Holdout Validation F1 Score: 0.43478260869565216
2025-10-04 13:26:13,388 - Holdout Validation Precision: 0.3333333333333333
2025-10-04 13:26:13,388 - Holdout Validation Recall: 0.625
2025-10-04 13:26:13,388 - Holdout Validation Accuracy: 0.717391304347826
2025-10-04 13:26:13,388 - Holdout Validation AUC: 0.7302631578947368
2025-10-04 13:26:13,398 - Test F1 Score: 0.36363636363636365
2025-10-04 13:26:13,398 - Test Precision: 0.5
2025-10-04 13:26:13,398 - Test Recall: 0.2857142857142857
2025-10-04 13:26:13,398 - Test Accuracy: 0.7878787878787878
2025-10-04 13:26:13,398 - Test AUC: 0.5762362637362637
2025-10-04 13:26:13,404 - Best model saved as /gpfs/home1/won0316/_RESEARCH/0817_Genotoxicity/1_Git_upload/ChemBAI/ToxCast_model/experiments/training/DART_MTL/results/seed_1/CEETOX_H295R_ESTRONE_gbt_MACCS/model.joblib
[2025-10-04 13:26:13] END seed_1:CEETOX_H295R_ESTRONE_gbt_MACCS status=0
