[2025-10-04 13:17:21] START seed_1:CEETOX_H295R_ESTRONE_xgb_Pattern
2025-10-04 13:17:23,664 - Using PyTorch device: cuda:0
2025-10-04 13:17:23,664 - Selected compute device: cuda:0
2025-10-04 13:48:43,925 - Best Model Parameters: {'colsample_bytree': 0.8, 'learning_rate': 0.1, 'max_depth': 3, 'min_child_weight': 5, 'n_estimators': 400, 'subsample': 0.8}
2025-10-04 13:48:43,925 - Validation F1 Score: 0.330651554564598
2025-10-04 13:48:43,925 - Validation Precision: 0.34629370629370626
2025-10-04 13:48:43,925 - Validation Recall: 0.3175824175824176
2025-10-04 13:48:43,925 - Validation Accuracy: 0.8107507660878447
2025-10-04 13:48:43,925 - Validation AUC: 0.6255376903797957
2025-10-04 13:48:46,805 - Holdout Validation F1 Score: 0.5263157894736842
2025-10-04 13:48:46,806 - Holdout Validation Precision: 0.45454545454545453
2025-10-04 13:48:46,806 - Holdout Validation Recall: 0.625
2025-10-04 13:48:46,806 - Holdout Validation Accuracy: 0.8043478260869565
2025-10-04 13:48:46,806 - Holdout Validation AUC: 0.7236842105263158
2025-10-04 13:48:47,536 - Test F1 Score: 0.2857142857142857
2025-10-04 13:48:47,536 - Test Precision: 0.2857142857142857
2025-10-04 13:48:47,536 - Test Recall: 0.2857142857142857
2025-10-04 13:48:47,536 - Test Accuracy: 0.696969696969697
2025-10-04 13:48:47,536 - Test AUC: 0.5
2025-10-04 13:48:47,542 - Best model saved as /gpfs/home1/won0316/_RESEARCH/0817_Genotoxicity/1_Git_upload/ChemBAI/ToxCast_model/experiments/training/DART_MTL/results/seed_1/CEETOX_H295R_ESTRONE_xgb_Pattern/model.joblib
[2025-10-04 13:48:48] END seed_1:CEETOX_H295R_ESTRONE_xgb_Pattern status=0
