[2025-10-04 12:20:01] START seed_1:CEETOX_H295R_ESTRONE_dt_RDKit
2025-10-04 12:20:04,454 - Using PyTorch device: cuda:0
2025-10-04 12:20:04,455 - Selected compute device: cuda:0
2025-10-04 12:22:11,492 - Best Model Parameters: {'criterion': 'entropy', 'max_depth': None, 'min_samples_leaf': 1, 'min_samples_split': 4}
2025-10-04 12:22:11,492 - Validation F1 Score: 0.294696223316913
2025-10-04 12:22:11,493 - Validation Precision: 0.25742229906316594
2025-10-04 12:22:11,493 - Validation Recall: 0.3505494505494505
2025-10-04 12:22:11,493 - Validation Accuracy: 0.7566905005107252
2025-10-04 12:22:11,493 - Validation AUC: 0.5952380952380952
2025-10-04 12:22:11,774 - Holdout Validation F1 Score: 0.3333333333333333
2025-10-04 12:22:11,774 - Holdout Validation Precision: 0.3
2025-10-04 12:22:11,774 - Holdout Validation Recall: 0.375
2025-10-04 12:22:11,774 - Holdout Validation Accuracy: 0.7391304347826086
2025-10-04 12:22:11,774 - Holdout Validation AUC: 0.5953947368421052
2025-10-04 12:22:11,796 - Test F1 Score: 0.15384615384615385
2025-10-04 12:22:11,796 - Test Precision: 0.16666666666666666
2025-10-04 12:22:11,796 - Test Recall: 0.14285714285714285
2025-10-04 12:22:11,796 - Test Accuracy: 0.6666666666666666
2025-10-04 12:22:11,796 - Test AUC: 0.478021978021978
2025-10-04 12:22:11,817 - Best model saved as /gpfs/home1/won0316/_RESEARCH/0817_Genotoxicity/1_Git_upload/ChemBAI/ToxCast_model/experiments/training/DART_MTL/results/seed_1/CEETOX_H295R_ESTRONE_dt_RDKit/model.joblib
[2025-10-04 12:22:12] END seed_1:CEETOX_H295R_ESTRONE_dt_RDKit status=0
