[2025-10-02 04:59:54] START seed_0:BSK_hDFCGF_PAI1_rf_MACCS
2025-10-02 04:59:58,690 - Using PyTorch device: cuda:0
2025-10-02 04:59:58,690 - Selected compute device: cuda:0
2025-10-02 05:02:22,519 - Best Model Parameters: {'max_depth': 15, 'min_samples_leaf': 2, 'min_samples_split': 2, 'n_estimators': 400}
2025-10-02 05:02:22,519 - Validation F1 Score: 0.4677384940232857
2025-10-02 05:02:22,519 - Validation Precision: 0.4329515127170122
2025-10-02 05:02:22,519 - Validation Recall: 0.5161290322580645
2025-10-02 05:02:22,519 - Validation Accuracy: 0.7186486486486487
2025-10-02 05:02:22,519 - Validation AUC: 0.7240769410165185
2025-10-02 05:02:23,123 - Holdout Validation F1 Score: 0.47619047619047616
2025-10-02 05:02:23,123 - Holdout Validation Precision: 0.43478260869565216
2025-10-02 05:02:23,123 - Holdout Validation Recall: 0.5263157894736842
2025-10-02 05:02:23,123 - Holdout Validation Accuracy: 0.7086092715231788
2025-10-02 05:02:23,123 - Holdout Validation AUC: 0.7270610153702842
2025-10-02 05:02:23,220 - Test F1 Score: 0.35051546391752575
2025-10-02 05:02:23,220 - Test Precision: 0.3541666666666667
2025-10-02 05:02:23,220 - Test Recall: 0.3469387755102041
2025-10-02 05:02:23,220 - Test Accuracy: 0.631578947368421
2025-10-02 05:02:23,220 - Test AUC: 0.6219471395115423
2025-10-02 05:02:23,314 - Best model saved as /gpfs/home1/won0316/_RESEARCH/0817_Genotoxicity/1_Git_upload/ChemBAI/ToxCast_model/experiments/training/DART_MTL/results/seed_0/BSK_hDFCGF_PAI1_rf_MACCS/model.joblib
[2025-10-02 05:02:23] END seed_0:BSK_hDFCGF_PAI1_rf_MACCS status=0
