[2025-10-02 05:31:55] START seed_0:BSK_hDFCGF_PAI1_xgb_Morgan
2025-10-02 05:31:59,048 - Using PyTorch device: cuda:0
2025-10-02 05:31:59,048 - Selected compute device: cuda:0
2025-10-02 05:49:05,686 - Best Model Parameters: {'colsample_bytree': 0.8, 'learning_rate': 0.1, 'max_depth': 9, 'min_child_weight': 3, 'n_estimators': 400, 'subsample': 0.8}
2025-10-02 05:49:05,686 - Validation F1 Score: 0.4089162959789676
2025-10-02 05:49:05,686 - Validation Precision: 0.41754095577624994
2025-10-02 05:49:05,687 - Validation Recall: 0.4032258064516129
2025-10-02 05:49:05,687 - Validation Accuracy: 0.7209117909117909
2025-10-02 05:49:05,687 - Validation AUC: 0.6543499511241447
2025-10-02 05:49:07,575 - Holdout Validation F1 Score: 0.35443037974683544
2025-10-02 05:49:07,576 - Holdout Validation Precision: 0.34146341463414637
2025-10-02 05:49:07,576 - Holdout Validation Recall: 0.3684210526315789
2025-10-02 05:49:07,576 - Holdout Validation Accuracy: 0.6622516556291391
2025-10-02 05:49:07,576 - Holdout Validation AUC: 0.6264555193292967
2025-10-02 05:49:07,979 - Test F1 Score: 0.28888888888888886
2025-10-02 05:49:07,979 - Test Precision: 0.3170731707317073
2025-10-02 05:49:07,979 - Test Recall: 0.2653061224489796
2025-10-02 05:49:07,979 - Test Accuracy: 0.6257309941520468
2025-10-02 05:49:07,979 - Test AUC: 0.5781197724991636
2025-10-02 05:49:07,984 - Best model saved as /gpfs/home1/won0316/_RESEARCH/0817_Genotoxicity/1_Git_upload/ChemBAI/ToxCast_model/experiments/training/DART_MTL/results/seed_0/BSK_hDFCGF_PAI1_xgb_Morgan/model.joblib
[2025-10-02 05:49:08] END seed_0:BSK_hDFCGF_PAI1_xgb_Morgan status=0
