[2025-10-02 05:29:55] START seed_0:BSK_hDFCGF_PAI1_xgb_MACCS
2025-10-02 05:29:58,853 - Using PyTorch device: cuda:0
2025-10-02 05:29:58,853 - Selected compute device: cuda:0
2025-10-02 05:34:32,353 - Best Model Parameters: {'colsample_bytree': 1.0, 'learning_rate': 0.05, 'max_depth': 6, 'min_child_weight': 5, 'n_estimators': 400, 'subsample': 0.8}
2025-10-02 05:34:32,353 - Validation F1 Score: 0.49946866441827203
2025-10-02 05:34:32,353 - Validation Precision: 0.4716901368199193
2025-10-02 05:34:32,353 - Validation Recall: 0.5354838709677419
2025-10-02 05:34:32,353 - Validation Accuracy: 0.7448232848232849
2025-10-02 05:34:32,353 - Validation AUC: 0.7289481932473583
2025-10-02 05:34:32,838 - Holdout Validation F1 Score: 0.4383561643835616
2025-10-02 05:34:32,839 - Holdout Validation Precision: 0.45714285714285713
2025-10-02 05:34:32,839 - Holdout Validation Recall: 0.42105263157894735
2025-10-02 05:34:32,839 - Holdout Validation Accuracy: 0.7284768211920529
2025-10-02 05:34:32,839 - Holdout Validation AUC: 0.6949231485794132
2025-10-02 05:34:32,910 - Test F1 Score: 0.4117647058823529
2025-10-02 05:34:32,910 - Test Precision: 0.39622641509433965
2025-10-02 05:34:32,910 - Test Recall: 0.42857142857142855
2025-10-02 05:34:32,910 - Test Accuracy: 0.6491228070175439
2025-10-02 05:34:32,910 - Test AUC: 0.625627300100368
2025-10-02 05:34:32,918 - Best model saved as /gpfs/home1/won0316/_RESEARCH/0817_Genotoxicity/1_Git_upload/ChemBAI/ToxCast_model/experiments/training/DART_MTL/results/seed_0/BSK_hDFCGF_PAI1_xgb_MACCS/model.joblib
[2025-10-02 05:34:33] END seed_0:BSK_hDFCGF_PAI1_xgb_MACCS status=0
