[2025-10-01 21:52:35] START seed_2:BSK_BE3C_PAI1_gbt_MACCS
2025-10-01 21:52:38,190 - Using PyTorch device: cuda:0
2025-10-01 21:52:38,191 - Selected compute device: cuda:0
2025-10-01 22:08:31,520 - Best Model Parameters: {'learning_rate': 0.2, 'max_depth': 3, 'min_samples_leaf': 2, 'min_samples_split': 2, 'n_estimators': 100}
2025-10-01 22:08:31,520 - Validation F1 Score: 0.34005568212238924
2025-10-01 22:08:31,520 - Validation Precision: 0.289555238041895
2025-10-01 22:08:31,520 - Validation Recall: 0.41358885017421604
2025-10-01 22:08:31,520 - Validation Accuracy: 0.7467924528301888
2025-10-01 22:08:31,520 - Validation AUC: 0.6507080618532002
2025-10-01 22:08:32,140 - Holdout Validation F1 Score: 0.3888888888888889
2025-10-01 22:08:32,141 - Holdout Validation Precision: 0.3783783783783784
2025-10-01 22:08:32,141 - Holdout Validation Recall: 0.4
2025-10-01 22:08:32,141 - Holdout Validation Accuracy: 0.6986301369863014
2025-10-01 22:08:32,141 - Holdout Validation AUC: 0.5978120978120978
2025-10-01 22:08:32,152 - Test F1 Score: 0.3561643835616438
2025-10-01 22:08:32,152 - Test Precision: 0.3023255813953488
2025-10-01 22:08:32,152 - Test Recall: 0.43333333333333335
2025-10-01 22:08:32,152 - Test Accuracy: 0.6866666666666666
2025-10-01 22:08:32,152 - Test AUC: 0.5344444444444444
2025-10-01 22:08:32,157 - Best model saved as /gpfs/home1/won0316/_RESEARCH/0817_Genotoxicity/1_Git_upload/ChemBAI/ToxCast_model/experiments/training/DART_MTL/results/seed_2/BSK_BE3C_PAI1_gbt_MACCS/model.joblib
[2025-10-01 22:08:32] END seed_2:BSK_BE3C_PAI1_gbt_MACCS status=0
