[2025-10-01 20:12:57] START seed_2:BSK_BE3C_PAI1_rf_MACCS
2025-10-01 20:13:00,098 - Using PyTorch device: cuda:0
2025-10-01 20:13:00,099 - Selected compute device: cuda:0
2025-10-01 20:15:25,715 - Best Model Parameters: {'max_depth': 10, 'min_samples_leaf': 1, 'min_samples_split': 2, 'n_estimators': 400}
2025-10-01 20:15:25,715 - Validation F1 Score: 0.35302409117758665
2025-10-01 20:15:25,715 - Validation Precision: 0.29805566411067036
2025-10-01 20:15:25,715 - Validation Recall: 0.4376306620209059
2025-10-01 20:15:25,715 - Validation Accuracy: 0.7453230417381361
2025-10-01 20:15:25,715 - Validation AUC: 0.692433191148055
2025-10-01 20:15:26,318 - Holdout Validation F1 Score: 0.29411764705882354
2025-10-01 20:15:26,318 - Holdout Validation Precision: 0.30303030303030304
2025-10-01 20:15:26,318 - Holdout Validation Recall: 0.2857142857142857
2025-10-01 20:15:26,318 - Holdout Validation Accuracy: 0.6712328767123288
2025-10-01 20:15:26,318 - Holdout Validation AUC: 0.6405405405405405
2025-10-01 20:15:26,417 - Test F1 Score: 0.27586206896551724
2025-10-01 20:15:26,417 - Test Precision: 0.2857142857142857
2025-10-01 20:15:26,417 - Test Recall: 0.26666666666666666
2025-10-01 20:15:26,417 - Test Accuracy: 0.72
2025-10-01 20:15:26,418 - Test AUC: 0.5797222222222222
2025-10-01 20:15:26,606 - Best model saved as /gpfs/home1/won0316/_RESEARCH/0817_Genotoxicity/1_Git_upload/ChemBAI/ToxCast_model/experiments/training/DART_MTL/results/seed_2/BSK_BE3C_PAI1_rf_MACCS/model.joblib
[2025-10-01 20:15:27] END seed_2:BSK_BE3C_PAI1_rf_MACCS status=0
