[2025-10-01 20:23:38] START seed_2:BSK_BE3C_PAI1_rf_RDKit
2025-10-01 20:23:41,174 - Using PyTorch device: cuda:0
2025-10-01 20:23:41,175 - Selected compute device: cuda:0
2025-10-01 20:27:40,660 - Best Model Parameters: {'max_depth': None, 'min_samples_leaf': 1, 'min_samples_split': 4, 'n_estimators': 400}
2025-10-01 20:27:40,661 - Validation F1 Score: 0.3213510321916119
2025-10-01 20:27:40,661 - Validation Precision: 0.3587062175297469
2025-10-01 20:27:40,661 - Validation Recall: 0.2933797909407666
2025-10-01 20:27:40,661 - Validation Accuracy: 0.805
2025-10-01 20:27:40,661 - Validation AUC: 0.6651521069983282
2025-10-01 20:27:41,889 - Holdout Validation F1 Score: 0.047619047619047616
2025-10-01 20:27:41,890 - Holdout Validation Precision: 0.14285714285714285
2025-10-01 20:27:41,890 - Holdout Validation Recall: 0.02857142857142857
2025-10-01 20:27:41,890 - Holdout Validation Accuracy: 0.726027397260274
2025-10-01 20:27:41,890 - Holdout Validation AUC: 0.5555984555984557
2025-10-01 20:27:42,001 - Test F1 Score: 0.1111111111111111
2025-10-01 20:27:42,001 - Test Precision: 0.3333333333333333
2025-10-01 20:27:42,001 - Test Recall: 0.06666666666666667
2025-10-01 20:27:42,001 - Test Accuracy: 0.7866666666666666
2025-10-01 20:27:42,001 - Test AUC: 0.7536111111111111
2025-10-01 20:27:42,103 - Best model saved as /gpfs/home1/won0316/_RESEARCH/0817_Genotoxicity/1_Git_upload/ChemBAI/ToxCast_model/experiments/training/DART_MTL/results/seed_2/BSK_BE3C_PAI1_rf_RDKit/model.joblib
[2025-10-01 20:27:42] END seed_2:BSK_BE3C_PAI1_rf_RDKit status=0
