[2025-10-02 01:03:57] START seed_2:BSK_BE3C_PAI1_logistic_RDKit
2025-10-02 01:03:59,939 - Using PyTorch device: cuda:0
2025-10-02 01:03:59,940 - Selected compute device: cuda:0
2025-10-02 02:19:42,771 - Best Model Parameters: {'C': 2, 'penalty': 'l1', 'solver': 'saga'}
2025-10-02 02:19:42,772 - Validation F1 Score: 0.32293859891803317
2025-10-02 02:19:42,772 - Validation Precision: 0.28772234816192616
2025-10-02 02:19:42,772 - Validation Recall: 0.37026713124274097
2025-10-02 02:19:42,772 - Validation Accuracy: 0.7551029159519725
2025-10-02 02:19:42,772 - Validation AUC: 0.5884733571871273
2025-10-02 02:21:08,514 - Holdout Validation F1 Score: 0.11538461538461539
2025-10-02 02:21:08,514 - Holdout Validation Precision: 0.17647058823529413
2025-10-02 02:21:08,514 - Holdout Validation Recall: 0.08571428571428572
2025-10-02 02:21:08,514 - Holdout Validation Accuracy: 0.684931506849315
2025-10-02 02:21:08,514 - Holdout Validation AUC: 0.49227799227799224
2025-10-02 02:21:08,538 - Test F1 Score: 0.34285714285714286
2025-10-02 02:21:08,538 - Test Precision: 0.3
2025-10-02 02:21:08,538 - Test Recall: 0.4
2025-10-02 02:21:08,538 - Test Accuracy: 0.6933333333333334
2025-10-02 02:21:08,538 - Test AUC: 0.5977777777777779
2025-10-02 02:21:08,540 - Best model saved as /gpfs/home1/won0316/_RESEARCH/0817_Genotoxicity/1_Git_upload/ChemBAI/ToxCast_model/experiments/training/DART_MTL/results/seed_2/BSK_BE3C_PAI1_logistic_RDKit/model.joblib
[2025-10-02 02:21:09] END seed_2:BSK_BE3C_PAI1_logistic_RDKit status=0
