[2025-10-04 14:39:22] START seed_1:CEETOX_H295R_PROG_rf_Pattern
2025-10-04 14:39:25,111 - Using PyTorch device: cuda:0
2025-10-04 14:39:25,112 - Selected compute device: cuda:0
2025-10-04 14:42:31,718 - Best Model Parameters: {'max_depth': 5, 'min_samples_leaf': 1, 'min_samples_split': 2, 'n_estimators': 200}
2025-10-04 14:42:31,718 - Validation F1 Score: 0.5839541476332795
2025-10-04 14:42:31,719 - Validation Precision: 0.5290530623633083
2025-10-04 14:42:31,719 - Validation Recall: 0.665079365079365
2025-10-04 14:42:31,719 - Validation Accuracy: 0.6257916241062308
2025-10-04 14:42:31,719 - Validation AUC: 0.6870090845562543
2025-10-04 14:42:32,254 - Holdout Validation F1 Score: 0.6086956521739131
2025-10-04 14:42:32,255 - Holdout Validation Precision: 0.4666666666666667
2025-10-04 14:42:32,255 - Holdout Validation Recall: 0.875
2025-10-04 14:42:32,255 - Holdout Validation Accuracy: 0.6086956521739131
2025-10-04 14:42:32,255 - Holdout Validation AUC: 0.7145833333333333
2025-10-04 14:42:32,322 - Test F1 Score: 0.5555555555555556
2025-10-04 14:42:32,322 - Test Precision: 0.425531914893617
2025-10-04 14:42:32,322 - Test Recall: 0.8
2025-10-04 14:42:32,322 - Test Accuracy: 0.5151515151515151
2025-10-04 14:42:32,322 - Test AUC: 0.6839024390243902
2025-10-04 14:42:32,367 - Best model saved as /gpfs/home1/won0316/_RESEARCH/0817_Genotoxicity/1_Git_upload/ChemBAI/ToxCast_model/experiments/training/DART_MTL/results/seed_1/CEETOX_H295R_PROG_rf_Pattern/model.joblib
[2025-10-04 14:42:32] END seed_1:CEETOX_H295R_PROG_rf_Pattern status=0
