[2025-10-04 15:56:40] START seed_1:CEETOX_H295R_PROG_gbt_Pattern
2025-10-04 15:56:43,414 - Using PyTorch device: cuda:0
2025-10-04 15:56:43,414 - Selected compute device: cuda:0
2025-10-04 16:29:30,566 - Best Model Parameters: {'learning_rate': 0.05, 'max_depth': 5, 'min_samples_leaf': 1, 'min_samples_split': 4, 'n_estimators': 300}
2025-10-04 16:29:30,566 - Validation F1 Score: 0.5795027344156661
2025-10-04 16:29:30,566 - Validation Precision: 0.5691126077710746
2025-10-04 16:29:30,566 - Validation Recall: 0.5966666666666667
2025-10-04 16:29:30,566 - Validation Accuracy: 0.659576098059244
2025-10-04 16:29:30,566 - Validation AUC: 0.692585604472397
2025-10-04 16:29:36,920 - Holdout Validation F1 Score: 0.5405405405405406
2025-10-04 16:29:36,920 - Holdout Validation Precision: 0.47619047619047616
2025-10-04 16:29:36,920 - Holdout Validation Recall: 0.625
2025-10-04 16:29:36,920 - Holdout Validation Accuracy: 0.6304347826086957
2025-10-04 16:29:36,920 - Holdout Validation AUC: 0.6500000000000001
2025-10-04 16:29:36,945 - Test F1 Score: 0.5714285714285714
2025-10-04 16:29:36,945 - Test Precision: 0.5161290322580645
2025-10-04 16:29:36,945 - Test Recall: 0.64
2025-10-04 16:29:36,945 - Test Accuracy: 0.6363636363636364
2025-10-04 16:29:36,945 - Test AUC: 0.6604878048780488
2025-10-04 16:29:37,582 - Best model saved as /gpfs/home1/won0316/_RESEARCH/0817_Genotoxicity/1_Git_upload/ChemBAI/ToxCast_model/experiments/training/DART_MTL/results/seed_1/CEETOX_H295R_PROG_gbt_Pattern/model.joblib
[2025-10-04 16:29:38] END seed_1:CEETOX_H295R_PROG_gbt_Pattern status=0
