[2025-10-04 14:20:07] START seed_1:CEETOX_H295R_PROG_dt_Morgan
2025-10-04 14:20:09,705 - Using PyTorch device: cuda:0
2025-10-04 14:20:09,705 - Selected compute device: cuda:0
2025-10-04 14:21:07,995 - Best Model Parameters: {'criterion': 'gini', 'max_depth': 2, 'min_samples_leaf': 1, 'min_samples_split': 2}
2025-10-04 14:21:07,995 - Validation F1 Score: 0.5156382109096287
2025-10-04 14:21:07,995 - Validation Precision: 0.42785439912200474
2025-10-04 14:21:07,995 - Validation Recall: 0.7092063492063492
2025-10-04 14:21:07,995 - Validation Accuracy: 0.5157303370786517
2025-10-04 14:21:07,995 - Validation AUC: 0.5378256963162623
2025-10-04 14:21:08,166 - Holdout Validation F1 Score: 0.30303030303030304
2025-10-04 14:21:08,166 - Holdout Validation Precision: 0.29411764705882354
2025-10-04 14:21:08,166 - Holdout Validation Recall: 0.3125
2025-10-04 14:21:08,166 - Holdout Validation Accuracy: 0.5
2025-10-04 14:21:08,166 - Holdout Validation AUC: 0.4458333333333333
2025-10-04 14:21:08,181 - Test F1 Score: 0.391304347826087
2025-10-04 14:21:08,182 - Test Precision: 0.42857142857142855
2025-10-04 14:21:08,182 - Test Recall: 0.36
2025-10-04 14:21:08,182 - Test Accuracy: 0.5757575757575758
2025-10-04 14:21:08,182 - Test AUC: 0.575609756097561
2025-10-04 14:21:08,183 - Best model saved as /gpfs/home1/won0316/_RESEARCH/0817_Genotoxicity/1_Git_upload/ChemBAI/ToxCast_model/experiments/training/DART_MTL/results/seed_1/CEETOX_H295R_PROG_dt_Morgan/model.joblib
[2025-10-04 14:21:08] END seed_1:CEETOX_H295R_PROG_dt_Morgan status=0
