[2025-09-30 06:15:15] START seed_0:ATG_BRE_CIS_xgb_Pattern
2025-09-30 06:15:19,803 - Using PyTorch device: cuda:0
2025-09-30 06:15:19,803 - Selected compute device: cuda:0
2025-09-30 06:59:13,463 - Best Model Parameters: {'colsample_bytree': 1.0, 'learning_rate': 0.1, 'max_depth': 3, 'min_child_weight': 1, 'n_estimators': 400, 'subsample': 0.8}
2025-09-30 06:59:13,463 - Validation F1 Score: 0.2704806116689353
2025-09-30 06:59:13,463 - Validation Precision: 0.25010802007692906
2025-09-30 06:59:13,463 - Validation Recall: 0.29803921568627456
2025-09-30 06:59:13,463 - Validation Accuracy: 0.8620415973377703
2025-09-30 06:59:13,464 - Validation AUC: 0.6609349489754504
2025-09-30 06:59:17,209 - Holdout Validation F1 Score: 0.24719101123595505
2025-09-30 06:59:17,210 - Holdout Validation Precision: 0.2037037037037037
2025-09-30 06:59:17,210 - Holdout Validation Recall: 0.3142857142857143
2025-09-30 06:59:17,210 - Holdout Validation Accuracy: 0.7392996108949417
2025-09-30 06:59:17,210 - Holdout Validation AUC: 0.5835907335907337
2025-09-30 06:59:17,952 - Test F1 Score: 0.23931623931623933
2025-09-30 06:59:17,952 - Test Precision: 0.2153846153846154
2025-09-30 06:59:17,952 - Test Recall: 0.2692307692307692
2025-09-30 06:59:17,953 - Test Accuracy: 0.7147435897435898
2025-09-30 06:59:17,953 - Test AUC: 0.6101331360946745
2025-09-30 06:59:17,957 - Best model saved as /gpfs/home1/won0316/_RESEARCH/0817_Genotoxicity/1_Git_upload/ChemBAI/ToxCast_model/experiments/training/DART_MTL/results/seed_0/ATG_BRE_CIS_xgb_Pattern/model.joblib
[2025-09-30 06:59:18] END seed_0:ATG_BRE_CIS_xgb_Pattern status=0
[2025-09-30 06:59:18] START seed_1:ATG_BRE_CIS_xgb_Pattern
2025-09-30 06:59:22,125 - Using PyTorch device: cuda:0
2025-09-30 06:59:22,125 - Selected compute device: cuda:0
2025-09-30 07:43:27,061 - Best Model Parameters: {'colsample_bytree': 1.0, 'learning_rate': 0.05, 'max_depth': 3, 'min_child_weight': 3, 'n_estimators': 200, 'subsample': 0.8}
2025-09-30 07:43:27,061 - Validation F1 Score: 0.2787424045553191
2025-09-30 07:43:27,061 - Validation Precision: 0.20971470672743786
2025-09-30 07:43:27,061 - Validation Recall: 0.41688311688311686
2025-09-30 07:43:27,061 - Validation Accuracy: 0.801745628925004
2025-09-30 07:43:27,061 - Validation AUC: 0.7044429601763551
2025-09-30 07:43:29,937 - Holdout Validation F1 Score: 0.2682926829268293
2025-09-30 07:43:29,937 - Holdout Validation Precision: 0.2
2025-09-30 07:43:29,937 - Holdout Validation Recall: 0.4074074074074074
2025-09-30 07:43:29,937 - Holdout Validation Accuracy: 0.7709923664122137
2025-09-30 07:43:29,937 - Holdout Validation AUC: 0.6801418439716312
2025-09-30 07:43:30,688 - Test F1 Score: 0.22580645161290322
2025-09-30 07:43:30,688 - Test Precision: 0.16470588235294117
2025-09-30 07:43:30,688 - Test Recall: 0.358974358974359
2025-09-30 07:43:30,688 - Test Accuracy: 0.7018633540372671
2025-09-30 07:43:30,688 - Test AUC: 0.6206849687415059
2025-09-30 07:43:30,691 - Best model saved as /gpfs/home1/won0316/_RESEARCH/0817_Genotoxicity/1_Git_upload/ChemBAI/ToxCast_model/experiments/training/DART_MTL/results/seed_1/ATG_BRE_CIS_xgb_Pattern/model.joblib
[2025-09-30 07:43:31] END seed_1:ATG_BRE_CIS_xgb_Pattern status=0
[2025-09-30 07:43:31] START seed_2:ATG_BRE_CIS_xgb_Pattern
2025-09-30 07:43:34,897 - Using PyTorch device: cuda:0
2025-09-30 07:43:34,897 - Selected compute device: cuda:0
2025-09-30 08:27:20,896 - Best Model Parameters: {'colsample_bytree': 1.0, 'learning_rate': 0.05, 'max_depth': 3, 'min_child_weight': 1, 'n_estimators': 200, 'subsample': 0.8}
2025-09-30 08:27:20,896 - Validation F1 Score: 0.2752475947934352
2025-09-30 08:27:20,896 - Validation Precision: 0.20723994572099852
2025-09-30 08:27:20,896 - Validation Recall: 0.41292802236198467
2025-09-30 08:27:20,896 - Validation Accuracy: 0.8033140011849961
2025-09-30 08:27:20,896 - Validation AUC: 0.7072253143681715
2025-09-30 08:27:23,723 - Holdout Validation F1 Score: 0.3389830508474576
2025-09-30 08:27:23,723 - Holdout Validation Precision: 0.23529411764705882
2025-09-30 08:27:23,723 - Holdout Validation Recall: 0.6060606060606061
2025-09-30 08:27:23,723 - Holdout Validation Accuracy: 0.7391304347826086
2025-09-30 08:27:23,723 - Holdout Validation AUC: 0.7170767828662565
2025-09-30 08:27:24,475 - Test F1 Score: 0.22857142857142856
2025-09-30 08:27:24,475 - Test Precision: 0.18461538461538463
2025-09-30 08:27:24,475 - Test Recall: 0.3
2025-09-30 08:27:24,475 - Test Accuracy: 0.7361563517915309
2025-09-30 08:27:24,475 - Test AUC: 0.5809925093632959
2025-09-30 08:27:24,479 - Best model saved as /gpfs/home1/won0316/_RESEARCH/0817_Genotoxicity/1_Git_upload/ChemBAI/ToxCast_model/experiments/training/DART_MTL/results/seed_2/ATG_BRE_CIS_xgb_Pattern/model.joblib
[2025-09-30 08:27:25] END seed_2:ATG_BRE_CIS_xgb_Pattern status=0
