[2025-09-29 17:54:19] START seed_0:ATG_Ahr_CIS_dt_Morgan
2025-09-29 17:54:22,205 - Using PyTorch device: cuda:0
2025-09-29 17:54:22,206 - Selected compute device: cuda:0
2025-09-29 17:56:47,266 - Best Model Parameters: {'criterion': 'entropy', 'max_depth': 5, 'min_samples_leaf': 1, 'min_samples_split': 2}
2025-09-29 17:56:47,266 - Validation F1 Score: 0.3386072944536662
2025-09-29 17:56:47,266 - Validation Precision: 0.27439206810919914
2025-09-29 17:56:47,267 - Validation Recall: 0.4523237997957099
2025-09-29 17:56:47,267 - Validation Accuracy: 0.7440948419301165
2025-09-29 17:56:47,267 - Validation AUC: 0.6242782066841789
2025-09-29 17:56:47,665 - Holdout Validation F1 Score: 0.29457364341085274
2025-09-29 17:56:47,665 - Holdout Validation Precision: 0.25
2025-09-29 17:56:47,665 - Holdout Validation Recall: 0.3584905660377358
2025-09-29 17:56:47,666 - Holdout Validation Accuracy: 0.6459143968871596
2025-09-29 17:56:47,666 - Holdout Validation AUC: 0.564835368109508
2025-09-29 17:56:47,683 - Test F1 Score: 0.21714285714285714
2025-09-29 17:56:47,683 - Test Precision: 0.16379310344827586
2025-09-29 17:56:47,683 - Test Recall: 0.3220338983050847
2025-09-29 17:56:47,683 - Test Accuracy: 0.5608974358974359
2025-09-29 17:56:47,683 - Test AUC: 0.4874723655121591
2025-09-29 17:56:47,685 - Best model saved as /gpfs/home1/won0316/_RESEARCH/0817_Genotoxicity/1_Git_upload/ChemBAI/ToxCast_model/experiments/training/DART_MTL/results/seed_0/ATG_Ahr_CIS_dt_Morgan/model.joblib
[2025-09-29 17:56:48] END seed_0:ATG_Ahr_CIS_dt_Morgan status=0
[2025-09-29 17:56:48] START seed_1:ATG_Ahr_CIS_dt_Morgan
2025-09-29 17:56:51,473 - Using PyTorch device: cuda:0
2025-09-29 17:56:51,473 - Selected compute device: cuda:0
2025-09-29 17:59:16,776 - Best Model Parameters: {'criterion': 'gini', 'max_depth': 4, 'min_samples_leaf': 3, 'min_samples_split': 2}
2025-09-29 17:59:16,776 - Validation F1 Score: 0.32674081961551743
2025-09-29 17:59:16,776 - Validation Precision: 0.29841731358392914
2025-09-29 17:59:16,776 - Validation Recall: 0.3762016718913271
2025-09-29 17:59:16,776 - Validation Accuracy: 0.7769746166731091
2025-09-29 17:59:16,777 - Validation AUC: 0.6305651507543665
2025-09-29 17:59:17,152 - Holdout Validation F1 Score: 0.2535211267605634
2025-09-29 17:59:17,152 - Holdout Validation Precision: 0.20454545454545456
2025-09-29 17:59:17,152 - Holdout Validation Recall: 0.3333333333333333
2025-09-29 17:59:17,153 - Holdout Validation Accuracy: 0.5954198473282443
2025-09-29 17:59:17,153 - Holdout Validation AUC: 0.4991096866096867
2025-09-29 17:59:17,170 - Test F1 Score: 0.40229885057471265
2025-09-29 17:59:17,170 - Test Precision: 0.3125
2025-09-29 17:59:17,170 - Test Recall: 0.5645161290322581
2025-09-29 17:59:17,170 - Test Accuracy: 0.6770186335403726
2025-09-29 17:59:17,170 - Test AUC: 0.6044354838709678
2025-09-29 17:59:17,172 - Best model saved as /gpfs/home1/won0316/_RESEARCH/0817_Genotoxicity/1_Git_upload/ChemBAI/ToxCast_model/experiments/training/DART_MTL/results/seed_1/ATG_Ahr_CIS_dt_Morgan/model.joblib
[2025-09-29 17:59:17] END seed_1:ATG_Ahr_CIS_dt_Morgan status=0
[2025-09-29 17:59:17] START seed_2:ATG_Ahr_CIS_dt_Morgan
2025-09-29 17:59:20,105 - Using PyTorch device: cuda:0
2025-09-29 17:59:20,106 - Selected compute device: cuda:0
2025-09-29 18:01:42,630 - Best Model Parameters: {'criterion': 'gini', 'max_depth': 3, 'min_samples_leaf': 1, 'min_samples_split': 2}
2025-09-29 18:01:42,630 - Validation F1 Score: 0.3117766129513357
2025-09-29 18:01:42,630 - Validation Precision: 0.2804373761301445
2025-09-29 18:01:42,630 - Validation Recall: 0.3546498599439777
2025-09-29 18:01:42,630 - Validation Accuracy: 0.7742981176792306
2025-09-29 18:01:42,630 - Validation AUC: 0.6114709294218438
2025-09-29 18:01:43,002 - Holdout Validation F1 Score: 0.4
2025-09-29 18:01:43,002 - Holdout Validation Precision: 0.3541666666666667
2025-09-29 18:01:43,002 - Holdout Validation Recall: 0.4594594594594595
2025-09-29 18:01:43,002 - Holdout Validation Accuracy: 0.6588628762541806
2025-09-29 18:01:43,002 - Holdout Validation AUC: 0.589009009009009
2025-09-29 18:01:43,019 - Test F1 Score: 0.22058823529411764
2025-09-29 18:01:43,019 - Test Precision: 0.189873417721519
2025-09-29 18:01:43,019 - Test Recall: 0.2631578947368421
2025-09-29 18:01:43,019 - Test Accuracy: 0.6547231270358306
2025-09-29 18:01:43,019 - Test AUC: 0.5276140350877193
2025-09-29 18:01:43,021 - Best model saved as /gpfs/home1/won0316/_RESEARCH/0817_Genotoxicity/1_Git_upload/ChemBAI/ToxCast_model/experiments/training/DART_MTL/results/seed_2/ATG_Ahr_CIS_dt_Morgan/model.joblib
[2025-09-29 18:01:43] END seed_2:ATG_Ahr_CIS_dt_Morgan status=0
