[2025-10-01 23:57:41] START seed_0:BSK_CASM3C_uPAR_dt_MACCS
2025-10-01 23:57:44,964 - Using PyTorch device: cuda:0
2025-10-01 23:57:44,965 - Selected compute device: cuda:0
2025-10-01 23:58:03,607 - Best Model Parameters: {'criterion': 'gini', 'max_depth': None, 'min_samples_leaf': 1, 'min_samples_split': 4}
2025-10-01 23:58:03,607 - Validation F1 Score: 0.3306715856089378
2025-10-01 23:58:03,607 - Validation Precision: 0.2854358862195707
2025-10-01 23:58:03,608 - Validation Recall: 0.395448079658606
2025-10-01 23:58:03,608 - Validation Accuracy: 0.771009801009801
2025-10-01 23:58:03,608 - Validation AUC: 0.6297822716030397
2025-10-01 23:58:03,660 - Holdout Validation F1 Score: 0.2222222222222222
2025-10-01 23:58:03,660 - Holdout Validation Precision: 0.18181818181818182
2025-10-01 23:58:03,660 - Holdout Validation Recall: 0.2857142857142857
2025-10-01 23:58:03,660 - Holdout Validation Accuracy: 0.7218543046357616
2025-10-01 23:58:03,660 - Holdout Validation AUC: 0.5285714285714286
2025-10-01 23:58:03,670 - Test F1 Score: 0.22580645161290322
2025-10-01 23:58:03,670 - Test Precision: 0.22580645161290322
2025-10-01 23:58:03,670 - Test Recall: 0.22580645161290322
2025-10-01 23:58:03,670 - Test Accuracy: 0.7192982456140351
2025-10-01 23:58:03,670 - Test AUC: 0.5880184331797236
2025-10-01 23:58:03,672 - Best model saved as /gpfs/home1/won0316/_RESEARCH/0817_Genotoxicity/1_Git_upload/ChemBAI/ToxCast_model/experiments/training/DART_MTL/results/seed_0/BSK_CASM3C_uPAR_dt_MACCS/model.joblib
[2025-10-01 23:58:04] END seed_0:BSK_CASM3C_uPAR_dt_MACCS status=0
[2025-10-01 23:58:04] START seed_1:BSK_CASM3C_uPAR_dt_MACCS
2025-10-01 23:58:06,950 - Using PyTorch device: cuda:0
2025-10-01 23:58:06,951 - Selected compute device: cuda:0
2025-10-01 23:58:25,737 - Best Model Parameters: {'criterion': 'gini', 'max_depth': None, 'min_samples_leaf': 1, 'min_samples_split': 2}
2025-10-01 23:58:25,737 - Validation F1 Score: 0.2828160287761176
2025-10-01 23:58:25,737 - Validation Precision: 0.23930047114631292
2025-10-01 23:58:25,737 - Validation Recall: 0.34682860998650467
2025-10-01 23:58:25,737 - Validation Accuracy: 0.7487274799218581
2025-10-01 23:58:25,737 - Validation AUC: 0.5883904121421939
2025-10-01 23:58:25,792 - Holdout Validation F1 Score: 0.4
2025-10-01 23:58:25,792 - Holdout Validation Precision: 0.34782608695652173
2025-10-01 23:58:25,792 - Holdout Validation Recall: 0.47058823529411764
2025-10-01 23:58:25,792 - Holdout Validation Accuracy: 0.7757009345794392
2025-10-01 23:58:25,792 - Holdout Validation AUC: 0.6421568627450981
2025-10-01 23:58:25,802 - Test F1 Score: 0.17142857142857143
2025-10-01 23:58:25,802 - Test Precision: 0.14634146341463414
2025-10-01 23:58:25,802 - Test Recall: 0.20689655172413793
2025-10-01 23:58:25,802 - Test Accuracy: 0.6258064516129033
2025-10-01 23:58:25,802 - Test AUC: 0.46072796934865895
2025-10-01 23:58:25,804 - Best model saved as /gpfs/home1/won0316/_RESEARCH/0817_Genotoxicity/1_Git_upload/ChemBAI/ToxCast_model/experiments/training/DART_MTL/results/seed_1/BSK_CASM3C_uPAR_dt_MACCS/model.joblib
[2025-10-01 23:58:26] END seed_1:BSK_CASM3C_uPAR_dt_MACCS status=0
[2025-10-01 23:58:26] START seed_2:BSK_CASM3C_uPAR_dt_MACCS
2025-10-01 23:58:28,552 - Using PyTorch device: cuda:0
2025-10-01 23:58:28,553 - Selected compute device: cuda:0
2025-10-01 23:58:47,298 - Best Model Parameters: {'criterion': 'gini', 'max_depth': None, 'min_samples_leaf': 1, 'min_samples_split': 3}
2025-10-01 23:58:47,298 - Validation F1 Score: 0.33722095512516737
2025-10-01 23:58:47,298 - Validation Precision: 0.28272213595583157
2025-10-01 23:58:47,298 - Validation Recall: 0.42275960170697024
2025-10-01 23:58:47,298 - Validation Accuracy: 0.7656803887935963
2025-10-01 23:58:47,298 - Validation AUC: 0.635696031064684
2025-10-01 23:58:47,355 - Holdout Validation F1 Score: 0.18181818181818182
2025-10-01 23:58:47,355 - Holdout Validation Precision: 0.15625
2025-10-01 23:58:47,355 - Holdout Validation Recall: 0.21739130434782608
2025-10-01 23:58:47,355 - Holdout Validation Accuracy: 0.6917808219178082
2025-10-01 23:58:47,355 - Holdout Validation AUC: 0.5210321668434076
2025-10-01 23:58:47,365 - Test F1 Score: 0.3
2025-10-01 23:58:47,365 - Test Precision: 0.2903225806451613
2025-10-01 23:58:47,365 - Test Recall: 0.3103448275862069
2025-10-01 23:58:47,365 - Test Accuracy: 0.72
2025-10-01 23:58:47,365 - Test AUC: 0.5609860359076659
2025-10-01 23:58:47,367 - Best model saved as /gpfs/home1/won0316/_RESEARCH/0817_Genotoxicity/1_Git_upload/ChemBAI/ToxCast_model/experiments/training/DART_MTL/results/seed_2/BSK_CASM3C_uPAR_dt_MACCS/model.joblib
[2025-10-01 23:58:47] END seed_2:BSK_CASM3C_uPAR_dt_MACCS status=0
