[2025-09-30 15:29:36] START seed_0:ATG_DR5_RAR_CIS_xgb_Layered
2025-09-30 15:29:39,637 - Using PyTorch device: cuda:0
2025-09-30 15:29:39,638 - Selected compute device: cuda:0
2025-09-30 16:14:45,557 - Best Model Parameters: {'colsample_bytree': 0.8, 'learning_rate': 0.05, 'max_depth': 6, 'min_child_weight': 5, 'n_estimators': 200, 'subsample': 1.0}
2025-09-30 16:14:45,557 - Validation F1 Score: 0.22872994408121605
2025-09-30 16:14:45,557 - Validation Precision: 0.19244154743726666
2025-09-30 16:14:45,557 - Validation Recall: 0.28686868686868683
2025-09-30 16:14:45,557 - Validation Accuracy: 0.8533738214087631
2025-09-30 16:14:45,557 - Validation AUC: 0.621952207112279
2025-09-30 16:14:48,756 - Holdout Validation F1 Score: 0.24615384615384617
2025-09-30 16:14:48,757 - Holdout Validation Precision: 0.27586206896551724
2025-09-30 16:14:48,757 - Holdout Validation Recall: 0.2222222222222222
2025-09-30 16:14:48,757 - Holdout Validation Accuracy: 0.8093385214007782
2025-09-30 16:14:48,757 - Holdout Validation AUC: 0.5975992961287079
2025-09-30 16:14:49,508 - Test F1 Score: 0.11764705882352941
2025-09-30 16:14:49,508 - Test Precision: 0.14285714285714285
2025-09-30 16:14:49,508 - Test Recall: 0.1
2025-09-30 16:14:49,508 - Test Accuracy: 0.8557692307692307
2025-09-30 16:14:49,508 - Test AUC: 0.6098108747044917
2025-09-30 16:14:49,512 - Best model saved as /gpfs/home1/won0316/_RESEARCH/0817_Genotoxicity/1_Git_upload/ChemBAI/ToxCast_model/experiments/training/DART_MTL/results/seed_0/ATG_DR5_RAR_CIS_xgb_Layered/model.joblib
[2025-09-30 16:14:50] END seed_0:ATG_DR5_RAR_CIS_xgb_Layered status=0
[2025-09-30 16:14:50] START seed_1:ATG_DR5_RAR_CIS_xgb_Layered
2025-09-30 16:14:53,228 - Using PyTorch device: cuda:0
2025-09-30 16:14:53,228 - Selected compute device: cuda:0
2025-09-30 17:00:11,475 - Best Model Parameters: {'colsample_bytree': 0.8, 'learning_rate': 0.1, 'max_depth': 3, 'min_child_weight': 5, 'n_estimators': 400, 'subsample': 0.8}
2025-09-30 17:00:11,476 - Validation F1 Score: 0.19136303928873585
2025-09-30 17:00:11,476 - Validation Precision: 0.1619117079986645
2025-09-30 17:00:11,476 - Validation Recall: 0.23555555555555552
2025-09-30 17:00:11,476 - Validation Accuracy: 0.8503061573194849
2025-09-30 17:00:11,476 - Validation AUC: 0.5976698610710718
2025-09-30 17:00:15,400 - Holdout Validation F1 Score: 0.19607843137254902
2025-09-30 17:00:15,400 - Holdout Validation Precision: 0.25
2025-09-30 17:00:15,400 - Holdout Validation Recall: 0.16129032258064516
2025-09-30 17:00:15,400 - Holdout Validation Accuracy: 0.8435114503816794
2025-09-30 17:00:15,401 - Holdout Validation AUC: 0.5699622957687474
2025-09-30 17:00:16,158 - Test F1 Score: 0.13043478260869565
2025-09-30 17:00:16,158 - Test Precision: 0.23076923076923078
2025-09-30 17:00:16,159 - Test Recall: 0.09090909090909091
2025-09-30 17:00:16,159 - Test Accuracy: 0.8757763975155279
2025-09-30 17:00:16,159 - Test AUC: 0.6730103806228374
2025-09-30 17:00:16,163 - Best model saved as /gpfs/home1/won0316/_RESEARCH/0817_Genotoxicity/1_Git_upload/ChemBAI/ToxCast_model/experiments/training/DART_MTL/results/seed_1/ATG_DR5_RAR_CIS_xgb_Layered/model.joblib
[2025-09-30 17:00:16] END seed_1:ATG_DR5_RAR_CIS_xgb_Layered status=0
[2025-09-30 17:00:16] START seed_2:ATG_DR5_RAR_CIS_xgb_Layered
2025-09-30 17:00:19,488 - Using PyTorch device: cuda:0
2025-09-30 17:00:19,488 - Selected compute device: cuda:0
2025-09-30 17:44:57,793 - Best Model Parameters: {'colsample_bytree': 0.8, 'learning_rate': 0.1, 'max_depth': 3, 'min_child_weight': 5, 'n_estimators': 400, 'subsample': 0.8}
2025-09-30 17:44:57,793 - Validation F1 Score: 0.18311141894692337
2025-09-30 17:44:57,794 - Validation Precision: 0.16049436338181114
2025-09-30 17:44:57,794 - Validation Recall: 0.21480111008325622
2025-09-30 17:44:57,794 - Validation Accuracy: 0.8498581422906888
2025-09-30 17:44:57,794 - Validation AUC: 0.5812931406419223
2025-09-30 17:45:01,591 - Holdout Validation F1 Score: 0.18867924528301888
2025-09-30 17:45:01,591 - Holdout Validation Precision: 0.1724137931034483
2025-09-30 17:45:01,591 - Holdout Validation Recall: 0.20833333333333334
2025-09-30 17:45:01,591 - Holdout Validation Accuracy: 0.8561872909698997
2025-09-30 17:45:01,591 - Holdout Validation AUC: 0.6198484848484849
2025-09-30 17:45:02,338 - Test F1 Score: 0.25396825396825395
2025-09-30 17:45:02,338 - Test Precision: 0.25806451612903225
2025-09-30 17:45:02,338 - Test Recall: 0.25
2025-09-30 17:45:02,338 - Test Accuracy: 0.8469055374592834
2025-09-30 17:45:02,338 - Test AUC: 0.5996590909090909
2025-09-30 17:45:02,343 - Best model saved as /gpfs/home1/won0316/_RESEARCH/0817_Genotoxicity/1_Git_upload/ChemBAI/ToxCast_model/experiments/training/DART_MTL/results/seed_2/ATG_DR5_RAR_CIS_xgb_Layered/model.joblib
[2025-09-30 17:45:02] END seed_2:ATG_DR5_RAR_CIS_xgb_Layered status=0
