[2025-10-02 03:32:50] START seed_0:BSK_CASM3C_uPAR_logistic_RDKit
2025-10-02 03:32:54,319 - Using PyTorch device: cuda:0
2025-10-02 03:32:54,320 - Selected compute device: cuda:0
2025-10-02 04:48:01,952 - Best Model Parameters: {'C': 5, 'penalty': 'l2', 'solver': 'liblinear'}
2025-10-02 04:48:01,952 - Validation F1 Score: 0.33953248901635996
2025-10-02 04:48:01,952 - Validation Precision: 0.31119353726865845
2025-10-02 04:48:01,952 - Validation Recall: 0.37994310099573253
2025-10-02 04:48:01,952 - Validation Accuracy: 0.7864864864864864
2025-10-02 04:48:01,952 - Validation AUC: 0.598192111029949
2025-10-02 04:48:02,751 - Holdout Validation F1 Score: 0.34375
2025-10-02 04:48:02,752 - Holdout Validation Precision: 0.2558139534883721
2025-10-02 04:48:02,752 - Holdout Validation Recall: 0.5238095238095238
2025-10-02 04:48:02,752 - Holdout Validation Accuracy: 0.7218543046357616
2025-10-02 04:48:02,752 - Holdout Validation AUC: 0.6626373626373626
2025-10-02 04:48:02,777 - Test F1 Score: 0.25
2025-10-02 04:48:02,777 - Test Precision: 0.24242424242424243
2025-10-02 04:48:02,777 - Test Recall: 0.25806451612903225
2025-10-02 04:48:02,777 - Test Accuracy: 0.7192982456140351
2025-10-02 04:48:02,777 - Test AUC: 0.5663594470046083
2025-10-02 04:48:02,778 - Best model saved as /gpfs/home1/won0316/_RESEARCH/0817_Genotoxicity/1_Git_upload/ChemBAI/ToxCast_model/experiments/training/DART_MTL/results/seed_0/BSK_CASM3C_uPAR_logistic_RDKit/model.joblib
[2025-10-02 04:48:03] END seed_0:BSK_CASM3C_uPAR_logistic_RDKit status=0
[2025-10-02 04:48:03] START seed_1:BSK_CASM3C_uPAR_logistic_RDKit
2025-10-02 04:48:06,012 - Using PyTorch device: cuda:0
2025-10-02 04:48:06,013 - Selected compute device: cuda:0
2025-10-02 06:07:30,664 - Best Model Parameters: {'C': 0.5, 'penalty': 'l2', 'solver': 'liblinear'}
2025-10-02 06:07:30,664 - Validation F1 Score: 0.29572985757481984
2025-10-02 06:07:30,664 - Validation Precision: 0.27166763003178207
2025-10-02 06:07:30,664 - Validation Recall: 0.3261808367071525
2025-10-02 06:07:30,665 - Validation Accuracy: 0.7774907749077491
2025-10-02 06:07:30,665 - Validation AUC: 0.5887500981138768
2025-10-02 06:07:31,341 - Holdout Validation F1 Score: 0.17142857142857143
2025-10-02 06:07:31,341 - Holdout Validation Precision: 0.16666666666666666
2025-10-02 06:07:31,341 - Holdout Validation Recall: 0.17647058823529413
2025-10-02 06:07:31,341 - Holdout Validation Accuracy: 0.7289719626168224
2025-10-02 06:07:31,341 - Holdout Validation AUC: 0.5326797385620915
2025-10-02 06:07:31,367 - Test F1 Score: 0.20689655172413793
2025-10-02 06:07:31,367 - Test Precision: 0.20689655172413793
2025-10-02 06:07:31,367 - Test Recall: 0.20689655172413793
2025-10-02 06:07:31,367 - Test Accuracy: 0.7032258064516129
2025-10-02 06:07:31,367 - Test AUC: 0.514367816091954
2025-10-02 06:07:31,369 - Best model saved as /gpfs/home1/won0316/_RESEARCH/0817_Genotoxicity/1_Git_upload/ChemBAI/ToxCast_model/experiments/training/DART_MTL/results/seed_1/BSK_CASM3C_uPAR_logistic_RDKit/model.joblib
[2025-10-02 06:07:31] END seed_1:BSK_CASM3C_uPAR_logistic_RDKit status=0
[2025-10-02 06:07:31] START seed_2:BSK_CASM3C_uPAR_logistic_RDKit
2025-10-02 06:07:34,755 - Using PyTorch device: cuda:0
2025-10-02 06:07:34,755 - Selected compute device: cuda:0
2025-10-02 07:24:42,556 - Best Model Parameters: {'C': 5, 'penalty': 'l2', 'solver': 'liblinear'}
2025-10-02 07:24:42,556 - Validation F1 Score: 0.32680626676610613
2025-10-02 07:24:42,556 - Validation Precision: 0.29447985575439917
2025-10-02 07:24:42,556 - Validation Recall: 0.37482219061166433
2025-10-02 07:24:42,556 - Validation Accuracy: 0.7838250428816467
2025-10-02 07:24:42,556 - Validation AUC: 0.6128224329128571
2025-10-02 07:24:43,267 - Holdout Validation F1 Score: 0.24
2025-10-02 07:24:43,267 - Holdout Validation Precision: 0.2222222222222222
2025-10-02 07:24:43,267 - Holdout Validation Recall: 0.2608695652173913
2025-10-02 07:24:43,267 - Holdout Validation Accuracy: 0.7397260273972602
2025-10-02 07:24:43,267 - Holdout Validation AUC: 0.49240014139271826
2025-10-02 07:24:43,290 - Test F1 Score: 0.20588235294117646
2025-10-02 07:24:43,290 - Test Precision: 0.1794871794871795
2025-10-02 07:24:43,291 - Test Recall: 0.2413793103448276
2025-10-02 07:24:43,291 - Test Accuracy: 0.64
2025-10-02 07:24:43,291 - Test AUC: 0.5205186662866913
2025-10-02 07:24:43,292 - Best model saved as /gpfs/home1/won0316/_RESEARCH/0817_Genotoxicity/1_Git_upload/ChemBAI/ToxCast_model/experiments/training/DART_MTL/results/seed_2/BSK_CASM3C_uPAR_logistic_RDKit/model.joblib
[2025-10-02 07:24:43] END seed_2:BSK_CASM3C_uPAR_logistic_RDKit status=0
