[2025-10-02 01:09:59] START seed_0:BSK_CASM3C_uPAR_xgb_RDKit
2025-10-02 01:10:02,742 - Using PyTorch device: cuda:0
2025-10-02 01:10:02,743 - Selected compute device: cuda:0
2025-10-02 01:46:17,332 - Best Model Parameters: {'colsample_bytree': 1.0, 'learning_rate': 0.1, 'max_depth': 6, 'min_child_weight': 3, 'n_estimators': 400, 'subsample': 0.8}
2025-10-02 01:46:17,332 - Validation F1 Score: 0.3270017870556163
2025-10-02 01:46:17,332 - Validation Precision: 0.34522941970310395
2025-10-02 01:46:17,332 - Validation Recall: 0.31536273115220487
2025-10-02 01:46:17,332 - Validation Accuracy: 0.814983664983665
2025-10-02 01:46:17,332 - Validation AUC: 0.6750064075455258
2025-10-02 01:46:21,109 - Holdout Validation F1 Score: 0.38095238095238093
2025-10-02 01:46:21,109 - Holdout Validation Precision: 0.38095238095238093
2025-10-02 01:46:21,109 - Holdout Validation Recall: 0.38095238095238093
2025-10-02 01:46:21,109 - Holdout Validation Accuracy: 0.8278145695364238
2025-10-02 01:46:21,110 - Holdout Validation AUC: 0.6531135531135531
2025-10-02 01:46:21,835 - Test F1 Score: 0.11428571428571428
2025-10-02 01:46:21,835 - Test Precision: 0.5
2025-10-02 01:46:21,835 - Test Recall: 0.06451612903225806
2025-10-02 01:46:21,836 - Test Accuracy: 0.8187134502923976
2025-10-02 01:46:21,836 - Test AUC: 0.547926267281106
2025-10-02 01:46:21,841 - Best model saved as /gpfs/home1/won0316/_RESEARCH/0817_Genotoxicity/1_Git_upload/ChemBAI/ToxCast_model/experiments/training/DART_MTL/results/seed_0/BSK_CASM3C_uPAR_xgb_RDKit/model.joblib
[2025-10-02 01:46:22] END seed_0:BSK_CASM3C_uPAR_xgb_RDKit status=0
[2025-10-02 01:46:22] START seed_1:BSK_CASM3C_uPAR_xgb_RDKit
2025-10-02 01:46:25,600 - Using PyTorch device: cuda:0
2025-10-02 01:46:25,600 - Selected compute device: cuda:0
2025-10-02 02:23:15,340 - Best Model Parameters: {'colsample_bytree': 1.0, 'learning_rate': 0.1, 'max_depth': 6, 'min_child_weight': 5, 'n_estimators': 400, 'subsample': 1.0}
2025-10-02 02:23:15,340 - Validation F1 Score: 0.2937755284782103
2025-10-02 02:23:15,340 - Validation Precision: 0.3040501628736923
2025-10-02 02:23:15,340 - Validation Recall: 0.28475033738191635
2025-10-02 02:23:15,340 - Validation Accuracy: 0.8047373561970913
2025-10-02 02:23:15,340 - Validation AUC: 0.6505465517141518
2025-10-02 02:23:19,151 - Holdout Validation F1 Score: 0.08
2025-10-02 02:23:19,151 - Holdout Validation Precision: 0.125
2025-10-02 02:23:19,151 - Holdout Validation Recall: 0.058823529411764705
2025-10-02 02:23:19,151 - Holdout Validation Accuracy: 0.7850467289719626
2025-10-02 02:23:19,151 - Holdout Validation AUC: 0.561437908496732
2025-10-02 02:23:19,888 - Test F1 Score: 0.09523809523809523
2025-10-02 02:23:19,888 - Test Precision: 0.15384615384615385
2025-10-02 02:23:19,888 - Test Recall: 0.06896551724137931
2025-10-02 02:23:19,888 - Test Accuracy: 0.7548387096774194
2025-10-02 02:23:19,888 - Test AUC: 0.5548713738368912
2025-10-02 02:23:19,893 - Best model saved as /gpfs/home1/won0316/_RESEARCH/0817_Genotoxicity/1_Git_upload/ChemBAI/ToxCast_model/experiments/training/DART_MTL/results/seed_1/BSK_CASM3C_uPAR_xgb_RDKit/model.joblib
[2025-10-02 02:23:20] END seed_1:BSK_CASM3C_uPAR_xgb_RDKit status=0
[2025-10-02 02:23:20] START seed_2:BSK_CASM3C_uPAR_xgb_RDKit
2025-10-02 02:23:22,843 - Using PyTorch device: cuda:0
2025-10-02 02:23:22,843 - Selected compute device: cuda:0
2025-10-02 02:59:12,412 - Best Model Parameters: {'colsample_bytree': 0.8, 'learning_rate': 0.1, 'max_depth': 9, 'min_child_weight': 3, 'n_estimators': 400, 'subsample': 0.8}
2025-10-02 02:59:12,412 - Validation F1 Score: 0.32567094318907375
2025-10-02 02:59:12,412 - Validation Precision: 0.35178565440662213
2025-10-02 02:59:12,412 - Validation Recall: 0.3048364153627311
2025-10-02 02:59:12,412 - Validation Accuracy: 0.8231446540880503
2025-10-02 02:59:12,412 - Validation AUC: 0.6836551134951321
2025-10-02 02:59:16,554 - Holdout Validation F1 Score: 0.1875
2025-10-02 02:59:16,554 - Holdout Validation Precision: 0.3333333333333333
2025-10-02 02:59:16,554 - Holdout Validation Recall: 0.13043478260869565
2025-10-02 02:59:16,554 - Holdout Validation Accuracy: 0.821917808219178
2025-10-02 02:59:16,554 - Holdout Validation AUC: 0.521385648639095
2025-10-02 02:59:17,287 - Test F1 Score: 0.24
2025-10-02 02:59:17,287 - Test Precision: 0.2857142857142857
2025-10-02 02:59:17,287 - Test Recall: 0.20689655172413793
2025-10-02 02:59:17,287 - Test Accuracy: 0.7466666666666667
2025-10-02 02:59:17,287 - Test AUC: 0.5518666286691365
2025-10-02 02:59:17,292 - Best model saved as /gpfs/home1/won0316/_RESEARCH/0817_Genotoxicity/1_Git_upload/ChemBAI/ToxCast_model/experiments/training/DART_MTL/results/seed_2/BSK_CASM3C_uPAR_xgb_RDKit/model.joblib
[2025-10-02 02:59:17] END seed_2:BSK_CASM3C_uPAR_xgb_RDKit status=0
