[2025-10-01 19:47:32] START seed_0:BSK_BE3C_PAI1_dt_RDKit
2025-10-01 19:47:35,819 - Using PyTorch device: cuda:0
2025-10-01 19:47:35,819 - Selected compute device: cuda:0
2025-10-01 19:50:44,609 - Best Model Parameters: {'criterion': 'gini', 'max_depth': None, 'min_samples_leaf': 1, 'min_samples_split': 2}
2025-10-01 19:50:44,610 - Validation F1 Score: 0.3148714688763232
2025-10-01 19:50:44,610 - Validation Precision: 0.2747667541929837
2025-10-01 19:50:44,610 - Validation Recall: 0.36910299003322267
2025-10-01 19:50:44,610 - Validation Accuracy: 0.7363171963171964
2025-10-01 19:50:44,610 - Validation AUC: 0.5930623883295086
2025-10-01 19:50:45,200 - Holdout Validation F1 Score: 0.22857142857142856
2025-10-01 19:50:45,200 - Holdout Validation Precision: 0.19047619047619047
2025-10-01 19:50:45,200 - Holdout Validation Recall: 0.2857142857142857
2025-10-01 19:50:45,200 - Holdout Validation Accuracy: 0.6423841059602649
2025-10-01 19:50:45,200 - Holdout Validation AUC: 0.5017421602787456
2025-10-01 19:50:45,223 - Test F1 Score: 0.3191489361702128
2025-10-01 19:50:45,224 - Test Precision: 0.23809523809523808
2025-10-01 19:50:45,224 - Test Recall: 0.4838709677419355
2025-10-01 19:50:45,224 - Test Accuracy: 0.6257309941520468
2025-10-01 19:50:45,224 - Test AUC: 0.5774193548387097
2025-10-01 19:50:45,226 - Best model saved as /gpfs/home1/won0316/_RESEARCH/0817_Genotoxicity/1_Git_upload/ChemBAI/ToxCast_model/experiments/training/DART_MTL/results/seed_0/BSK_BE3C_PAI1_dt_RDKit/model.joblib
[2025-10-01 19:50:45] END seed_0:BSK_BE3C_PAI1_dt_RDKit status=0
[2025-10-01 19:50:45] START seed_1:BSK_BE3C_PAI1_dt_RDKit
2025-10-01 19:50:48,938 - Using PyTorch device: cuda:0
2025-10-01 19:50:48,939 - Selected compute device: cuda:0
2025-10-01 19:54:08,006 - Best Model Parameters: {'criterion': 'gini', 'max_depth': None, 'min_samples_leaf': 2, 'min_samples_split': 2}
2025-10-01 19:54:08,006 - Validation F1 Score: 0.2958422190416423
2025-10-01 19:54:08,006 - Validation Precision: 0.25962661767215844
2025-10-01 19:54:08,006 - Validation Recall: 0.34746300211416487
2025-10-01 19:54:08,006 - Validation Accuracy: 0.7405795528543522
2025-10-01 19:54:08,006 - Validation AUC: 0.5862218229807226
2025-10-01 19:54:08,634 - Holdout Validation F1 Score: 0.2777777777777778
2025-10-01 19:54:08,634 - Holdout Validation Precision: 0.29411764705882354
2025-10-01 19:54:08,634 - Holdout Validation Recall: 0.2631578947368421
2025-10-01 19:54:08,634 - Holdout Validation Accuracy: 0.7570093457943925
2025-10-01 19:54:08,634 - Holdout Validation AUC: 0.6013755980861244
2025-10-01 19:54:08,658 - Test F1 Score: 0.425
2025-10-01 19:54:08,658 - Test Precision: 0.38636363636363635
2025-10-01 19:54:08,658 - Test Recall: 0.4722222222222222
2025-10-01 19:54:08,658 - Test Accuracy: 0.7032258064516129
2025-10-01 19:54:08,658 - Test AUC: 0.5990896358543418
2025-10-01 19:54:08,660 - Best model saved as /gpfs/home1/won0316/_RESEARCH/0817_Genotoxicity/1_Git_upload/ChemBAI/ToxCast_model/experiments/training/DART_MTL/results/seed_1/BSK_BE3C_PAI1_dt_RDKit/model.joblib
[2025-10-01 19:54:09] END seed_1:BSK_BE3C_PAI1_dt_RDKit status=0
[2025-10-01 19:54:09] START seed_2:BSK_BE3C_PAI1_dt_RDKit
2025-10-01 19:54:11,815 - Using PyTorch device: cuda:0
2025-10-01 19:54:11,816 - Selected compute device: cuda:0
2025-10-01 19:57:29,000 - Best Model Parameters: {'criterion': 'entropy', 'max_depth': None, 'min_samples_leaf': 3, 'min_samples_split': 2}
2025-10-01 19:57:29,000 - Validation F1 Score: 0.30486234919249167
2025-10-01 19:57:29,000 - Validation Precision: 0.25742240617415935
2025-10-01 19:57:29,000 - Validation Recall: 0.37537746806039485
2025-10-01 19:57:29,000 - Validation Accuracy: 0.7301915380217266
2025-10-01 19:57:29,000 - Validation AUC: 0.6042121737681182
2025-10-01 19:57:29,591 - Holdout Validation F1 Score: 0.2647058823529412
2025-10-01 19:57:29,592 - Holdout Validation Precision: 0.2727272727272727
2025-10-01 19:57:29,592 - Holdout Validation Recall: 0.2571428571428571
2025-10-01 19:57:29,592 - Holdout Validation Accuracy: 0.6575342465753424
2025-10-01 19:57:29,592 - Holdout Validation AUC: 0.5059202059202059
2025-10-01 19:57:29,615 - Test F1 Score: 0.3492063492063492
2025-10-01 19:57:29,615 - Test Precision: 0.3333333333333333
2025-10-01 19:57:29,615 - Test Recall: 0.36666666666666664
2025-10-01 19:57:29,615 - Test Accuracy: 0.7266666666666667
2025-10-01 19:57:29,615 - Test AUC: 0.5875
2025-10-01 19:57:29,617 - Best model saved as /gpfs/home1/won0316/_RESEARCH/0817_Genotoxicity/1_Git_upload/ChemBAI/ToxCast_model/experiments/training/DART_MTL/results/seed_2/BSK_BE3C_PAI1_dt_RDKit/model.joblib
[2025-10-01 19:57:30] END seed_2:BSK_BE3C_PAI1_dt_RDKit status=0
