[2025-09-29 17:55:09] START seed_0:ATG_Ahr_CIS_rf_Layered
2025-09-29 17:55:14,297 - Using PyTorch device: cuda:0
2025-09-29 17:55:14,297 - Selected compute device: cuda:0
2025-09-29 18:01:17,445 - Best Model Parameters: {'max_depth': 10, 'min_samples_leaf': 1, 'min_samples_split': 2, 'n_estimators': 200}
2025-09-29 18:01:17,445 - Validation F1 Score: 0.3687486835656186
2025-09-29 18:01:17,446 - Validation Precision: 0.30910967886884616
2025-09-29 18:01:17,446 - Validation Recall: 0.4592696629213483
2025-09-29 18:01:17,446 - Validation Accuracy: 0.7690820854132003
2025-09-29 18:01:17,446 - Validation AUC: 0.6820107738579614
2025-09-29 18:01:18,593 - Holdout Validation F1 Score: 0.2830188679245283
2025-09-29 18:01:18,593 - Holdout Validation Precision: 0.2830188679245283
2025-09-29 18:01:18,593 - Holdout Validation Recall: 0.2830188679245283
2025-09-29 18:01:18,593 - Holdout Validation Accuracy: 0.7042801556420234
2025-09-29 18:01:18,593 - Holdout Validation AUC: 0.6186644469108398
2025-09-29 18:01:18,665 - Test F1 Score: 0.32558139534883723
2025-09-29 18:01:18,665 - Test Precision: 0.3
2025-09-29 18:01:18,665 - Test Recall: 0.3559322033898305
2025-09-29 18:01:18,665 - Test Accuracy: 0.7211538461538461
2025-09-29 18:01:18,665 - Test AUC: 0.6370335633415957
2025-09-29 18:01:18,732 - Best model saved as /gpfs/home1/won0316/_RESEARCH/0817_Genotoxicity/1_Git_upload/ChemBAI/ToxCast_model/experiments/training/DART_MTL/results/seed_0/ATG_Ahr_CIS_rf_Layered/model.joblib
[2025-09-29 18:01:20] END seed_0:ATG_Ahr_CIS_rf_Layered status=0
[2025-09-29 18:01:20] START seed_1:ATG_Ahr_CIS_rf_Layered
2025-09-29 18:01:24,956 - Using PyTorch device: cuda:0
2025-09-29 18:01:24,957 - Selected compute device: cuda:0
