[2025-10-02 00:33:58] START seed_0:BSK_CASM3C_uPAR_rf_Morgan
2025-10-02 00:34:02,547 - Using PyTorch device: cuda:0
2025-10-02 00:34:02,547 - Selected compute device: cuda:0
2025-10-02 00:37:02,955 - Best Model Parameters: {'max_depth': 15, 'min_samples_leaf': 1, 'min_samples_split': 2, 'n_estimators': 200}
2025-10-02 00:37:02,955 - Validation F1 Score: 0.2749824835412803
2025-10-02 00:37:02,955 - Validation Precision: 0.2347603663283559
2025-10-02 00:37:02,956 - Validation Recall: 0.33741109530583213
2025-10-02 00:37:02,956 - Validation Accuracy: 0.7463914463914464
2025-10-02 00:37:02,956 - Validation AUC: 0.6511504747991235
2025-10-02 00:37:03,398 - Holdout Validation F1 Score: 0.37037037037037035
2025-10-02 00:37:03,398 - Holdout Validation Precision: 0.30303030303030304
2025-10-02 00:37:03,398 - Holdout Validation Recall: 0.47619047619047616
2025-10-02 00:37:03,399 - Holdout Validation Accuracy: 0.7748344370860927
2025-10-02 00:37:03,399 - Holdout Validation AUC: 0.6457875457875457
2025-10-02 00:37:03,461 - Test F1 Score: 0.045454545454545456
2025-10-02 00:37:03,461 - Test Precision: 0.07692307692307693
2025-10-02 00:37:03,461 - Test Recall: 0.03225806451612903
2025-10-02 00:37:03,461 - Test Accuracy: 0.7543859649122807
2025-10-02 00:37:03,461 - Test AUC: 0.6414746543778802
2025-10-02 00:37:03,508 - Best model saved as /gpfs/home1/won0316/_RESEARCH/0817_Genotoxicity/1_Git_upload/ChemBAI/ToxCast_model/experiments/training/DART_MTL/results/seed_0/BSK_CASM3C_uPAR_rf_Morgan/model.joblib
[2025-10-02 00:37:04] END seed_0:BSK_CASM3C_uPAR_rf_Morgan status=0
[2025-10-02 00:37:04] START seed_1:BSK_CASM3C_uPAR_rf_Morgan
2025-10-02 00:37:06,995 - Using PyTorch device: cuda:0
2025-10-02 00:37:06,996 - Selected compute device: cuda:0
2025-10-02 00:40:07,988 - Best Model Parameters: {'max_depth': 15, 'min_samples_leaf': 1, 'min_samples_split': 2, 'n_estimators': 600}
2025-10-02 00:40:07,988 - Validation F1 Score: 0.3037829656709018
2025-10-02 00:40:07,988 - Validation Precision: 0.254394025861618
2025-10-02 00:40:07,988 - Validation Recall: 0.37786774628879893
2025-10-02 00:40:07,988 - Validation Accuracy: 0.7545989798133275
2025-10-02 00:40:07,988 - Validation AUC: 0.6392071290291849
2025-10-02 00:40:09,025 - Holdout Validation F1 Score: 0.21428571428571427
2025-10-02 00:40:09,025 - Holdout Validation Precision: 0.2727272727272727
2025-10-02 00:40:09,025 - Holdout Validation Recall: 0.17647058823529413
2025-10-02 00:40:09,025 - Holdout Validation Accuracy: 0.794392523364486
2025-10-02 00:40:09,025 - Holdout Validation AUC: 0.5183006535947713
2025-10-02 00:40:09,172 - Test F1 Score: 0.25
2025-10-02 00:40:09,173 - Test Precision: 0.3157894736842105
2025-10-02 00:40:09,173 - Test Recall: 0.20689655172413793
2025-10-02 00:40:09,173 - Test Accuracy: 0.7677419354838709
2025-10-02 00:40:09,173 - Test AUC: 0.6093322386425835
2025-10-02 00:40:09,314 - Best model saved as /gpfs/home1/won0316/_RESEARCH/0817_Genotoxicity/1_Git_upload/ChemBAI/ToxCast_model/experiments/training/DART_MTL/results/seed_1/BSK_CASM3C_uPAR_rf_Morgan/model.joblib
[2025-10-02 00:40:09] END seed_1:BSK_CASM3C_uPAR_rf_Morgan status=0
[2025-10-02 00:40:09] START seed_2:BSK_CASM3C_uPAR_rf_Morgan
2025-10-02 00:40:12,192 - Using PyTorch device: cuda:0
2025-10-02 00:40:12,193 - Selected compute device: cuda:0
2025-10-02 00:43:12,515 - Best Model Parameters: {'max_depth': 15, 'min_samples_leaf': 1, 'min_samples_split': 2, 'n_estimators': 200}
2025-10-02 00:43:12,515 - Validation F1 Score: 0.319037428123141
2025-10-02 00:43:12,516 - Validation Precision: 0.267308097709246
2025-10-02 00:43:12,516 - Validation Recall: 0.4005689900426742
2025-10-02 00:43:12,516 - Validation Accuracy: 0.7588479130931962
2025-10-02 00:43:12,516 - Validation AUC: 0.6852253714414623
2025-10-02 00:43:12,961 - Holdout Validation F1 Score: 0.25925925925925924
2025-10-02 00:43:12,961 - Holdout Validation Precision: 0.22580645161290322
2025-10-02 00:43:12,961 - Holdout Validation Recall: 0.30434782608695654
2025-10-02 00:43:12,961 - Holdout Validation Accuracy: 0.726027397260274
2025-10-02 00:43:12,961 - Holdout Validation AUC: 0.608695652173913
2025-10-02 00:43:13,026 - Test F1 Score: 0.1724137931034483
2025-10-02 00:43:13,026 - Test Precision: 0.1724137931034483
2025-10-02 00:43:13,026 - Test Recall: 0.1724137931034483
2025-10-02 00:43:13,026 - Test Accuracy: 0.68
2025-10-02 00:43:13,026 - Test AUC: 0.5025648332858363
2025-10-02 00:43:13,073 - Best model saved as /gpfs/home1/won0316/_RESEARCH/0817_Genotoxicity/1_Git_upload/ChemBAI/ToxCast_model/experiments/training/DART_MTL/results/seed_2/BSK_CASM3C_uPAR_rf_Morgan/model.joblib
[2025-10-02 00:43:13] END seed_2:BSK_CASM3C_uPAR_rf_Morgan status=0
