[2025-10-01 20:22:33] START seed_0:BSK_BE3C_PAI1_xgb_MACCS
2025-10-01 20:22:37,215 - Using PyTorch device: cuda:0
2025-10-01 20:22:37,215 - Selected compute device: cuda:0
2025-10-01 20:27:17,077 - Best Model Parameters: {'colsample_bytree': 0.8, 'learning_rate': 0.1, 'max_depth': 6, 'min_child_weight': 3, 'n_estimators': 400, 'subsample': 0.8}
2025-10-01 20:27:17,077 - Validation F1 Score: 0.3844819839759196
2025-10-01 20:27:17,077 - Validation Precision: 0.3775436513172362
2025-10-01 20:27:17,077 - Validation Recall: 0.3973421926910299
2025-10-01 20:27:17,077 - Validation Accuracy: 0.7949153549153548
2025-10-01 20:27:17,077 - Validation AUC: 0.7161661234469616
2025-10-01 20:27:17,596 - Holdout Validation F1 Score: 0.36666666666666664
2025-10-01 20:27:17,596 - Holdout Validation Precision: 0.34375
2025-10-01 20:27:17,596 - Holdout Validation Recall: 0.39285714285714285
2025-10-01 20:27:17,596 - Holdout Validation Accuracy: 0.7483443708609272
2025-10-01 20:27:17,596 - Holdout Validation AUC: 0.650987224157956
2025-10-01 20:27:17,667 - Test F1 Score: 0.22535211267605634
2025-10-01 20:27:17,667 - Test Precision: 0.2
2025-10-01 20:27:17,668 - Test Recall: 0.25806451612903225
2025-10-01 20:27:17,668 - Test Accuracy: 0.6783625730994152
2025-10-01 20:27:17,668 - Test AUC: 0.633410138248848
2025-10-01 20:27:17,673 - Best model saved as /gpfs/home1/won0316/_RESEARCH/0817_Genotoxicity/1_Git_upload/ChemBAI/ToxCast_model/experiments/training/DART_MTL/results/seed_0/BSK_BE3C_PAI1_xgb_MACCS/model.joblib
[2025-10-01 20:27:18] END seed_0:BSK_BE3C_PAI1_xgb_MACCS status=0
[2025-10-01 20:27:18] START seed_1:BSK_BE3C_PAI1_xgb_MACCS
2025-10-01 20:27:20,815 - Using PyTorch device: cuda:0
2025-10-01 20:27:20,815 - Selected compute device: cuda:0
2025-10-01 20:32:04,550 - Best Model Parameters: {'colsample_bytree': 0.8, 'learning_rate': 0.1, 'max_depth': 6, 'min_child_weight': 3, 'n_estimators': 200, 'subsample': 1.0}
2025-10-01 20:32:04,550 - Validation F1 Score: 0.3669340386093404
2025-10-01 20:32:04,550 - Validation Precision: 0.3642491624070572
2025-10-01 20:32:04,550 - Validation Recall: 0.38012684989429174
2025-10-01 20:32:04,550 - Validation Accuracy: 0.7907396353375298
2025-10-01 20:32:04,550 - Validation AUC: 0.6978951976153513
2025-10-01 20:32:04,920 - Holdout Validation F1 Score: 0.12903225806451613
2025-10-01 20:32:04,920 - Holdout Validation Precision: 0.16666666666666666
2025-10-01 20:32:04,920 - Holdout Validation Recall: 0.10526315789473684
2025-10-01 20:32:04,920 - Holdout Validation Accuracy: 0.7476635514018691
2025-10-01 20:32:04,920 - Holdout Validation AUC: 0.7042464114832536
2025-10-01 20:32:04,990 - Test F1 Score: 0.37333333333333335
2025-10-01 20:32:04,990 - Test Precision: 0.358974358974359
2025-10-01 20:32:04,990 - Test Recall: 0.3888888888888889
2025-10-01 20:32:04,990 - Test Accuracy: 0.6967741935483871
2025-10-01 20:32:04,990 - Test AUC: 0.6158963585434174
2025-10-01 20:32:04,994 - Best model saved as /gpfs/home1/won0316/_RESEARCH/0817_Genotoxicity/1_Git_upload/ChemBAI/ToxCast_model/experiments/training/DART_MTL/results/seed_1/BSK_BE3C_PAI1_xgb_MACCS/model.joblib
[2025-10-01 20:32:05] END seed_1:BSK_BE3C_PAI1_xgb_MACCS status=0
[2025-10-01 20:32:05] START seed_2:BSK_BE3C_PAI1_xgb_MACCS
2025-10-01 20:32:08,339 - Using PyTorch device: cuda:0
2025-10-01 20:32:08,339 - Selected compute device: cuda:0
2025-10-01 20:36:48,181 - Best Model Parameters: {'colsample_bytree': 0.8, 'learning_rate': 0.1, 'max_depth': 6, 'min_child_weight': 5, 'n_estimators': 200, 'subsample': 0.8}
2025-10-01 20:36:48,182 - Validation F1 Score: 0.38872777866738256
2025-10-01 20:36:48,182 - Validation Precision: 0.3650165255662229
2025-10-01 20:36:48,182 - Validation Recall: 0.4183507549361208
2025-10-01 20:36:48,182 - Validation Accuracy: 0.7936335048599199
2025-10-01 20:36:48,182 - Validation AUC: 0.7044942006114487
2025-10-01 20:36:48,541 - Holdout Validation F1 Score: 0.3283582089552239
2025-10-01 20:36:48,541 - Holdout Validation Precision: 0.34375
2025-10-01 20:36:48,541 - Holdout Validation Recall: 0.3142857142857143
2025-10-01 20:36:48,541 - Holdout Validation Accuracy: 0.6917808219178082
2025-10-01 20:36:48,541 - Holdout Validation AUC: 0.576962676962677
2025-10-01 20:36:48,613 - Test F1 Score: 0.2777777777777778
2025-10-01 20:36:48,613 - Test Precision: 0.23809523809523808
2025-10-01 20:36:48,613 - Test Recall: 0.3333333333333333
2025-10-01 20:36:48,613 - Test Accuracy: 0.6533333333333333
2025-10-01 20:36:48,613 - Test AUC: 0.5822222222222222
2025-10-01 20:36:48,616 - Best model saved as /gpfs/home1/won0316/_RESEARCH/0817_Genotoxicity/1_Git_upload/ChemBAI/ToxCast_model/experiments/training/DART_MTL/results/seed_2/BSK_BE3C_PAI1_xgb_MACCS/model.joblib
[2025-10-01 20:36:49] END seed_2:BSK_BE3C_PAI1_xgb_MACCS status=0
