[2025-10-02 00:03:58] START seed_0:BSK_CASM3C_uPAR_dt_RDKit
2025-10-02 00:04:02,430 - Using PyTorch device: cuda:0
2025-10-02 00:04:02,431 - Selected compute device: cuda:0
2025-10-02 00:07:17,076 - Best Model Parameters: {'criterion': 'entropy', 'max_depth': None, 'min_samples_leaf': 1, 'min_samples_split': 2}
2025-10-02 00:07:17,076 - Validation F1 Score: 0.32517980893667037
2025-10-02 00:07:17,076 - Validation Precision: 0.28190635451505014
2025-10-02 00:07:17,076 - Validation Recall: 0.38506401137980084
2025-10-02 00:07:17,076 - Validation Accuracy: 0.7694683694683693
2025-10-02 00:07:17,076 - Validation AUC: 0.6097708661720042
2025-10-02 00:07:17,672 - Holdout Validation F1 Score: 0.25
2025-10-02 00:07:17,672 - Holdout Validation Precision: 0.2222222222222222
2025-10-02 00:07:17,672 - Holdout Validation Recall: 0.2857142857142857
2025-10-02 00:07:17,672 - Holdout Validation Accuracy: 0.7615894039735099
2025-10-02 00:07:17,672 - Holdout Validation AUC: 0.5620879120879121
2025-10-02 00:07:17,696 - Test F1 Score: 0.2222222222222222
2025-10-02 00:07:17,696 - Test Precision: 0.21875
2025-10-02 00:07:17,696 - Test Recall: 0.22580645161290322
2025-10-02 00:07:17,696 - Test Accuracy: 0.7134502923976608
2025-10-02 00:07:17,696 - Test AUC: 0.5236175115207373
2025-10-02 00:07:17,698 - Best model saved as /gpfs/home1/won0316/_RESEARCH/0817_Genotoxicity/1_Git_upload/ChemBAI/ToxCast_model/experiments/training/DART_MTL/results/seed_0/BSK_CASM3C_uPAR_dt_RDKit/model.joblib
[2025-10-02 00:07:18] END seed_0:BSK_CASM3C_uPAR_dt_RDKit status=0
[2025-10-02 00:07:18] START seed_1:BSK_CASM3C_uPAR_dt_RDKit
2025-10-02 00:07:21,245 - Using PyTorch device: cuda:0
2025-10-02 00:07:21,246 - Selected compute device: cuda:0
2025-10-02 00:10:46,231 - Best Model Parameters: {'criterion': 'entropy', 'max_depth': None, 'min_samples_leaf': 3, 'min_samples_split': 2}
2025-10-02 00:10:46,231 - Validation F1 Score: 0.3056233172880803
2025-10-02 00:10:46,231 - Validation Precision: 0.2637089937776437
2025-10-02 00:10:46,231 - Validation Recall: 0.36828609986504723
2025-10-02 00:10:46,231 - Validation Accuracy: 0.7583351421749512
2025-10-02 00:10:46,231 - Validation AUC: 0.6029229621822683
2025-10-02 00:10:46,834 - Holdout Validation F1 Score: 0.1951219512195122
2025-10-02 00:10:46,835 - Holdout Validation Precision: 0.16666666666666666
2025-10-02 00:10:46,835 - Holdout Validation Recall: 0.23529411764705882
2025-10-02 00:10:46,835 - Holdout Validation Accuracy: 0.6915887850467289
2025-10-02 00:10:46,835 - Holdout Validation AUC: 0.5398692810457517
2025-10-02 00:10:46,858 - Test F1 Score: 0.3076923076923077
2025-10-02 00:10:46,858 - Test Precision: 0.2777777777777778
2025-10-02 00:10:46,858 - Test Recall: 0.3448275862068966
2025-10-02 00:10:46,859 - Test Accuracy: 0.7096774193548387
2025-10-02 00:10:46,859 - Test AUC: 0.5818281335522715
2025-10-02 00:10:46,861 - Best model saved as /gpfs/home1/won0316/_RESEARCH/0817_Genotoxicity/1_Git_upload/ChemBAI/ToxCast_model/experiments/training/DART_MTL/results/seed_1/BSK_CASM3C_uPAR_dt_RDKit/model.joblib
[2025-10-02 00:10:47] END seed_1:BSK_CASM3C_uPAR_dt_RDKit status=0
[2025-10-02 00:10:47] START seed_2:BSK_CASM3C_uPAR_dt_RDKit
2025-10-02 00:10:49,619 - Using PyTorch device: cuda:0
2025-10-02 00:10:49,620 - Selected compute device: cuda:0
2025-10-02 00:14:08,014 - Best Model Parameters: {'criterion': 'gini', 'max_depth': None, 'min_samples_leaf': 1, 'min_samples_split': 3}
2025-10-02 00:14:08,014 - Validation F1 Score: 0.32421561821828815
2025-10-02 00:14:08,014 - Validation Precision: 0.28088710231567376
2025-10-02 00:14:08,014 - Validation Recall: 0.3903271692745377
2025-10-02 00:14:08,014 - Validation Accuracy: 0.774739851343625
2025-10-02 00:14:08,014 - Validation AUC: 0.6190602264680634
2025-10-02 00:14:08,693 - Holdout Validation F1 Score: 0.1702127659574468
2025-10-02 00:14:08,694 - Holdout Validation Precision: 0.16666666666666666
2025-10-02 00:14:08,694 - Holdout Validation Recall: 0.17391304347826086
2025-10-02 00:14:08,694 - Holdout Validation Accuracy: 0.7328767123287672
2025-10-02 00:14:08,694 - Holdout Validation AUC: 0.5171438670908449
2025-10-02 00:14:08,717 - Test F1 Score: 0.2716049382716049
2025-10-02 00:14:08,717 - Test Precision: 0.21153846153846154
2025-10-02 00:14:08,717 - Test Recall: 0.3793103448275862
2025-10-02 00:14:08,718 - Test Accuracy: 0.6066666666666667
2025-10-02 00:14:08,718 - Test AUC: 0.5176688515246509
2025-10-02 00:14:08,720 - Best model saved as /gpfs/home1/won0316/_RESEARCH/0817_Genotoxicity/1_Git_upload/ChemBAI/ToxCast_model/experiments/training/DART_MTL/results/seed_2/BSK_CASM3C_uPAR_dt_RDKit/model.joblib
[2025-10-02 00:14:09] END seed_2:BSK_CASM3C_uPAR_dt_RDKit status=0
