[2025-10-02 01:00:44] START seed_0:BSK_CASM3C_uPAR_xgb_Morgan
2025-10-02 01:00:47,480 - Using PyTorch device: cuda:0
2025-10-02 01:00:47,480 - Selected compute device: cuda:0
2025-10-02 01:18:16,966 - Best Model Parameters: {'colsample_bytree': 0.8, 'learning_rate': 0.1, 'max_depth': 9, 'min_child_weight': 5, 'n_estimators': 400, 'subsample': 1.0}
2025-10-02 01:18:16,967 - Validation F1 Score: 0.3352527732314966
2025-10-02 01:18:16,967 - Validation Precision: 0.3276190476190476
2025-10-02 01:18:16,967 - Validation Recall: 0.3532005689900427
2025-10-02 01:18:16,967 - Validation Accuracy: 0.8018651618651619
2025-10-02 01:18:16,967 - Validation AUC: 0.691349493163149
2025-10-02 01:18:18,982 - Holdout Validation F1 Score: 0.2909090909090909
2025-10-02 01:18:18,982 - Holdout Validation Precision: 0.23529411764705882
2025-10-02 01:18:18,982 - Holdout Validation Recall: 0.38095238095238093
2025-10-02 01:18:18,982 - Holdout Validation Accuracy: 0.7417218543046358
2025-10-02 01:18:18,982 - Holdout Validation AUC: 0.6490842490842491
2025-10-02 01:18:19,367 - Test F1 Score: 0.10256410256410256
2025-10-02 01:18:19,367 - Test Precision: 0.25
2025-10-02 01:18:19,367 - Test Recall: 0.06451612903225806
2025-10-02 01:18:19,367 - Test Accuracy: 0.7953216374269005
2025-10-02 01:18:19,367 - Test AUC: 0.5995391705069124
2025-10-02 01:18:19,372 - Best model saved as /gpfs/home1/won0316/_RESEARCH/0817_Genotoxicity/1_Git_upload/ChemBAI/ToxCast_model/experiments/training/DART_MTL/results/seed_0/BSK_CASM3C_uPAR_xgb_Morgan/model.joblib
[2025-10-02 01:18:20] END seed_0:BSK_CASM3C_uPAR_xgb_Morgan status=0
[2025-10-02 01:18:20] START seed_1:BSK_CASM3C_uPAR_xgb_Morgan
2025-10-02 01:18:23,350 - Using PyTorch device: cuda:0
2025-10-02 01:18:23,351 - Selected compute device: cuda:0
2025-10-02 01:35:46,818 - Best Model Parameters: {'colsample_bytree': 0.8, 'learning_rate': 0.1, 'max_depth': 6, 'min_child_weight': 5, 'n_estimators': 200, 'subsample': 1.0}
2025-10-02 01:35:46,818 - Validation F1 Score: 0.32430248986121407
2025-10-02 01:35:46,818 - Validation Precision: 0.30707747917050243
2025-10-02 01:35:46,818 - Validation Recall: 0.34669365721997303
2025-10-02 01:35:46,818 - Validation Accuracy: 0.792147818537009
2025-10-02 01:35:46,818 - Validation AUC: 0.6187299790270978
2025-10-02 01:35:48,143 - Holdout Validation F1 Score: 0.08
2025-10-02 01:35:48,143 - Holdout Validation Precision: 0.125
2025-10-02 01:35:48,143 - Holdout Validation Recall: 0.058823529411764705
2025-10-02 01:35:48,143 - Holdout Validation Accuracy: 0.7850467289719626
2025-10-02 01:35:48,143 - Holdout Validation AUC: 0.5738562091503269
2025-10-02 01:35:48,530 - Test F1 Score: 0.36363636363636365
2025-10-02 01:35:48,530 - Test Precision: 0.38461538461538464
2025-10-02 01:35:48,530 - Test Recall: 0.3448275862068966
2025-10-02 01:35:48,530 - Test Accuracy: 0.7741935483870968
2025-10-02 01:35:48,530 - Test AUC: 0.5937328954570334
2025-10-02 01:35:48,533 - Best model saved as /gpfs/home1/won0316/_RESEARCH/0817_Genotoxicity/1_Git_upload/ChemBAI/ToxCast_model/experiments/training/DART_MTL/results/seed_1/BSK_CASM3C_uPAR_xgb_Morgan/model.joblib
[2025-10-02 01:35:49] END seed_1:BSK_CASM3C_uPAR_xgb_Morgan status=0
[2025-10-02 01:35:49] START seed_2:BSK_CASM3C_uPAR_xgb_Morgan
2025-10-02 01:35:52,401 - Using PyTorch device: cuda:0
2025-10-02 01:35:52,401 - Selected compute device: cuda:0
2025-10-02 01:53:38,735 - Best Model Parameters: {'colsample_bytree': 1.0, 'learning_rate': 0.1, 'max_depth': 6, 'min_child_weight': 5, 'n_estimators': 200, 'subsample': 1.0}
2025-10-02 01:53:38,735 - Validation F1 Score: 0.3396780037862198
2025-10-02 01:53:38,735 - Validation Precision: 0.32415365832853515
2025-10-02 01:53:38,735 - Validation Recall: 0.3633001422475107
2025-10-02 01:53:38,735 - Validation Accuracy: 0.8011921097770156
2025-10-02 01:53:38,735 - Validation AUC: 0.661875056136591
2025-10-02 01:53:40,085 - Holdout Validation F1 Score: 0.1702127659574468
2025-10-02 01:53:40,085 - Holdout Validation Precision: 0.16666666666666666
2025-10-02 01:53:40,085 - Holdout Validation Recall: 0.17391304347826086
2025-10-02 01:53:40,085 - Holdout Validation Accuracy: 0.7328767123287672
2025-10-02 01:53:40,085 - Holdout Validation AUC: 0.5259809119830329
2025-10-02 01:53:40,479 - Test F1 Score: 0.25925925925925924
2025-10-02 01:53:40,479 - Test Precision: 0.28
2025-10-02 01:53:40,479 - Test Recall: 0.2413793103448276
2025-10-02 01:53:40,479 - Test Accuracy: 0.7333333333333333
2025-10-02 01:53:40,479 - Test AUC: 0.5612710173838701
2025-10-02 01:53:40,482 - Best model saved as /gpfs/home1/won0316/_RESEARCH/0817_Genotoxicity/1_Git_upload/ChemBAI/ToxCast_model/experiments/training/DART_MTL/results/seed_2/BSK_CASM3C_uPAR_xgb_Morgan/model.joblib
[2025-10-02 01:53:41] END seed_2:BSK_CASM3C_uPAR_xgb_Morgan status=0
