[2025-10-01 18:12:28] START seed_0:BSK_4H_MCP1_gbt_Pattern
2025-10-01 18:12:31,747 - Using PyTorch device: cuda:0
2025-10-01 18:12:31,748 - Selected compute device: cuda:0
2025-10-01 20:06:02,784 - Best Model Parameters: {'learning_rate': 0.05, 'max_depth': 3, 'min_samples_leaf': 1, 'min_samples_split': 4, 'n_estimators': 300}
2025-10-01 20:06:02,784 - Validation F1 Score: 0.5105113573452981
2025-10-01 20:06:02,784 - Validation Precision: 0.4809736938253562
2025-10-01 20:06:02,784 - Validation Recall: 0.5457393483709272
2025-10-01 20:06:02,784 - Validation Accuracy: 0.7702554202554204
2025-10-01 20:06:02,784 - Validation AUC: 0.7691690359635615
2025-10-01 20:06:17,383 - Holdout Validation F1 Score: 0.5555555555555556
2025-10-01 20:06:17,383 - Holdout Validation Precision: 0.5
2025-10-01 20:06:17,383 - Holdout Validation Recall: 0.625
2025-10-01 20:06:17,383 - Holdout Validation Accuracy: 0.6821192052980133
2025-10-01 20:06:17,383 - Holdout Validation AUC: 0.7730582524271845
2025-10-01 20:06:17,409 - Test F1 Score: 0.5148514851485149
2025-10-01 20:06:17,409 - Test Precision: 0.52
2025-10-01 20:06:17,410 - Test Recall: 0.5098039215686274
2025-10-01 20:06:17,410 - Test Accuracy: 0.7134502923976608
2025-10-01 20:06:17,410 - Test AUC: 0.7129901960784314
2025-10-01 20:06:17,419 - Best model saved as /gpfs/home1/won0316/_RESEARCH/0817_Genotoxicity/1_Git_upload/ChemBAI/ToxCast_model/experiments/training/DART_MTL/results/seed_0/BSK_4H_MCP1_gbt_Pattern/model.joblib
[2025-10-01 20:06:17] END seed_0:BSK_4H_MCP1_gbt_Pattern status=0
[2025-10-01 20:06:19] START seed_1:BSK_4H_MCP1_gbt_Pattern
2025-10-01 20:06:22,968 - Using PyTorch device: cuda:0
2025-10-01 20:06:22,969 - Selected compute device: cuda:0
2025-10-01 22:02:35,938 - Best Model Parameters: {'learning_rate': 0.05, 'max_depth': 3, 'min_samples_leaf': 1, 'min_samples_split': 4, 'n_estimators': 200}
2025-10-01 22:02:35,938 - Validation F1 Score: 0.520270568719973
2025-10-01 22:02:35,938 - Validation Precision: 0.4800153650375297
2025-10-01 22:02:35,938 - Validation Recall: 0.56875
2025-10-01 22:02:35,938 - Validation Accuracy: 0.7516713696548731
2025-10-01 22:02:35,938 - Validation AUC: 0.7841987034327387
2025-10-01 22:02:45,366 - Holdout Validation F1 Score: 0.41935483870967744
2025-10-01 22:02:45,366 - Holdout Validation Precision: 0.38235294117647056
2025-10-01 22:02:45,366 - Holdout Validation Recall: 0.4642857142857143
2025-10-01 22:02:45,366 - Holdout Validation Accuracy: 0.6635514018691588
2025-10-01 22:02:45,366 - Holdout Validation AUC: 0.6272603978300181
2025-10-01 22:02:45,391 - Test F1 Score: 0.45977011494252873
2025-10-01 22:02:45,391 - Test Precision: 0.38461538461538464
2025-10-01 22:02:45,391 - Test Recall: 0.5714285714285714
2025-10-01 22:02:45,391 - Test Accuracy: 0.6967741935483871
2025-10-01 22:02:45,391 - Test AUC: 0.7273809523809524
2025-10-01 22:02:45,399 - Best model saved as /gpfs/home1/won0316/_RESEARCH/0817_Genotoxicity/1_Git_upload/ChemBAI/ToxCast_model/experiments/training/DART_MTL/results/seed_1/BSK_4H_MCP1_gbt_Pattern/model.joblib
[2025-10-01 22:02:45] END seed_1:BSK_4H_MCP1_gbt_Pattern status=0
[2025-10-01 22:02:45] START seed_2:BSK_4H_MCP1_gbt_Pattern
2025-10-01 22:02:48,005 - Using PyTorch device: cuda:0
2025-10-01 22:02:48,006 - Selected compute device: cuda:0
2025-10-01 23:57:19,206 - Best Model Parameters: {'learning_rate': 0.1, 'max_depth': 3, 'min_samples_leaf': 1, 'min_samples_split': 2, 'n_estimators': 100}
2025-10-01 23:57:19,206 - Validation F1 Score: 0.5175304195772841
2025-10-01 23:57:19,207 - Validation Precision: 0.4794146728798627
2025-10-01 23:57:19,207 - Validation Recall: 0.5661581920903955
2025-10-01 23:57:19,207 - Validation Accuracy: 0.7642081189251001
2025-10-01 23:57:19,207 - Validation AUC: 0.7805213526678626
2025-10-01 23:57:24,306 - Holdout Validation F1 Score: 0.5208333333333334
2025-10-01 23:57:24,306 - Holdout Validation Precision: 0.49019607843137253
2025-10-01 23:57:24,306 - Holdout Validation Recall: 0.5555555555555556
2025-10-01 23:57:24,306 - Holdout Validation Accuracy: 0.684931506849315
2025-10-01 23:57:24,306 - Holdout Validation AUC: 0.6885588558855886
2025-10-01 23:57:24,331 - Test F1 Score: 0.40425531914893614
2025-10-01 23:57:24,331 - Test Precision: 0.3584905660377358
2025-10-01 23:57:24,331 - Test Recall: 0.4634146341463415
2025-10-01 23:57:24,331 - Test Accuracy: 0.6266666666666667
2025-10-01 23:57:24,332 - Test AUC: 0.6426493622734393
2025-10-01 23:57:24,337 - Best model saved as /gpfs/home1/won0316/_RESEARCH/0817_Genotoxicity/1_Git_upload/ChemBAI/ToxCast_model/experiments/training/DART_MTL/results/seed_2/BSK_4H_MCP1_gbt_Pattern/model.joblib
[2025-10-01 23:57:24] END seed_2:BSK_4H_MCP1_gbt_Pattern status=0
