[2025-10-02 03:22:49] START seed_0:BSK_CASM3C_uPAR_logistic_Morgan
2025-10-02 03:22:53,401 - Using PyTorch device: cuda:0
2025-10-02 03:22:53,402 - Selected compute device: cuda:0
2025-10-02 03:47:39,889 - Best Model Parameters: {'C': 2, 'penalty': 'l1', 'solver': 'liblinear'}
2025-10-02 03:47:39,889 - Validation F1 Score: 0.2728659795111883
2025-10-02 03:47:39,889 - Validation Precision: 0.23058943488062625
2025-10-02 03:47:39,889 - Validation Recall: 0.33741109530583213
2025-10-02 03:47:39,889 - Validation Accuracy: 0.7433115533115533
2025-10-02 03:47:39,889 - Validation AUC: 0.5619125882639396
2025-10-02 03:47:40,171 - Holdout Validation F1 Score: 0.24561403508771928
2025-10-02 03:47:40,171 - Holdout Validation Precision: 0.19444444444444445
2025-10-02 03:47:40,171 - Holdout Validation Recall: 0.3333333333333333
2025-10-02 03:47:40,171 - Holdout Validation Accuracy: 0.7152317880794702
2025-10-02 03:47:40,171 - Holdout Validation AUC: 0.5703296703296703
2025-10-02 03:47:40,189 - Test F1 Score: 0.13513513513513514
2025-10-02 03:47:40,189 - Test Precision: 0.11627906976744186
2025-10-02 03:47:40,189 - Test Recall: 0.16129032258064516
2025-10-02 03:47:40,189 - Test Accuracy: 0.6257309941520468
2025-10-02 03:47:40,189 - Test AUC: 0.48364055299539166
2025-10-02 03:47:40,190 - Best model saved as /gpfs/home1/won0316/_RESEARCH/0817_Genotoxicity/1_Git_upload/ChemBAI/ToxCast_model/experiments/training/DART_MTL/results/seed_0/BSK_CASM3C_uPAR_logistic_Morgan/model.joblib
[2025-10-02 03:47:40] END seed_0:BSK_CASM3C_uPAR_logistic_Morgan status=0
[2025-10-02 03:47:40] START seed_1:BSK_CASM3C_uPAR_logistic_Morgan
2025-10-02 03:47:43,863 - Using PyTorch device: cuda:0
2025-10-02 03:47:43,864 - Selected compute device: cuda:0
2025-10-02 04:14:37,508 - Best Model Parameters: {'C': 2, 'penalty': 'l1', 'solver': 'liblinear'}
2025-10-02 04:14:37,508 - Validation F1 Score: 0.2876677872404004
2025-10-02 04:14:37,508 - Validation Precision: 0.2411247498303291
2025-10-02 04:14:37,508 - Validation Recall: 0.3568151147098516
2025-10-02 04:14:37,508 - Validation Accuracy: 0.7472161927501627
2025-10-02 04:14:37,508 - Validation AUC: 0.5729141788682383
2025-10-02 04:14:37,790 - Holdout Validation F1 Score: 0.19047619047619047
2025-10-02 04:14:37,790 - Holdout Validation Precision: 0.16
2025-10-02 04:14:37,790 - Holdout Validation Recall: 0.23529411764705882
2025-10-02 04:14:37,790 - Holdout Validation Accuracy: 0.6822429906542056
2025-10-02 04:14:37,790 - Holdout Validation AUC: 0.538562091503268
2025-10-02 04:14:37,807 - Test F1 Score: 0.056338028169014086
2025-10-02 04:14:37,807 - Test Precision: 0.047619047619047616
2025-10-02 04:14:37,807 - Test Recall: 0.06896551724137931
2025-10-02 04:14:37,807 - Test Accuracy: 0.567741935483871
2025-10-02 04:14:37,807 - Test AUC: 0.36631089217296114
2025-10-02 04:14:37,809 - Best model saved as /gpfs/home1/won0316/_RESEARCH/0817_Genotoxicity/1_Git_upload/ChemBAI/ToxCast_model/experiments/training/DART_MTL/results/seed_1/BSK_CASM3C_uPAR_logistic_Morgan/model.joblib
[2025-10-02 04:14:38] END seed_1:BSK_CASM3C_uPAR_logistic_Morgan status=0
[2025-10-02 04:14:38] START seed_2:BSK_CASM3C_uPAR_logistic_Morgan
2025-10-02 04:14:40,555 - Using PyTorch device: cuda:0
2025-10-02 04:14:40,556 - Selected compute device: cuda:0
2025-10-02 04:40:20,291 - Best Model Parameters: {'C': 0.1, 'penalty': 'l2', 'solver': 'liblinear'}
2025-10-02 04:40:20,291 - Validation F1 Score: 0.28077717301665844
2025-10-02 04:40:20,291 - Validation Precision: 0.24266022198353027
2025-10-02 04:40:20,291 - Validation Recall: 0.33627311522048364
2025-10-02 04:40:20,291 - Validation Accuracy: 0.7603887935963407
2025-10-02 04:40:20,292 - Validation AUC: 0.605287283573859
2025-10-02 04:40:20,547 - Holdout Validation F1 Score: 0.18518518518518517
2025-10-02 04:40:20,547 - Holdout Validation Precision: 0.16129032258064516
2025-10-02 04:40:20,547 - Holdout Validation Recall: 0.21739130434782608
2025-10-02 04:40:20,547 - Holdout Validation Accuracy: 0.6986301369863014
2025-10-02 04:40:20,547 - Holdout Validation AUC: 0.5157299399080947
2025-10-02 04:40:20,563 - Test F1 Score: 0.14285714285714285
2025-10-02 04:40:20,563 - Test Precision: 0.14814814814814814
2025-10-02 04:40:20,563 - Test Recall: 0.13793103448275862
2025-10-02 04:40:20,563 - Test Accuracy: 0.68
2025-10-02 04:40:20,563 - Test AUC: 0.47321174123681964
2025-10-02 04:40:20,565 - Best model saved as /gpfs/home1/won0316/_RESEARCH/0817_Genotoxicity/1_Git_upload/ChemBAI/ToxCast_model/experiments/training/DART_MTL/results/seed_2/BSK_CASM3C_uPAR_logistic_Morgan/model.joblib
[2025-10-02 04:40:21] END seed_2:BSK_CASM3C_uPAR_logistic_Morgan status=0
