[2025-10-02 09:47:59] START seed_0:BSK_hDFCGF_TIMP1_rf_Layered
2025-10-02 09:48:02,949 - Using PyTorch device: cuda:0
2025-10-02 09:48:02,950 - Selected compute device: cuda:0
2025-10-02 09:51:43,274 - Best Model Parameters: {'max_depth': 10, 'min_samples_leaf': 1, 'min_samples_split': 4, 'n_estimators': 200}
2025-10-02 09:51:43,274 - Validation F1 Score: 0.29488144946121436
2025-10-02 09:51:43,274 - Validation Precision: 0.26351973695292574
2025-10-02 09:51:43,274 - Validation Recall: 0.33920265780730896
2025-10-02 09:51:43,274 - Validation Accuracy: 0.7316483516483517
2025-10-02 09:51:43,274 - Validation AUC: 0.632649488902838
2025-10-02 09:51:43,932 - Holdout Validation F1 Score: 0.46875
2025-10-02 09:51:43,933 - Holdout Validation Precision: 0.42857142857142855
2025-10-02 09:51:43,933 - Holdout Validation Recall: 0.5172413793103449
2025-10-02 09:51:43,933 - Holdout Validation Accuracy: 0.7748344370860927
2025-10-02 09:51:43,933 - Holdout Validation AUC: 0.7480214810627474
2025-10-02 09:51:44,002 - Test F1 Score: 0.17777777777777778
2025-10-02 09:51:44,002 - Test Precision: 0.23529411764705882
2025-10-02 09:51:44,002 - Test Recall: 0.14285714285714285
2025-10-02 09:51:44,002 - Test Accuracy: 0.783625730994152
2025-10-02 09:51:44,002 - Test AUC: 0.4637862137862138
2025-10-02 09:51:44,051 - Best model saved as /gpfs/home1/won0316/_RESEARCH/0817_Genotoxicity/1_Git_upload/ChemBAI/ToxCast_model/experiments/training/DART_MTL/results/seed_0/BSK_hDFCGF_TIMP1_rf_Layered/model.joblib
[2025-10-02 09:51:44] END seed_0:BSK_hDFCGF_TIMP1_rf_Layered status=0
[2025-10-02 09:51:44] START seed_1:BSK_hDFCGF_TIMP1_rf_Layered
2025-10-02 09:51:47,346 - Using PyTorch device: cuda:0
2025-10-02 09:51:47,347 - Selected compute device: cuda:0
2025-10-02 09:55:31,827 - Best Model Parameters: {'max_depth': 15, 'min_samples_leaf': 1, 'min_samples_split': 2, 'n_estimators': 400}
2025-10-02 09:55:31,827 - Validation F1 Score: 0.346773767719917
2025-10-02 09:55:31,828 - Validation Precision: 0.3475966069559816
2025-10-02 09:55:31,828 - Validation Recall: 0.3471458773784355
2025-10-02 09:55:31,828 - Validation Accuracy: 0.7885011938354678
2025-10-02 09:55:31,828 - Validation AUC: 0.6496243053884163
2025-10-02 09:55:32,857 - Holdout Validation F1 Score: 0.0
2025-10-02 09:55:32,858 - Holdout Validation Precision: 0.0
2025-10-02 09:55:32,858 - Holdout Validation Recall: 0.0
2025-10-02 09:55:32,858 - Holdout Validation Accuracy: 0.7570093457943925
2025-10-02 09:55:32,858 - Holdout Validation AUC: 0.6163793103448276
2025-10-02 09:55:32,967 - Test F1 Score: 0.22727272727272727
2025-10-02 09:55:32,967 - Test Precision: 0.35714285714285715
2025-10-02 09:55:32,967 - Test Recall: 0.16666666666666666
2025-10-02 09:55:32,967 - Test Accuracy: 0.7806451612903226
2025-10-02 09:55:32,967 - Test AUC: 0.7037333333333334
2025-10-02 09:55:33,063 - Best model saved as /gpfs/home1/won0316/_RESEARCH/0817_Genotoxicity/1_Git_upload/ChemBAI/ToxCast_model/experiments/training/DART_MTL/results/seed_1/BSK_hDFCGF_TIMP1_rf_Layered/model.joblib
[2025-10-02 09:55:33] END seed_1:BSK_hDFCGF_TIMP1_rf_Layered status=0
[2025-10-02 09:55:33] START seed_2:BSK_hDFCGF_TIMP1_rf_Layered
2025-10-02 09:55:35,729 - Using PyTorch device: cuda:0
2025-10-02 09:55:35,729 - Selected compute device: cuda:0
2025-10-02 09:59:18,233 - Best Model Parameters: {'max_depth': None, 'min_samples_leaf': 1, 'min_samples_split': 2, 'n_estimators': 400}
2025-10-02 09:59:18,233 - Validation F1 Score: 0.3442873176206509
2025-10-02 09:59:18,233 - Validation Precision: 0.3761302211302211
2025-10-02 09:59:18,233 - Validation Recall: 0.3181818181818182
2025-10-02 09:59:18,233 - Validation Accuracy: 0.7989165237278446
2025-10-02 09:59:18,233 - Validation AUC: 0.6805413971055682
2025-10-02 09:59:19,362 - Holdout Validation F1 Score: 0.14634146341463414
2025-10-02 09:59:19,362 - Holdout Validation Precision: 0.21428571428571427
2025-10-02 09:59:19,362 - Holdout Validation Recall: 0.1111111111111111
2025-10-02 09:59:19,362 - Holdout Validation Accuracy: 0.7602739726027398
2025-10-02 09:59:19,362 - Holdout Validation AUC: 0.6932773109243697
2025-10-02 09:59:19,473 - Test F1 Score: 0.2564102564102564
2025-10-02 09:59:19,473 - Test Precision: 0.29411764705882354
2025-10-02 09:59:19,473 - Test Recall: 0.22727272727272727
2025-10-02 09:59:19,473 - Test Accuracy: 0.8066666666666666
2025-10-02 09:59:19,473 - Test AUC: 0.7063210227272727
2025-10-02 09:59:19,574 - Best model saved as /gpfs/home1/won0316/_RESEARCH/0817_Genotoxicity/1_Git_upload/ChemBAI/ToxCast_model/experiments/training/DART_MTL/results/seed_2/BSK_hDFCGF_TIMP1_rf_Layered/model.joblib
[2025-10-02 09:59:20] END seed_2:BSK_hDFCGF_TIMP1_rf_Layered status=0
