[2025-09-30 15:08:31] START seed_0:ATG_DR5_RAR_CIS_xgb_Morgan
2025-09-30 15:08:34,836 - Using PyTorch device: cuda:0
2025-09-30 15:08:34,836 - Selected compute device: cuda:0
2025-09-30 15:29:22,598 - Best Model Parameters: {'colsample_bytree': 0.8, 'learning_rate': 0.1, 'max_depth': 6, 'min_child_weight': 5, 'n_estimators': 400, 'subsample': 0.8}
2025-09-30 15:29:22,598 - Validation F1 Score: 0.20627784136919464
2025-09-30 15:29:22,598 - Validation Precision: 0.18884865399151116
2025-09-30 15:29:22,598 - Validation Recall: 0.2285858585858586
2025-09-30 15:29:22,598 - Validation Accuracy: 0.8697049362174155
2025-09-30 15:29:22,598 - Validation AUC: 0.601563111672824
2025-09-30 15:29:24,732 - Holdout Validation F1 Score: 0.21818181818181817
2025-09-30 15:29:24,732 - Holdout Validation Precision: 0.3157894736842105
2025-09-30 15:29:24,732 - Holdout Validation Recall: 0.16666666666666666
2025-09-30 15:29:24,732 - Holdout Validation Accuracy: 0.8326848249027238
2025-09-30 15:29:24,732 - Holdout Validation AUC: 0.581322272498743
2025-09-30 15:29:25,106 - Test F1 Score: 0.17391304347826086
2025-09-30 15:29:25,106 - Test Precision: 0.25
2025-09-30 15:29:25,106 - Test Recall: 0.13333333333333333
2025-09-30 15:29:25,106 - Test Accuracy: 0.8782051282051282
2025-09-30 15:29:25,106 - Test AUC: 0.47955082742316785
2025-09-30 15:29:25,110 - Best model saved as /gpfs/home1/won0316/_RESEARCH/0817_Genotoxicity/1_Git_upload/ChemBAI/ToxCast_model/experiments/training/DART_MTL/results/seed_0/ATG_DR5_RAR_CIS_xgb_Morgan/model.joblib
[2025-09-30 15:29:25] END seed_0:ATG_DR5_RAR_CIS_xgb_Morgan status=0
[2025-09-30 15:29:25] START seed_1:ATG_DR5_RAR_CIS_xgb_Morgan
2025-09-30 15:29:28,763 - Using PyTorch device: cuda:0
2025-09-30 15:29:28,763 - Selected compute device: cuda:0
2025-09-30 15:50:29,541 - Best Model Parameters: {'colsample_bytree': 0.8, 'learning_rate': 0.05, 'max_depth': 9, 'min_child_weight': 3, 'n_estimators': 400, 'subsample': 0.8}
2025-09-30 15:50:29,541 - Validation F1 Score: 0.21492881171731987
2025-09-30 15:50:29,541 - Validation Precision: 0.21258750516293698
2025-09-30 15:50:29,541 - Validation Recall: 0.21777777777777776
2025-09-30 15:50:29,541 - Validation Accuracy: 0.8804445863654953
2025-09-30 15:50:29,542 - Validation AUC: 0.5734916194203481
2025-09-30 15:50:31,814 - Holdout Validation F1 Score: 0.11538461538461539
2025-09-30 15:50:31,814 - Holdout Validation Precision: 0.14285714285714285
2025-09-30 15:50:31,814 - Holdout Validation Recall: 0.0967741935483871
2025-09-30 15:50:31,814 - Holdout Validation Accuracy: 0.8244274809160306
2025-09-30 15:50:31,814 - Holdout Validation AUC: 0.4642508029604804
2025-09-30 15:50:32,191 - Test F1 Score: 0.1568627450980392
2025-09-30 15:50:32,191 - Test Precision: 0.2222222222222222
2025-09-30 15:50:32,191 - Test Recall: 0.12121212121212122
2025-09-30 15:50:32,191 - Test Accuracy: 0.8664596273291926
2025-09-30 15:50:32,191 - Test AUC: 0.5114815979867884
2025-09-30 15:50:33,007 - Best model saved as /gpfs/home1/won0316/_RESEARCH/0817_Genotoxicity/1_Git_upload/ChemBAI/ToxCast_model/experiments/training/DART_MTL/results/seed_1/ATG_DR5_RAR_CIS_xgb_Morgan/model.joblib
[2025-09-30 15:50:33] END seed_1:ATG_DR5_RAR_CIS_xgb_Morgan status=0
[2025-09-30 15:50:34] START seed_2:ATG_DR5_RAR_CIS_xgb_Morgan
2025-09-30 15:50:38,328 - Using PyTorch device: cuda:0
2025-09-30 15:50:38,328 - Selected compute device: cuda:0
2025-09-30 16:11:14,708 - Best Model Parameters: {'colsample_bytree': 0.8, 'learning_rate': 0.1, 'max_depth': 9, 'min_child_weight': 5, 'n_estimators': 400, 'subsample': 0.8}
2025-09-30 16:11:14,708 - Validation F1 Score: 0.1842482751458743
2025-09-30 16:11:14,708 - Validation Precision: 0.18250271827629
2025-09-30 16:11:14,708 - Validation Recall: 0.18908418131359853
2025-09-30 16:11:14,708 - Validation Accuracy: 0.8690949592087872
2025-09-30 16:11:14,708 - Validation AUC: 0.5780805215807676
2025-09-30 16:11:17,075 - Holdout Validation F1 Score: 0.18181818181818182
2025-09-30 16:11:17,075 - Holdout Validation Precision: 0.2
2025-09-30 16:11:17,075 - Holdout Validation Recall: 0.16666666666666666
2025-09-30 16:11:17,075 - Holdout Validation Accuracy: 0.8795986622073578
2025-09-30 16:11:17,075 - Holdout Validation AUC: 0.5440909090909091
2025-09-30 16:11:17,454 - Test F1 Score: 0.1509433962264151
2025-09-30 16:11:17,454 - Test Precision: 0.19047619047619047
2025-09-30 16:11:17,454 - Test Recall: 0.125
2025-09-30 16:11:17,454 - Test Accuracy: 0.8534201954397395
2025-09-30 16:11:17,454 - Test AUC: 0.6396022727272728
2025-09-30 16:11:17,459 - Best model saved as /gpfs/home1/won0316/_RESEARCH/0817_Genotoxicity/1_Git_upload/ChemBAI/ToxCast_model/experiments/training/DART_MTL/results/seed_2/ATG_DR5_RAR_CIS_xgb_Morgan/model.joblib
[2025-09-30 16:11:18] END seed_2:ATG_DR5_RAR_CIS_xgb_Morgan status=0
