[2025-10-01 18:18:28] START seed_0:BSK_4H_MCP1_gbt_Layered
2025-10-01 18:18:32,216 - Using PyTorch device: cuda:0
2025-10-01 18:18:32,217 - Selected compute device: cuda:0
2025-10-01 20:38:59,891 - Best Model Parameters: {'learning_rate': 0.1, 'max_depth': 5, 'min_samples_leaf': 1, 'min_samples_split': 2, 'n_estimators': 100}
2025-10-01 20:38:59,891 - Validation F1 Score: 0.4486591642221903
2025-10-01 20:38:59,891 - Validation Precision: 0.43364543092300856
2025-10-01 20:38:59,891 - Validation Recall: 0.46503759398496236
2025-10-01 20:38:59,891 - Validation Accuracy: 0.7502019602019602
2025-10-01 20:38:59,891 - Validation AUC: 0.7266238057099536
2025-10-01 20:39:09,526 - Holdout Validation F1 Score: 0.5510204081632653
2025-10-01 20:39:09,526 - Holdout Validation Precision: 0.54
2025-10-01 20:39:09,526 - Holdout Validation Recall: 0.5625
2025-10-01 20:39:09,526 - Holdout Validation Accuracy: 0.7086092715231788
2025-10-01 20:39:09,526 - Holdout Validation AUC: 0.7571804207119741
2025-10-01 20:39:09,553 - Test F1 Score: 0.3023255813953488
2025-10-01 20:39:09,553 - Test Precision: 0.37142857142857144
2025-10-01 20:39:09,553 - Test Recall: 0.2549019607843137
2025-10-01 20:39:09,553 - Test Accuracy: 0.6491228070175439
2025-10-01 20:39:09,553 - Test AUC: 0.6826797385620915
2025-10-01 20:39:09,565 - Best model saved as /gpfs/home1/won0316/_RESEARCH/0817_Genotoxicity/1_Git_upload/ChemBAI/ToxCast_model/experiments/training/DART_MTL/results/seed_0/BSK_4H_MCP1_gbt_Layered/model.joblib
[2025-10-01 20:39:10] END seed_0:BSK_4H_MCP1_gbt_Layered status=0
[2025-10-01 20:39:10] START seed_1:BSK_4H_MCP1_gbt_Layered
2025-10-01 20:39:12,955 - Using PyTorch device: cuda:0
2025-10-01 20:39:12,956 - Selected compute device: cuda:0
2025-10-01 23:01:07,866 - Best Model Parameters: {'learning_rate': 0.1, 'max_depth': 7, 'min_samples_leaf': 2, 'min_samples_split': 2, 'n_estimators': 300}
2025-10-01 23:01:07,867 - Validation F1 Score: 0.4652151727739341
2025-10-01 23:01:07,867 - Validation Precision: 0.4944166293178018
2025-10-01 23:01:07,867 - Validation Recall: 0.44375
2025-10-01 23:01:07,867 - Validation Accuracy: 0.7590297373561972
2025-10-01 23:01:07,867 - Validation AUC: 0.7294312203874025
2025-10-01 23:01:49,165 - Holdout Validation F1 Score: 0.34782608695652173
2025-10-01 23:01:49,166 - Holdout Validation Precision: 0.4444444444444444
2025-10-01 23:01:49,166 - Holdout Validation Recall: 0.2857142857142857
2025-10-01 23:01:49,166 - Holdout Validation Accuracy: 0.719626168224299
2025-10-01 23:01:49,166 - Holdout Validation AUC: 0.7160940325497288
2025-10-01 23:01:49,195 - Test F1 Score: 0.3880597014925373
2025-10-01 23:01:49,195 - Test Precision: 0.40625
2025-10-01 23:01:49,195 - Test Recall: 0.37142857142857144
2025-10-01 23:01:49,195 - Test Accuracy: 0.7354838709677419
2025-10-01 23:01:49,195 - Test AUC: 0.7520238095238095
2025-10-01 23:01:49,216 - Best model saved as /gpfs/home1/won0316/_RESEARCH/0817_Genotoxicity/1_Git_upload/ChemBAI/ToxCast_model/experiments/training/DART_MTL/results/seed_1/BSK_4H_MCP1_gbt_Layered/model.joblib
[2025-10-01 23:01:49] END seed_1:BSK_4H_MCP1_gbt_Layered status=0
[2025-10-01 23:01:49] START seed_2:BSK_4H_MCP1_gbt_Layered
2025-10-01 23:01:52,605 - Using PyTorch device: cuda:0
2025-10-01 23:01:52,606 - Selected compute device: cuda:0
2025-10-02 01:21:11,327 - Best Model Parameters: {'learning_rate': 0.1, 'max_depth': 5, 'min_samples_leaf': 1, 'min_samples_split': 4, 'n_estimators': 100}
2025-10-02 01:21:11,327 - Validation F1 Score: 0.4536463768115942
2025-10-02 01:21:11,327 - Validation Precision: 0.4571940282898005
2025-10-02 01:21:11,327 - Validation Recall: 0.45141242937853104
2025-10-02 01:21:11,327 - Validation Accuracy: 0.7558404802744425
2025-10-02 01:21:11,327 - Validation AUC: 0.7140832701201787
2025-10-02 01:21:21,010 - Holdout Validation F1 Score: 0.5121951219512195
2025-10-02 01:21:21,010 - Holdout Validation Precision: 0.5675675675675675
2025-10-02 01:21:21,010 - Holdout Validation Recall: 0.4666666666666667
2025-10-02 01:21:21,010 - Holdout Validation Accuracy: 0.726027397260274
2025-10-02 01:21:21,010 - Holdout Validation AUC: 0.7355335533553354
2025-10-02 01:21:21,035 - Test F1 Score: 0.38461538461538464
2025-10-02 01:21:21,035 - Test Precision: 0.40540540540540543
2025-10-02 01:21:21,035 - Test Recall: 0.36585365853658536
2025-10-02 01:21:21,035 - Test Accuracy: 0.68
2025-10-02 01:21:21,035 - Test AUC: 0.6133363168494069
2025-10-02 01:21:21,042 - Best model saved as /gpfs/home1/won0316/_RESEARCH/0817_Genotoxicity/1_Git_upload/ChemBAI/ToxCast_model/experiments/training/DART_MTL/results/seed_2/BSK_4H_MCP1_gbt_Layered/model.joblib
[2025-10-02 01:21:21] END seed_2:BSK_4H_MCP1_gbt_Layered status=0
