[2025-10-02 00:36:43] START seed_0:BSK_CASM3C_uPAR_rf_RDKit
2025-10-02 00:36:46,707 - Using PyTorch device: cuda:0
2025-10-02 00:36:46,708 - Selected compute device: cuda:0
2025-10-02 00:40:34,742 - Best Model Parameters: {'max_depth': None, 'min_samples_leaf': 1, 'min_samples_split': 2, 'n_estimators': 600}
2025-10-02 00:40:34,742 - Validation F1 Score: 0.28929166603084583
2025-10-02 00:40:34,742 - Validation Precision: 0.3543854568854569
2025-10-02 00:40:34,742 - Validation Recall: 0.25135135135135134
2025-10-02 00:40:34,742 - Validation Accuracy: 0.8234838134838135
2025-10-02 00:40:34,742 - Validation AUC: 0.7146918611356734
2025-10-02 00:40:36,277 - Holdout Validation F1 Score: 0.2564102564102564
2025-10-02 00:40:36,277 - Holdout Validation Precision: 0.2777777777777778
2025-10-02 00:40:36,277 - Holdout Validation Recall: 0.23809523809523808
2025-10-02 00:40:36,277 - Holdout Validation Accuracy: 0.8079470198675497
2025-10-02 00:40:36,277 - Holdout Validation AUC: 0.6254578754578756
2025-10-02 00:40:36,431 - Test F1 Score: 0.17142857142857143
2025-10-02 00:40:36,431 - Test Precision: 0.75
2025-10-02 00:40:36,431 - Test Recall: 0.0967741935483871
2025-10-02 00:40:36,431 - Test Accuracy: 0.8304093567251462
2025-10-02 00:40:36,431 - Test AUC: 0.5680875576036867
2025-10-02 00:40:36,953 - Best model saved as /gpfs/home1/won0316/_RESEARCH/0817_Genotoxicity/1_Git_upload/ChemBAI/ToxCast_model/experiments/training/DART_MTL/results/seed_0/BSK_CASM3C_uPAR_rf_RDKit/model.joblib
[2025-10-02 00:40:37] END seed_0:BSK_CASM3C_uPAR_rf_RDKit status=0
[2025-10-02 00:40:37] START seed_1:BSK_CASM3C_uPAR_rf_RDKit
2025-10-02 00:40:40,296 - Using PyTorch device: cuda:0
2025-10-02 00:40:40,297 - Selected compute device: cuda:0
2025-10-02 00:44:31,902 - Best Model Parameters: {'max_depth': 10, 'min_samples_leaf': 1, 'min_samples_split': 4, 'n_estimators': 600}
2025-10-02 00:44:31,903 - Validation F1 Score: 0.2599370559251404
2025-10-02 00:44:31,903 - Validation Precision: 0.21728452919629387
2025-10-02 00:44:31,903 - Validation Recall: 0.3261808367071525
2025-10-02 00:44:31,903 - Validation Accuracy: 0.7362193401345778
2025-10-02 00:44:31,903 - Validation AUC: 0.6332041076210866
2025-10-02 00:44:33,222 - Holdout Validation F1 Score: 0.2
2025-10-02 00:44:33,222 - Holdout Validation Precision: 0.23076923076923078
2025-10-02 00:44:33,222 - Holdout Validation Recall: 0.17647058823529413
2025-10-02 00:44:33,222 - Holdout Validation Accuracy: 0.7757009345794392
2025-10-02 00:44:33,222 - Holdout Validation AUC: 0.5588235294117647
2025-10-02 00:44:33,367 - Test F1 Score: 0.0975609756097561
2025-10-02 00:44:33,367 - Test Precision: 0.16666666666666666
2025-10-02 00:44:33,367 - Test Recall: 0.06896551724137931
2025-10-02 00:44:33,367 - Test Accuracy: 0.7612903225806451
2025-10-02 00:44:33,367 - Test AUC: 0.6120689655172413
2025-10-02 00:44:33,505 - Best model saved as /gpfs/home1/won0316/_RESEARCH/0817_Genotoxicity/1_Git_upload/ChemBAI/ToxCast_model/experiments/training/DART_MTL/results/seed_1/BSK_CASM3C_uPAR_rf_RDKit/model.joblib
[2025-10-02 00:44:33] END seed_1:BSK_CASM3C_uPAR_rf_RDKit status=0
[2025-10-02 00:44:34] START seed_2:BSK_CASM3C_uPAR_rf_RDKit
2025-10-02 00:44:36,258 - Using PyTorch device: cuda:0
2025-10-02 00:44:36,259 - Selected compute device: cuda:0
2025-10-02 00:48:25,236 - Best Model Parameters: {'max_depth': None, 'min_samples_leaf': 1, 'min_samples_split': 2, 'n_estimators': 200}
2025-10-02 00:48:25,236 - Validation F1 Score: 0.2933597020043715
2025-10-02 00:48:25,236 - Validation Precision: 0.33782342657342657
2025-10-02 00:48:25,236 - Validation Recall: 0.26216216216216215
2025-10-02 00:48:25,236 - Validation Accuracy: 0.8261606632361349
2025-10-02 00:48:25,236 - Validation AUC: 0.716252665835323
2025-10-02 00:48:26,034 - Holdout Validation F1 Score: 0.0
2025-10-02 00:48:26,034 - Holdout Validation Precision: 0.0
2025-10-02 00:48:26,035 - Holdout Validation Recall: 0.0
2025-10-02 00:48:26,035 - Holdout Validation Accuracy: 0.8082191780821918
2025-10-02 00:48:26,035 - Holdout Validation AUC: 0.5913750441852245
2025-10-02 00:48:26,104 - Test F1 Score: 0.05714285714285714
2025-10-02 00:48:26,104 - Test Precision: 0.16666666666666666
2025-10-02 00:48:26,104 - Test Recall: 0.034482758620689655
2025-10-02 00:48:26,104 - Test Accuracy: 0.78
2025-10-02 00:48:26,104 - Test AUC: 0.5463094898831576
2025-10-02 00:48:26,155 - Best model saved as /gpfs/home1/won0316/_RESEARCH/0817_Genotoxicity/1_Git_upload/ChemBAI/ToxCast_model/experiments/training/DART_MTL/results/seed_2/BSK_CASM3C_uPAR_rf_RDKit/model.joblib
[2025-10-02 00:48:26] END seed_2:BSK_CASM3C_uPAR_rf_RDKit status=0
