[2025-09-30 21:03:53] START seed_0:ATG_ERE_CIS_rf_MACCS
2025-09-30 21:03:57,527 - Using PyTorch device: cuda:0
2025-09-30 21:03:57,528 - Selected compute device: cuda:0
2025-09-30 21:06:39,457 - Best Model Parameters: {'max_depth': None, 'min_samples_leaf': 2, 'min_samples_split': 2, 'n_estimators': 400}
2025-09-30 21:06:39,457 - Validation F1 Score: 0.43170722056978567
2025-09-30 21:06:39,457 - Validation Precision: 0.404219402258762
2025-09-30 21:06:39,457 - Validation Recall: 0.4666175266175266
2025-09-30 21:06:39,457 - Validation Accuracy: 0.7754132002218526
2025-09-30 21:06:39,457 - Validation AUC: 0.7099672733958448
2025-09-30 21:06:40,167 - Holdout Validation F1 Score: 0.5490196078431373
2025-09-30 21:06:40,167 - Holdout Validation Precision: 0.6461538461538462
2025-09-30 21:06:40,167 - Holdout Validation Recall: 0.4772727272727273
2025-09-30 21:06:40,167 - Holdout Validation Accuracy: 0.7315175097276264
2025-09-30 21:06:40,167 - Holdout Validation AUC: 0.7154384077461
2025-09-30 21:06:40,276 - Test F1 Score: 0.5766871165644172
2025-09-30 21:06:40,276 - Test Precision: 0.6025641025641025
2025-09-30 21:06:40,276 - Test Recall: 0.5529411764705883
2025-09-30 21:06:40,276 - Test Accuracy: 0.7788461538461539
2025-09-30 21:06:40,276 - Test AUC: 0.741435605079036
2025-09-30 21:06:40,387 - Best model saved as /gpfs/home1/won0316/_RESEARCH/0817_Genotoxicity/1_Git_upload/ChemBAI/ToxCast_model/experiments/training/DART_MTL/results/seed_0/ATG_ERE_CIS_rf_MACCS/model.joblib
[2025-09-30 21:06:40] END seed_0:ATG_ERE_CIS_rf_MACCS status=0
[2025-09-30 21:06:40] START seed_1:ATG_ERE_CIS_rf_MACCS
2025-09-30 21:06:43,736 - Using PyTorch device: cuda:0
2025-09-30 21:06:43,737 - Selected compute device: cuda:0
2025-09-30 21:09:24,419 - Best Model Parameters: {'max_depth': 15, 'min_samples_leaf': 2, 'min_samples_split': 2, 'n_estimators': 200}
2025-09-30 21:09:24,419 - Validation F1 Score: 0.4718514781224747
2025-09-30 21:09:24,419 - Validation Precision: 0.4315776755497115
2025-09-30 21:09:24,419 - Validation Recall: 0.5226890756302521
2025-09-30 21:09:24,419 - Validation Accuracy: 0.7689204103012275
2025-09-30 21:09:24,419 - Validation AUC: 0.7188724610540582
2025-09-30 21:09:24,818 - Holdout Validation F1 Score: 0.3584905660377358
2025-09-30 21:09:24,818 - Holdout Validation Precision: 0.34545454545454546
2025-09-30 21:09:24,818 - Holdout Validation Recall: 0.37254901960784315
2025-09-30 21:09:24,818 - Holdout Validation Accuracy: 0.7404580152671756
2025-09-30 21:09:24,818 - Holdout Validation AUC: 0.6223863953164204
2025-09-30 21:09:24,886 - Test F1 Score: 0.423841059602649
2025-09-30 21:09:24,886 - Test Precision: 0.463768115942029
2025-09-30 21:09:24,886 - Test Recall: 0.3902439024390244
2025-09-30 21:09:24,886 - Test Accuracy: 0.7298136645962733
2025-09-30 21:09:24,886 - Test AUC: 0.7147865853658536
2025-09-30 21:09:24,942 - Best model saved as /gpfs/home1/won0316/_RESEARCH/0817_Genotoxicity/1_Git_upload/ChemBAI/ToxCast_model/experiments/training/DART_MTL/results/seed_1/ATG_ERE_CIS_rf_MACCS/model.joblib
[2025-09-30 21:09:25] END seed_1:ATG_ERE_CIS_rf_MACCS status=0
[2025-09-30 21:09:25] START seed_2:ATG_ERE_CIS_rf_MACCS
2025-09-30 21:09:28,481 - Using PyTorch device: cuda:0
2025-09-30 21:09:28,482 - Selected compute device: cuda:0
2025-09-30 21:12:10,162 - Best Model Parameters: {'max_depth': 15, 'min_samples_leaf': 2, 'min_samples_split': 2, 'n_estimators': 400}
2025-09-30 21:12:10,162 - Validation F1 Score: 0.44008672670202476
2025-09-30 21:12:10,162 - Validation Precision: 0.4002295246540767
2025-09-30 21:12:10,162 - Validation Recall: 0.49020227560050567
2025-09-30 21:12:10,162 - Validation Accuracy: 0.7641709584795588
2025-09-30 21:12:10,162 - Validation AUC: 0.7021349846705902
2025-09-30 21:12:10,833 - Holdout Validation F1 Score: 0.527363184079602
2025-09-30 21:12:10,834 - Holdout Validation Precision: 0.5
2025-09-30 21:12:10,834 - Holdout Validation Recall: 0.5578947368421052
2025-09-30 21:12:10,834 - Holdout Validation Accuracy: 0.6822742474916388
2025-09-30 21:12:10,834 - Holdout Validation AUC: 0.7158668730650155
2025-09-30 21:12:10,942 - Test F1 Score: 0.42758620689655175
2025-09-30 21:12:10,942 - Test Precision: 0.4025974025974026
2025-09-30 21:12:10,943 - Test Recall: 0.45588235294117646
2025-09-30 21:12:10,943 - Test Accuracy: 0.7296416938110749
2025-09-30 21:12:10,943 - Test AUC: 0.6647181885306425
2025-09-30 21:12:11,051 - Best model saved as /gpfs/home1/won0316/_RESEARCH/0817_Genotoxicity/1_Git_upload/ChemBAI/ToxCast_model/experiments/training/DART_MTL/results/seed_2/ATG_ERE_CIS_rf_MACCS/model.joblib
[2025-09-30 21:12:11] END seed_2:ATG_ERE_CIS_rf_MACCS status=0
