[2025-10-02 04:11:59] START seed_0:BSK_CASM3C_uPAR_logistic_Layered
2025-10-02 04:12:03,340 - Using PyTorch device: cuda:0
2025-10-02 04:12:03,341 - Selected compute device: cuda:0
2025-10-02 05:25:41,908 - Best Model Parameters: {'C': 20, 'penalty': 'l1', 'solver': 'liblinear'}
2025-10-02 05:25:41,908 - Validation F1 Score: 0.35865800471106135
2025-10-02 05:25:41,908 - Validation Precision: 0.3223895287102835
2025-10-02 05:25:41,908 - Validation Recall: 0.40682788051209107
2025-10-02 05:25:41,908 - Validation Accuracy: 0.7879952479952481
2025-10-02 05:25:41,908 - Validation AUC: 0.6399622595568542
2025-10-02 05:25:43,082 - Holdout Validation F1 Score: 0.2127659574468085
2025-10-02 05:25:43,082 - Holdout Validation Precision: 0.19230769230769232
2025-10-02 05:25:43,082 - Holdout Validation Recall: 0.23809523809523808
2025-10-02 05:25:43,082 - Holdout Validation Accuracy: 0.7549668874172185
2025-10-02 05:25:43,082 - Holdout Validation AUC: 0.6600732600732601
2025-10-02 05:25:43,107 - Test F1 Score: 0.3582089552238806
2025-10-02 05:25:43,107 - Test Precision: 0.3333333333333333
2025-10-02 05:25:43,107 - Test Recall: 0.3870967741935484
2025-10-02 05:25:43,108 - Test Accuracy: 0.7485380116959064
2025-10-02 05:25:43,108 - Test AUC: 0.6211981566820276
2025-10-02 05:25:43,109 - Best model saved as /gpfs/home1/won0316/_RESEARCH/0817_Genotoxicity/1_Git_upload/ChemBAI/ToxCast_model/experiments/training/DART_MTL/results/seed_0/BSK_CASM3C_uPAR_logistic_Layered/model.joblib
[2025-10-02 05:25:43] END seed_0:BSK_CASM3C_uPAR_logistic_Layered status=0
[2025-10-02 05:25:43] START seed_1:BSK_CASM3C_uPAR_logistic_Layered
2025-10-02 05:25:45,864 - Using PyTorch device: cuda:0
2025-10-02 05:25:45,865 - Selected compute device: cuda:0
2025-10-02 06:44:15,924 - Best Model Parameters: {'C': 10, 'penalty': 'l2', 'solver': 'liblinear'}
2025-10-02 06:44:15,924 - Validation F1 Score: 0.31801049798037745
2025-10-02 06:44:15,924 - Validation Precision: 0.29635310624832073
2025-10-02 06:44:15,924 - Validation Recall: 0.3468286099865047
2025-10-02 06:44:15,924 - Validation Accuracy: 0.7914396570436292
2025-10-02 06:44:15,924 - Validation AUC: 0.6135867597295512
2025-10-02 06:44:16,870 - Holdout Validation F1 Score: 0.18604651162790697
2025-10-02 06:44:16,870 - Holdout Validation Precision: 0.15384615384615385
2025-10-02 06:44:16,870 - Holdout Validation Recall: 0.23529411764705882
2025-10-02 06:44:16,870 - Holdout Validation Accuracy: 0.6728971962616822
2025-10-02 06:44:16,870 - Holdout Validation AUC: 0.5202614379084967
2025-10-02 06:44:16,894 - Test F1 Score: 0.33962264150943394
2025-10-02 06:44:16,894 - Test Precision: 0.375
2025-10-02 06:44:16,894 - Test Recall: 0.3103448275862069
2025-10-02 06:44:16,894 - Test Accuracy: 0.7741935483870968
2025-10-02 06:44:16,894 - Test AUC: 0.6977285166940339
2025-10-02 06:44:16,896 - Best model saved as /gpfs/home1/won0316/_RESEARCH/0817_Genotoxicity/1_Git_upload/ChemBAI/ToxCast_model/experiments/training/DART_MTL/results/seed_1/BSK_CASM3C_uPAR_logistic_Layered/model.joblib
[2025-10-02 06:44:17] END seed_1:BSK_CASM3C_uPAR_logistic_Layered status=0
[2025-10-02 06:44:17] START seed_2:BSK_CASM3C_uPAR_logistic_Layered
2025-10-02 06:44:19,743 - Using PyTorch device: cuda:0
2025-10-02 06:44:19,744 - Selected compute device: cuda:0
2025-10-02 08:00:10,939 - Best Model Parameters: {'C': 20, 'penalty': 'l1', 'solver': 'liblinear'}
2025-10-02 08:00:10,939 - Validation F1 Score: 0.33147927802302746
2025-10-02 08:00:10,939 - Validation Precision: 0.29364214403116007
2025-10-02 08:00:10,939 - Validation Recall: 0.38591749644381224
2025-10-02 08:00:10,939 - Validation Accuracy: 0.783076043453402
2025-10-02 08:00:10,939 - Validation AUC: 0.6478811178440208
2025-10-02 08:00:12,644 - Holdout Validation F1 Score: 0.2727272727272727
2025-10-02 08:00:12,644 - Holdout Validation Precision: 0.2857142857142857
2025-10-02 08:00:12,644 - Holdout Validation Recall: 0.2608695652173913
2025-10-02 08:00:12,644 - Holdout Validation Accuracy: 0.7808219178082192
2025-10-02 08:00:12,644 - Holdout Validation AUC: 0.528101802757158
2025-10-02 08:00:12,668 - Test F1 Score: 0.27586206896551724
2025-10-02 08:00:12,668 - Test Precision: 0.27586206896551724
2025-10-02 08:00:12,668 - Test Recall: 0.27586206896551724
2025-10-02 08:00:12,668 - Test Accuracy: 0.72
2025-10-02 08:00:12,668 - Test AUC: 0.5595611285266457
2025-10-02 08:00:12,670 - Best model saved as /gpfs/home1/won0316/_RESEARCH/0817_Genotoxicity/1_Git_upload/ChemBAI/ToxCast_model/experiments/training/DART_MTL/results/seed_2/BSK_CASM3C_uPAR_logistic_Layered/model.joblib
[2025-10-02 08:00:13] END seed_2:BSK_CASM3C_uPAR_logistic_Layered status=0
