[2025-10-01 15:50:56] START seed_0:BSK_4H_MCP1_dt_Pattern
2025-10-01 15:51:00,488 - Using PyTorch device: cuda:0
2025-10-01 15:51:00,488 - Selected compute device: cuda:0
2025-10-01 15:53:45,322 - Best Model Parameters: {'criterion': 'gini', 'max_depth': 4, 'min_samples_leaf': 2, 'min_samples_split': 2}
2025-10-01 15:53:45,323 - Validation F1 Score: 0.4464633425912682
2025-10-01 15:53:45,323 - Validation Precision: 0.31893031960605556
2025-10-01 15:53:45,323 - Validation Recall: 0.749937343358396
2025-10-01 15:53:45,323 - Validation Accuracy: 0.5920760320760321
2025-10-01 15:53:45,323 - Validation AUC: 0.6706012198593836
2025-10-01 15:53:45,660 - Holdout Validation F1 Score: 0.4782608695652174
2025-10-01 15:53:45,660 - Holdout Validation Precision: 0.36666666666666664
2025-10-01 15:53:45,660 - Holdout Validation Recall: 0.6875
2025-10-01 15:53:45,660 - Holdout Validation Accuracy: 0.5231788079470199
2025-10-01 15:53:45,660 - Holdout Validation AUC: 0.6102346278317152
2025-10-01 15:53:45,684 - Test F1 Score: 0.4805194805194805
2025-10-01 15:53:45,684 - Test Precision: 0.3592233009708738
2025-10-01 15:53:45,684 - Test Recall: 0.7254901960784313
2025-10-01 15:53:45,684 - Test Accuracy: 0.5321637426900585
2025-10-01 15:53:45,684 - Test AUC: 0.611437908496732
2025-10-01 15:53:45,686 - Best model saved as /gpfs/home1/won0316/_RESEARCH/0817_Genotoxicity/1_Git_upload/ChemBAI/ToxCast_model/experiments/training/DART_MTL/results/seed_0/BSK_4H_MCP1_dt_Pattern/model.joblib
[2025-10-01 15:53:46] END seed_0:BSK_4H_MCP1_dt_Pattern status=0
[2025-10-01 15:53:46] START seed_1:BSK_4H_MCP1_dt_Pattern
2025-10-01 15:53:49,154 - Using PyTorch device: cuda:0
2025-10-01 15:53:49,155 - Selected compute device: cuda:0
2025-10-01 15:56:38,269 - Best Model Parameters: {'criterion': 'gini', 'max_depth': None, 'min_samples_leaf': 1, 'min_samples_split': 2}
2025-10-01 15:56:38,270 - Validation F1 Score: 0.4828286913766622
2025-10-01 15:56:38,270 - Validation Precision: 0.4484803294452108
2025-10-01 15:56:38,270 - Validation Recall: 0.525
2025-10-01 15:56:38,270 - Validation Accuracy: 0.7361922075103104
2025-10-01 15:56:38,270 - Validation AUC: 0.6629958658491267
2025-10-01 15:56:38,731 - Holdout Validation F1 Score: 0.375
2025-10-01 15:56:38,731 - Holdout Validation Precision: 0.3333333333333333
2025-10-01 15:56:38,731 - Holdout Validation Recall: 0.42857142857142855
2025-10-01 15:56:38,731 - Holdout Validation Accuracy: 0.6261682242990654
2025-10-01 15:56:38,731 - Holdout Validation AUC: 0.5623869801084991
2025-10-01 15:56:38,755 - Test F1 Score: 0.4050632911392405
2025-10-01 15:56:38,755 - Test Precision: 0.36363636363636365
2025-10-01 15:56:38,755 - Test Recall: 0.45714285714285713
2025-10-01 15:56:38,755 - Test Accuracy: 0.6967741935483871
2025-10-01 15:56:38,755 - Test AUC: 0.6096428571428572
2025-10-01 15:56:38,757 - Best model saved as /gpfs/home1/won0316/_RESEARCH/0817_Genotoxicity/1_Git_upload/ChemBAI/ToxCast_model/experiments/training/DART_MTL/results/seed_1/BSK_4H_MCP1_dt_Pattern/model.joblib
[2025-10-01 15:56:39] END seed_1:BSK_4H_MCP1_dt_Pattern status=0
[2025-10-01 15:56:39] START seed_2:BSK_4H_MCP1_dt_Pattern
2025-10-01 15:56:41,450 - Using PyTorch device: cuda:0
2025-10-01 15:56:41,451 - Selected compute device: cuda:0
2025-10-01 15:59:29,779 - Best Model Parameters: {'criterion': 'gini', 'max_depth': 4, 'min_samples_leaf': 3, 'min_samples_split': 2}
2025-10-01 15:59:29,779 - Validation F1 Score: 0.4727969660955977
2025-10-01 15:59:29,779 - Validation Precision: 0.3523967044545536
2025-10-01 15:59:29,779 - Validation Recall: 0.731638418079096
2025-10-01 15:59:29,779 - Validation Accuracy: 0.6386592338479131
2025-10-01 15:59:29,780 - Validation AUC: 0.7059547193135253
2025-10-01 15:59:30,119 - Holdout Validation F1 Score: 0.5362318840579711
2025-10-01 15:59:30,120 - Holdout Validation Precision: 0.3978494623655914
2025-10-01 15:59:30,120 - Holdout Validation Recall: 0.8222222222222222
2025-10-01 15:59:30,120 - Holdout Validation Accuracy: 0.5616438356164384
2025-10-01 15:59:30,120 - Holdout Validation AUC: 0.6188118811881188
2025-10-01 15:59:30,143 - Test F1 Score: 0.4696969696969697
2025-10-01 15:59:30,143 - Test Precision: 0.34065934065934067
2025-10-01 15:59:30,143 - Test Recall: 0.7560975609756098
2025-10-01 15:59:30,143 - Test Accuracy: 0.5333333333333333
2025-10-01 15:59:30,143 - Test AUC: 0.6078541060639964
2025-10-01 15:59:30,146 - Best model saved as /gpfs/home1/won0316/_RESEARCH/0817_Genotoxicity/1_Git_upload/ChemBAI/ToxCast_model/experiments/training/DART_MTL/results/seed_2/BSK_4H_MCP1_dt_Pattern/model.joblib
[2025-10-01 15:59:30] END seed_2:BSK_4H_MCP1_dt_Pattern status=0
