[2025-10-02 00:43:43] START seed_0:BSK_CASM3C_uPAR_rf_Pattern
2025-10-02 00:43:46,753 - Using PyTorch device: cuda:0
2025-10-02 00:43:46,754 - Selected compute device: cuda:0
2025-10-02 00:47:35,387 - Best Model Parameters: {'max_depth': 10, 'min_samples_leaf': 1, 'min_samples_split': 2, 'n_estimators': 200}
2025-10-02 00:47:35,387 - Validation F1 Score: 0.35989704739704736
2025-10-02 00:47:35,387 - Validation Precision: 0.29040821563052294
2025-10-02 00:47:35,387 - Validation Recall: 0.4761024182076813
2025-10-02 00:47:35,387 - Validation Accuracy: 0.7586724086724087
2025-10-02 00:47:35,388 - Validation AUC: 0.6972280958056206
2025-10-02 00:47:36,073 - Holdout Validation F1 Score: 0.2857142857142857
2025-10-02 00:47:36,073 - Holdout Validation Precision: 0.19642857142857142
2025-10-02 00:47:36,073 - Holdout Validation Recall: 0.5238095238095238
2025-10-02 00:47:36,073 - Holdout Validation Accuracy: 0.6357615894039735
2025-10-02 00:47:36,073 - Holdout Validation AUC: 0.6326007326007326
2025-10-02 00:47:36,144 - Test F1 Score: 0.3855421686746988
2025-10-02 00:47:36,145 - Test Precision: 0.3076923076923077
2025-10-02 00:47:36,145 - Test Recall: 0.5161290322580645
2025-10-02 00:47:36,145 - Test Accuracy: 0.7017543859649122
2025-10-02 00:47:36,145 - Test AUC: 0.691705069124424
2025-10-02 00:47:36,244 - Best model saved as /gpfs/home1/won0316/_RESEARCH/0817_Genotoxicity/1_Git_upload/ChemBAI/ToxCast_model/experiments/training/DART_MTL/results/seed_0/BSK_CASM3C_uPAR_rf_Pattern/model.joblib
[2025-10-02 00:47:36] END seed_0:BSK_CASM3C_uPAR_rf_Pattern status=0
[2025-10-02 00:47:36] START seed_1:BSK_CASM3C_uPAR_rf_Pattern
2025-10-02 00:47:39,989 - Using PyTorch device: cuda:0
2025-10-02 00:47:39,990 - Selected compute device: cuda:0
2025-10-02 00:51:32,159 - Best Model Parameters: {'max_depth': 15, 'min_samples_leaf': 1, 'min_samples_split': 2, 'n_estimators': 200}
2025-10-02 00:51:32,159 - Validation F1 Score: 0.35078873604888283
2025-10-02 00:51:32,159 - Validation Precision: 0.3292435177759957
2025-10-02 00:51:32,160 - Validation Recall: 0.38326585695006743
2025-10-02 00:51:32,160 - Validation Accuracy: 0.7958758411113522
2025-10-02 00:51:32,160 - Validation AUC: 0.7081423632851782
2025-10-02 00:51:32,888 - Holdout Validation F1 Score: 0.21428571428571427
2025-10-02 00:51:32,888 - Holdout Validation Precision: 0.2727272727272727
2025-10-02 00:51:32,888 - Holdout Validation Recall: 0.17647058823529413
2025-10-02 00:51:32,888 - Holdout Validation Accuracy: 0.794392523364486
2025-10-02 00:51:32,888 - Holdout Validation AUC: 0.6620915032679738
2025-10-02 00:51:32,959 - Test F1 Score: 0.3333333333333333
2025-10-02 00:51:32,959 - Test Precision: 0.36
2025-10-02 00:51:32,960 - Test Recall: 0.3103448275862069
2025-10-02 00:51:32,960 - Test Accuracy: 0.7677419354838709
2025-10-02 00:51:32,960 - Test AUC: 0.7084017515051998
2025-10-02 00:51:33,008 - Best model saved as /gpfs/home1/won0316/_RESEARCH/0817_Genotoxicity/1_Git_upload/ChemBAI/ToxCast_model/experiments/training/DART_MTL/results/seed_1/BSK_CASM3C_uPAR_rf_Pattern/model.joblib
[2025-10-02 00:51:33] END seed_1:BSK_CASM3C_uPAR_rf_Pattern status=0
[2025-10-02 00:51:33] START seed_2:BSK_CASM3C_uPAR_rf_Pattern
2025-10-02 00:51:35,906 - Using PyTorch device: cuda:0
2025-10-02 00:51:35,907 - Selected compute device: cuda:0
2025-10-02 00:55:24,277 - Best Model Parameters: {'max_depth': 15, 'min_samples_leaf': 1, 'min_samples_split': 4, 'n_estimators': 200}
2025-10-02 00:55:24,277 - Validation F1 Score: 0.3700790029441715
2025-10-02 00:55:24,277 - Validation Precision: 0.34919992246941634
2025-10-02 00:55:24,277 - Validation Recall: 0.39559032716927456
2025-10-02 00:55:24,277 - Validation Accuracy: 0.8080131503716409
2025-10-02 00:55:24,277 - Validation AUC: 0.7237398249165001
2025-10-02 00:55:25,002 - Holdout Validation F1 Score: 0.2553191489361702
2025-10-02 00:55:25,003 - Holdout Validation Precision: 0.25
2025-10-02 00:55:25,003 - Holdout Validation Recall: 0.2608695652173913
2025-10-02 00:55:25,003 - Holdout Validation Accuracy: 0.7602739726027398
2025-10-02 00:55:25,003 - Holdout Validation AUC: 0.6203605514316013
2025-10-02 00:55:25,073 - Test F1 Score: 0.21052631578947367
2025-10-02 00:55:25,073 - Test Precision: 0.21428571428571427
2025-10-02 00:55:25,073 - Test Recall: 0.20689655172413793
2025-10-02 00:55:25,073 - Test Accuracy: 0.7
2025-10-02 00:55:25,073 - Test AUC: 0.6273867198632089
2025-10-02 00:55:25,122 - Best model saved as /gpfs/home1/won0316/_RESEARCH/0817_Genotoxicity/1_Git_upload/ChemBAI/ToxCast_model/experiments/training/DART_MTL/results/seed_2/BSK_CASM3C_uPAR_rf_Pattern/model.joblib
[2025-10-02 00:55:25] END seed_2:BSK_CASM3C_uPAR_rf_Pattern status=0
