[2025-10-01 16:11:01] START seed_1:BSK_4H_MCP1_rf_Morgan
2025-10-01 16:11:05,095 - Using PyTorch device: cuda:0
2025-10-01 16:11:05,096 - Selected compute device: cuda:0
2025-10-01 16:14:04,769 - Best Model Parameters: {'max_depth': 15, 'min_samples_leaf': 1, 'min_samples_split': 2, 'n_estimators': 600}
2025-10-01 16:14:04,770 - Validation F1 Score: 0.42135599845618765
2025-10-01 16:14:04,770 - Validation Precision: 0.4026460321629785
2025-10-01 16:14:04,770 - Validation Recall: 0.44375
2025-10-01 16:14:04,770 - Validation Accuracy: 0.7111379422617755
2025-10-01 16:14:04,770 - Validation AUC: 0.6688176807529729
2025-10-01 16:14:05,801 - Holdout Validation F1 Score: 0.18604651162790697
2025-10-01 16:14:05,801 - Holdout Validation Precision: 0.26666666666666666
2025-10-01 16:14:05,801 - Holdout Validation Recall: 0.14285714285714285
2025-10-01 16:14:05,801 - Holdout Validation Accuracy: 0.6728971962616822
2025-10-01 16:14:05,802 - Holdout Validation AUC: 0.4755877034358047
2025-10-01 16:14:05,950 - Test F1 Score: 0.273972602739726
2025-10-01 16:14:05,950 - Test Precision: 0.2631578947368421
2025-10-01 16:14:05,950 - Test Recall: 0.2857142857142857
2025-10-01 16:14:05,950 - Test Accuracy: 0.6580645161290323
2025-10-01 16:14:05,950 - Test AUC: 0.5496428571428571
2025-10-01 16:14:06,093 - Best model saved as /gpfs/home1/won0316/_RESEARCH/0817_Genotoxicity/1_Git_upload/ChemBAI/ToxCast_model/experiments/training/DART_MTL/results/seed_1/BSK_4H_MCP1_rf_Morgan/model.joblib
[2025-10-01 16:14:06] END seed_1:BSK_4H_MCP1_rf_Morgan status=0
