[2025-10-01 17:05:43] START seed_1:BSK_4H_MCP1_xgb_RDKit
2025-10-01 17:05:46,332 - Using PyTorch device: cuda:0
2025-10-01 17:05:46,333 - Selected compute device: cuda:0
2025-10-01 17:42:09,682 - Best Model Parameters: {'colsample_bytree': 0.8, 'learning_rate': 0.05, 'max_depth': 9, 'min_child_weight': 3, 'n_estimators': 400, 'subsample': 0.8}
2025-10-01 17:42:09,682 - Validation F1 Score: 0.40888176222749817
2025-10-01 17:42:09,682 - Validation Precision: 0.45186374819833464
2025-10-01 17:42:09,682 - Validation Recall: 0.375
2025-10-01 17:42:09,682 - Validation Accuracy: 0.7428315606685478
2025-10-01 17:42:09,682 - Validation AUC: 0.6622864699461166
2025-10-01 17:42:13,790 - Holdout Validation F1 Score: 0.2564102564102564
2025-10-01 17:42:13,790 - Holdout Validation Precision: 0.45454545454545453
2025-10-01 17:42:13,790 - Holdout Validation Recall: 0.17857142857142858
2025-10-01 17:42:13,790 - Holdout Validation Accuracy: 0.7289719626168224
2025-10-01 17:42:13,790 - Holdout Validation AUC: 0.6053345388788427
2025-10-01 17:42:14,563 - Test F1 Score: 0.375
2025-10-01 17:42:14,563 - Test Precision: 0.41379310344827586
2025-10-01 17:42:14,564 - Test Recall: 0.34285714285714286
2025-10-01 17:42:14,564 - Test Accuracy: 0.7419354838709677
2025-10-01 17:42:14,564 - Test AUC: 0.7173809523809523
2025-10-01 17:42:14,580 - Best model saved as /gpfs/home1/won0316/_RESEARCH/0817_Genotoxicity/1_Git_upload/ChemBAI/ToxCast_model/experiments/training/DART_MTL/results/seed_1/BSK_4H_MCP1_xgb_RDKit/model.joblib
[2025-10-01 17:42:15] END seed_1:BSK_4H_MCP1_xgb_RDKit status=0
