[2025-10-01 15:37:28] START seed_1:BSK_4H_MCP1_dt_Morgan
2025-10-01 15:37:31,212 - Using PyTorch device: cuda:0
2025-10-01 15:37:31,213 - Selected compute device: cuda:0
2025-10-01 15:38:56,627 - Best Model Parameters: {'criterion': 'gini', 'max_depth': None, 'min_samples_leaf': 1, 'min_samples_split': 2}
2025-10-01 15:38:56,627 - Validation F1 Score: 0.384016719922566
2025-10-01 15:38:56,627 - Validation Precision: 0.342377988618933
2025-10-01 15:38:56,627 - Validation Recall: 0.4375
2025-10-01 15:38:56,627 - Validation Accuracy: 0.6691095072715434
2025-10-01 15:38:56,627 - Validation AUC: 0.5849869573926978
2025-10-01 15:38:56,991 - Holdout Validation F1 Score: 0.14814814814814814
2025-10-01 15:38:56,991 - Holdout Validation Precision: 0.15384615384615385
2025-10-01 15:38:56,991 - Holdout Validation Recall: 0.14285714285714285
2025-10-01 15:38:56,991 - Holdout Validation Accuracy: 0.5700934579439252
2025-10-01 15:38:56,991 - Holdout Validation AUC: 0.43399638336347196
2025-10-01 15:38:57,007 - Test F1 Score: 0.27906976744186046
2025-10-01 15:38:57,007 - Test Precision: 0.23529411764705882
2025-10-01 15:38:57,007 - Test Recall: 0.34285714285714286
2025-10-01 15:38:57,007 - Test Accuracy: 0.6
2025-10-01 15:38:57,007 - Test AUC: 0.5089285714285715
2025-10-01 15:38:57,009 - Best model saved as /gpfs/home1/won0316/_RESEARCH/0817_Genotoxicity/1_Git_upload/ChemBAI/ToxCast_model/experiments/training/DART_MTL/results/seed_1/BSK_4H_MCP1_dt_Morgan/model.joblib
[2025-10-01 15:38:57] END seed_1:BSK_4H_MCP1_dt_Morgan status=0
