[2025-10-01 19:43:46] START seed_1:BSK_4H_MCP1_logistic_RDKit
2025-10-01 19:43:50,192 - Using PyTorch device: cuda:0
2025-10-01 19:43:50,193 - Selected compute device: cuda:0
2025-10-01 20:53:57,528 - Best Model Parameters: {'C': 0.1, 'penalty': 'l2', 'solver': 'liblinear'}
2025-10-01 20:53:57,528 - Validation F1 Score: 0.4114130923753906
2025-10-01 20:53:57,529 - Validation Precision: 0.40131841345277647
2025-10-01 20:53:57,529 - Validation Recall: 0.425
2025-10-01 20:53:57,529 - Validation Accuracy: 0.7133573909268505
2025-10-01 20:53:57,529 - Validation AUC: 0.628089000371609
2025-10-01 20:53:58,091 - Holdout Validation F1 Score: 0.18518518518518517
2025-10-01 20:53:58,092 - Holdout Validation Precision: 0.19230769230769232
2025-10-01 20:53:58,092 - Holdout Validation Recall: 0.17857142857142858
2025-10-01 20:53:58,092 - Holdout Validation Accuracy: 0.5887850467289719
2025-10-01 20:53:58,092 - Holdout Validation AUC: 0.4597649186256781
2025-10-01 20:53:58,116 - Test F1 Score: 0.38461538461538464
2025-10-01 20:53:58,116 - Test Precision: 0.3488372093023256
2025-10-01 20:53:58,116 - Test Recall: 0.42857142857142855
2025-10-01 20:53:58,116 - Test Accuracy: 0.6903225806451613
2025-10-01 20:53:58,116 - Test AUC: 0.6583333333333333
2025-10-01 20:53:58,929 - Best model saved as /gpfs/home1/won0316/_RESEARCH/0817_Genotoxicity/1_Git_upload/ChemBAI/ToxCast_model/experiments/training/DART_MTL/results/seed_1/BSK_4H_MCP1_logistic_RDKit/model.joblib
[2025-10-01 20:53:59] END seed_1:BSK_4H_MCP1_logistic_RDKit status=0
