[2025-10-02 12:14:59] START seed_0:BSK_hDFCGF_TIMP1_logistic_Morgan
2025-10-02 12:15:03,581 - Using PyTorch device: cuda:0
2025-10-02 12:15:03,582 - Selected compute device: cuda:0
2025-10-02 12:39:06,829 - Best Model Parameters: {'C': 2, 'penalty': 'l2', 'solver': 'liblinear'}
2025-10-02 12:39:06,829 - Validation F1 Score: 0.2953759458839716
2025-10-02 12:39:06,829 - Validation Precision: 0.2649323269097906
2025-10-02 12:39:06,829 - Validation Recall: 0.3346622369878184
2025-10-02 12:39:06,829 - Validation Accuracy: 0.7386159786159787
2025-10-02 12:39:06,829 - Validation AUC: 0.5484422125939649
2025-10-02 12:39:07,088 - Holdout Validation F1 Score: 0.3333333333333333
2025-10-02 12:39:07,088 - Holdout Validation Precision: 0.2972972972972973
2025-10-02 12:39:07,088 - Holdout Validation Recall: 0.3793103448275862
2025-10-02 12:39:07,089 - Holdout Validation Accuracy: 0.7086092715231788
2025-10-02 12:39:07,089 - Holdout Validation AUC: 0.6353872244205766
2025-10-02 12:39:07,105 - Test F1 Score: 0.09230769230769231
2025-10-02 12:39:07,105 - Test Precision: 0.08108108108108109
2025-10-02 12:39:07,105 - Test Recall: 0.10714285714285714
2025-10-02 12:39:07,105 - Test Accuracy: 0.6549707602339181
2025-10-02 12:39:07,105 - Test AUC: 0.43506493506493504
2025-10-02 12:39:07,107 - Best model saved as /gpfs/home1/won0316/_RESEARCH/0817_Genotoxicity/1_Git_upload/ChemBAI/ToxCast_model/experiments/training/DART_MTL/results/seed_0/BSK_hDFCGF_TIMP1_logistic_Morgan/model.joblib
[2025-10-02 12:39:07] END seed_0:BSK_hDFCGF_TIMP1_logistic_Morgan status=0
