[2025-10-02 12:00:59] START seed_0:BSK_hDFCGF_TIMP1_gbt_Layered
2025-10-02 12:01:03,086 - Using PyTorch device: cuda:0
2025-10-02 12:01:03,086 - Selected compute device: cuda:0
2025-10-02 14:24:17,807 - Best Model Parameters: {'learning_rate': 0.1, 'max_depth': 7, 'min_samples_leaf': 2, 'min_samples_split': 2, 'n_estimators': 200}
2025-10-02 14:24:17,807 - Validation F1 Score: 0.34073973966108795
2025-10-02 14:24:17,808 - Validation Precision: 0.38689742008428407
2025-10-02 14:24:17,808 - Validation Recall: 0.31184939091915836
2025-10-02 14:24:17,808 - Validation Accuracy: 0.8041490941490942
2025-10-02 14:24:17,808 - Validation AUC: 0.6963779210108649
2025-10-02 14:24:45,706 - Holdout Validation F1 Score: 0.35555555555555557
2025-10-02 14:24:45,706 - Holdout Validation Precision: 0.5
2025-10-02 14:24:45,706 - Holdout Validation Recall: 0.27586206896551724
2025-10-02 14:24:45,706 - Holdout Validation Accuracy: 0.8079470198675497
2025-10-02 14:24:45,706 - Holdout Validation AUC: 0.7022328999434709
2025-10-02 14:24:45,734 - Test F1 Score: 0.23255813953488372
2025-10-02 14:24:45,734 - Test Precision: 0.3333333333333333
2025-10-02 14:24:45,734 - Test Recall: 0.17857142857142858
2025-10-02 14:24:45,734 - Test Accuracy: 0.8070175438596491
2025-10-02 14:24:45,734 - Test AUC: 0.6428571428571428
2025-10-02 14:24:45,748 - Best model saved as /gpfs/home1/won0316/_RESEARCH/0817_Genotoxicity/1_Git_upload/ChemBAI/ToxCast_model/experiments/training/DART_MTL/results/seed_0/BSK_hDFCGF_TIMP1_gbt_Layered/model.joblib
[2025-10-02 14:24:46] END seed_0:BSK_hDFCGF_TIMP1_gbt_Layered status=0
[2025-10-03 20:15:54] SKIP seed_0:BSK_hDFCGF_TIMP1_gbt_Layered model.joblib exists
