[2025-10-02 09:34:59] START seed_0:BSK_hDFCGF_TIMP1_rf_Morgan
2025-10-02 09:35:03,414 - Using PyTorch device: cuda:0
2025-10-02 09:35:03,415 - Selected compute device: cuda:0
2025-10-02 09:38:00,565 - Best Model Parameters: {'max_depth': 15, 'min_samples_leaf': 1, 'min_samples_split': 2, 'n_estimators': 600}
2025-10-02 09:38:00,565 - Validation F1 Score: 0.30733980994850557
2025-10-02 09:38:00,565 - Validation Precision: 0.27317946621890327
2025-10-02 09:38:00,565 - Validation Recall: 0.3533776301218162
2025-10-02 09:38:00,565 - Validation Accuracy: 0.7401603801603802
2025-10-02 09:38:00,565 - Validation AUC: 0.6073497966328316
2025-10-02 09:38:01,554 - Holdout Validation F1 Score: 0.4406779661016949
2025-10-02 09:38:01,555 - Holdout Validation Precision: 0.43333333333333335
2025-10-02 09:38:01,555 - Holdout Validation Recall: 0.4482758620689655
2025-10-02 09:38:01,555 - Holdout Validation Accuracy: 0.7814569536423841
2025-10-02 09:38:01,555 - Holdout Validation AUC: 0.7337478801582815
2025-10-02 09:38:01,700 - Test F1 Score: 0.09523809523809523
2025-10-02 09:38:01,700 - Test Precision: 0.14285714285714285
2025-10-02 09:38:01,700 - Test Recall: 0.07142857142857142
2025-10-02 09:38:01,700 - Test Accuracy: 0.7777777777777778
2025-10-02 09:38:01,700 - Test AUC: 0.5287212787212787
2025-10-02 09:38:01,842 - Best model saved as /gpfs/home1/won0316/_RESEARCH/0817_Genotoxicity/1_Git_upload/ChemBAI/ToxCast_model/experiments/training/DART_MTL/results/seed_0/BSK_hDFCGF_TIMP1_rf_Morgan/model.joblib
[2025-10-02 09:38:02] END seed_0:BSK_hDFCGF_TIMP1_rf_Morgan status=0
