[2025-10-02 10:52:00] START seed_0:BSK_hDFCGF_TIMP1_gbt_MACCS
2025-10-02 10:52:04,179 - Using PyTorch device: cuda:0
2025-10-02 10:52:04,180 - Selected compute device: cuda:0
2025-10-02 11:07:41,120 - Best Model Parameters: {'learning_rate': 0.1, 'max_depth': 5, 'min_samples_leaf': 2, 'min_samples_split': 2, 'n_estimators': 200}
2025-10-02 11:07:41,120 - Validation F1 Score: 0.3640217458860452
2025-10-02 11:07:41,120 - Validation Precision: 0.37881710282612113
2025-10-02 11:07:41,120 - Validation Recall: 0.35836101882613514
2025-10-02 11:07:41,120 - Validation Accuracy: 0.7949153549153549
2025-10-02 11:07:41,120 - Validation AUC: 0.659488086307291
2025-10-02 11:07:43,093 - Holdout Validation F1 Score: 0.39215686274509803
2025-10-02 11:07:43,093 - Holdout Validation Precision: 0.45454545454545453
2025-10-02 11:07:43,093 - Holdout Validation Recall: 0.3448275862068966
2025-10-02 11:07:43,093 - Holdout Validation Accuracy: 0.7947019867549668
2025-10-02 11:07:43,093 - Holdout Validation AUC: 0.7037874505370266
2025-10-02 11:07:43,105 - Test F1 Score: 0.23076923076923078
2025-10-02 11:07:43,105 - Test Precision: 0.25
2025-10-02 11:07:43,105 - Test Recall: 0.21428571428571427
2025-10-02 11:07:43,105 - Test Accuracy: 0.7660818713450293
2025-10-02 11:07:43,105 - Test AUC: 0.5113636363636364
2025-10-02 11:07:43,114 - Best model saved as /gpfs/home1/won0316/_RESEARCH/0817_Genotoxicity/1_Git_upload/ChemBAI/ToxCast_model/experiments/training/DART_MTL/results/seed_0/BSK_hDFCGF_TIMP1_gbt_MACCS/model.joblib
[2025-10-02 11:07:43] END seed_0:BSK_hDFCGF_TIMP1_gbt_MACCS status=0
