[2025-10-04 03:12:02] START seed_0:BSK_KF3CT_TIMP2_gbt_MACCS
2025-10-04 03:12:06,881 - Using PyTorch device: cuda:0
2025-10-04 03:12:06,882 - Selected compute device: cuda:0
2025-10-04 03:27:15,505 - Best Model Parameters: {'learning_rate': 0.05, 'max_depth': 5, 'min_samples_leaf': 1, 'min_samples_split': 2, 'n_estimators': 100}
2025-10-04 03:27:15,505 - Validation F1 Score: 0.3771345068750507
2025-10-04 03:27:15,505 - Validation Precision: 0.32214465101108936
2025-10-04 03:27:15,505 - Validation Recall: 0.4563775510204081
2025-10-04 03:27:15,505 - Validation Accuracy: 0.7201247401247401
2025-10-04 03:27:15,505 - Validation AUC: 0.6752174657643616
2025-10-04 03:27:16,486 - Holdout Validation F1 Score: 0.4634146341463415
2025-10-04 03:27:16,486 - Holdout Validation Precision: 0.37254901960784315
2025-10-04 03:27:16,486 - Holdout Validation Recall: 0.6129032258064516
2025-10-04 03:27:16,486 - Holdout Validation Accuracy: 0.7086092715231788
2025-10-04 03:27:16,486 - Holdout Validation AUC: 0.7125
2025-10-04 03:27:16,498 - Test F1 Score: 0.21333333333333335
2025-10-04 03:27:16,498 - Test Precision: 0.1951219512195122
2025-10-04 03:27:16,498 - Test Recall: 0.23529411764705882
2025-10-04 03:27:16,498 - Test Accuracy: 0.6549707602339181
2025-10-04 03:27:16,498 - Test AUC: 0.6558608844997853
2025-10-04 03:27:16,510 - Best model saved as /gpfs/home1/won0316/_RESEARCH/0817_Genotoxicity/1_Git_upload/ChemBAI/ToxCast_model/experiments/training/DART_MTL/results/seed_0/BSK_KF3CT_TIMP2_gbt_MACCS/model.joblib
[2025-10-04 03:27:17] END seed_0:BSK_KF3CT_TIMP2_gbt_MACCS status=0
