[2025-10-04 01:50:19] START seed_0:BSK_KF3CT_TIMP2_xgb_Morgan
2025-10-04 01:50:22,840 - Using PyTorch device: cuda:0
2025-10-04 01:50:22,841 - Selected compute device: cuda:0
2025-10-04 02:07:34,226 - Best Model Parameters: {'colsample_bytree': 0.8, 'learning_rate': 0.1, 'max_depth': 9, 'min_child_weight': 3, 'n_estimators': 400, 'subsample': 1.0}
2025-10-04 02:07:34,226 - Validation F1 Score: 0.3713408313797463
2025-10-04 02:07:34,226 - Validation Precision: 0.37977162210611687
2025-10-04 02:07:34,226 - Validation Recall: 0.36904761904761907
2025-10-04 02:07:34,226 - Validation Accuracy: 0.7671963171963172
2025-10-04 02:07:34,226 - Validation AUC: 0.641598609230422
2025-10-04 02:07:36,110 - Holdout Validation F1 Score: 0.2857142857142857
2025-10-04 02:07:36,110 - Holdout Validation Precision: 0.32
2025-10-04 02:07:36,110 - Holdout Validation Recall: 0.25806451612903225
2025-10-04 02:07:36,110 - Holdout Validation Accuracy: 0.7350993377483444
2025-10-04 02:07:36,110 - Holdout Validation AUC: 0.7158602150537634
2025-10-04 02:07:36,508 - Test F1 Score: 0.3050847457627119
2025-10-04 02:07:36,508 - Test Precision: 0.36
2025-10-04 02:07:36,508 - Test Recall: 0.2647058823529412
2025-10-04 02:07:36,508 - Test Accuracy: 0.7602339181286549
2025-10-04 02:07:36,508 - Test AUC: 0.6076642335766423
2025-10-04 02:07:36,513 - Best model saved as /gpfs/home1/won0316/_RESEARCH/0817_Genotoxicity/1_Git_upload/ChemBAI/ToxCast_model/experiments/training/DART_MTL/results/seed_0/BSK_KF3CT_TIMP2_xgb_Morgan/model.joblib
[2025-10-04 02:07:37] END seed_0:BSK_KF3CT_TIMP2_xgb_Morgan status=0
