[2025-10-04 08:36:30] START seed_2:CEETOX_H295R_OHPROG_dt_Layered
2025-10-04 08:36:33,278 - Using PyTorch device: cuda:0
2025-10-04 08:36:33,279 - Selected compute device: cuda:0
2025-10-04 08:38:29,488 - Best Model Parameters: {'criterion': 'gini', 'max_depth': 4, 'min_samples_leaf': 2, 'min_samples_split': 2}
2025-10-04 08:38:29,488 - Validation F1 Score: 0.6016908253683961
2025-10-04 08:38:29,488 - Validation Precision: 0.5093270409830153
2025-10-04 08:38:29,488 - Validation Recall: 0.7427807486631016
2025-10-04 08:38:29,488 - Validation Accuracy: 0.611204481792717
2025-10-04 08:38:29,489 - Validation AUC: 0.645026388451994
2025-10-04 08:38:29,695 - Holdout Validation F1 Score: 0.7317073170731707
2025-10-04 08:38:29,695 - Holdout Validation Precision: 0.6818181818181818
2025-10-04 08:38:29,695 - Holdout Validation Recall: 0.7894736842105263
2025-10-04 08:38:29,695 - Holdout Validation Accuracy: 0.6615384615384615
2025-10-04 08:38:29,695 - Holdout Validation AUC: 0.6491228070175439
2025-10-04 08:38:29,718 - Test F1 Score: 0.6129032258064516
2025-10-04 08:38:29,718 - Test Precision: 0.6551724137931034
2025-10-04 08:38:29,718 - Test Recall: 0.5757575757575758
2025-10-04 08:38:29,718 - Test Accuracy: 0.6521739130434783
2025-10-04 08:38:29,718 - Test AUC: 0.5993265993265994
2025-10-04 08:38:29,720 - Best model saved as /gpfs/home1/won0316/_RESEARCH/0817_Genotoxicity/1_Git_upload/ChemBAI/ToxCast_model/experiments/training/DART_MTL/results/seed_2/CEETOX_H295R_OHPROG_dt_Layered/model.joblib
[2025-10-04 08:38:30] END seed_2:CEETOX_H295R_OHPROG_dt_Layered status=0
