[2025-10-04 09:11:33] START seed_2:CEETOX_H295R_OHPROG_xgb_Morgan
2025-10-04 09:11:36,676 - Using PyTorch device: cuda:0
2025-10-04 09:11:36,676 - Selected compute device: cuda:0
2025-10-04 09:27:10,549 - Best Model Parameters: {'colsample_bytree': 0.8, 'learning_rate': 0.1, 'max_depth': 9, 'min_child_weight': 3, 'n_estimators': 400, 'subsample': 0.8}
2025-10-04 09:27:10,549 - Validation F1 Score: 0.5831755085738689
2025-10-04 09:27:10,549 - Validation Precision: 0.5710421772279923
2025-10-04 09:27:10,549 - Validation Recall: 0.5994652406417113
2025-10-04 09:27:10,549 - Validation Accuracy: 0.6611764705882353
2025-10-04 09:27:10,549 - Validation AUC: 0.6781657404494774
2025-10-04 09:27:12,161 - Holdout Validation F1 Score: 0.5882352941176471
2025-10-04 09:27:12,161 - Holdout Validation Precision: 0.6666666666666666
2025-10-04 09:27:12,161 - Holdout Validation Recall: 0.5263157894736842
2025-10-04 09:27:12,161 - Holdout Validation Accuracy: 0.5692307692307692
2025-10-04 09:27:12,161 - Holdout Validation AUC: 0.6076998050682262
2025-10-04 09:27:12,538 - Test F1 Score: 0.5
2025-10-04 09:27:12,538 - Test Precision: 0.5161290322580645
2025-10-04 09:27:12,538 - Test Recall: 0.48484848484848486
2025-10-04 09:27:12,538 - Test Accuracy: 0.5362318840579711
2025-10-04 09:27:12,538 - Test AUC: 0.5681818181818182
2025-10-04 09:27:12,543 - Best model saved as /gpfs/home1/won0316/_RESEARCH/0817_Genotoxicity/1_Git_upload/ChemBAI/ToxCast_model/experiments/training/DART_MTL/results/seed_2/CEETOX_H295R_OHPROG_xgb_Morgan/model.joblib
[2025-10-04 09:27:13] END seed_2:CEETOX_H295R_OHPROG_xgb_Morgan status=0
