[2025-09-30 22:34:27] START seed_1:ATG_ERE_CIS_xgb_Layered
2025-09-30 22:34:30,350 - Using PyTorch device: cuda:0
2025-09-30 22:34:30,350 - Selected compute device: cuda:0
2025-09-30 23:17:04,526 - Best Model Parameters: {'colsample_bytree': 0.8, 'learning_rate': 0.1, 'max_depth': 3, 'min_child_weight': 5, 'n_estimators': 400, 'subsample': 0.8}
2025-09-30 23:17:04,527 - Validation F1 Score: 0.49156529107471175
2025-09-30 23:17:04,527 - Validation Precision: 0.45633612192054096
2025-09-30 23:17:04,527 - Validation Recall: 0.5329297820823244
2025-09-30 23:17:04,527 - Validation Accuracy: 0.7819801347876506
2025-09-30 23:17:04,527 - Validation AUC: 0.725357583676052
2025-09-30 23:17:08,399 - Holdout Validation F1 Score: 0.31683168316831684
2025-09-30 23:17:08,399 - Holdout Validation Precision: 0.32
2025-09-30 23:17:08,399 - Holdout Validation Recall: 0.3137254901960784
2025-09-30 23:17:08,400 - Holdout Validation Accuracy: 0.7366412213740458
2025-09-30 23:17:08,400 - Holdout Validation AUC: 0.6648081033361211
2025-09-30 23:17:09,163 - Test F1 Score: 0.35294117647058826
2025-09-30 23:17:09,163 - Test Precision: 0.4444444444444444
2025-09-30 23:17:09,163 - Test Recall: 0.2926829268292683
2025-09-30 23:17:09,163 - Test Accuracy: 0.7267080745341615
2025-09-30 23:17:09,163 - Test AUC: 0.6801067073170732
2025-09-30 23:17:09,167 - Best model saved as /gpfs/home1/won0316/_RESEARCH/0817_Genotoxicity/1_Git_upload/ChemBAI/ToxCast_model/experiments/training/DART_MTL/results/seed_1/ATG_ERE_CIS_xgb_Layered/model.joblib
[2025-09-30 23:17:09] END seed_1:ATG_ERE_CIS_xgb_Layered status=0
