[2025-10-01 00:36:00] START seed_1:ATG_ERE_CIS_logistic_MACCS
2025-10-01 00:36:02,955 - Using PyTorch device: cuda:0
2025-10-01 00:36:02,956 - Selected compute device: cuda:0
2025-10-01 00:43:21,453 - Best Model Parameters: {'C': 0.1, 'penalty': 'l2', 'solver': 'liblinear'}
2025-10-01 00:43:21,454 - Validation F1 Score: 0.42543697890796783
2025-10-01 00:43:21,454 - Validation Precision: 0.34915590136895736
2025-10-01 00:43:21,454 - Validation Recall: 0.5464178891895741
2025-10-01 00:43:21,454 - Validation Accuracy: 0.707961210735954
2025-10-01 00:43:21,454 - Validation AUC: 0.689247958480657
2025-10-01 00:43:21,534 - Holdout Validation F1 Score: 0.43410852713178294
2025-10-01 00:43:21,534 - Holdout Validation Precision: 0.358974358974359
2025-10-01 00:43:21,534 - Holdout Validation Recall: 0.5490196078431373
2025-10-01 00:43:21,534 - Holdout Validation Accuracy: 0.7213740458015268
2025-10-01 00:43:21,534 - Holdout Validation AUC: 0.6851129077223306
2025-10-01 00:43:21,545 - Test F1 Score: 0.463768115942029
2025-10-01 00:43:21,545 - Test Precision: 0.384
2025-10-01 00:43:21,545 - Test Recall: 0.5853658536585366
2025-10-01 00:43:21,545 - Test Accuracy: 0.65527950310559
2025-10-01 00:43:21,545 - Test AUC: 0.6588922764227643
2025-10-01 00:43:21,546 - Best model saved as /gpfs/home1/won0316/_RESEARCH/0817_Genotoxicity/1_Git_upload/ChemBAI/ToxCast_model/experiments/training/DART_MTL/results/seed_1/ATG_ERE_CIS_logistic_MACCS/model.joblib
[2025-10-01 00:43:22] END seed_1:ATG_ERE_CIS_logistic_MACCS status=0
