[2025-09-30 20:52:48] START seed_1:ATG_ERE_CIS_dt_RDKit
2025-09-30 20:52:51,165 - Using PyTorch device: cuda:0
2025-09-30 20:52:51,165 - Selected compute device: cuda:0
2025-09-30 20:58:16,788 - Best Model Parameters: {'criterion': 'gini', 'max_depth': None, 'min_samples_leaf': 3, 'min_samples_split': 2}
2025-09-30 20:58:16,788 - Validation F1 Score: 0.4344804809995651
2025-09-30 20:58:16,788 - Validation Precision: 0.3798909164359853
2025-09-30 20:58:16,788 - Validation Recall: 0.5077054550633813
2025-09-30 20:58:16,788 - Validation Accuracy: 0.7384548158854473
2025-09-30 20:58:16,789 - Validation AUC: 0.6784918432891008
2025-09-30 20:58:18,083 - Holdout Validation F1 Score: 0.2956521739130435
2025-09-30 20:58:18,083 - Holdout Validation Precision: 0.265625
2025-09-30 20:58:18,083 - Holdout Validation Recall: 0.3333333333333333
2025-09-30 20:58:18,083 - Holdout Validation Accuracy: 0.6908396946564885
2025-09-30 20:58:18,083 - Holdout Validation AUC: 0.5822414273766379
2025-09-30 20:58:18,109 - Test F1 Score: 0.3
2025-09-30 20:58:18,109 - Test Precision: 0.3076923076923077
2025-09-30 20:58:18,109 - Test Recall: 0.2926829268292683
2025-09-30 20:58:18,109 - Test Accuracy: 0.6521739130434783
2025-09-30 20:58:18,109 - Test AUC: 0.581758130081301
2025-09-30 20:58:18,111 - Best model saved as /gpfs/home1/won0316/_RESEARCH/0817_Genotoxicity/1_Git_upload/ChemBAI/ToxCast_model/experiments/training/DART_MTL/results/seed_1/ATG_ERE_CIS_dt_RDKit/model.joblib
[2025-09-30 20:58:18] END seed_1:ATG_ERE_CIS_dt_RDKit status=0
