[2025-10-07 19:15:12] START seed_1:TOX21_ERa_LUC_VM7_Agonist_10nM_ICI182780_rf_Layered
2025-10-07 19:15:15,097 - Using PyTorch device: cuda:0
2025-10-07 19:15:15,098 - Selected compute device: cuda:0
2025-10-07 19:23:32,038 - Best Model Parameters: {'max_depth': None, 'min_samples_leaf': 1, 'min_samples_split': 4, 'n_estimators': 400}
2025-10-07 19:23:32,038 - Validation F1 Score: 0.6430630630630632
2025-10-07 19:23:32,038 - Validation Precision: 0.7466666666666667
2025-10-07 19:23:32,038 - Validation Recall: 0.5763157894736842
2025-10-07 19:23:32,038 - Validation Accuracy: 0.9892894710985498
2025-10-07 19:23:32,038 - Validation AUC: 0.9271346962901656
2025-10-07 19:23:34,944 - Holdout Validation F1 Score: 0.42857142857142855
2025-10-07 19:23:34,944 - Holdout Validation Precision: 0.42857142857142855
2025-10-07 19:23:34,944 - Holdout Validation Recall: 0.42857142857142855
2025-10-07 19:23:34,944 - Holdout Validation Accuracy: 0.9886524822695035
2025-10-07 19:23:34,944 - Holdout Validation AUC: 0.8667621776504298
2025-10-07 19:23:35,079 - Test F1 Score: 0.42105263157894735
2025-10-07 19:23:35,079 - Test Precision: 0.8
2025-10-07 19:23:35,079 - Test Recall: 0.2857142857142857
2025-10-07 19:23:35,079 - Test Accuracy: 0.9845505617977528
2025-10-07 19:23:35,079 - Test AUC: 0.8672226770364306
2025-10-07 19:23:35,176 - Best model saved as /gpfs/home1/won0316/_RESEARCH/0817_Genotoxicity/1_Git_upload/ChemBAI/ToxCast_model/experiments/training/DART_MTL/results/seed_1/TOX21_ERa_LUC_VM7_Agonist_10nM_ICI182780_rf_Layered/model.joblib
[2025-10-07 19:23:35] END seed_1:TOX21_ERa_LUC_VM7_Agonist_10nM_ICI182780_rf_Layered status=0
