[2025-10-07 20:00:22] START seed_1:TOX21_ERa_LUC_VM7_Agonist_10nM_ICI182780_xgb_Morgan
2025-10-07 20:00:26,060 - Using PyTorch device: cuda:0
2025-10-07 20:00:26,060 - Selected compute device: cuda:0
2025-10-07 20:28:36,430 - Best Model Parameters: {'colsample_bytree': 1.0, 'learning_rate': 0.1, 'max_depth': 9, 'min_child_weight': 1, 'n_estimators': 200, 'subsample': 1.0}
2025-10-07 20:28:36,430 - Validation F1 Score: 0.5598557439138188
2025-10-07 20:28:36,430 - Validation Precision: 0.47445131309228666
2025-10-07 20:28:36,430 - Validation Recall: 0.6878947368421052
2025-10-07 20:28:36,430 - Validation Accuracy: 0.9818086452932915
2025-10-07 20:28:36,430 - Validation AUC: 0.9038260699090065
2025-10-07 20:28:38,670 - Holdout Validation F1 Score: 0.5
2025-10-07 20:28:38,671 - Holdout Validation Precision: 0.4444444444444444
2025-10-07 20:28:38,671 - Holdout Validation Recall: 0.5714285714285714
2025-10-07 20:28:38,671 - Holdout Validation Accuracy: 0.9886524822695035
2025-10-07 20:28:38,671 - Holdout Validation AUC: 0.8517191977077364
2025-10-07 20:28:39,066 - Test F1 Score: 0.4666666666666667
2025-10-07 20:28:39,067 - Test Precision: 0.4375
2025-10-07 20:28:39,067 - Test Recall: 0.5
2025-10-07 20:28:39,067 - Test Accuracy: 0.9775280898876404
2025-10-07 20:28:39,067 - Test AUC: 0.9441260744985674
2025-10-07 20:28:39,070 - Best model saved as /gpfs/home1/won0316/_RESEARCH/0817_Genotoxicity/1_Git_upload/ChemBAI/ToxCast_model/experiments/training/DART_MTL/results/seed_1/TOX21_ERa_LUC_VM7_Agonist_10nM_ICI182780_xgb_Morgan/model.joblib
[2025-10-07 20:28:39] END seed_1:TOX21_ERa_LUC_VM7_Agonist_10nM_ICI182780_xgb_Morgan status=0
