[2025-10-08 07:17:42] START seed_1:TOX21_ERa_LUC_VM7_Agonist_10nM_ICI182780_logistic_MACCS
2025-10-08 07:17:45,363 - Using PyTorch device: cuda:0
2025-10-08 07:17:45,364 - Selected compute device: cuda:0
2025-10-08 07:40:17,496 - Best Model Parameters: {'C': 2, 'penalty': 'l2', 'solver': 'saga'}
2025-10-08 07:40:17,496 - Validation F1 Score: 0.4147610354126748
2025-10-08 07:40:17,496 - Validation Precision: 0.2917215383439101
2025-10-08 07:40:17,497 - Validation Recall: 0.7273684210526316
2025-10-08 07:40:17,497 - Validation Accuracy: 0.9654876054074986
2025-10-08 07:40:17,497 - Validation AUC: 0.9009637966157239
2025-10-08 07:40:24,443 - Holdout Validation F1 Score: 0.15789473684210525
2025-10-08 07:40:24,443 - Holdout Validation Precision: 0.0967741935483871
2025-10-08 07:40:24,443 - Holdout Validation Recall: 0.42857142857142855
2025-10-08 07:40:24,443 - Holdout Validation Accuracy: 0.9546099290780142
2025-10-08 07:40:24,443 - Holdout Validation AUC: 0.7102947196070406
2025-10-08 07:40:24,454 - Test F1 Score: 0.4
2025-10-08 07:40:24,454 - Test Precision: 0.2682926829268293
2025-10-08 07:40:24,454 - Test Recall: 0.7857142857142857
2025-10-08 07:40:24,454 - Test Accuracy: 0.9536516853932584
2025-10-08 07:40:24,454 - Test AUC: 0.9424887433483423
2025-10-08 07:40:24,455 - Best model saved as /gpfs/home1/won0316/_RESEARCH/0817_Genotoxicity/1_Git_upload/ChemBAI/ToxCast_model/experiments/training/DART_MTL/results/seed_1/TOX21_ERa_LUC_VM7_Agonist_10nM_ICI182780_logistic_MACCS/model.joblib
[2025-10-08 07:40:24] END seed_1:TOX21_ERa_LUC_VM7_Agonist_10nM_ICI182780_logistic_MACCS status=0
