[2025-10-07 20:30:05] START seed_1:TOX21_ERa_LUC_VM7_Agonist_10nM_ICI182780_xgb_RDKit
2025-10-07 20:30:07,399 - Using PyTorch device: cuda:0
2025-10-07 20:30:07,400 - Selected compute device: cuda:0
2025-10-07 21:25:31,324 - Best Model Parameters: {'colsample_bytree': 1.0, 'learning_rate': 0.1, 'max_depth': 6, 'min_child_weight': 1, 'n_estimators': 400, 'subsample': 0.8}
2025-10-07 21:25:31,324 - Validation F1 Score: 0.5919725664406517
2025-10-07 21:25:31,325 - Validation Precision: 0.5489562289562289
2025-10-07 21:25:31,325 - Validation Recall: 0.6463157894736842
2025-10-07 21:25:31,325 - Validation Accuracy: 0.9848700142758888
2025-10-07 21:25:31,325 - Validation AUC: 0.9031869896477099
2025-10-07 21:25:37,509 - Holdout Validation F1 Score: 0.6
2025-10-07 21:25:37,509 - Holdout Validation Precision: 1.0
2025-10-07 21:25:37,509 - Holdout Validation Recall: 0.42857142857142855
2025-10-07 21:25:37,509 - Holdout Validation Accuracy: 0.9943262411347518
2025-10-07 21:25:37,509 - Holdout Validation AUC: 0.8813958248055669
2025-10-07 21:25:38,267 - Test F1 Score: 0.4
2025-10-07 21:25:38,267 - Test Precision: 0.6666666666666666
2025-10-07 21:25:38,267 - Test Recall: 0.2857142857142857
2025-10-07 21:25:38,267 - Test Accuracy: 0.9831460674157303
2025-10-07 21:25:38,267 - Test AUC: 0.9327670896438804
2025-10-07 21:25:38,274 - Best model saved as /gpfs/home1/won0316/_RESEARCH/0817_Genotoxicity/1_Git_upload/ChemBAI/ToxCast_model/experiments/training/DART_MTL/results/seed_1/TOX21_ERa_LUC_VM7_Agonist_10nM_ICI182780_xgb_RDKit/model.joblib
[2025-10-07 21:25:38] END seed_1:TOX21_ERa_LUC_VM7_Agonist_10nM_ICI182780_xgb_RDKit status=0
