[2025-10-06 11:49:37] START seed_0:TOX21_ERb_BLA_Antagonist_ratio_dt_Layered
2025-10-06 11:49:41,368 - Using PyTorch device: cuda:0
2025-10-06 11:49:41,369 - Selected compute device: cuda:0
2025-10-06 11:59:18,571 - Best Model Parameters: {'criterion': 'entropy', 'max_depth': None, 'min_samples_leaf': 1, 'min_samples_split': 2}
2025-10-06 11:59:18,571 - Validation F1 Score: 0.40641259056601003
2025-10-06 11:59:18,572 - Validation Precision: 0.3617429106692361
2025-10-06 11:59:18,572 - Validation Recall: 0.4642406773554314
2025-10-06 11:59:18,572 - Validation Accuracy: 0.7908790309849454
2025-10-06 11:59:18,572 - Validation AUC: 0.662128132443353
2025-10-06 11:59:21,020 - Holdout Validation F1 Score: 0.4759493670886076
2025-10-06 11:59:21,020 - Holdout Validation Precision: 0.44976076555023925
2025-10-06 11:59:21,020 - Holdout Validation Recall: 0.5053763440860215
2025-10-06 11:59:21,020 - Holdout Validation Accuracy: 0.7121001390820584
2025-10-06 11:59:21,020 - Holdout Validation AUC: 0.6429522483810446
2025-10-06 11:59:21,046 - Test F1 Score: 0.462882096069869
2025-10-06 11:59:21,046 - Test Precision: 0.41245136186770426
2025-10-06 11:59:21,046 - Test Recall: 0.527363184079602
2025-10-06 11:59:21,046 - Test Accuracy: 0.6377025036818851
2025-10-06 11:59:21,046 - Test AUC: 0.6091404900185267
2025-10-06 11:59:21,049 - Best model saved as /gpfs/home1/won0316/_RESEARCH/0817_Genotoxicity/1_Git_upload/ChemBAI/ToxCast_model/experiments/training/DART_MTL/results/seed_0/TOX21_ERb_BLA_Antagonist_ratio_dt_Layered/model.joblib
[2025-10-06 11:59:21] END seed_0:TOX21_ERb_BLA_Antagonist_ratio_dt_Layered status=0
