[2025-10-04 06:11:01] START seed_1:NVS_ENZ_hVEGFR3_rf_Pattern
2025-10-04 06:11:03,594 - Using PyTorch device: cuda:0
2025-10-04 06:11:03,595 - Selected compute device: cuda:0
2025-10-04 06:13:55,791 - Best Model Parameters: {'max_depth': None, 'min_samples_leaf': 1, 'min_samples_split': 2, 'n_estimators': 400}
2025-10-04 06:13:55,791 - Validation F1 Score: 0.37333333333333335
2025-10-04 06:13:55,791 - Validation Precision: 0.4
2025-10-04 06:13:55,791 - Validation Recall: 0.4
2025-10-04 06:13:55,792 - Validation Accuracy: 0.8208791208791208
2025-10-04 06:13:55,792 - Validation AUC: 0.5848484848484848
2025-10-04 06:13:56,519 - Holdout Validation F1 Score: 0.0
2025-10-04 06:13:56,519 - Holdout Validation Precision: 0.0
2025-10-04 06:13:56,519 - Holdout Validation Recall: 0.0
2025-10-04 06:13:56,519 - Holdout Validation Accuracy: 1.0
2025-10-04 06:13:56,519 - Holdout Validation AUC: nan
2025-10-04 06:13:56,607 - Test F1 Score: 0.0
2025-10-04 06:13:56,607 - Test Precision: 0.0
2025-10-04 06:13:56,607 - Test Recall: 0.0
2025-10-04 06:13:56,607 - Test Accuracy: 0.9166666666666666
2025-10-04 06:13:56,607 - Test AUC: 0.9090909090909091
2025-10-04 06:13:56,696 - Best model saved as /gpfs/home1/won0316/_RESEARCH/0817_Genotoxicity/1_Git_upload/ChemBAI/ToxCast_model/experiments/training/DART_MTL/results/seed_1/NVS_ENZ_hVEGFR3_rf_Pattern/model.joblib
[2025-10-04 06:13:57] END seed_1:NVS_ENZ_hVEGFR3_rf_Pattern status=0
