[2025-10-04 07:59:55] START seed_1:NVS_ENZ_hVEGFR3_gbt_Morgan
2025-10-04 07:59:58,282 - Using PyTorch device: cuda:0
2025-10-04 07:59:58,283 - Selected compute device: cuda:0
2025-10-04 08:04:02,432 - Best Model Parameters: {'learning_rate': 0.05, 'max_depth': 3, 'min_samples_leaf': 2, 'min_samples_split': 2, 'n_estimators': 200}
2025-10-04 08:04:02,432 - Validation F1 Score: 0.5126984126984127
2025-10-04 08:04:02,432 - Validation Precision: 0.5066666666666666
2025-10-04 08:04:02,432 - Validation Recall: 0.6333333333333333
2025-10-04 08:04:02,432 - Validation Accuracy: 0.7747252747252747
2025-10-04 08:04:02,432 - Validation AUC: 0.7424242424242424
2025-10-04 08:04:02,925 - Holdout Validation F1 Score: 0.0
2025-10-04 08:04:02,925 - Holdout Validation Precision: 0.0
2025-10-04 08:04:02,925 - Holdout Validation Recall: 0.0
2025-10-04 08:04:02,925 - Holdout Validation Accuracy: 0.8
2025-10-04 08:04:02,925 - Holdout Validation AUC: nan
2025-10-04 08:04:02,939 - Test F1 Score: 0.0
2025-10-04 08:04:02,939 - Test Precision: 0.0
2025-10-04 08:04:02,939 - Test Recall: 0.0
2025-10-04 08:04:02,939 - Test Accuracy: 0.8333333333333334
2025-10-04 08:04:02,939 - Test AUC: 0.9090909090909091
2025-10-04 08:04:02,946 - Best model saved as /gpfs/home1/won0316/_RESEARCH/0817_Genotoxicity/1_Git_upload/ChemBAI/ToxCast_model/experiments/training/DART_MTL/results/seed_1/NVS_ENZ_hVEGFR3_gbt_Morgan/model.joblib
[2025-10-04 08:04:03] END seed_1:NVS_ENZ_hVEGFR3_gbt_Morgan status=0
