[2025-10-04 08:17:05] START seed_1:NVS_ENZ_hVEGFR3_gbt_Pattern
2025-10-04 08:17:08,058 - Using PyTorch device: cuda:0
2025-10-04 08:17:08,059 - Selected compute device: cuda:0
2025-10-04 08:25:44,578 - Best Model Parameters: {'learning_rate': 0.05, 'max_depth': 5, 'min_samples_leaf': 2, 'min_samples_split': 2, 'n_estimators': 100}
2025-10-04 08:25:44,578 - Validation F1 Score: 0.3
2025-10-04 08:25:44,579 - Validation Precision: 0.26666666666666666
2025-10-04 08:25:44,579 - Validation Recall: 0.4
2025-10-04 08:25:44,579 - Validation Accuracy: 0.7736263736263737
2025-10-04 08:25:44,579 - Validation AUC: 0.6242424242424243
2025-10-04 08:25:45,381 - Holdout Validation F1 Score: 0.0
2025-10-04 08:25:45,381 - Holdout Validation Precision: 0.0
2025-10-04 08:25:45,381 - Holdout Validation Recall: 0.0
2025-10-04 08:25:45,381 - Holdout Validation Accuracy: 0.8
2025-10-04 08:25:45,381 - Holdout Validation AUC: nan
2025-10-04 08:25:45,402 - Test F1 Score: 0.0
2025-10-04 08:25:45,402 - Test Precision: 0.0
2025-10-04 08:25:45,402 - Test Recall: 0.0
2025-10-04 08:25:45,402 - Test Accuracy: 0.9166666666666666
2025-10-04 08:25:45,402 - Test AUC: 0.9090909090909091
2025-10-04 08:25:45,412 - Best model saved as /gpfs/home1/won0316/_RESEARCH/0817_Genotoxicity/1_Git_upload/ChemBAI/ToxCast_model/experiments/training/DART_MTL/results/seed_1/NVS_ENZ_hVEGFR3_gbt_Pattern/model.joblib
[2025-10-04 08:25:45] END seed_1:NVS_ENZ_hVEGFR3_gbt_Pattern status=0
