[2025-10-04 05:56:09] START seed_1:NVS_ENZ_hVEGFR3_dt_Layered
2025-10-04 05:56:12,514 - Using PyTorch device: cuda:0
2025-10-04 05:56:12,516 - Selected compute device: cuda:0
2025-10-04 05:57:52,633 - Best Model Parameters: {'criterion': 'gini', 'max_depth': None, 'min_samples_leaf': 2, 'min_samples_split': 2}
2025-10-04 05:57:52,634 - Validation F1 Score: 0.42666666666666664
2025-10-04 05:57:52,634 - Validation Precision: 0.36333333333333334
2025-10-04 05:57:52,634 - Validation Recall: 0.5333333333333333
2025-10-04 05:57:52,634 - Validation Accuracy: 0.7736263736263735
2025-10-04 05:57:52,634 - Validation AUC: 0.6575757575757576
2025-10-04 05:57:52,797 - Holdout Validation F1 Score: 0.0
2025-10-04 05:57:52,797 - Holdout Validation Precision: 0.0
2025-10-04 05:57:52,797 - Holdout Validation Recall: 0.0
2025-10-04 05:57:52,797 - Holdout Validation Accuracy: 0.8
2025-10-04 05:57:52,797 - Holdout Validation AUC: nan
2025-10-04 05:57:52,818 - Test F1 Score: 0.0
2025-10-04 05:57:52,818 - Test Precision: 0.0
2025-10-04 05:57:52,818 - Test Recall: 0.0
2025-10-04 05:57:52,818 - Test Accuracy: 0.8333333333333334
2025-10-04 05:57:52,818 - Test AUC: 0.45454545454545453
2025-10-04 05:57:52,820 - Best model saved as /gpfs/home1/won0316/_RESEARCH/0817_Genotoxicity/1_Git_upload/ChemBAI/ToxCast_model/experiments/training/DART_MTL/results/seed_1/NVS_ENZ_hVEGFR3_dt_Layered/model.joblib
[2025-10-04 05:57:53] END seed_1:NVS_ENZ_hVEGFR3_dt_Layered status=0
