[2025-10-04 06:52:22] START seed_1:NVS_ENZ_hVEGFR3_xgb_RDKit
2025-10-04 06:52:24,911 - Using PyTorch device: cuda:0
2025-10-04 06:52:24,911 - Selected compute device: cuda:0
2025-10-04 07:19:50,938 - Best Model Parameters: {'colsample_bytree': 0.8, 'learning_rate': 0.05, 'max_depth': 6, 'min_child_weight': 1, 'n_estimators': 200, 'subsample': 0.8}
2025-10-04 07:19:50,938 - Validation F1 Score: 0.54
2025-10-04 07:19:50,938 - Validation Precision: 0.5333333333333333
2025-10-04 07:19:50,938 - Validation Recall: 0.6333333333333333
2025-10-04 07:19:50,938 - Validation Accuracy: 0.8164835164835165
2025-10-04 07:19:50,938 - Validation AUC: 0.693939393939394
2025-10-04 07:19:52,990 - Holdout Validation F1 Score: 0.0
2025-10-04 07:19:52,990 - Holdout Validation Precision: 0.0
2025-10-04 07:19:52,990 - Holdout Validation Recall: 0.0
2025-10-04 07:19:52,990 - Holdout Validation Accuracy: 1.0
2025-10-04 07:19:52,990 - Holdout Validation AUC: nan
2025-10-04 07:19:53,726 - Test F1 Score: 0.0
2025-10-04 07:19:53,726 - Test Precision: 0.0
2025-10-04 07:19:53,726 - Test Recall: 0.0
2025-10-04 07:19:53,726 - Test Accuracy: 0.9166666666666666
2025-10-04 07:19:53,726 - Test AUC: 0.9090909090909091
2025-10-04 07:19:53,730 - Best model saved as /gpfs/home1/won0316/_RESEARCH/0817_Genotoxicity/1_Git_upload/ChemBAI/ToxCast_model/experiments/training/DART_MTL/results/seed_1/NVS_ENZ_hVEGFR3_xgb_RDKit/model.joblib
[2025-10-04 07:19:54] END seed_1:NVS_ENZ_hVEGFR3_xgb_RDKit status=0
