[2025-10-05 19:06:10] START seed_0:TOX21_PGC_ERR_Antagonist_xgb_Pattern
2025-10-05 19:06:14,745 - Using PyTorch device: cuda:0
2025-10-05 19:06:14,745 - Selected compute device: cuda:0
2025-10-05 20:02:25,441 - Best Model Parameters: {'colsample_bytree': 1.0, 'learning_rate': 0.1, 'max_depth': 9, 'min_child_weight': 5, 'n_estimators': 400, 'subsample': 0.8}
2025-10-05 20:02:25,441 - Validation F1 Score: 0.4156574185222336
2025-10-05 20:02:25,441 - Validation Precision: 0.4381268279689758
2025-10-05 20:02:25,441 - Validation Recall: 0.3958683193389311
2025-10-05 20:02:25,442 - Validation Accuracy: 0.8844270153130787
2025-10-05 20:02:25,442 - Validation AUC: 0.8086097455865755
2025-10-05 20:02:31,929 - Holdout Validation F1 Score: 0.4549019607843137
2025-10-05 20:02:31,929 - Holdout Validation Precision: 0.5087719298245614
2025-10-05 20:02:31,929 - Holdout Validation Recall: 0.41134751773049644
2025-10-05 20:02:31,929 - Holdout Validation Accuracy: 0.8066759388038943
2025-10-05 20:02:31,929 - Holdout Validation AUC: 0.7680004417286315
2025-10-05 20:02:32,700 - Test F1 Score: 0.3444976076555024
2025-10-05 20:02:32,700 - Test Precision: 0.3364485981308411
2025-10-05 20:02:32,700 - Test Recall: 0.35294117647058826
2025-10-05 20:02:32,700 - Test Accuracy: 0.7982326951399117
2025-10-05 20:02:32,700 - Test AUC: 0.7487851293030211
2025-10-05 20:02:32,707 - Best model saved as /gpfs/home1/won0316/_RESEARCH/0817_Genotoxicity/1_Git_upload/ChemBAI/ToxCast_model/experiments/training/DART_MTL/results/seed_0/TOX21_PGC_ERR_Antagonist_xgb_Pattern/model.joblib
[2025-10-05 20:02:33] END seed_0:TOX21_PGC_ERR_Antagonist_xgb_Pattern status=0
