[2025-10-05 18:54:11] START seed_0:TOX21_PGC_ERR_Antagonist_xgb_Morgan
2025-10-05 18:54:15,597 - Using PyTorch device: cuda:0
2025-10-05 18:54:15,597 - Selected compute device: cuda:0
2025-10-05 19:19:50,647 - Best Model Parameters: {'colsample_bytree': 0.8, 'learning_rate': 0.1, 'max_depth': 9, 'min_child_weight': 3, 'n_estimators': 400, 'subsample': 0.8}
2025-10-05 19:19:50,647 - Validation F1 Score: 0.3178169614520918
2025-10-05 19:19:50,647 - Validation Precision: 0.3126647939094428
2025-10-05 19:19:50,647 - Validation Recall: 0.32425696388111425
2025-10-05 19:19:50,647 - Validation Accuracy: 0.8561263795404642
2025-10-05 19:19:50,647 - Validation AUC: 0.6736940986625488
2025-10-05 19:19:53,573 - Holdout Validation F1 Score: 0.22660098522167488
2025-10-05 19:19:53,573 - Holdout Validation Precision: 0.3709677419354839
2025-10-05 19:19:53,573 - Holdout Validation Recall: 0.16312056737588654
2025-10-05 19:19:53,573 - Holdout Validation Accuracy: 0.7816411682892906
2025-10-05 19:19:53,573 - Holdout Validation AUC: 0.62019313357383
2025-10-05 19:19:53,966 - Test F1 Score: 0.18181818181818182
2025-10-05 19:19:53,966 - Test Precision: 0.23809523809523808
2025-10-05 19:19:53,966 - Test Recall: 0.14705882352941177
2025-10-05 19:19:53,966 - Test Accuracy: 0.801178203240059
2025-10-05 19:19:53,966 - Test AUC: 0.6085822543922248
2025-10-05 19:19:53,972 - Best model saved as /gpfs/home1/won0316/_RESEARCH/0817_Genotoxicity/1_Git_upload/ChemBAI/ToxCast_model/experiments/training/DART_MTL/results/seed_0/TOX21_PGC_ERR_Antagonist_xgb_Morgan/model.joblib
[2025-10-05 19:19:54] END seed_0:TOX21_PGC_ERR_Antagonist_xgb_Morgan status=0
