[2025-10-04 12:22:00] START seed_2:CEETOX_H295R_ESTRONE_dt_Pattern
2025-10-04 12:22:02,441 - Using PyTorch device: cuda:0
2025-10-04 12:22:02,442 - Selected compute device: cuda:0
2025-10-04 12:24:02,723 - Best Model Parameters: {'criterion': 'gini', 'max_depth': 2, 'min_samples_leaf': 1, 'min_samples_split': 2}
2025-10-04 12:24:02,723 - Validation F1 Score: 0.4110547352511117
2025-10-04 12:24:02,723 - Validation Precision: 0.3266371015233503
2025-10-04 12:24:02,723 - Validation Recall: 0.6615384615384616
2025-10-04 12:24:02,723 - Validation Accuracy: 0.6871988795518208
2025-10-04 12:24:02,723 - Validation AUC: 0.7174190441796076
2025-10-04 12:24:02,926 - Holdout Validation F1 Score: 0.2608695652173913
2025-10-04 12:24:02,926 - Holdout Validation Precision: 0.42857142857142855
2025-10-04 12:24:02,926 - Holdout Validation Recall: 0.1875
2025-10-04 12:24:02,926 - Holdout Validation Accuracy: 0.7384615384615385
2025-10-04 12:24:02,926 - Holdout Validation AUC: 0.6632653061224489
2025-10-04 12:24:02,949 - Test F1 Score: 0.11764705882352941
2025-10-04 12:24:02,949 - Test Precision: 0.1
2025-10-04 12:24:02,949 - Test Recall: 0.14285714285714285
2025-10-04 12:24:02,949 - Test Accuracy: 0.782608695652174
2025-10-04 12:24:02,949 - Test AUC: 0.4470046082949308
2025-10-04 12:24:02,951 - Best model saved as /gpfs/home1/won0316/_RESEARCH/0817_Genotoxicity/1_Git_upload/ChemBAI/ToxCast_model/experiments/training/DART_MTL/results/seed_2/CEETOX_H295R_ESTRONE_dt_Pattern/model.joblib
[2025-10-04 12:24:03] END seed_2:CEETOX_H295R_ESTRONE_dt_Pattern status=0
