[2025-10-04 13:48:48] START seed_2:CEETOX_H295R_ESTRONE_xgb_Pattern
2025-10-04 13:48:50,725 - Using PyTorch device: cuda:0
2025-10-04 13:48:50,725 - Selected compute device: cuda:0
2025-10-04 14:20:14,367 - Best Model Parameters: {'colsample_bytree': 1.0, 'learning_rate': 0.1, 'max_depth': 9, 'min_child_weight': 1, 'n_estimators': 200, 'subsample': 0.8}
2025-10-04 14:20:14,367 - Validation F1 Score: 0.37727272727272726
2025-10-04 14:20:14,367 - Validation Precision: 0.4578282828282828
2025-10-04 14:20:14,367 - Validation Recall: 0.32307692307692315
2025-10-04 14:20:14,367 - Validation Accuracy: 0.8388795518207282
2025-10-04 14:20:14,367 - Validation AUC: 0.7098742024798363
2025-10-04 14:20:16,753 - Holdout Validation F1 Score: 0.45161290322580644
2025-10-04 14:20:16,754 - Holdout Validation Precision: 0.4666666666666667
2025-10-04 14:20:16,754 - Holdout Validation Recall: 0.4375
2025-10-04 14:20:16,754 - Holdout Validation Accuracy: 0.7384615384615385
2025-10-04 14:20:16,754 - Holdout Validation AUC: 0.6664540816326531
2025-10-04 14:20:17,492 - Test F1 Score: 0.13333333333333333
2025-10-04 14:20:17,492 - Test Precision: 0.125
2025-10-04 14:20:17,493 - Test Recall: 0.14285714285714285
2025-10-04 14:20:17,493 - Test Accuracy: 0.8115942028985508
2025-10-04 14:20:17,493 - Test AUC: 0.456221198156682
2025-10-04 14:20:17,496 - Best model saved as /gpfs/home1/won0316/_RESEARCH/0817_Genotoxicity/1_Git_upload/ChemBAI/ToxCast_model/experiments/training/DART_MTL/results/seed_2/CEETOX_H295R_ESTRONE_xgb_Pattern/model.joblib
[2025-10-04 14:20:18] END seed_2:CEETOX_H295R_ESTRONE_xgb_Pattern status=0
