[2025-10-04 13:13:56] START seed_2:CEETOX_H295R_ESTRONE_xgb_Morgan
2025-10-04 13:13:59,244 - Using PyTorch device: cuda:0
2025-10-04 13:13:59,244 - Selected compute device: cuda:0
2025-10-04 13:29:48,138 - Best Model Parameters: {'colsample_bytree': 1.0, 'learning_rate': 0.1, 'max_depth': 6, 'min_child_weight': 5, 'n_estimators': 400, 'subsample': 0.8}
2025-10-04 13:29:48,138 - Validation F1 Score: 0.3413120213120213
2025-10-04 13:29:48,138 - Validation Precision: 0.3535079299785182
2025-10-04 13:29:48,138 - Validation Recall: 0.3384615384615385
2025-10-04 13:29:48,138 - Validation Accuracy: 0.796358543417367
2025-10-04 13:29:48,138 - Validation AUC: 0.6394757433489827
2025-10-04 13:29:49,712 - Holdout Validation F1 Score: 0.3225806451612903
2025-10-04 13:29:49,712 - Holdout Validation Precision: 0.3333333333333333
2025-10-04 13:29:49,712 - Holdout Validation Recall: 0.3125
2025-10-04 13:29:49,712 - Holdout Validation Accuracy: 0.676923076923077
2025-10-04 13:29:49,713 - Holdout Validation AUC: 0.6568877551020408
2025-10-04 13:29:50,085 - Test F1 Score: 0.13333333333333333
2025-10-04 13:29:50,085 - Test Precision: 0.125
2025-10-04 13:29:50,085 - Test Recall: 0.14285714285714285
2025-10-04 13:29:50,085 - Test Accuracy: 0.8115942028985508
2025-10-04 13:29:50,085 - Test AUC: 0.49999999999999994
2025-10-04 13:29:50,222 - Best model saved as /gpfs/home1/won0316/_RESEARCH/0817_Genotoxicity/1_Git_upload/ChemBAI/ToxCast_model/experiments/training/DART_MTL/results/seed_2/CEETOX_H295R_ESTRONE_xgb_Morgan/model.joblib
[2025-10-04 13:29:50] END seed_2:CEETOX_H295R_ESTRONE_xgb_Morgan status=0
