[2025-10-04 12:29:31] START seed_2:CEETOX_H295R_ESTRONE_rf_MACCS
2025-10-04 12:29:33,694 - Using PyTorch device: cuda:0
2025-10-04 12:29:33,695 - Selected compute device: cuda:0
2025-10-04 12:31:48,095 - Best Model Parameters: {'max_depth': None, 'min_samples_leaf': 2, 'min_samples_split': 2, 'n_estimators': 200}
2025-10-04 12:31:48,096 - Validation F1 Score: 0.41066666666666674
2025-10-04 12:31:48,096 - Validation Precision: 0.4003565062388592
2025-10-04 12:31:48,096 - Validation Recall: 0.43076923076923085
2025-10-04 12:31:48,096 - Validation Accuracy: 0.8176470588235294
2025-10-04 12:31:48,096 - Validation AUC: 0.7492054893463344
2025-10-04 12:31:48,397 - Holdout Validation F1 Score: 0.2857142857142857
2025-10-04 12:31:48,397 - Holdout Validation Precision: 0.3333333333333333
2025-10-04 12:31:48,397 - Holdout Validation Recall: 0.25
2025-10-04 12:31:48,397 - Holdout Validation Accuracy: 0.6923076923076923
2025-10-04 12:31:48,397 - Holdout Validation AUC: 0.5586734693877551
2025-10-04 12:31:48,452 - Test F1 Score: 0.08695652173913043
2025-10-04 12:31:48,452 - Test Precision: 0.0625
2025-10-04 12:31:48,452 - Test Recall: 0.14285714285714285
2025-10-04 12:31:48,452 - Test Accuracy: 0.6956521739130435
2025-10-04 12:31:48,452 - Test AUC: 0.5276497695852534
2025-10-04 12:31:48,584 - Best model saved as /gpfs/home1/won0316/_RESEARCH/0817_Genotoxicity/1_Git_upload/ChemBAI/ToxCast_model/experiments/training/DART_MTL/results/seed_2/CEETOX_H295R_ESTRONE_rf_MACCS/model.joblib
[2025-10-04 12:31:49] END seed_2:CEETOX_H295R_ESTRONE_rf_MACCS status=0
