[2025-10-04 13:46:38] START seed_2:CEETOX_H295R_ESTRONE_xgb_RDKit
2025-10-04 13:46:40,492 - Using PyTorch device: cuda:0
2025-10-04 13:46:40,492 - Selected compute device: cuda:0
2025-10-04 14:17:58,911 - Best Model Parameters: {'colsample_bytree': 1.0, 'learning_rate': 0.1, 'max_depth': 9, 'min_child_weight': 3, 'n_estimators': 400, 'subsample': 0.8}
2025-10-04 14:17:58,911 - Validation F1 Score: 0.27592592592592596
2025-10-04 14:17:58,911 - Validation Precision: 0.3137662337662338
2025-10-04 14:17:58,911 - Validation Recall: 0.26153846153846155
2025-10-04 14:17:58,911 - Validation Accuracy: 0.7960784313725491
2025-10-04 14:17:58,911 - Validation AUC: 0.6302937281810521
2025-10-04 14:18:02,003 - Holdout Validation F1 Score: 0.2608695652173913
2025-10-04 14:18:02,004 - Holdout Validation Precision: 0.42857142857142855
2025-10-04 14:18:02,004 - Holdout Validation Recall: 0.1875
2025-10-04 14:18:02,004 - Holdout Validation Accuracy: 0.7384615384615385
2025-10-04 14:18:02,004 - Holdout Validation AUC: 0.6434948979591837
2025-10-04 14:18:02,741 - Test F1 Score: 0.0
2025-10-04 14:18:02,741 - Test Precision: 0.0
2025-10-04 14:18:02,741 - Test Recall: 0.0
2025-10-04 14:18:02,741 - Test Accuracy: 0.8405797101449275
2025-10-04 14:18:02,741 - Test AUC: 0.3963133640552995
2025-10-04 14:18:02,746 - Best model saved as /gpfs/home1/won0316/_RESEARCH/0817_Genotoxicity/1_Git_upload/ChemBAI/ToxCast_model/experiments/training/DART_MTL/results/seed_2/CEETOX_H295R_ESTRONE_xgb_RDKit/model.joblib
[2025-10-04 14:18:03] END seed_2:CEETOX_H295R_ESTRONE_xgb_RDKit status=0
