[2025-08-22 16:27:11] START IUF_NPC1a_proliferation_area_72hr_MACCS_rf
[2025-08-22 16:27:13] END IUF_NPC1a_proliferation_area_72hr_MACCS_rf
[2025-08-22 16:27:13] START IUF_NPC1a_proliferation_area_72hr_MACCS_logistic
[2025-08-22 16:27:15] END IUF_NPC1a_proliferation_area_72hr_MACCS_logistic
[2025-08-22 16:27:15] START IUF_NPC1a_proliferation_area_72hr_MACCS_xgb
[2025-08-22 16:27:17] END IUF_NPC1a_proliferation_area_72hr_MACCS_xgb
[2025-08-22 16:27:17] START IUF_NPC1a_proliferation_area_72hr_MACCS_gbt
[2025-08-22 16:27:19] END IUF_NPC1a_proliferation_area_72hr_MACCS_gbt
[2025-08-22 16:27:19] START IUF_NPC1a_proliferation_area_72hr_MACCS_dt
[2025-08-22 16:27:20] END IUF_NPC1a_proliferation_area_72hr_MACCS_dt
[2025-08-22 16:27:20] START IUF_NPC1a_proliferation_area_72hr_Morgan_rf
[2025-08-22 16:27:23] END IUF_NPC1a_proliferation_area_72hr_Morgan_rf
[2025-08-22 16:27:23] START IUF_NPC1a_proliferation_area_72hr_Morgan_logistic
[2025-08-22 16:27:25] END IUF_NPC1a_proliferation_area_72hr_Morgan_logistic
[2025-08-22 16:27:25] START IUF_NPC1a_proliferation_area_72hr_Morgan_xgb
[2025-08-22 16:27:28] END IUF_NPC1a_proliferation_area_72hr_Morgan_xgb
[2025-08-22 16:27:28] START IUF_NPC1a_proliferation_area_72hr_Morgan_gbt
[2025-08-22 16:27:30] END IUF_NPC1a_proliferation_area_72hr_Morgan_gbt
[2025-08-22 16:27:30] START IUF_NPC1a_proliferation_area_72hr_Morgan_dt
[2025-08-22 16:27:33] END IUF_NPC1a_proliferation_area_72hr_Morgan_dt
[2025-08-22 16:27:33] START IUF_NPC1a_proliferation_area_72hr_Layered_rf
[2025-08-22 16:27:37] END IUF_NPC1a_proliferation_area_72hr_Layered_rf
[2025-08-22 16:27:37] START IUF_NPC1a_proliferation_area_72hr_Layered_logistic
[2025-08-22 16:27:41] END IUF_NPC1a_proliferation_area_72hr_Layered_logistic
[2025-08-22 16:27:41] START IUF_NPC1a_proliferation_area_72hr_Layered_xgb
[2025-08-22 16:27:45] END IUF_NPC1a_proliferation_area_72hr_Layered_xgb
[2025-08-22 16:27:45] START IUF_NPC1a_proliferation_area_72hr_Layered_gbt
[2025-08-22 16:27:49] END IUF_NPC1a_proliferation_area_72hr_Layered_gbt
[2025-08-22 16:27:49] START IUF_NPC1a_proliferation_area_72hr_Layered_dt
[2025-08-22 16:27:53] END IUF_NPC1a_proliferation_area_72hr_Layered_dt
[2025-08-22 16:27:53] START IUF_NPC1a_proliferation_area_72hr_Pattern_rf
[2025-08-22 16:27:56] END IUF_NPC1a_proliferation_area_72hr_Pattern_rf
[2025-08-22 16:27:56] START IUF_NPC1a_proliferation_area_72hr_Pattern_logistic
[2025-08-22 16:28:00] END IUF_NPC1a_proliferation_area_72hr_Pattern_logistic
[2025-08-22 16:28:00] START IUF_NPC1a_proliferation_area_72hr_Pattern_xgb
[2025-08-22 16:28:04] END IUF_NPC1a_proliferation_area_72hr_Pattern_xgb
[2025-08-22 16:28:04] START IUF_NPC1a_proliferation_area_72hr_Pattern_gbt
[2025-08-22 16:28:08] END IUF_NPC1a_proliferation_area_72hr_Pattern_gbt
[2025-08-22 16:28:08] START IUF_NPC1a_proliferation_area_72hr_Pattern_dt
[2025-08-22 16:28:12] END IUF_NPC1a_proliferation_area_72hr_Pattern_dt
[2025-08-22 16:28:12] START IUF_NPC1a_proliferation_area_72hr_RDKit_rf
[2025-08-22 16:28:16] END IUF_NPC1a_proliferation_area_72hr_RDKit_rf
[2025-08-22 16:28:16] START IUF_NPC1a_proliferation_area_72hr_RDKit_logistic
[2025-08-22 16:28:20] END IUF_NPC1a_proliferation_area_72hr_RDKit_logistic
[2025-08-22 16:28:20] START IUF_NPC1a_proliferation_area_72hr_RDKit_xgb
[2025-08-22 16:28:24] END IUF_NPC1a_proliferation_area_72hr_RDKit_xgb
[2025-08-22 16:28:24] START IUF_NPC1a_proliferation_area_72hr_RDKit_gbt
[2025-08-22 16:28:28] END IUF_NPC1a_proliferation_area_72hr_RDKit_gbt
[2025-08-22 16:28:28] START IUF_NPC1a_proliferation_area_72hr_RDKit_dt
[2025-08-22 16:28:32] END IUF_NPC1a_proliferation_area_72hr_RDKit_dt
[2025-08-22 16:28:32] START CCTE_Mundy_HCI_iCellGluta_NOG_NeuriteCount_MACCS_rf
[2025-08-22 16:29:23] END CCTE_Mundy_HCI_iCellGluta_NOG_NeuriteCount_MACCS_rf
[2025-08-22 16:29:23] START CCTE_Mundy_HCI_iCellGluta_NOG_NeuriteCount_MACCS_logistic
[2025-08-22 16:29:45] END CCTE_Mundy_HCI_iCellGluta_NOG_NeuriteCount_MACCS_logistic
[2025-08-22 16:29:45] START CCTE_Mundy_HCI_iCellGluta_NOG_NeuriteCount_MACCS_xgb
[2025-08-22 16:31:41] END CCTE_Mundy_HCI_iCellGluta_NOG_NeuriteCount_MACCS_xgb
[2025-08-22 16:31:41] START CCTE_Mundy_HCI_iCellGluta_NOG_NeuriteCount_MACCS_gbt
[2025-08-22 16:32:26] END CCTE_Mundy_HCI_iCellGluta_NOG_NeuriteCount_MACCS_gbt
[2025-08-22 16:32:26] START CCTE_Mundy_HCI_iCellGluta_NOG_NeuriteCount_MACCS_dt
[2025-08-22 16:32:42] END CCTE_Mundy_HCI_iCellGluta_NOG_NeuriteCount_MACCS_dt
[2025-08-22 16:32:42] START CCTE_Mundy_HCI_iCellGluta_NOG_NeuriteCount_Morgan_rf
[2025-08-22 16:34:14] END CCTE_Mundy_HCI_iCellGluta_NOG_NeuriteCount_Morgan_rf
[2025-08-22 16:34:14] START CCTE_Mundy_HCI_iCellGluta_NOG_NeuriteCount_Morgan_logistic
[2025-08-22 16:35:47] END CCTE_Mundy_HCI_iCellGluta_NOG_NeuriteCount_Morgan_logistic
[2025-08-22 16:35:47] START CCTE_Mundy_HCI_iCellGluta_NOG_NeuriteCount_Morgan_xgb
[2025-08-22 16:44:28] END CCTE_Mundy_HCI_iCellGluta_NOG_NeuriteCount_Morgan_xgb
[2025-08-22 16:44:28] START CCTE_Mundy_HCI_iCellGluta_NOG_NeuriteCount_Morgan_gbt
[2025-08-22 16:46:14] END CCTE_Mundy_HCI_iCellGluta_NOG_NeuriteCount_Morgan_gbt
[2025-08-22 16:46:14] START CCTE_Mundy_HCI_iCellGluta_NOG_NeuriteCount_Morgan_dt
[2025-08-22 16:47:12] END CCTE_Mundy_HCI_iCellGluta_NOG_NeuriteCount_Morgan_dt
[2025-08-22 16:47:12] START CCTE_Mundy_HCI_iCellGluta_NOG_NeuriteCount_Layered_rf
[2025-08-22 16:49:34] END CCTE_Mundy_HCI_iCellGluta_NOG_NeuriteCount_Layered_rf
[2025-08-22 16:49:35] START CCTE_Mundy_HCI_iCellGluta_NOG_NeuriteCount_Layered_logistic
[2025-08-22 16:52:51] END CCTE_Mundy_HCI_iCellGluta_NOG_NeuriteCount_Layered_logistic
[2025-08-22 16:52:51] START CCTE_Mundy_HCI_iCellGluta_NOG_NeuriteCount_Layered_xgb
[2025-08-22 17:10:01] END CCTE_Mundy_HCI_iCellGluta_NOG_NeuriteCount_Layered_xgb
[2025-08-22 17:10:01] START CCTE_Mundy_HCI_iCellGluta_NOG_NeuriteCount_Layered_gbt
[2025-08-22 17:13:33] END CCTE_Mundy_HCI_iCellGluta_NOG_NeuriteCount_Layered_gbt
[2025-08-22 17:13:33] START CCTE_Mundy_HCI_iCellGluta_NOG_NeuriteCount_Layered_dt
[2025-08-22 17:15:24] END CCTE_Mundy_HCI_iCellGluta_NOG_NeuriteCount_Layered_dt
[2025-08-22 17:15:24] START CCTE_Mundy_HCI_iCellGluta_NOG_NeuriteCount_Pattern_rf
[2025-08-22 17:17:47] END CCTE_Mundy_HCI_iCellGluta_NOG_NeuriteCount_Pattern_rf
[2025-08-22 17:17:47] START CCTE_Mundy_HCI_iCellGluta_NOG_NeuriteCount_Pattern_logistic
[2025-08-22 17:21:01] END CCTE_Mundy_HCI_iCellGluta_NOG_NeuriteCount_Pattern_logistic
[2025-08-22 17:21:01] START CCTE_Mundy_HCI_iCellGluta_NOG_NeuriteCount_Pattern_xgb
[2025-08-22 17:37:56] END CCTE_Mundy_HCI_iCellGluta_NOG_NeuriteCount_Pattern_xgb
[2025-08-22 17:37:56] START CCTE_Mundy_HCI_iCellGluta_NOG_NeuriteCount_Pattern_gbt
[2025-08-22 17:41:11] END CCTE_Mundy_HCI_iCellGluta_NOG_NeuriteCount_Pattern_gbt
[2025-08-22 17:41:11] START CCTE_Mundy_HCI_iCellGluta_NOG_NeuriteCount_Pattern_dt
[2025-08-22 17:43:01] END CCTE_Mundy_HCI_iCellGluta_NOG_NeuriteCount_Pattern_dt
[2025-08-22 17:43:02] START CCTE_Mundy_HCI_iCellGluta_NOG_NeuriteCount_RDKit_rf
[2025-08-22 17:45:27] END CCTE_Mundy_HCI_iCellGluta_NOG_NeuriteCount_RDKit_rf
[2025-08-22 17:45:27] START CCTE_Mundy_HCI_iCellGluta_NOG_NeuriteCount_RDKit_logistic
[2025-08-22 17:48:43] END CCTE_Mundy_HCI_iCellGluta_NOG_NeuriteCount_RDKit_logistic
[2025-08-22 17:48:43] START CCTE_Mundy_HCI_iCellGluta_NOG_NeuriteCount_RDKit_xgb
[2025-08-22 18:05:41] END CCTE_Mundy_HCI_iCellGluta_NOG_NeuriteCount_RDKit_xgb
[2025-08-22 18:05:41] START CCTE_Mundy_HCI_iCellGluta_NOG_NeuriteCount_RDKit_gbt
[2025-08-22 18:09:47] END CCTE_Mundy_HCI_iCellGluta_NOG_NeuriteCount_RDKit_gbt
[2025-08-22 18:09:48] START CCTE_Mundy_HCI_iCellGluta_NOG_NeuriteCount_RDKit_dt
[2025-08-22 18:11:39] END CCTE_Mundy_HCI_iCellGluta_NOG_NeuriteCount_RDKit_dt
[2025-08-22 18:11:39] START IUF_NPC1_cytotoxicity_72hr_MACCS_rf
[2025-08-22 18:12:30] END IUF_NPC1_cytotoxicity_72hr_MACCS_rf
[2025-08-22 18:12:30] START IUF_NPC1_cytotoxicity_72hr_MACCS_logistic
[2025-08-22 18:12:53] END IUF_NPC1_cytotoxicity_72hr_MACCS_logistic
[2025-08-22 18:12:53] START IUF_NPC1_cytotoxicity_72hr_MACCS_xgb
[2025-08-22 18:14:51] END IUF_NPC1_cytotoxicity_72hr_MACCS_xgb
[2025-08-22 18:14:51] START IUF_NPC1_cytotoxicity_72hr_MACCS_gbt
[2025-08-22 18:15:37] END IUF_NPC1_cytotoxicity_72hr_MACCS_gbt
[2025-08-22 18:15:37] START IUF_NPC1_cytotoxicity_72hr_MACCS_dt
[2025-08-22 18:15:53] END IUF_NPC1_cytotoxicity_72hr_MACCS_dt
[2025-08-22 18:15:53] START IUF_NPC1_cytotoxicity_72hr_Morgan_rf
[2025-08-22 18:17:25] END IUF_NPC1_cytotoxicity_72hr_Morgan_rf
[2025-08-22 18:17:26] START IUF_NPC1_cytotoxicity_72hr_Morgan_logistic
[2025-08-22 18:19:09] END IUF_NPC1_cytotoxicity_72hr_Morgan_logistic
[2025-08-22 18:19:09] START IUF_NPC1_cytotoxicity_72hr_Morgan_xgb
[2025-08-22 18:27:57] END IUF_NPC1_cytotoxicity_72hr_Morgan_xgb
[2025-08-22 18:27:57] START IUF_NPC1_cytotoxicity_72hr_Morgan_gbt
[2025-08-22 18:29:44] END IUF_NPC1_cytotoxicity_72hr_Morgan_gbt
[2025-08-22 18:29:44] START IUF_NPC1_cytotoxicity_72hr_Morgan_dt
[2025-08-22 18:30:42] END IUF_NPC1_cytotoxicity_72hr_Morgan_dt
[2025-08-22 18:30:42] START IUF_NPC1_cytotoxicity_72hr_Layered_rf
[2025-08-22 18:33:08] END IUF_NPC1_cytotoxicity_72hr_Layered_rf
[2025-08-22 18:33:08] START IUF_NPC1_cytotoxicity_72hr_Layered_logistic
[2025-08-22 18:36:44] END IUF_NPC1_cytotoxicity_72hr_Layered_logistic
[2025-08-22 18:36:44] START IUF_NPC1_cytotoxicity_72hr_Layered_xgb
[2025-08-22 18:53:46] END IUF_NPC1_cytotoxicity_72hr_Layered_xgb
[2025-08-22 18:53:46] START IUF_NPC1_cytotoxicity_72hr_Layered_gbt
[2025-08-22 18:57:35] END IUF_NPC1_cytotoxicity_72hr_Layered_gbt
[2025-08-22 18:57:35] START IUF_NPC1_cytotoxicity_72hr_Layered_dt
[2025-08-22 18:59:27] END IUF_NPC1_cytotoxicity_72hr_Layered_dt
[2025-08-22 18:59:28] START IUF_NPC1_cytotoxicity_72hr_Pattern_rf
[2025-08-22 19:01:51] END IUF_NPC1_cytotoxicity_72hr_Pattern_rf
[2025-08-22 19:01:51] START IUF_NPC1_cytotoxicity_72hr_Pattern_logistic
[2025-08-22 19:05:24] END IUF_NPC1_cytotoxicity_72hr_Pattern_logistic
[2025-08-22 19:05:24] START IUF_NPC1_cytotoxicity_72hr_Pattern_xgb
[2025-08-22 19:22:28] END IUF_NPC1_cytotoxicity_72hr_Pattern_xgb
[2025-08-22 19:22:28] START IUF_NPC1_cytotoxicity_72hr_Pattern_gbt
[2025-08-22 19:25:58] END IUF_NPC1_cytotoxicity_72hr_Pattern_gbt
[2025-08-22 19:25:58] START IUF_NPC1_cytotoxicity_72hr_Pattern_dt
[2025-08-22 19:27:49] END IUF_NPC1_cytotoxicity_72hr_Pattern_dt
[2025-08-22 19:27:49] START IUF_NPC1_cytotoxicity_72hr_RDKit_rf
[2025-08-22 19:30:18] END IUF_NPC1_cytotoxicity_72hr_RDKit_rf
[2025-08-22 19:30:18] START IUF_NPC1_cytotoxicity_72hr_RDKit_logistic
[2025-08-22 19:33:53] END IUF_NPC1_cytotoxicity_72hr_RDKit_logistic
[2025-08-22 19:33:53] START IUF_NPC1_cytotoxicity_72hr_RDKit_xgb
[2025-08-22 19:50:54] END IUF_NPC1_cytotoxicity_72hr_RDKit_xgb
[2025-08-22 19:50:54] START IUF_NPC1_cytotoxicity_72hr_RDKit_gbt
[2025-08-22 19:55:03] END IUF_NPC1_cytotoxicity_72hr_RDKit_gbt
[2025-08-22 19:55:03] START IUF_NPC1_cytotoxicity_72hr_RDKit_dt
[2025-08-22 19:56:56] END IUF_NPC1_cytotoxicity_72hr_RDKit_dt
[2025-08-22 19:56:56] START IUF_NPC2b_neuronal_migration_120hr_MACCS_rf
[2025-08-22 19:56:58] END IUF_NPC2b_neuronal_migration_120hr_MACCS_rf
[2025-08-22 19:56:58] START IUF_NPC2b_neuronal_migration_120hr_MACCS_logistic
[2025-08-22 19:56:59] END IUF_NPC2b_neuronal_migration_120hr_MACCS_logistic
[2025-08-22 19:56:59] START IUF_NPC2b_neuronal_migration_120hr_MACCS_xgb
[2025-08-22 19:57:02] END IUF_NPC2b_neuronal_migration_120hr_MACCS_xgb
[2025-08-22 19:57:02] START IUF_NPC2b_neuronal_migration_120hr_MACCS_gbt
[2025-08-22 19:57:03] END IUF_NPC2b_neuronal_migration_120hr_MACCS_gbt
[2025-08-22 19:57:03] START IUF_NPC2b_neuronal_migration_120hr_MACCS_dt
[2025-08-22 19:57:05] END IUF_NPC2b_neuronal_migration_120hr_MACCS_dt
[2025-08-22 19:57:05] START IUF_NPC2b_neuronal_migration_120hr_Morgan_rf
[2025-08-22 19:57:08] END IUF_NPC2b_neuronal_migration_120hr_Morgan_rf
[2025-08-22 19:57:08] START IUF_NPC2b_neuronal_migration_120hr_Morgan_logistic
[2025-08-22 19:57:10] END IUF_NPC2b_neuronal_migration_120hr_Morgan_logistic
[2025-08-22 19:57:10] START IUF_NPC2b_neuronal_migration_120hr_Morgan_xgb
[2025-08-22 19:57:14] END IUF_NPC2b_neuronal_migration_120hr_Morgan_xgb
[2025-08-22 19:57:14] START IUF_NPC2b_neuronal_migration_120hr_Morgan_gbt
[2025-08-22 19:57:16] END IUF_NPC2b_neuronal_migration_120hr_Morgan_gbt
[2025-08-22 19:57:16] START IUF_NPC2b_neuronal_migration_120hr_Morgan_dt
[2025-08-22 19:57:19] END IUF_NPC2b_neuronal_migration_120hr_Morgan_dt
[2025-08-22 19:57:19] START IUF_NPC2b_neuronal_migration_120hr_Layered_rf
[2025-08-22 19:57:23] END IUF_NPC2b_neuronal_migration_120hr_Layered_rf
[2025-08-22 19:57:23] START IUF_NPC2b_neuronal_migration_120hr_Layered_logistic
[2025-08-22 19:57:27] END IUF_NPC2b_neuronal_migration_120hr_Layered_logistic
[2025-08-22 19:57:27] START IUF_NPC2b_neuronal_migration_120hr_Layered_xgb
[2025-08-22 19:57:32] END IUF_NPC2b_neuronal_migration_120hr_Layered_xgb
[2025-08-22 19:57:33] START IUF_NPC2b_neuronal_migration_120hr_Layered_gbt
[2025-08-22 19:57:36] END IUF_NPC2b_neuronal_migration_120hr_Layered_gbt
[2025-08-22 19:57:36] START IUF_NPC2b_neuronal_migration_120hr_Layered_dt
[2025-08-22 19:57:40] END IUF_NPC2b_neuronal_migration_120hr_Layered_dt
[2025-08-22 19:57:40] START IUF_NPC2b_neuronal_migration_120hr_Pattern_rf
[2025-08-22 19:57:44] END IUF_NPC2b_neuronal_migration_120hr_Pattern_rf
[2025-08-22 19:57:44] START IUF_NPC2b_neuronal_migration_120hr_Pattern_logistic
[2025-08-22 19:57:48] END IUF_NPC2b_neuronal_migration_120hr_Pattern_logistic
[2025-08-22 19:57:48] START IUF_NPC2b_neuronal_migration_120hr_Pattern_xgb
[2025-08-22 19:57:54] END IUF_NPC2b_neuronal_migration_120hr_Pattern_xgb
[2025-08-22 19:57:54] START IUF_NPC2b_neuronal_migration_120hr_Pattern_gbt
[2025-08-22 19:57:58] END IUF_NPC2b_neuronal_migration_120hr_Pattern_gbt
[2025-08-22 19:57:58] START IUF_NPC2b_neuronal_migration_120hr_Pattern_dt
[2025-08-22 19:58:02] END IUF_NPC2b_neuronal_migration_120hr_Pattern_dt
[2025-08-22 19:58:02] START IUF_NPC2b_neuronal_migration_120hr_RDKit_rf
[2025-08-22 19:58:05] END IUF_NPC2b_neuronal_migration_120hr_RDKit_rf
[2025-08-22 19:58:05] START IUF_NPC2b_neuronal_migration_120hr_RDKit_logistic
[2025-08-22 19:58:09] END IUF_NPC2b_neuronal_migration_120hr_RDKit_logistic
[2025-08-22 19:58:09] START IUF_NPC2b_neuronal_migration_120hr_RDKit_xgb
[2025-08-22 19:58:15] END IUF_NPC2b_neuronal_migration_120hr_RDKit_xgb
[2025-08-22 19:58:15] START IUF_NPC2b_neuronal_migration_120hr_RDKit_gbt
[2025-08-22 19:58:20] END IUF_NPC2b_neuronal_migration_120hr_RDKit_gbt
[2025-08-22 19:58:20] START IUF_NPC2b_neuronal_migration_120hr_RDKit_dt
[2025-08-22 19:58:24] END IUF_NPC2b_neuronal_migration_120hr_RDKit_dt
[2025-08-22 19:58:24] START IUF_NPC2c_oligodendrocyte_migration_120hr_MACCS_rf
[2025-08-22 19:59:14] END IUF_NPC2c_oligodendrocyte_migration_120hr_MACCS_rf
[2025-08-22 19:59:14] START IUF_NPC2c_oligodendrocyte_migration_120hr_MACCS_logistic
[2025-08-22 19:59:36] END IUF_NPC2c_oligodendrocyte_migration_120hr_MACCS_logistic
[2025-08-22 19:59:36] START IUF_NPC2c_oligodendrocyte_migration_120hr_MACCS_xgb
[2025-08-22 20:01:34] END IUF_NPC2c_oligodendrocyte_migration_120hr_MACCS_xgb
[2025-08-22 20:01:34] START IUF_NPC2c_oligodendrocyte_migration_120hr_MACCS_gbt
[2025-08-22 20:02:18] END IUF_NPC2c_oligodendrocyte_migration_120hr_MACCS_gbt
[2025-08-22 20:02:18] START IUF_NPC2c_oligodendrocyte_migration_120hr_MACCS_dt
[2025-08-22 20:02:35] END IUF_NPC2c_oligodendrocyte_migration_120hr_MACCS_dt
[2025-08-22 20:02:35] START IUF_NPC2c_oligodendrocyte_migration_120hr_Morgan_rf
[2025-08-22 20:04:07] END IUF_NPC2c_oligodendrocyte_migration_120hr_Morgan_rf
[2025-08-22 20:04:07] START IUF_NPC2c_oligodendrocyte_migration_120hr_Morgan_logistic
[2025-08-22 20:05:44] END IUF_NPC2c_oligodendrocyte_migration_120hr_Morgan_logistic
[2025-08-22 20:05:44] START IUF_NPC2c_oligodendrocyte_migration_120hr_Morgan_xgb
[2025-08-22 20:14:32] END IUF_NPC2c_oligodendrocyte_migration_120hr_Morgan_xgb
[2025-08-22 20:14:32] START IUF_NPC2c_oligodendrocyte_migration_120hr_Morgan_gbt
[2025-08-22 20:16:18] END IUF_NPC2c_oligodendrocyte_migration_120hr_Morgan_gbt
[2025-08-22 20:16:18] START IUF_NPC2c_oligodendrocyte_migration_120hr_Morgan_dt
[2025-08-22 20:17:15] END IUF_NPC2c_oligodendrocyte_migration_120hr_Morgan_dt
[2025-08-22 20:17:15] START IUF_NPC2c_oligodendrocyte_migration_120hr_Layered_rf
[2025-08-22 20:19:39] END IUF_NPC2c_oligodendrocyte_migration_120hr_Layered_rf
[2025-08-22 20:19:39] START IUF_NPC2c_oligodendrocyte_migration_120hr_Layered_logistic
[2025-08-22 20:23:01] END IUF_NPC2c_oligodendrocyte_migration_120hr_Layered_logistic
[2025-08-22 20:23:01] START IUF_NPC2c_oligodendrocyte_migration_120hr_Layered_xgb
[2025-08-22 20:39:59] END IUF_NPC2c_oligodendrocyte_migration_120hr_Layered_xgb
[2025-08-22 20:39:59] START IUF_NPC2c_oligodendrocyte_migration_120hr_Layered_gbt
[2025-08-22 20:43:41] END IUF_NPC2c_oligodendrocyte_migration_120hr_Layered_gbt
[2025-08-22 20:43:41] START IUF_NPC2c_oligodendrocyte_migration_120hr_Layered_dt
[2025-08-22 20:45:32] END IUF_NPC2c_oligodendrocyte_migration_120hr_Layered_dt
[2025-08-22 20:45:32] START IUF_NPC2c_oligodendrocyte_migration_120hr_Pattern_rf
[2025-08-22 20:47:54] END IUF_NPC2c_oligodendrocyte_migration_120hr_Pattern_rf
[2025-08-22 20:47:54] START IUF_NPC2c_oligodendrocyte_migration_120hr_Pattern_logistic
[2025-08-22 20:51:15] END IUF_NPC2c_oligodendrocyte_migration_120hr_Pattern_logistic
[2025-08-22 20:51:15] START IUF_NPC2c_oligodendrocyte_migration_120hr_Pattern_xgb
[2025-08-22 21:08:19] END IUF_NPC2c_oligodendrocyte_migration_120hr_Pattern_xgb
[2025-08-22 21:08:19] START IUF_NPC2c_oligodendrocyte_migration_120hr_Pattern_gbt
[2025-08-22 21:11:39] END IUF_NPC2c_oligodendrocyte_migration_120hr_Pattern_gbt
[2025-08-22 21:11:39] START IUF_NPC2c_oligodendrocyte_migration_120hr_Pattern_dt
[2025-08-22 21:13:29] END IUF_NPC2c_oligodendrocyte_migration_120hr_Pattern_dt
[2025-08-22 21:13:29] START IUF_NPC2c_oligodendrocyte_migration_120hr_RDKit_rf
[2025-08-22 21:15:52] END IUF_NPC2c_oligodendrocyte_migration_120hr_RDKit_rf
[2025-08-22 21:15:52] START IUF_NPC2c_oligodendrocyte_migration_120hr_RDKit_logistic
[2025-08-22 21:19:14] END IUF_NPC2c_oligodendrocyte_migration_120hr_RDKit_logistic
[2025-08-22 21:19:15] START IUF_NPC2c_oligodendrocyte_migration_120hr_RDKit_xgb
[2025-08-22 21:36:27] END IUF_NPC2c_oligodendrocyte_migration_120hr_RDKit_xgb
[2025-08-22 21:36:27] START IUF_NPC2c_oligodendrocyte_migration_120hr_RDKit_gbt
[2025-08-22 21:40:42] END IUF_NPC2c_oligodendrocyte_migration_120hr_RDKit_gbt
[2025-08-22 21:40:42] START IUF_NPC2c_oligodendrocyte_migration_120hr_RDKit_dt
[2025-08-22 21:42:34] END IUF_NPC2c_oligodendrocyte_migration_120hr_RDKit_dt
[2025-08-22 21:42:34] START CCTE_Mundy_HCI_Cortical_Synap_Neur_Matur_NeuriteSpotCountPerNeuriteLength_MACCS_rf
[2025-08-22 21:43:24] END CCTE_Mundy_HCI_Cortical_Synap_Neur_Matur_NeuriteSpotCountPerNeuriteLength_MACCS_rf
[2025-08-22 21:43:25] START CCTE_Mundy_HCI_Cortical_Synap_Neur_Matur_NeuriteSpotCountPerNeuriteLength_MACCS_logistic
[2025-08-22 21:43:47] END CCTE_Mundy_HCI_Cortical_Synap_Neur_Matur_NeuriteSpotCountPerNeuriteLength_MACCS_logistic
[2025-08-22 21:43:47] START CCTE_Mundy_HCI_Cortical_Synap_Neur_Matur_NeuriteSpotCountPerNeuriteLength_MACCS_xgb
[2025-08-22 21:45:43] END CCTE_Mundy_HCI_Cortical_Synap_Neur_Matur_NeuriteSpotCountPerNeuriteLength_MACCS_xgb
[2025-08-22 21:45:43] START CCTE_Mundy_HCI_Cortical_Synap_Neur_Matur_NeuriteSpotCountPerNeuriteLength_MACCS_gbt
[2025-08-22 21:46:28] END CCTE_Mundy_HCI_Cortical_Synap_Neur_Matur_NeuriteSpotCountPerNeuriteLength_MACCS_gbt
[2025-08-22 21:46:28] START CCTE_Mundy_HCI_Cortical_Synap_Neur_Matur_NeuriteSpotCountPerNeuriteLength_MACCS_dt
[2025-08-22 21:46:44] END CCTE_Mundy_HCI_Cortical_Synap_Neur_Matur_NeuriteSpotCountPerNeuriteLength_MACCS_dt
[2025-08-22 21:46:44] START CCTE_Mundy_HCI_Cortical_Synap_Neur_Matur_NeuriteSpotCountPerNeuriteLength_Morgan_rf
[2025-08-22 21:48:17] END CCTE_Mundy_HCI_Cortical_Synap_Neur_Matur_NeuriteSpotCountPerNeuriteLength_Morgan_rf
[2025-08-22 21:48:17] START CCTE_Mundy_HCI_Cortical_Synap_Neur_Matur_NeuriteSpotCountPerNeuriteLength_Morgan_logistic
[2025-08-22 21:49:54] END CCTE_Mundy_HCI_Cortical_Synap_Neur_Matur_NeuriteSpotCountPerNeuriteLength_Morgan_logistic
[2025-08-22 21:49:54] START CCTE_Mundy_HCI_Cortical_Synap_Neur_Matur_NeuriteSpotCountPerNeuriteLength_Morgan_xgb
[2025-08-22 21:58:38] END CCTE_Mundy_HCI_Cortical_Synap_Neur_Matur_NeuriteSpotCountPerNeuriteLength_Morgan_xgb
[2025-08-22 21:58:38] START CCTE_Mundy_HCI_Cortical_Synap_Neur_Matur_NeuriteSpotCountPerNeuriteLength_Morgan_gbt
[2025-08-22 22:00:23] END CCTE_Mundy_HCI_Cortical_Synap_Neur_Matur_NeuriteSpotCountPerNeuriteLength_Morgan_gbt
[2025-08-22 22:00:23] START CCTE_Mundy_HCI_Cortical_Synap_Neur_Matur_NeuriteSpotCountPerNeuriteLength_Morgan_dt
[2025-08-22 22:01:21] END CCTE_Mundy_HCI_Cortical_Synap_Neur_Matur_NeuriteSpotCountPerNeuriteLength_Morgan_dt
[2025-08-22 22:01:21] START CCTE_Mundy_HCI_Cortical_Synap_Neur_Matur_NeuriteSpotCountPerNeuriteLength_Layered_rf
[2025-08-22 22:03:43] END CCTE_Mundy_HCI_Cortical_Synap_Neur_Matur_NeuriteSpotCountPerNeuriteLength_Layered_rf
[2025-08-22 22:03:43] START CCTE_Mundy_HCI_Cortical_Synap_Neur_Matur_NeuriteSpotCountPerNeuriteLength_Layered_logistic
[2025-08-22 22:07:07] END CCTE_Mundy_HCI_Cortical_Synap_Neur_Matur_NeuriteSpotCountPerNeuriteLength_Layered_logistic
[2025-08-22 22:07:07] START CCTE_Mundy_HCI_Cortical_Synap_Neur_Matur_NeuriteSpotCountPerNeuriteLength_Layered_xgb
[2025-08-22 22:24:15] END CCTE_Mundy_HCI_Cortical_Synap_Neur_Matur_NeuriteSpotCountPerNeuriteLength_Layered_xgb
[2025-08-22 22:24:15] START CCTE_Mundy_HCI_Cortical_Synap_Neur_Matur_NeuriteSpotCountPerNeuriteLength_Layered_gbt
[2025-08-22 22:27:50] END CCTE_Mundy_HCI_Cortical_Synap_Neur_Matur_NeuriteSpotCountPerNeuriteLength_Layered_gbt
[2025-08-22 22:27:50] START CCTE_Mundy_HCI_Cortical_Synap_Neur_Matur_NeuriteSpotCountPerNeuriteLength_Layered_dt
[2025-08-22 22:29:40] END CCTE_Mundy_HCI_Cortical_Synap_Neur_Matur_NeuriteSpotCountPerNeuriteLength_Layered_dt
[2025-08-22 22:29:40] START CCTE_Mundy_HCI_Cortical_Synap_Neur_Matur_NeuriteSpotCountPerNeuriteLength_Pattern_rf
[2025-08-22 22:32:03] END CCTE_Mundy_HCI_Cortical_Synap_Neur_Matur_NeuriteSpotCountPerNeuriteLength_Pattern_rf
[2025-08-22 22:32:03] START CCTE_Mundy_HCI_Cortical_Synap_Neur_Matur_NeuriteSpotCountPerNeuriteLength_Pattern_logistic
[2025-08-22 22:35:25] END CCTE_Mundy_HCI_Cortical_Synap_Neur_Matur_NeuriteSpotCountPerNeuriteLength_Pattern_logistic
[2025-08-22 22:35:25] START CCTE_Mundy_HCI_Cortical_Synap_Neur_Matur_NeuriteSpotCountPerNeuriteLength_Pattern_xgb
[2025-08-22 22:52:21] END CCTE_Mundy_HCI_Cortical_Synap_Neur_Matur_NeuriteSpotCountPerNeuriteLength_Pattern_xgb
[2025-08-22 22:52:21] START CCTE_Mundy_HCI_Cortical_Synap_Neur_Matur_NeuriteSpotCountPerNeuriteLength_Pattern_gbt
[2025-08-22 22:55:38] END CCTE_Mundy_HCI_Cortical_Synap_Neur_Matur_NeuriteSpotCountPerNeuriteLength_Pattern_gbt
[2025-08-22 22:55:38] START CCTE_Mundy_HCI_Cortical_Synap_Neur_Matur_NeuriteSpotCountPerNeuriteLength_Pattern_dt
[2025-08-22 22:57:29] END CCTE_Mundy_HCI_Cortical_Synap_Neur_Matur_NeuriteSpotCountPerNeuriteLength_Pattern_dt
[2025-08-22 22:57:29] START CCTE_Mundy_HCI_Cortical_Synap_Neur_Matur_NeuriteSpotCountPerNeuriteLength_RDKit_rf
[2025-08-22 22:59:53] END CCTE_Mundy_HCI_Cortical_Synap_Neur_Matur_NeuriteSpotCountPerNeuriteLength_RDKit_rf
[2025-08-22 22:59:53] START CCTE_Mundy_HCI_Cortical_Synap_Neur_Matur_NeuriteSpotCountPerNeuriteLength_RDKit_logistic
[2025-08-22 23:03:15] END CCTE_Mundy_HCI_Cortical_Synap_Neur_Matur_NeuriteSpotCountPerNeuriteLength_RDKit_logistic
[2025-08-22 23:03:15] START CCTE_Mundy_HCI_Cortical_Synap_Neur_Matur_NeuriteSpotCountPerNeuriteLength_RDKit_xgb
[2025-08-22 23:20:26] END CCTE_Mundy_HCI_Cortical_Synap_Neur_Matur_NeuriteSpotCountPerNeuriteLength_RDKit_xgb
[2025-08-22 23:20:27] START CCTE_Mundy_HCI_Cortical_Synap_Neur_Matur_NeuriteSpotCountPerNeuriteLength_RDKit_gbt
[2025-08-22 23:24:37] END CCTE_Mundy_HCI_Cortical_Synap_Neur_Matur_NeuriteSpotCountPerNeuriteLength_RDKit_gbt
[2025-08-22 23:24:37] START CCTE_Mundy_HCI_Cortical_Synap_Neur_Matur_NeuriteSpotCountPerNeuriteLength_RDKit_dt
[2025-08-22 23:26:30] END CCTE_Mundy_HCI_Cortical_Synap_Neur_Matur_NeuriteSpotCountPerNeuriteLength_RDKit_dt
[2025-08-22 23:26:30] START IUF_NPC2-5_cytotoxicity_72hr_MACCS_rf
[2025-08-22 23:27:21] END IUF_NPC2-5_cytotoxicity_72hr_MACCS_rf
[2025-08-22 23:27:21] START IUF_NPC2-5_cytotoxicity_72hr_MACCS_logistic
[2025-08-22 23:27:47] END IUF_NPC2-5_cytotoxicity_72hr_MACCS_logistic
[2025-08-22 23:27:47] START IUF_NPC2-5_cytotoxicity_72hr_MACCS_xgb
[2025-08-22 23:29:45] END IUF_NPC2-5_cytotoxicity_72hr_MACCS_xgb
[2025-08-22 23:29:45] START IUF_NPC2-5_cytotoxicity_72hr_MACCS_gbt
[2025-08-22 23:30:35] END IUF_NPC2-5_cytotoxicity_72hr_MACCS_gbt
[2025-08-22 23:30:35] START IUF_NPC2-5_cytotoxicity_72hr_MACCS_dt
[2025-08-22 23:30:51] END IUF_NPC2-5_cytotoxicity_72hr_MACCS_dt
[2025-08-22 23:30:51] START IUF_NPC2-5_cytotoxicity_72hr_Morgan_rf
[2025-08-22 23:32:27] END IUF_NPC2-5_cytotoxicity_72hr_Morgan_rf
[2025-08-22 23:32:27] START IUF_NPC2-5_cytotoxicity_72hr_Morgan_logistic
[2025-08-22 23:34:23] END IUF_NPC2-5_cytotoxicity_72hr_Morgan_logistic
[2025-08-22 23:34:23] START IUF_NPC2-5_cytotoxicity_72hr_Morgan_xgb
[2025-08-22 23:43:16] END IUF_NPC2-5_cytotoxicity_72hr_Morgan_xgb
[2025-08-22 23:43:16] START IUF_NPC2-5_cytotoxicity_72hr_Morgan_gbt
[2025-08-22 23:45:18] END IUF_NPC2-5_cytotoxicity_72hr_Morgan_gbt
[2025-08-22 23:45:18] START IUF_NPC2-5_cytotoxicity_72hr_Morgan_dt
[2025-08-22 23:46:18] END IUF_NPC2-5_cytotoxicity_72hr_Morgan_dt
[2025-08-22 23:46:18] START IUF_NPC2-5_cytotoxicity_72hr_Layered_rf
[2025-08-22 23:48:48] END IUF_NPC2-5_cytotoxicity_72hr_Layered_rf
[2025-08-22 23:48:48] START IUF_NPC2-5_cytotoxicity_72hr_Layered_logistic
[2025-08-22 23:52:54] END IUF_NPC2-5_cytotoxicity_72hr_Layered_logistic
[2025-08-22 23:52:54] START IUF_NPC2-5_cytotoxicity_72hr_Layered_xgb
[2025-08-23 00:10:02] END IUF_NPC2-5_cytotoxicity_72hr_Layered_xgb
[2025-08-23 00:10:02] START IUF_NPC2-5_cytotoxicity_72hr_Layered_gbt
[2025-08-23 00:14:42] END IUF_NPC2-5_cytotoxicity_72hr_Layered_gbt
[2025-08-23 00:14:42] START IUF_NPC2-5_cytotoxicity_72hr_Layered_dt
[2025-08-23 00:16:37] END IUF_NPC2-5_cytotoxicity_72hr_Layered_dt
[2025-08-23 00:16:37] START IUF_NPC2-5_cytotoxicity_72hr_Pattern_rf
[2025-08-23 00:19:06] END IUF_NPC2-5_cytotoxicity_72hr_Pattern_rf
[2025-08-23 00:19:06] START IUF_NPC2-5_cytotoxicity_72hr_Pattern_logistic
[2025-08-23 00:23:12] END IUF_NPC2-5_cytotoxicity_72hr_Pattern_logistic
[2025-08-23 00:23:12] START IUF_NPC2-5_cytotoxicity_72hr_Pattern_xgb
[2025-08-23 00:40:21] END IUF_NPC2-5_cytotoxicity_72hr_Pattern_xgb
[2025-08-23 00:40:21] START IUF_NPC2-5_cytotoxicity_72hr_Pattern_gbt
[2025-08-23 00:44:22] END IUF_NPC2-5_cytotoxicity_72hr_Pattern_gbt
[2025-08-23 00:44:22] START IUF_NPC2-5_cytotoxicity_72hr_Pattern_dt
[2025-08-23 00:46:16] END IUF_NPC2-5_cytotoxicity_72hr_Pattern_dt
[2025-08-23 00:46:16] START IUF_NPC2-5_cytotoxicity_72hr_RDKit_rf
[2025-08-23 00:48:51] END IUF_NPC2-5_cytotoxicity_72hr_RDKit_rf
[2025-08-23 00:48:51] START IUF_NPC2-5_cytotoxicity_72hr_RDKit_logistic
[2025-08-23 00:52:58] END IUF_NPC2-5_cytotoxicity_72hr_RDKit_logistic
[2025-08-23 00:52:58] START IUF_NPC2-5_cytotoxicity_72hr_RDKit_xgb
[2025-08-23 01:10:08] END IUF_NPC2-5_cytotoxicity_72hr_RDKit_xgb
[2025-08-23 01:10:08] START IUF_NPC2-5_cytotoxicity_72hr_RDKit_gbt
[2025-08-23 01:15:18] END IUF_NPC2-5_cytotoxicity_72hr_RDKit_gbt
[2025-08-23 01:15:18] START IUF_NPC2-5_cytotoxicity_72hr_RDKit_dt
[2025-08-23 01:17:14] END IUF_NPC2-5_cytotoxicity_72hr_RDKit_dt
[2025-08-23 01:17:14] START IUF-NPC2-5_viability_120hr_MACCS_rf
[2025-08-23 01:18:05] END IUF-NPC2-5_viability_120hr_MACCS_rf
[2025-08-23 01:18:05] START IUF-NPC2-5_viability_120hr_MACCS_logistic
[2025-08-23 01:18:27] END IUF-NPC2-5_viability_120hr_MACCS_logistic
[2025-08-23 01:18:27] START IUF-NPC2-5_viability_120hr_MACCS_xgb
[2025-08-23 01:20:24] END IUF-NPC2-5_viability_120hr_MACCS_xgb
[2025-08-23 01:20:24] START IUF-NPC2-5_viability_120hr_MACCS_gbt
[2025-08-23 01:21:09] END IUF-NPC2-5_viability_120hr_MACCS_gbt
[2025-08-23 01:21:09] START IUF-NPC2-5_viability_120hr_MACCS_dt
[2025-08-23 01:21:25] END IUF-NPC2-5_viability_120hr_MACCS_dt
[2025-08-23 01:21:25] START IUF-NPC2-5_viability_120hr_Morgan_rf
[2025-08-23 01:22:58] END IUF-NPC2-5_viability_120hr_Morgan_rf
[2025-08-23 01:22:58] START IUF-NPC2-5_viability_120hr_Morgan_logistic
[2025-08-23 01:24:34] END IUF-NPC2-5_viability_120hr_Morgan_logistic
[2025-08-23 01:24:34] START IUF-NPC2-5_viability_120hr_Morgan_xgb
[2025-08-23 01:33:28] END IUF-NPC2-5_viability_120hr_Morgan_xgb
[2025-08-23 01:33:28] START IUF-NPC2-5_viability_120hr_Morgan_gbt
[2025-08-23 01:35:13] END IUF-NPC2-5_viability_120hr_Morgan_gbt
[2025-08-23 01:35:13] START IUF-NPC2-5_viability_120hr_Morgan_dt
[2025-08-23 01:36:12] END IUF-NPC2-5_viability_120hr_Morgan_dt
[2025-08-23 01:36:12] START IUF-NPC2-5_viability_120hr_Layered_rf
[2025-08-23 01:38:35] END IUF-NPC2-5_viability_120hr_Layered_rf
[2025-08-23 01:38:35] START IUF-NPC2-5_viability_120hr_Layered_logistic
[2025-08-23 01:41:57] END IUF-NPC2-5_viability_120hr_Layered_logistic
[2025-08-23 01:41:57] START IUF-NPC2-5_viability_120hr_Layered_xgb
[2025-08-23 01:58:58] END IUF-NPC2-5_viability_120hr_Layered_xgb
[2025-08-23 01:58:58] START IUF-NPC2-5_viability_120hr_Layered_gbt
[2025-08-23 02:02:47] END IUF-NPC2-5_viability_120hr_Layered_gbt
[2025-08-23 02:02:47] START IUF-NPC2-5_viability_120hr_Layered_dt
[2025-08-23 02:04:40] END IUF-NPC2-5_viability_120hr_Layered_dt
[2025-08-23 02:04:40] START IUF-NPC2-5_viability_120hr_Pattern_rf
[2025-08-23 02:07:03] END IUF-NPC2-5_viability_120hr_Pattern_rf
[2025-08-23 02:07:03] START IUF-NPC2-5_viability_120hr_Pattern_logistic
[2025-08-23 02:10:24] END IUF-NPC2-5_viability_120hr_Pattern_logistic
[2025-08-23 02:10:24] START IUF-NPC2-5_viability_120hr_Pattern_xgb
[2025-08-23 02:27:35] END IUF-NPC2-5_viability_120hr_Pattern_xgb
[2025-08-23 02:27:35] START IUF-NPC2-5_viability_120hr_Pattern_gbt
[2025-08-23 02:30:56] END IUF-NPC2-5_viability_120hr_Pattern_gbt
[2025-08-23 02:30:56] START IUF-NPC2-5_viability_120hr_Pattern_dt
[2025-08-23 02:32:48] END IUF-NPC2-5_viability_120hr_Pattern_dt
[2025-08-23 02:32:48] START IUF-NPC2-5_viability_120hr_RDKit_rf
[2025-08-23 02:35:12] END IUF-NPC2-5_viability_120hr_RDKit_rf
[2025-08-23 02:35:12] START IUF-NPC2-5_viability_120hr_RDKit_logistic
[2025-08-23 02:38:32] END IUF-NPC2-5_viability_120hr_RDKit_logistic
[2025-08-23 02:38:32] START IUF-NPC2-5_viability_120hr_RDKit_xgb
[2025-08-23 02:55:41] END IUF-NPC2-5_viability_120hr_RDKit_xgb
[2025-08-23 02:55:41] START IUF-NPC2-5_viability_120hr_RDKit_gbt
[2025-08-23 02:59:51] END IUF-NPC2-5_viability_120hr_RDKit_gbt
[2025-08-23 02:59:51] START IUF-NPC2-5_viability_120hr_RDKit_dt
[2025-08-23 03:01:44] END IUF-NPC2-5_viability_120hr_RDKit_dt
python: can't open file '/home1/won0316/_RESEARCH/0817_Genotoxicity/1_Git_upload/ChemBAI/ToxCast_model/ToxCast_model_v.2/update_training_results.py': [Errno 2] No such file or directory
