[2025-10-07 22:54:04] START seed_1:TOX21_PR_BLA_Antagonist_ratio_logistic_Pattern
2025-10-07 22:54:06,847 - Using PyTorch device: cuda:0
2025-10-07 22:54:06,847 - Selected compute device: cuda:0
2025-10-08 04:23:36,589 - Best Model Parameters: {'C': 0.1, 'penalty': 'l2', 'solver': 'saga'}
2025-10-08 04:23:36,589 - Validation F1 Score: 0.6000729891150576
2025-10-08 04:23:36,589 - Validation Precision: 0.5653590910583883
2025-10-08 04:23:36,589 - Validation Recall: 0.64011509048232
2025-10-08 04:23:36,589 - Validation Accuracy: 0.7961547575699779
2025-10-08 04:23:36,589 - Validation AUC: 0.8039481271172653
2025-10-08 04:26:17,300 - Holdout Validation F1 Score: 0.5979381443298969
2025-10-08 04:26:17,300 - Holdout Validation Precision: 0.5631067961165048
2025-10-08 04:26:17,300 - Holdout Validation Recall: 0.6373626373626373
2025-10-08 04:26:17,300 - Holdout Validation Accuracy: 0.7787234042553192
2025-10-08 04:26:17,300 - Holdout Validation AUC: 0.7853465845817662
2025-10-08 04:26:17,328 - Test F1 Score: 0.6347305389221557
2025-10-08 04:26:17,328 - Test Precision: 0.5955056179775281
2025-10-08 04:26:17,328 - Test Recall: 0.6794871794871795
2025-10-08 04:26:17,329 - Test Accuracy: 0.7429775280898876
2025-10-08 04:26:17,329 - Test AUC: 0.7875540893323321
2025-10-08 04:26:17,331 - Best model saved as /gpfs/home1/won0316/_RESEARCH/0817_Genotoxicity/1_Git_upload/ChemBAI/ToxCast_model/experiments/training/DART_MTL/results/seed_1/TOX21_PR_BLA_Antagonist_ratio_logistic_Pattern/model.joblib
[2025-10-08 04:26:17] END seed_1:TOX21_PR_BLA_Antagonist_ratio_logistic_Pattern status=0
