[2025-10-07 05:05:31] START seed_1:TOX21_PR_BLA_Antagonist_ratio_xgb_RDKit
2025-10-07 05:05:34,275 - Using PyTorch device: cuda:0
2025-10-07 05:05:34,275 - Selected compute device: cuda:0
2025-10-07 05:59:50,729 - Best Model Parameters: {'colsample_bytree': 0.8, 'learning_rate': 0.05, 'max_depth': 9, 'min_child_weight': 5, 'n_estimators': 400, 'subsample': 0.8}
2025-10-07 05:59:50,729 - Validation F1 Score: 0.5830418489899235
2025-10-07 05:59:50,730 - Validation Precision: 0.5784174375664634
2025-10-07 05:59:50,730 - Validation Recall: 0.5888998258499281
2025-10-07 05:59:50,730 - Validation Accuracy: 0.7987044775429288
2025-10-07 05:59:50,730 - Validation AUC: 0.8085954847030965
2025-10-07 05:59:57,270 - Holdout Validation F1 Score: 0.4430379746835443
2025-10-07 05:59:57,270 - Holdout Validation Precision: 0.5223880597014925
2025-10-07 05:59:57,270 - Holdout Validation Recall: 0.38461538461538464
2025-10-07 05:59:57,270 - Holdout Validation Accuracy: 0.750354609929078
2025-10-07 05:59:57,270 - Holdout Validation AUC: 0.7312367364948628
2025-10-07 05:59:58,027 - Test F1 Score: 0.42245989304812837
2025-10-07 05:59:58,027 - Test Precision: 0.5642857142857143
2025-10-07 05:59:58,027 - Test Recall: 0.33760683760683763
2025-10-07 05:59:58,027 - Test Accuracy: 0.6966292134831461
2025-10-07 05:59:58,028 - Test AUC: 0.7370409112040912
2025-10-07 05:59:58,035 - Best model saved as /gpfs/home1/won0316/_RESEARCH/0817_Genotoxicity/1_Git_upload/ChemBAI/ToxCast_model/experiments/training/DART_MTL/results/seed_1/TOX21_PR_BLA_Antagonist_ratio_xgb_RDKit/model.joblib
[2025-10-07 05:59:58] END seed_1:TOX21_PR_BLA_Antagonist_ratio_xgb_RDKit status=0
