[2025-10-07 06:36:19] START seed_1:TOX21_PR_BLA_Antagonist_ratio_gbt_MACCS
2025-10-07 06:36:21,412 - Using PyTorch device: cuda:0
2025-10-07 06:36:21,413 - Selected compute device: cuda:0
2025-10-07 07:32:47,490 - Best Model Parameters: {'learning_rate': 0.05, 'max_depth': 7, 'min_samples_leaf': 1, 'min_samples_split': 2, 'n_estimators': 200}
2025-10-07 07:32:47,490 - Validation F1 Score: 0.6285949640974998
2025-10-07 07:32:47,490 - Validation Precision: 0.6043677720933451
2025-10-07 07:32:47,490 - Validation Recall: 0.6550213270740264
2025-10-07 07:32:47,490 - Validation Accuracy: 0.8148534265022918
2025-10-07 07:32:47,490 - Validation AUC: 0.8258158186278829
2025-10-07 07:32:58,689 - Holdout Validation F1 Score: 0.5501432664756447
2025-10-07 07:32:58,689 - Holdout Validation Precision: 0.5748502994011976
2025-10-07 07:32:58,689 - Holdout Validation Recall: 0.5274725274725275
2025-10-07 07:32:58,689 - Holdout Validation Accuracy: 0.7773049645390071
2025-10-07 07:32:58,689 - Holdout Validation AUC: 0.7520381148488222
2025-10-07 07:32:58,711 - Test F1 Score: 0.5828092243186582
2025-10-07 07:32:58,711 - Test Precision: 0.5720164609053497
2025-10-07 07:32:58,711 - Test Recall: 0.594017094017094
2025-10-07 07:32:58,711 - Test Accuracy: 0.7205056179775281
2025-10-07 07:32:58,711 - Test AUC: 0.747179308371777
2025-10-07 07:32:58,731 - Best model saved as /gpfs/home1/won0316/_RESEARCH/0817_Genotoxicity/1_Git_upload/ChemBAI/ToxCast_model/experiments/training/DART_MTL/results/seed_1/TOX21_PR_BLA_Antagonist_ratio_gbt_MACCS/model.joblib
[2025-10-07 07:32:59] END seed_1:TOX21_PR_BLA_Antagonist_ratio_gbt_MACCS status=0
