[2025-10-05 18:58:53] START seed_2:TOX21_PGC_ERR_Antagonist_xgb_MACCS
2025-10-05 18:58:56,864 - Using PyTorch device: cuda:0
2025-10-05 18:58:56,864 - Selected compute device: cuda:0
2025-10-05 19:05:37,196 - Best Model Parameters: {'colsample_bytree': 0.8, 'learning_rate': 0.1, 'max_depth': 9, 'min_child_weight': 5, 'n_estimators': 400, 'subsample': 0.8}
2025-10-05 19:05:37,196 - Validation F1 Score: 0.42114034630668484
2025-10-05 19:05:37,196 - Validation Precision: 0.41309384370994273
2025-10-05 19:05:37,196 - Validation Recall: 0.43157894736842106
2025-10-05 19:05:37,196 - Validation Accuracy: 0.8663040441508315
2025-10-05 19:05:37,196 - Validation AUC: 0.7949196175825135
2025-10-05 19:05:38,120 - Holdout Validation F1 Score: 0.3422459893048128
2025-10-05 19:05:38,120 - Holdout Validation Precision: 0.3333333333333333
2025-10-05 19:05:38,120 - Holdout Validation Recall: 0.3516483516483517
2025-10-05 19:05:38,120 - Holdout Validation Accuracy: 0.8222543352601156
2025-10-05 19:05:38,120 - Holdout Validation AUC: 0.7059205353714504
2025-10-05 19:05:38,198 - Test F1 Score: 0.3723404255319149
2025-10-05 19:05:38,198 - Test Precision: 0.40229885057471265
2025-10-05 19:05:38,198 - Test Recall: 0.3465346534653465
2025-10-05 19:05:38,198 - Test Accuracy: 0.830945558739255
2025-10-05 19:05:38,198 - Test AUC: 0.705043368658474
2025-10-05 19:05:38,205 - Best model saved as /gpfs/home1/won0316/_RESEARCH/0817_Genotoxicity/1_Git_upload/ChemBAI/ToxCast_model/experiments/training/DART_MTL/results/seed_2/TOX21_PGC_ERR_Antagonist_xgb_MACCS/model.joblib
[2025-10-05 19:05:38] END seed_2:TOX21_PGC_ERR_Antagonist_xgb_MACCS status=0
