[2025-10-05 17:35:33] START seed_2:TOX21_PGC_ERR_Antagonist_dt_Morgan
2025-10-05 17:35:35,851 - Using PyTorch device: cuda:0
2025-10-05 17:35:35,851 - Selected compute device: cuda:0
2025-10-05 17:40:20,466 - Best Model Parameters: {'criterion': 'entropy', 'max_depth': None, 'min_samples_leaf': 2, 'min_samples_split': 2}
2025-10-05 17:40:20,466 - Validation F1 Score: 0.32520478628738
2025-10-05 17:40:20,466 - Validation Precision: 0.28571035878067724
2025-10-05 17:40:20,466 - Validation Recall: 0.37894736842105264
2025-10-05 17:40:20,466 - Validation Accuracy: 0.8231516782215881
2025-10-05 17:40:20,466 - Validation AUC: 0.6509630977690917
2025-10-05 17:40:21,874 - Holdout Validation F1 Score: 0.2995169082125604
2025-10-05 17:40:21,874 - Holdout Validation Precision: 0.2672413793103448
2025-10-05 17:40:21,874 - Holdout Validation Recall: 0.34065934065934067
2025-10-05 17:40:21,874 - Holdout Validation Accuracy: 0.7904624277456648
2025-10-05 17:40:21,874 - Holdout Validation AUC: 0.6002450128906035
2025-10-05 17:40:21,892 - Test F1 Score: 0.26291079812206575
2025-10-05 17:40:21,893 - Test Precision: 0.25
2025-10-05 17:40:21,893 - Test Recall: 0.27722772277227725
2025-10-05 17:40:21,893 - Test Accuracy: 0.7750716332378224
2025-10-05 17:40:21,893 - Test AUC: 0.5778645703766356
2025-10-05 17:40:21,895 - Best model saved as /gpfs/home1/won0316/_RESEARCH/0817_Genotoxicity/1_Git_upload/ChemBAI/ToxCast_model/experiments/training/DART_MTL/results/seed_2/TOX21_PGC_ERR_Antagonist_dt_Morgan/model.joblib
[2025-10-05 17:40:22] END seed_2:TOX21_PGC_ERR_Antagonist_dt_Morgan status=0
