[2025-10-05 18:21:42] START seed_2:TOX21_PGC_ERR_Antagonist_rf_Morgan
2025-10-05 18:21:44,670 - Using PyTorch device: cuda:0
2025-10-05 18:21:44,671 - Selected compute device: cuda:0
2025-10-05 18:28:08,233 - Best Model Parameters: {'max_depth': None, 'min_samples_leaf': 1, 'min_samples_split': 4, 'n_estimators': 400}
2025-10-05 18:28:08,233 - Validation F1 Score: 0.3219451880944581
2025-10-05 18:28:08,233 - Validation Precision: 0.3620732154930938
2025-10-05 18:28:08,233 - Validation Recall: 0.2902255639097744
2025-10-05 18:28:08,233 - Validation Accuracy: 0.8622441333522453
2025-10-05 18:28:08,233 - Validation AUC: 0.7620169444178929
2025-10-05 18:28:11,235 - Holdout Validation F1 Score: 0.22388059701492538
2025-10-05 18:28:11,235 - Holdout Validation Precision: 0.3488372093023256
2025-10-05 18:28:11,236 - Holdout Validation Recall: 0.16483516483516483
2025-10-05 18:28:11,236 - Holdout Validation Accuracy: 0.8497109826589595
2025-10-05 18:28:11,236 - Holdout Validation AUC: 0.7057376899307015
2025-10-05 18:28:11,361 - Test F1 Score: 0.2097902097902098
2025-10-05 18:28:11,361 - Test Precision: 0.35714285714285715
2025-10-05 18:28:11,361 - Test Recall: 0.1485148514851485
2025-10-05 18:28:11,361 - Test Accuracy: 0.83810888252149
2025-10-05 18:28:11,361 - Test AUC: 0.6683748776887739
2025-10-05 18:28:11,514 - Best model saved as /gpfs/home1/won0316/_RESEARCH/0817_Genotoxicity/1_Git_upload/ChemBAI/ToxCast_model/experiments/training/DART_MTL/results/seed_2/TOX21_PGC_ERR_Antagonist_rf_Morgan/model.joblib
[2025-10-05 18:28:12] END seed_2:TOX21_PGC_ERR_Antagonist_rf_Morgan status=0
