[2025-10-01 07:21:07] START seed_2:ATG_ERE_CIS_logistic_Pattern
2025-10-01 07:21:09,996 - Using PyTorch device: cuda:0
2025-10-01 07:21:09,997 - Selected compute device: cuda:0
[2025-10-03 10:39:22] START seed_2:ATG_ERE_CIS_logistic_Pattern
2025-10-03 10:39:26,824 - Using PyTorch device: cuda:0
2025-10-03 10:39:26,824 - Selected compute device: cuda:0
2025-10-03 13:28:42,087 - Best Model Parameters: {'C': 0.1, 'penalty': 'l1', 'solver': 'liblinear'}
2025-10-03 13:28:42,087 - Validation F1 Score: 0.4506359719403198
2025-10-03 13:28:42,088 - Validation Precision: 0.39012036501601555
2025-10-03 13:28:42,088 - Validation Recall: 0.5347819216182048
2025-10-03 13:28:42,088 - Validation Accuracy: 0.7530399708308646
2025-10-03 13:28:42,088 - Validation AUC: 0.6953735749297143
2025-10-03 13:28:42,909 - Holdout Validation F1 Score: 0.5767441860465117
2025-10-03 13:28:42,909 - Holdout Validation Precision: 0.5166666666666667
2025-10-03 13:28:42,909 - Holdout Validation Recall: 0.6526315789473685
2025-10-03 13:28:42,909 - Holdout Validation Accuracy: 0.6956521739130435
2025-10-03 13:28:42,909 - Holdout Validation AUC: 0.7284313725490197
2025-10-03 13:28:42,936 - Test F1 Score: 0.4260355029585799
2025-10-03 13:28:42,936 - Test Precision: 0.3564356435643564
2025-10-03 13:28:42,936 - Test Recall: 0.5294117647058824
2025-10-03 13:28:42,936 - Test Accuracy: 0.6840390879478827
2025-10-03 13:28:42,936 - Test AUC: 0.6402288949052426
2025-10-03 13:28:42,939 - Best model saved as /gpfs/home1/won0316/_RESEARCH/0817_Genotoxicity/1_Git_upload/ChemBAI/ToxCast_model/experiments/training/DART_MTL/results/seed_2/ATG_ERE_CIS_logistic_Pattern/model.joblib
[2025-10-03 13:28:43] END seed_2:ATG_ERE_CIS_logistic_Pattern status=0
