[2025-09-30 20:44:50] START seed_2:ATG_ERE_CIS_dt_MACCS
2025-09-30 20:44:52,318 - Using PyTorch device: cuda:0
2025-09-30 20:44:52,318 - Selected compute device: cuda:0
2025-09-30 20:45:16,077 - Best Model Parameters: {'criterion': 'gini', 'max_depth': 5, 'min_samples_leaf': 2, 'min_samples_split': 2}
2025-09-30 20:45:16,077 - Validation F1 Score: 0.36762848926779024
2025-09-30 20:45:16,077 - Validation Precision: 0.26065607768506316
2025-09-30 20:45:16,077 - Validation Recall: 0.6257427307206068
2025-09-30 20:45:16,077 - Validation Accuracy: 0.5934506175652887
2025-09-30 20:45:16,077 - Validation AUC: 0.6315931602567387
2025-09-30 20:45:16,131 - Holdout Validation F1 Score: 0.49523809523809526
2025-09-30 20:45:16,131 - Holdout Validation Precision: 0.45217391304347826
2025-09-30 20:45:16,131 - Holdout Validation Recall: 0.5473684210526316
2025-09-30 20:45:16,131 - Holdout Validation Accuracy: 0.6454849498327759
2025-09-30 20:45:16,131 - Holdout Validation AUC: 0.7020123839009288
2025-09-30 20:45:16,141 - Test F1 Score: 0.4246575342465753
2025-09-30 20:45:16,141 - Test Precision: 0.3974358974358974
2025-09-30 20:45:16,141 - Test Recall: 0.45588235294117646
2025-09-30 20:45:16,141 - Test Accuracy: 0.7263843648208469
2025-09-30 20:45:16,141 - Test AUC: 0.6537656903765691
2025-09-30 20:45:16,143 - Best model saved as /gpfs/home1/won0316/_RESEARCH/0817_Genotoxicity/1_Git_upload/ChemBAI/ToxCast_model/experiments/training/DART_MTL/results/seed_2/ATG_ERE_CIS_dt_MACCS/model.joblib
[2025-09-30 20:45:16] END seed_2:ATG_ERE_CIS_dt_MACCS status=0
