[2025-09-30 09:29:01] START seed_2:ATG_BRE_CIS_xgb_MACCS
2025-09-30 09:29:03,757 - Using PyTorch device: cuda:0
2025-09-30 09:29:03,758 - Selected compute device: cuda:0
2025-09-30 09:34:30,408 - Best Model Parameters: {'colsample_bytree': 0.8, 'learning_rate': 0.1, 'max_depth': 3, 'min_child_weight': 3, 'n_estimators': 200, 'subsample': 1.0}
2025-09-30 09:34:30,408 - Validation F1 Score: 0.24517488926349973
2025-09-30 09:34:30,408 - Validation Precision: 0.18276875917851393
2025-09-30 09:34:30,408 - Validation Recall: 0.37596086652690425
2025-09-30 09:34:30,408 - Validation Accuracy: 0.792170479923431
2025-09-30 09:34:30,408 - Validation AUC: 0.6438671142175185
2025-09-30 09:34:30,738 - Holdout Validation F1 Score: 0.3053435114503817
2025-09-30 09:34:30,738 - Holdout Validation Precision: 0.20408163265306123
2025-09-30 09:34:30,738 - Holdout Validation Recall: 0.6060606060606061
2025-09-30 09:34:30,738 - Holdout Validation Accuracy: 0.6956521739130435
2025-09-30 09:34:30,738 - Holdout Validation AUC: 0.6594326725905674
2025-09-30 09:34:30,809 - Test F1 Score: 0.24
2025-09-30 09:34:30,809 - Test Precision: 0.17647058823529413
2025-09-30 09:34:30,809 - Test Recall: 0.375
2025-09-30 09:34:30,809 - Test Accuracy: 0.6905537459283387
2025-09-30 09:34:30,809 - Test AUC: 0.563810861423221
2025-09-30 09:34:30,812 - Best model saved as /gpfs/home1/won0316/_RESEARCH/0817_Genotoxicity/1_Git_upload/ChemBAI/ToxCast_model/experiments/training/DART_MTL/results/seed_2/ATG_BRE_CIS_xgb_MACCS/model.joblib
[2025-09-30 09:34:31] END seed_2:ATG_BRE_CIS_xgb_MACCS status=0
