[2025-09-30 19:04:08] START seed_2:ATG_BRE_CIS_logistic_Layered
2025-09-30 19:04:11,270 - Using PyTorch device: cuda:0
2025-09-30 19:04:11,272 - Selected compute device: cuda:0
[2025-10-03 01:46:42] START seed_2:ATG_BRE_CIS_logistic_Layered
2025-10-03 01:46:45,981 - Using PyTorch device: cuda:0
2025-10-03 01:46:45,982 - Selected compute device: cuda:0
2025-10-03 04:51:49,597 - Best Model Parameters: {'C': 20, 'penalty': 'l2', 'solver': 'liblinear'}
2025-10-03 04:51:49,597 - Validation F1 Score: 0.25595578059223617
2025-10-03 04:51:49,598 - Validation Precision: 0.21898819446807063
2025-10-03 04:51:49,598 - Validation Recall: 0.3087351502445842
2025-10-03 04:51:49,598 - Validation Accuracy: 0.836714940066542
2025-10-03 04:51:49,598 - Validation AUC: 0.5923829489867225
2025-10-03 04:51:52,293 - Holdout Validation F1 Score: 0.12048192771084337
2025-10-03 04:51:52,293 - Holdout Validation Precision: 0.1
2025-10-03 04:51:52,293 - Holdout Validation Recall: 0.15151515151515152
2025-10-03 04:51:52,293 - Holdout Validation Accuracy: 0.7558528428093646
2025-10-03 04:51:52,293 - Holdout Validation AUC: 0.579004329004329
2025-10-03 04:51:52,321 - Test F1 Score: 0.16666666666666666
2025-10-03 04:51:52,321 - Test Precision: 0.14285714285714285
2025-10-03 04:51:52,321 - Test Recall: 0.2
2025-10-03 04:51:52,321 - Test Accuracy: 0.739413680781759
2025-10-03 04:51:52,321 - Test AUC: 0.49915730337078656
2025-10-03 04:51:52,324 - Best model saved as /gpfs/home1/won0316/_RESEARCH/0817_Genotoxicity/1_Git_upload/ChemBAI/ToxCast_model/experiments/training/DART_MTL/results/seed_2/ATG_BRE_CIS_logistic_Layered/model.joblib
[2025-10-03 04:51:52] END seed_2:ATG_BRE_CIS_logistic_Layered status=0
