[2025-09-30 06:59:18] START seed_1:ATG_BRE_CIS_xgb_Pattern
2025-09-30 06:59:22,125 - Using PyTorch device: cuda:0
2025-09-30 06:59:22,125 - Selected compute device: cuda:0
2025-09-30 07:43:27,061 - Best Model Parameters: {'colsample_bytree': 1.0, 'learning_rate': 0.05, 'max_depth': 3, 'min_child_weight': 3, 'n_estimators': 200, 'subsample': 0.8}
2025-09-30 07:43:27,061 - Validation F1 Score: 0.2787424045553191
2025-09-30 07:43:27,061 - Validation Precision: 0.20971470672743786
2025-09-30 07:43:27,061 - Validation Recall: 0.41688311688311686
2025-09-30 07:43:27,061 - Validation Accuracy: 0.801745628925004
2025-09-30 07:43:27,061 - Validation AUC: 0.7044429601763551
2025-09-30 07:43:29,937 - Holdout Validation F1 Score: 0.2682926829268293
2025-09-30 07:43:29,937 - Holdout Validation Precision: 0.2
2025-09-30 07:43:29,937 - Holdout Validation Recall: 0.4074074074074074
2025-09-30 07:43:29,937 - Holdout Validation Accuracy: 0.7709923664122137
2025-09-30 07:43:29,937 - Holdout Validation AUC: 0.6801418439716312
2025-09-30 07:43:30,688 - Test F1 Score: 0.22580645161290322
2025-09-30 07:43:30,688 - Test Precision: 0.16470588235294117
2025-09-30 07:43:30,688 - Test Recall: 0.358974358974359
2025-09-30 07:43:30,688 - Test Accuracy: 0.7018633540372671
2025-09-30 07:43:30,688 - Test AUC: 0.6206849687415059
2025-09-30 07:43:30,691 - Best model saved as /gpfs/home1/won0316/_RESEARCH/0817_Genotoxicity/1_Git_upload/ChemBAI/ToxCast_model/experiments/training/DART_MTL/results/seed_1/ATG_BRE_CIS_xgb_Pattern/model.joblib
[2025-09-30 07:43:31] END seed_1:ATG_BRE_CIS_xgb_Pattern status=0
