[2025-10-02 09:02:21] START seed_1:BSK_hDFCGF_TIMP1_dt_MACCS
2025-10-02 09:02:24,776 - Using PyTorch device: cuda:0
2025-10-02 09:02:24,777 - Selected compute device: cuda:0
2025-10-02 09:02:41,952 - Best Model Parameters: {'criterion': 'gini', 'max_depth': None, 'min_samples_leaf': 1, 'min_samples_split': 2}
2025-10-02 09:02:41,952 - Validation F1 Score: 0.3616194177048037
2025-10-02 09:02:41,953 - Validation Precision: 0.3124297025945567
2025-10-02 09:02:41,953 - Validation Recall: 0.43329809725158563
2025-10-02 09:02:41,953 - Validation Accuracy: 0.7546152593878881
2025-10-02 09:02:41,953 - Validation AUC: 0.641230780486155
2025-10-02 09:02:42,002 - Holdout Validation F1 Score: 0.3076923076923077
2025-10-02 09:02:42,002 - Holdout Validation Precision: 0.3157894736842105
2025-10-02 09:02:42,002 - Holdout Validation Recall: 0.3
2025-10-02 09:02:42,002 - Holdout Validation Accuracy: 0.7476635514018691
2025-10-02 09:02:42,002 - Holdout Validation AUC: 0.5770114942528736
2025-10-02 09:02:42,012 - Test F1 Score: 0.38461538461538464
2025-10-02 09:02:42,012 - Test Precision: 0.3125
2025-10-02 09:02:42,012 - Test Recall: 0.5
2025-10-02 09:02:42,012 - Test Accuracy: 0.6903225806451613
2025-10-02 09:02:42,012 - Test AUC: 0.6215999999999999
2025-10-02 09:02:42,020 - Best model saved as /gpfs/home1/won0316/_RESEARCH/0817_Genotoxicity/1_Git_upload/ChemBAI/ToxCast_model/experiments/training/DART_MTL/results/seed_1/BSK_hDFCGF_TIMP1_dt_MACCS/model.joblib
[2025-10-02 09:02:42] END seed_1:BSK_hDFCGF_TIMP1_dt_MACCS status=0
