[2025-10-02 09:28:03] START seed_1:BSK_hDFCGF_TIMP1_dt_Layered
2025-10-02 09:28:06,296 - Using PyTorch device: cuda:0
2025-10-02 09:28:06,296 - Selected compute device: cuda:0
2025-10-02 09:31:08,171 - Best Model Parameters: {'criterion': 'entropy', 'max_depth': None, 'min_samples_leaf': 2, 'min_samples_split': 2}
2025-10-02 09:31:08,172 - Validation F1 Score: 0.32528266254029226
2025-10-02 09:31:08,172 - Validation Precision: 0.2937756764484875
2025-10-02 09:31:08,172 - Validation Recall: 0.36553911205073997
2025-10-02 09:31:08,172 - Validation Accuracy: 0.7538528326459735
2025-10-02 09:31:08,172 - Validation AUC: 0.6034959934377393
2025-10-02 09:31:08,679 - Holdout Validation F1 Score: 0.30434782608695654
2025-10-02 09:31:08,679 - Holdout Validation Precision: 0.2692307692307692
2025-10-02 09:31:08,679 - Holdout Validation Recall: 0.35
2025-10-02 09:31:08,680 - Holdout Validation Accuracy: 0.7009345794392523
2025-10-02 09:31:08,680 - Holdout Validation AUC: 0.5405172413793103
2025-10-02 09:31:08,703 - Test F1 Score: 0.38095238095238093
2025-10-02 09:31:08,703 - Test Precision: 0.36363636363636365
2025-10-02 09:31:08,703 - Test Recall: 0.4
2025-10-02 09:31:08,703 - Test Accuracy: 0.7483870967741936
2025-10-02 09:31:08,703 - Test AUC: 0.5928
2025-10-02 09:31:09,638 - Best model saved as /gpfs/home1/won0316/_RESEARCH/0817_Genotoxicity/1_Git_upload/ChemBAI/ToxCast_model/experiments/training/DART_MTL/results/seed_1/BSK_hDFCGF_TIMP1_dt_Layered/model.joblib
[2025-10-02 09:31:10] END seed_1:BSK_hDFCGF_TIMP1_dt_Layered status=0
