[2025-10-02 09:48:42] START seed_1:BSK_hDFCGF_TIMP1_rf_Pattern
2025-10-02 09:48:45,466 - Using PyTorch device: cuda:0
2025-10-02 09:48:45,466 - Selected compute device: cuda:0
2025-10-02 09:52:25,507 - Best Model Parameters: {'max_depth': 10, 'min_samples_leaf': 2, 'min_samples_split': 2, 'n_estimators': 200}
2025-10-02 09:52:25,507 - Validation F1 Score: 0.4314688499905891
2025-10-02 09:52:25,507 - Validation Precision: 0.3998075998075998
2025-10-02 09:52:25,507 - Validation Recall: 0.47040169133192383
2025-10-02 09:52:25,507 - Validation Accuracy: 0.8002984588669417
2025-10-02 09:52:25,507 - Validation AUC: 0.7011583749540657
2025-10-02 09:52:26,172 - Holdout Validation F1 Score: 0.23809523809523808
2025-10-02 09:52:26,172 - Holdout Validation Precision: 0.22727272727272727
2025-10-02 09:52:26,172 - Holdout Validation Recall: 0.25
2025-10-02 09:52:26,172 - Holdout Validation Accuracy: 0.7009345794392523
2025-10-02 09:52:26,172 - Holdout Validation AUC: 0.621264367816092
2025-10-02 09:52:26,241 - Test F1 Score: 0.4
2025-10-02 09:52:26,241 - Test Precision: 0.4
2025-10-02 09:52:26,241 - Test Recall: 0.4
2025-10-02 09:52:26,241 - Test Accuracy: 0.7677419354838709
2025-10-02 09:52:26,241 - Test AUC: 0.7290666666666666
2025-10-02 09:52:26,288 - Best model saved as /gpfs/home1/won0316/_RESEARCH/0817_Genotoxicity/1_Git_upload/ChemBAI/ToxCast_model/experiments/training/DART_MTL/results/seed_1/BSK_hDFCGF_TIMP1_rf_Pattern/model.joblib
[2025-10-02 09:52:26] END seed_1:BSK_hDFCGF_TIMP1_rf_Pattern status=0
