[2025-10-01 15:47:19] START seed_2:BSK_4H_MCP1_dt_RDKit
2025-10-01 15:47:21,781 - Using PyTorch device: cuda:0
2025-10-01 15:47:21,782 - Selected compute device: cuda:0
2025-10-01 15:50:28,321 - Best Model Parameters: {'criterion': 'entropy', 'max_depth': None, 'min_samples_leaf': 1, 'min_samples_split': 4}
2025-10-01 15:50:28,321 - Validation F1 Score: 0.3705298815450552
2025-10-01 15:50:28,322 - Validation Precision: 0.33011491321617903
2025-10-01 15:50:28,322 - Validation Recall: 0.4243502824858757
2025-10-01 15:50:28,322 - Validation Accuracy: 0.6779874213836478
2025-10-01 15:50:28,322 - Validation AUC: 0.5919513011207125
2025-10-01 15:50:28,925 - Holdout Validation F1 Score: 0.3409090909090909
2025-10-01 15:50:28,925 - Holdout Validation Precision: 0.3488372093023256
2025-10-01 15:50:28,925 - Holdout Validation Recall: 0.3333333333333333
2025-10-01 15:50:28,925 - Holdout Validation Accuracy: 0.6027397260273972
2025-10-01 15:50:28,925 - Holdout Validation AUC: 0.5414741474147414
2025-10-01 15:50:28,949 - Test F1 Score: 0.367816091954023
2025-10-01 15:50:28,949 - Test Precision: 0.34782608695652173
2025-10-01 15:50:28,949 - Test Recall: 0.3902439024390244
2025-10-01 15:50:28,949 - Test Accuracy: 0.6333333333333333
2025-10-01 15:50:28,949 - Test AUC: 0.5491161333631686
2025-10-01 15:50:28,951 - Best model saved as /gpfs/home1/won0316/_RESEARCH/0817_Genotoxicity/1_Git_upload/ChemBAI/ToxCast_model/experiments/training/DART_MTL/results/seed_2/BSK_4H_MCP1_dt_RDKit/model.joblib
[2025-10-01 15:50:29] END seed_2:BSK_4H_MCP1_dt_RDKit status=0
