[2025-10-01 18:25:23] START seed_2:BSK_4H_MCP1_xgb_Layered
2025-10-01 18:25:26,830 - Using PyTorch device: cuda:0
2025-10-01 18:25:26,830 - Selected compute device: cuda:0
2025-10-01 19:00:49,735 - Best Model Parameters: {'colsample_bytree': 1.0, 'learning_rate': 0.1, 'max_depth': 9, 'min_child_weight': 5, 'n_estimators': 400, 'subsample': 1.0}
2025-10-01 19:00:49,735 - Validation F1 Score: 0.46805877976803567
2025-10-01 19:00:49,735 - Validation Precision: 0.48871679425241216
2025-10-01 19:00:49,735 - Validation Recall: 0.45141242937853115
2025-10-01 19:00:49,735 - Validation Accuracy: 0.7694654088050314
2025-10-01 19:00:49,735 - Validation AUC: 0.7276884186811261
2025-10-01 19:00:53,721 - Holdout Validation F1 Score: 0.4675324675324675
2025-10-01 19:00:53,721 - Holdout Validation Precision: 0.5625
2025-10-01 19:00:53,721 - Holdout Validation Recall: 0.4
2025-10-01 19:00:53,721 - Holdout Validation Accuracy: 0.7191780821917808
2025-10-01 19:00:53,721 - Holdout Validation AUC: 0.7152915291529153
2025-10-01 19:00:54,451 - Test F1 Score: 0.410958904109589
2025-10-01 19:00:54,451 - Test Precision: 0.46875
2025-10-01 19:00:54,451 - Test Recall: 0.36585365853658536
2025-10-01 19:00:54,451 - Test Accuracy: 0.7133333333333334
2025-10-01 19:00:54,451 - Test AUC: 0.6448869993287089
2025-10-01 19:00:54,456 - Best model saved as /gpfs/home1/won0316/_RESEARCH/0817_Genotoxicity/1_Git_upload/ChemBAI/ToxCast_model/experiments/training/DART_MTL/results/seed_2/BSK_4H_MCP1_xgb_Layered/model.joblib
[2025-10-01 19:00:55] END seed_2:BSK_4H_MCP1_xgb_Layered status=0
