[2025-10-01 15:56:39] START seed_2:BSK_4H_MCP1_dt_Pattern
2025-10-01 15:56:41,450 - Using PyTorch device: cuda:0
2025-10-01 15:56:41,451 - Selected compute device: cuda:0
2025-10-01 15:59:29,779 - Best Model Parameters: {'criterion': 'gini', 'max_depth': 4, 'min_samples_leaf': 3, 'min_samples_split': 2}
2025-10-01 15:59:29,779 - Validation F1 Score: 0.4727969660955977
2025-10-01 15:59:29,779 - Validation Precision: 0.3523967044545536
2025-10-01 15:59:29,779 - Validation Recall: 0.731638418079096
2025-10-01 15:59:29,779 - Validation Accuracy: 0.6386592338479131
2025-10-01 15:59:29,780 - Validation AUC: 0.7059547193135253
2025-10-01 15:59:30,119 - Holdout Validation F1 Score: 0.5362318840579711
2025-10-01 15:59:30,120 - Holdout Validation Precision: 0.3978494623655914
2025-10-01 15:59:30,120 - Holdout Validation Recall: 0.8222222222222222
2025-10-01 15:59:30,120 - Holdout Validation Accuracy: 0.5616438356164384
2025-10-01 15:59:30,120 - Holdout Validation AUC: 0.6188118811881188
2025-10-01 15:59:30,143 - Test F1 Score: 0.4696969696969697
2025-10-01 15:59:30,143 - Test Precision: 0.34065934065934067
2025-10-01 15:59:30,143 - Test Recall: 0.7560975609756098
2025-10-01 15:59:30,143 - Test Accuracy: 0.5333333333333333
2025-10-01 15:59:30,143 - Test AUC: 0.6078541060639964
2025-10-01 15:59:30,146 - Best model saved as /gpfs/home1/won0316/_RESEARCH/0817_Genotoxicity/1_Git_upload/ChemBAI/ToxCast_model/experiments/training/DART_MTL/results/seed_2/BSK_4H_MCP1_dt_Pattern/model.joblib
[2025-10-01 15:59:30] END seed_2:BSK_4H_MCP1_dt_Pattern status=0
