[2025-10-01 16:14:06] START seed_2:BSK_4H_MCP1_rf_Morgan
2025-10-01 16:14:08,833 - Using PyTorch device: cuda:0
2025-10-01 16:14:08,834 - Selected compute device: cuda:0
2025-10-01 16:17:10,644 - Best Model Parameters: {'max_depth': 15, 'min_samples_leaf': 1, 'min_samples_split': 2, 'n_estimators': 600}
2025-10-01 16:17:10,644 - Validation F1 Score: 0.4000406519299746
2025-10-01 16:17:10,644 - Validation Precision: 0.3597008547008547
2025-10-01 16:17:10,644 - Validation Recall: 0.4514689265536723
2025-10-01 16:17:10,644 - Validation Accuracy: 0.6961377930245856
2025-10-01 16:17:10,644 - Validation AUC: 0.6491597533549797
2025-10-01 16:17:11,684 - Holdout Validation F1 Score: 0.32432432432432434
2025-10-01 16:17:11,684 - Holdout Validation Precision: 0.41379310344827586
2025-10-01 16:17:11,684 - Holdout Validation Recall: 0.26666666666666666
2025-10-01 16:17:11,684 - Holdout Validation Accuracy: 0.6575342465753424
2025-10-01 16:17:11,684 - Holdout Validation AUC: 0.6327832783278327
2025-10-01 16:17:11,831 - Test F1 Score: 0.208955223880597
2025-10-01 16:17:11,831 - Test Precision: 0.2692307692307692
2025-10-01 16:17:11,831 - Test Recall: 0.17073170731707318
2025-10-01 16:17:11,831 - Test Accuracy: 0.6466666666666666
2025-10-01 16:17:11,831 - Test AUC: 0.4875811143432535
2025-10-01 16:17:11,979 - Best model saved as /gpfs/home1/won0316/_RESEARCH/0817_Genotoxicity/1_Git_upload/ChemBAI/ToxCast_model/experiments/training/DART_MTL/results/seed_2/BSK_4H_MCP1_rf_Morgan/model.joblib
[2025-10-01 16:17:12] END seed_2:BSK_4H_MCP1_rf_Morgan status=0
