[2025-10-01 16:04:57] START seed_2:BSK_4H_MCP1_rf_MACCS
2025-10-01 16:04:59,787 - Using PyTorch device: cuda:0
2025-10-01 16:04:59,788 - Selected compute device: cuda:0
2025-10-01 16:07:26,350 - Best Model Parameters: {'max_depth': None, 'min_samples_leaf': 1, 'min_samples_split': 2, 'n_estimators': 200}
2025-10-01 16:07:26,350 - Validation F1 Score: 0.4404157865613283
2025-10-01 16:07:26,350 - Validation Precision: 0.4545850324538849
2025-10-01 16:07:26,350 - Validation Recall: 0.4311864406779661
2025-10-01 16:07:26,350 - Validation Accuracy: 0.7551000571755289
2025-10-01 16:07:26,350 - Validation AUC: 0.723752522840351
2025-10-01 16:07:26,699 - Holdout Validation F1 Score: 0.46153846153846156
2025-10-01 16:07:26,699 - Holdout Validation Precision: 0.5454545454545454
2025-10-01 16:07:26,699 - Holdout Validation Recall: 0.4
2025-10-01 16:07:26,699 - Holdout Validation Accuracy: 0.7123287671232876
2025-10-01 16:07:26,699 - Holdout Validation AUC: 0.7171617161716172
2025-10-01 16:07:26,755 - Test F1 Score: 0.3333333333333333
2025-10-01 16:07:26,755 - Test Precision: 0.3870967741935484
2025-10-01 16:07:26,755 - Test Recall: 0.2926829268292683
2025-10-01 16:07:26,755 - Test Accuracy: 0.68
2025-10-01 16:07:26,756 - Test AUC: 0.6375027970463191
2025-10-01 16:07:26,813 - Best model saved as /gpfs/home1/won0316/_RESEARCH/0817_Genotoxicity/1_Git_upload/ChemBAI/ToxCast_model/experiments/training/DART_MTL/results/seed_2/BSK_4H_MCP1_rf_MACCS/model.joblib
[2025-10-01 16:07:27] END seed_2:BSK_4H_MCP1_rf_MACCS status=0
