[2025-10-01 16:17:15] START seed_2:BSK_4H_MCP1_rf_RDKit
2025-10-01 16:17:17,291 - Using PyTorch device: cuda:0
2025-10-01 16:17:17,292 - Selected compute device: cuda:0
2025-10-01 16:21:06,444 - Best Model Parameters: {'max_depth': 15, 'min_samples_leaf': 1, 'min_samples_split': 4, 'n_estimators': 200}
2025-10-01 16:21:06,444 - Validation F1 Score: 0.3584777848081618
2025-10-01 16:21:06,444 - Validation Precision: 0.35847997822883826
2025-10-01 16:21:06,444 - Validation Recall: 0.3608474576271187
2025-10-01 16:21:06,444 - Validation Accuracy: 0.7135191538021726
2025-10-01 16:21:06,444 - Validation AUC: 0.6436978504851693
2025-10-01 16:21:07,149 - Holdout Validation F1 Score: 0.23880597014925373
2025-10-01 16:21:07,149 - Holdout Validation Precision: 0.36363636363636365
2025-10-01 16:21:07,149 - Holdout Validation Recall: 0.17777777777777778
2025-10-01 16:21:07,149 - Holdout Validation Accuracy: 0.6506849315068494
2025-10-01 16:21:07,149 - Holdout Validation AUC: 0.6123212321232123
2025-10-01 16:21:07,219 - Test F1 Score: 0.2222222222222222
2025-10-01 16:21:07,219 - Test Precision: 0.3181818181818182
2025-10-01 16:21:07,219 - Test Recall: 0.17073170731707318
2025-10-01 16:21:07,219 - Test Accuracy: 0.6733333333333333
2025-10-01 16:21:07,219 - Test AUC: 0.5806668158424704
2025-10-01 16:21:07,268 - Best model saved as /gpfs/home1/won0316/_RESEARCH/0817_Genotoxicity/1_Git_upload/ChemBAI/ToxCast_model/experiments/training/DART_MTL/results/seed_2/BSK_4H_MCP1_rf_RDKit/model.joblib
[2025-10-01 16:21:07] END seed_2:BSK_4H_MCP1_rf_RDKit status=0
