[2025-10-04 04:23:46] START seed_2:BSK_KF3CT_TIMP2_logistic_MACCS
2025-10-04 04:23:48,865 - Using PyTorch device: cuda:0
2025-10-04 04:23:48,866 - Selected compute device: cuda:0
2025-10-04 04:27:15,686 - Best Model Parameters: {'C': 0.1, 'penalty': 'l2', 'solver': 'liblinear'}
2025-10-04 04:27:15,686 - Validation F1 Score: 0.37176727018460315
2025-10-04 04:27:15,686 - Validation Precision: 0.3009343336579109
2025-10-04 04:27:15,686 - Validation Recall: 0.49361702127659574
2025-10-04 04:27:15,686 - Validation Accuracy: 0.7029102344196684
2025-10-04 04:27:15,686 - Validation AUC: 0.6675454028112172
2025-10-04 04:27:15,732 - Holdout Validation F1 Score: 0.38461538461538464
2025-10-04 04:27:15,732 - Holdout Validation Precision: 0.3333333333333333
2025-10-04 04:27:15,732 - Holdout Validation Recall: 0.45454545454545453
2025-10-04 04:27:15,732 - Holdout Validation Accuracy: 0.6712328767123288
2025-10-04 04:27:15,732 - Holdout Validation AUC: 0.6507106462858676
2025-10-04 04:27:15,742 - Test F1 Score: 0.3764705882352941
2025-10-04 04:27:15,742 - Test Precision: 0.3137254901960784
2025-10-04 04:27:15,742 - Test Recall: 0.47058823529411764
2025-10-04 04:27:15,742 - Test Accuracy: 0.6466666666666666
2025-10-04 04:27:15,742 - Test AUC: 0.5976166328600405
2025-10-04 04:27:15,744 - Best model saved as /gpfs/home1/won0316/_RESEARCH/0817_Genotoxicity/1_Git_upload/ChemBAI/ToxCast_model/experiments/training/DART_MTL/results/seed_2/BSK_KF3CT_TIMP2_logistic_MACCS/model.joblib
[2025-10-04 04:27:16] END seed_2:BSK_KF3CT_TIMP2_logistic_MACCS status=0
