[2025-10-04 01:46:04] START seed_2:BSK_KF3CT_TIMP2_rf_RDKit
2025-10-04 01:46:06,386 - Using PyTorch device: cuda:0
2025-10-04 01:46:06,387 - Selected compute device: cuda:0
2025-10-04 01:49:54,340 - Best Model Parameters: {'max_depth': 15, 'min_samples_leaf': 2, 'min_samples_split': 2, 'n_estimators': 400}
2025-10-04 01:49:54,340 - Validation F1 Score: 0.31222085722085724
2025-10-04 01:49:54,340 - Validation Precision: 0.30214460784313724
2025-10-04 01:49:54,340 - Validation Recall: 0.32650709219858154
2025-10-04 01:49:54,340 - Validation Accuracy: 0.7399342481417953
2025-10-04 01:49:54,340 - Validation AUC: 0.6248068680178036
2025-10-04 01:49:55,350 - Holdout Validation F1 Score: 0.0851063829787234
2025-10-04 01:49:55,350 - Holdout Validation Precision: 0.14285714285714285
2025-10-04 01:49:55,350 - Holdout Validation Recall: 0.06060606060606061
2025-10-04 01:49:55,350 - Holdout Validation Accuracy: 0.7054794520547946
2025-10-04 01:49:55,350 - Holdout Validation AUC: 0.5821936175918477
2025-10-04 01:49:55,461 - Test F1 Score: 0.32142857142857145
2025-10-04 01:49:55,461 - Test Precision: 0.4090909090909091
2025-10-04 01:49:55,462 - Test Recall: 0.2647058823529412
2025-10-04 01:49:55,462 - Test Accuracy: 0.7466666666666667
2025-10-04 01:49:55,462 - Test AUC: 0.615238336713996
2025-10-04 01:49:55,555 - Best model saved as /gpfs/home1/won0316/_RESEARCH/0817_Genotoxicity/1_Git_upload/ChemBAI/ToxCast_model/experiments/training/DART_MTL/results/seed_2/BSK_KF3CT_TIMP2_rf_RDKit/model.joblib
[2025-10-04 01:49:55] END seed_2:BSK_KF3CT_TIMP2_rf_RDKit status=0
