[2025-10-04 22:55:24] START seed_1:TOX21_p53_BLA_p2_ratio_xgb_Morgan
2025-10-04 22:55:27,453 - Using PyTorch device: cuda:0
2025-10-04 22:55:27,453 - Selected compute device: cuda:0
2025-10-04 23:21:46,177 - Best Model Parameters: {'colsample_bytree': 0.8, 'learning_rate': 0.1, 'max_depth': 9, 'min_child_weight': 3, 'n_estimators': 400, 'subsample': 0.8}
2025-10-04 23:21:46,177 - Validation F1 Score: 0.30266471094956143
2025-10-04 23:21:46,177 - Validation Precision: 0.3021226808683321
2025-10-04 23:21:46,177 - Validation Recall: 0.3050079351084464
2025-10-04 23:21:46,177 - Validation Accuracy: 0.8785619250310758
2025-10-04 23:21:46,177 - Validation AUC: 0.6811065675153081
2025-10-04 23:21:49,265 - Holdout Validation F1 Score: 0.06896551724137931
2025-10-04 23:21:49,266 - Holdout Validation Precision: 0.10416666666666667
2025-10-04 23:21:49,266 - Holdout Validation Recall: 0.05154639175257732
2025-10-04 23:21:49,266 - Holdout Validation Accuracy: 0.8255813953488372
2025-10-04 23:21:49,266 - Holdout Validation AUC: 0.6279294644352738
2025-10-04 23:21:49,653 - Test F1 Score: 0.22972972972972974
2025-10-04 23:21:49,653 - Test Precision: 0.2698412698412698
2025-10-04 23:21:49,653 - Test Recall: 0.2
2025-10-04 23:21:49,653 - Test Accuracy: 0.8519480519480519
2025-10-04 23:21:49,653 - Test AUC: 0.5859252898239589
2025-10-04 23:21:49,659 - Best model saved as /gpfs/home1/won0316/_RESEARCH/0817_Genotoxicity/1_Git_upload/ChemBAI/ToxCast_model/experiments/training/DART_MTL/results/seed_1/TOX21_p53_BLA_p2_ratio_xgb_Morgan/model.joblib
[2025-10-04 23:21:50] END seed_1:TOX21_p53_BLA_p2_ratio_xgb_Morgan status=0
