[2025-10-04 21:15:06] START seed_1:TOX21_p53_BLA_p2_ratio_rf_MACCS
2025-10-04 21:15:09,657 - Using PyTorch device: cuda:0
2025-10-04 21:15:09,657 - Selected compute device: cuda:0
2025-10-04 21:18:21,895 - Best Model Parameters: {'max_depth': 15, 'min_samples_leaf': 1, 'min_samples_split': 2, 'n_estimators': 600}
2025-10-04 21:18:21,896 - Validation F1 Score: 0.3657298900153677
2025-10-04 21:18:21,896 - Validation Precision: 0.3302993295760979
2025-10-04 21:18:21,896 - Validation Recall: 0.41236113560218657
2025-10-04 21:18:21,896 - Validation Accuracy: 0.8761231689119885
2025-10-04 21:18:21,896 - Validation AUC: 0.7792760417878488
2025-10-04 21:18:23,228 - Holdout Validation F1 Score: 0.1317365269461078
2025-10-04 21:18:23,229 - Holdout Validation Precision: 0.15714285714285714
2025-10-04 21:18:23,229 - Holdout Validation Recall: 0.1134020618556701
2025-10-04 21:18:23,229 - Holdout Validation Accuracy: 0.8126614987080103
2025-10-04 21:18:23,229 - Holdout Validation AUC: 0.5857634500296944
2025-10-04 21:18:23,386 - Test F1 Score: 0.2840909090909091
2025-10-04 21:18:23,386 - Test Precision: 0.27472527472527475
2025-10-04 21:18:23,386 - Test Recall: 0.29411764705882354
2025-10-04 21:18:23,386 - Test Accuracy: 0.8363636363636363
2025-10-04 21:18:23,386 - Test AUC: 0.6927436668097896
2025-10-04 21:18:23,558 - Best model saved as /gpfs/home1/won0316/_RESEARCH/0817_Genotoxicity/1_Git_upload/ChemBAI/ToxCast_model/experiments/training/DART_MTL/results/seed_1/TOX21_p53_BLA_p2_ratio_rf_MACCS/model.joblib
[2025-10-04 21:18:23] END seed_1:TOX21_p53_BLA_p2_ratio_rf_MACCS status=0
