[2025-10-05 22:37:14] START seed_1:TOX21_p53_BLA_p2_ratio_logistic_RDKit
2025-10-05 22:37:16,299 - Using PyTorch device: cuda:0
2025-10-05 22:37:16,299 - Selected compute device: cuda:0
2025-10-06 05:22:41,148 - Best Model Parameters: {'C': 0.1, 'penalty': 'l2', 'solver': 'liblinear'}
2025-10-06 05:22:41,149 - Validation F1 Score: 0.31733686229253466
2025-10-06 05:22:41,149 - Validation Precision: 0.25137754025793313
2025-10-06 05:22:41,149 - Validation Recall: 0.4312114265561629
2025-10-06 05:22:41,149 - Validation Accuracy: 0.8399808641860786
2025-10-06 05:22:41,149 - Validation AUC: 0.6663739612998454
2025-10-06 05:22:44,565 - Holdout Validation F1 Score: 0.21428571428571427
2025-10-06 05:22:44,566 - Holdout Validation Precision: 0.21212121212121213
2025-10-06 05:22:44,566 - Holdout Validation Recall: 0.21649484536082475
2025-10-06 05:22:44,566 - Holdout Validation Accuracy: 0.8010335917312662
2025-10-06 05:22:44,566 - Holdout Validation AUC: 0.6829782698076718
2025-10-06 05:22:44,597 - Test F1 Score: 0.25663716814159293
2025-10-06 05:22:44,597 - Test Precision: 0.20567375886524822
2025-10-06 05:22:44,597 - Test Recall: 0.3411764705882353
2025-10-06 05:22:44,597 - Test Accuracy: 0.7818181818181819
2025-10-06 05:22:44,597 - Test AUC: 0.6050064405324174
2025-10-06 05:22:44,600 - Best model saved as /gpfs/home1/won0316/_RESEARCH/0817_Genotoxicity/1_Git_upload/ChemBAI/ToxCast_model/experiments/training/DART_MTL/results/seed_1/TOX21_p53_BLA_p2_ratio_logistic_RDKit/model.joblib
[2025-10-06 05:22:45] END seed_1:TOX21_p53_BLA_p2_ratio_logistic_RDKit status=0
