[2025-10-04 08:37:30] START seed_0:CEETOX_H295R_OHPROG_rf_Layered
2025-10-04 08:37:33,421 - Using PyTorch device: cuda:0
2025-10-04 08:37:33,421 - Selected compute device: cuda:0
2025-10-04 08:40:38,512 - Best Model Parameters: {'max_depth': 10, 'min_samples_leaf': 1, 'min_samples_split': 2, 'n_estimators': 600}
2025-10-04 08:40:38,512 - Validation F1 Score: 0.598199079705929
2025-10-04 08:40:38,512 - Validation Precision: 0.5744956471117463
2025-10-04 08:40:38,512 - Validation Recall: 0.625546218487395
2025-10-04 08:40:38,512 - Validation Accuracy: 0.6461306835290574
2025-10-04 08:40:38,512 - Validation AUC: 0.6798600184754753
2025-10-04 08:40:39,538 - Holdout Validation F1 Score: 0.46153846153846156
2025-10-04 08:40:39,538 - Holdout Validation Precision: 0.5
2025-10-04 08:40:39,538 - Holdout Validation Recall: 0.42857142857142855
2025-10-04 08:40:39,538 - Holdout Validation Accuracy: 0.4852941176470588
2025-10-04 08:40:39,538 - Holdout Validation AUC: 0.5930735930735931
2025-10-04 08:40:39,669 - Test F1 Score: 0.64
2025-10-04 08:40:39,669 - Test Precision: 0.5581395348837209
2025-10-04 08:40:39,669 - Test Recall: 0.75
2025-10-04 08:40:39,669 - Test Accuracy: 0.6666666666666666
2025-10-04 08:40:39,669 - Test AUC: 0.7037627551020409
2025-10-04 08:40:39,803 - Best model saved as /gpfs/home1/won0316/_RESEARCH/0817_Genotoxicity/1_Git_upload/ChemBAI/ToxCast_model/experiments/training/DART_MTL/results/seed_0/CEETOX_H295R_OHPROG_rf_Layered/model.joblib
[2025-10-04 08:40:40] END seed_0:CEETOX_H295R_OHPROG_rf_Layered status=0
