[2025-10-04 08:46:03] START seed_0:CEETOX_H295R_OHPROG_xgb_Layered
2025-10-04 08:46:07,034 - Using PyTorch device: cuda:0
2025-10-04 08:46:07,034 - Selected compute device: cuda:0
2025-10-04 09:16:53,828 - Best Model Parameters: {'colsample_bytree': 1.0, 'learning_rate': 0.1, 'max_depth': 6, 'min_child_weight': 3, 'n_estimators': 200, 'subsample': 0.8}
2025-10-04 09:16:53,828 - Validation F1 Score: 0.5962188207639214
2025-10-04 09:16:53,829 - Validation Precision: 0.5999312970664269
2025-10-04 09:16:53,829 - Validation Recall: 0.5959663865546219
2025-10-04 09:16:53,829 - Validation Accuracy: 0.6608250526949714
2025-10-04 09:16:53,829 - Validation AUC: 0.6700600452947136
2025-10-04 09:16:56,075 - Holdout Validation F1 Score: 0.5714285714285714
2025-10-04 09:16:56,075 - Holdout Validation Precision: 0.5714285714285714
2025-10-04 09:16:56,075 - Holdout Validation Recall: 0.5714285714285714
2025-10-04 09:16:56,075 - Holdout Validation Accuracy: 0.5588235294117647
2025-10-04 09:16:56,075 - Holdout Validation AUC: 0.5887445887445888
2025-10-04 09:16:56,821 - Test F1 Score: 0.5373134328358209
2025-10-04 09:16:56,821 - Test Precision: 0.5142857142857142
2025-10-04 09:16:56,821 - Test Recall: 0.5625
2025-10-04 09:16:56,821 - Test Accuracy: 0.6172839506172839
2025-10-04 09:16:56,821 - Test AUC: 0.7005739795918368
2025-10-04 09:16:56,825 - Best model saved as /gpfs/home1/won0316/_RESEARCH/0817_Genotoxicity/1_Git_upload/ChemBAI/ToxCast_model/experiments/training/DART_MTL/results/seed_0/CEETOX_H295R_OHPROG_xgb_Layered/model.joblib
[2025-10-04 09:16:57] END seed_0:CEETOX_H295R_OHPROG_xgb_Layered status=0
