[2025-10-06 13:46:45] START seed_2:TOX21_ERb_BLA_Antagonist_ratio_xgb_Morgan
2025-10-06 13:46:48,382 - Using PyTorch device: cuda:0
2025-10-06 13:46:48,382 - Selected compute device: cuda:0
2025-10-06 14:10:58,716 - Best Model Parameters: {'colsample_bytree': 1.0, 'learning_rate': 0.1, 'max_depth': 9, 'min_child_weight': 5, 'n_estimators': 400, 'subsample': 1.0}
2025-10-06 14:10:58,716 - Validation F1 Score: 0.43844318174911984
2025-10-06 14:10:58,716 - Validation Precision: 0.433887306091396
2025-10-06 14:10:58,716 - Validation Recall: 0.4432424523240502
2025-10-06 14:10:58,716 - Validation Accuracy: 0.8052141134803594
2025-10-06 14:10:58,716 - Validation AUC: 0.7448378375245901
2025-10-06 14:11:01,471 - Holdout Validation F1 Score: 0.41216216216216217
2025-10-06 14:11:01,472 - Holdout Validation Precision: 0.4066666666666667
2025-10-06 14:11:01,472 - Holdout Validation Recall: 0.4178082191780822
2025-10-06 14:11:01,472 - Holdout Validation Accuracy: 0.7485549132947977
2025-10-06 14:11:01,472 - Holdout Validation AUC: 0.6737919614631943
2025-10-06 14:11:01,853 - Test F1 Score: 0.3764705882352941
2025-10-06 14:11:01,853 - Test Precision: 0.41379310344827586
2025-10-06 14:11:01,853 - Test Recall: 0.34532374100719426
2025-10-06 14:11:01,853 - Test Accuracy: 0.7722063037249284
2025-10-06 14:11:01,853 - Test AUC: 0.6841095996190525
2025-10-06 14:11:01,858 - Best model saved as /gpfs/home1/won0316/_RESEARCH/0817_Genotoxicity/1_Git_upload/ChemBAI/ToxCast_model/experiments/training/DART_MTL/results/seed_2/TOX21_ERb_BLA_Antagonist_ratio_xgb_Morgan/model.joblib
[2025-10-06 14:11:02] END seed_2:TOX21_ERb_BLA_Antagonist_ratio_xgb_Morgan status=0
