[2025-10-07 13:28:53] START seed_2:TOX21_ERb_BLA_Antagonist_ratio_logistic_Layered
2025-10-07 13:28:56,318 - Using PyTorch device: cuda:0
2025-10-07 13:28:56,320 - Selected compute device: cuda:0
2025-10-07 19:33:50,359 - Best Model Parameters: {'C': 0.1, 'penalty': 'l2', 'solver': 'liblinear'}
2025-10-07 19:33:50,360 - Validation F1 Score: 0.497778647535797
2025-10-07 19:33:50,360 - Validation Precision: 0.43509477548889414
2025-10-07 19:33:50,360 - Validation Recall: 0.5823976978978687
2025-10-07 19:33:50,360 - Validation Accuracy: 0.7989503861908303
2025-10-07 19:33:50,360 - Validation AUC: 0.7628945255163302
2025-10-07 19:33:52,950 - Holdout Validation F1 Score: 0.4306930693069307
2025-10-07 19:33:52,950 - Holdout Validation Precision: 0.3372093023255814
2025-10-07 19:33:52,950 - Holdout Validation Recall: 0.5958904109589042
2025-10-07 19:33:52,950 - Holdout Validation Accuracy: 0.6676300578034682
2025-10-07 19:33:52,950 - Holdout Validation AUC: 0.688864217973807
2025-10-07 19:33:52,982 - Test F1 Score: 0.4245810055865922
2025-10-07 19:33:52,982 - Test Precision: 0.3470319634703196
2025-10-07 19:33:52,982 - Test Recall: 0.5467625899280576
2025-10-07 19:33:52,982 - Test Accuracy: 0.7048710601719198
2025-10-07 19:33:52,982 - Test AUC: 0.6828161799719437
2025-10-07 19:33:52,984 - Best model saved as /gpfs/home1/won0316/_RESEARCH/0817_Genotoxicity/1_Git_upload/ChemBAI/ToxCast_model/experiments/training/DART_MTL/results/seed_2/TOX21_ERb_BLA_Antagonist_ratio_logistic_Layered/model.joblib
[2025-10-07 19:33:53] END seed_2:TOX21_ERb_BLA_Antagonist_ratio_logistic_Layered status=0
