[2025-10-06 13:01:29] START seed_2:TOX21_ERb_BLA_Antagonist_ratio_xgb_MACCS
2025-10-06 13:01:31,946 - Using PyTorch device: cuda:0
2025-10-06 13:01:31,946 - Selected compute device: cuda:0
2025-10-06 13:07:47,642 - Best Model Parameters: {'colsample_bytree': 0.8, 'learning_rate': 0.1, 'max_depth': 6, 'min_child_weight': 3, 'n_estimators': 400, 'subsample': 0.8}
2025-10-06 13:07:47,642 - Validation F1 Score: 0.5180092458036636
2025-10-06 13:07:47,642 - Validation Precision: 0.49907349091121506
2025-10-06 13:07:47,642 - Validation Recall: 0.53900404818807
2025-10-06 13:07:47,642 - Validation Accuracy: 0.8282282501708524
2025-10-06 13:07:47,642 - Validation AUC: 0.8170993002920943
2025-10-06 13:07:48,352 - Holdout Validation F1 Score: 0.48632218844984804
2025-10-06 13:07:48,352 - Holdout Validation Precision: 0.4371584699453552
2025-10-06 13:07:48,352 - Holdout Validation Recall: 0.547945205479452
2025-10-06 13:07:48,352 - Holdout Validation Accuracy: 0.7557803468208093
2025-10-06 13:07:48,352 - Holdout Validation AUC: 0.7610015555221034
2025-10-06 13:07:48,424 - Test F1 Score: 0.42244224422442245
2025-10-06 13:07:48,424 - Test Precision: 0.3902439024390244
2025-10-06 13:07:48,424 - Test Recall: 0.460431654676259
2025-10-06 13:07:48,424 - Test Accuracy: 0.7492836676217765
2025-10-06 13:07:48,424 - Test AUC: 0.7323393521318902
2025-10-06 13:07:48,430 - Best model saved as /gpfs/home1/won0316/_RESEARCH/0817_Genotoxicity/1_Git_upload/ChemBAI/ToxCast_model/experiments/training/DART_MTL/results/seed_2/TOX21_ERb_BLA_Antagonist_ratio_xgb_MACCS/model.joblib
[2025-10-06 13:07:48] END seed_2:TOX21_ERb_BLA_Antagonist_ratio_xgb_MACCS status=0
