[2025-10-01 20:27:56] START seed_0:BSK_BE3C_PAI1_xgb_Morgan
2025-10-01 20:28:00,543 - Using PyTorch device: cuda:0
2025-10-01 20:28:00,543 - Selected compute device: cuda:0
2025-10-01 20:45:31,798 - Best Model Parameters: {'colsample_bytree': 0.8, 'learning_rate': 0.1, 'max_depth': 9, 'min_child_weight': 5, 'n_estimators': 400, 'subsample': 1.0}
2025-10-01 20:45:31,798 - Validation F1 Score: 0.2984285378674825
2025-10-01 20:45:31,798 - Validation Precision: 0.3013344481605351
2025-10-01 20:45:31,798 - Validation Recall: 0.2983388704318937
2025-10-01 20:45:31,798 - Validation Accuracy: 0.7717909117909117
2025-10-01 20:45:31,798 - Validation AUC: 0.6343843684844113
2025-10-01 20:45:33,815 - Holdout Validation F1 Score: 0.3103448275862069
2025-10-01 20:45:33,815 - Holdout Validation Precision: 0.3
2025-10-01 20:45:33,815 - Holdout Validation Recall: 0.32142857142857145
2025-10-01 20:45:33,815 - Holdout Validation Accuracy: 0.7350993377483444
2025-10-01 20:45:33,815 - Holdout Validation AUC: 0.6753774680603949
2025-10-01 20:45:34,199 - Test F1 Score: 0.2413793103448276
2025-10-01 20:45:34,199 - Test Precision: 0.25925925925925924
2025-10-01 20:45:34,199 - Test Recall: 0.22580645161290322
2025-10-01 20:45:34,199 - Test Accuracy: 0.7426900584795322
2025-10-01 20:45:34,199 - Test AUC: 0.5784562211981567
2025-10-01 20:45:34,205 - Best model saved as /gpfs/home1/won0316/_RESEARCH/0817_Genotoxicity/1_Git_upload/ChemBAI/ToxCast_model/experiments/training/DART_MTL/results/seed_0/BSK_BE3C_PAI1_xgb_Morgan/model.joblib
[2025-10-01 20:45:34] END seed_0:BSK_BE3C_PAI1_xgb_Morgan status=0
