[2025-10-01 19:41:32] START seed_0:BSK_BE3C_PAI1_dt_MACCS
2025-10-01 19:41:35,950 - Using PyTorch device: cuda:0
2025-10-01 19:41:35,951 - Selected compute device: cuda:0
2025-10-01 19:41:54,153 - Best Model Parameters: {'criterion': 'entropy', 'max_depth': None, 'min_samples_leaf': 1, 'min_samples_split': 2}
2025-10-01 19:41:54,153 - Validation F1 Score: 0.37120547311483576
2025-10-01 19:41:54,154 - Validation Precision: 0.32402144594442345
2025-10-01 19:41:54,154 - Validation Recall: 0.4389811738648948
2025-10-01 19:41:54,154 - Validation Accuracy: 0.7555568755568756
2025-10-01 19:41:54,154 - Validation AUC: 0.6348721746763222
2025-10-01 19:41:54,205 - Holdout Validation F1 Score: 0.379746835443038
2025-10-01 19:41:54,205 - Holdout Validation Precision: 0.29411764705882354
2025-10-01 19:41:54,206 - Holdout Validation Recall: 0.5357142857142857
2025-10-01 19:41:54,206 - Holdout Validation Accuracy: 0.6754966887417219
2025-10-01 19:41:54,206 - Holdout Validation AUC: 0.6055458768873402
2025-10-01 19:41:54,215 - Test F1 Score: 0.2619047619047619
2025-10-01 19:41:54,216 - Test Precision: 0.20754716981132076
2025-10-01 19:41:54,216 - Test Recall: 0.3548387096774194
2025-10-01 19:41:54,216 - Test Accuracy: 0.6374269005847953
2025-10-01 19:41:54,216 - Test AUC: 0.5299539170506913
2025-10-01 19:41:54,218 - Best model saved as /gpfs/home1/won0316/_RESEARCH/0817_Genotoxicity/1_Git_upload/ChemBAI/ToxCast_model/experiments/training/DART_MTL/results/seed_0/BSK_BE3C_PAI1_dt_MACCS/model.joblib
[2025-10-01 19:41:54] END seed_0:BSK_BE3C_PAI1_dt_MACCS status=0
