[2025-10-01 22:19:37] START seed_0:BSK_BE3C_PAI1_gbt_Layered
2025-10-01 22:19:41,407 - Using PyTorch device: cuda:0
2025-10-01 22:19:41,407 - Selected compute device: cuda:0
2025-10-02 00:50:36,264 - Best Model Parameters: {'learning_rate': 0.05, 'max_depth': 3, 'min_samples_leaf': 2, 'min_samples_split': 2, 'n_estimators': 100}
2025-10-02 00:50:36,265 - Validation F1 Score: 0.36975722492847984
2025-10-02 00:50:36,265 - Validation Precision: 0.29675966890451017
2025-10-02 00:50:36,265 - Validation Recall: 0.4947951273532668
2025-10-02 00:50:36,265 - Validation Accuracy: 0.720864270864271
2025-10-02 00:50:36,265 - Validation AUC: 0.654467252017086
2025-10-02 00:50:42,246 - Holdout Validation F1 Score: 0.41025641025641024
2025-10-02 00:50:42,247 - Holdout Validation Precision: 0.32
2025-10-02 00:50:42,247 - Holdout Validation Recall: 0.5714285714285714
2025-10-02 00:50:42,247 - Holdout Validation Accuracy: 0.695364238410596
2025-10-02 00:50:42,247 - Holdout Validation AUC: 0.6682636469221835
2025-10-02 00:50:42,271 - Test F1 Score: 0.22727272727272727
2025-10-02 00:50:42,272 - Test Precision: 0.17543859649122806
2025-10-02 00:50:42,272 - Test Recall: 0.3225806451612903
2025-10-02 00:50:42,272 - Test Accuracy: 0.6023391812865497
2025-10-02 00:50:42,272 - Test AUC: 0.5473502304147465
2025-10-02 00:50:43,107 - Best model saved as /gpfs/home1/won0316/_RESEARCH/0817_Genotoxicity/1_Git_upload/ChemBAI/ToxCast_model/experiments/training/DART_MTL/results/seed_0/BSK_BE3C_PAI1_gbt_Layered/model.joblib
[2025-10-02 00:50:43] END seed_0:BSK_BE3C_PAI1_gbt_Layered status=0
