[2025-10-01 20:12:33] START seed_0:BSK_BE3C_PAI1_rf_Morgan
2025-10-01 20:12:36,929 - Using PyTorch device: cuda:0
2025-10-01 20:12:36,929 - Selected compute device: cuda:0
2025-10-01 20:15:38,927 - Best Model Parameters: {'max_depth': 15, 'min_samples_leaf': 1, 'min_samples_split': 2, 'n_estimators': 600}
2025-10-01 20:15:38,927 - Validation F1 Score: 0.27582687755236773
2025-10-01 20:15:38,927 - Validation Precision: 0.26312722103766883
2025-10-01 20:15:38,927 - Validation Recall: 0.2985603543743079
2025-10-01 20:15:38,927 - Validation Accuracy: 0.7494238194238194
2025-10-01 20:15:38,927 - Validation AUC: 0.6108158488034707
2025-10-01 20:15:39,941 - Holdout Validation F1 Score: 0.43636363636363634
2025-10-01 20:15:39,942 - Holdout Validation Precision: 0.4444444444444444
2025-10-01 20:15:39,942 - Holdout Validation Recall: 0.42857142857142855
2025-10-01 20:15:39,942 - Holdout Validation Accuracy: 0.7947019867549668
2025-10-01 20:15:39,942 - Holdout Validation AUC: 0.7177700348432056
2025-10-01 20:15:40,090 - Test F1 Score: 0.16666666666666666
2025-10-01 20:15:40,091 - Test Precision: 0.23529411764705882
2025-10-01 20:15:40,091 - Test Recall: 0.12903225806451613
2025-10-01 20:15:40,091 - Test Accuracy: 0.7660818713450293
2025-10-01 20:15:40,091 - Test AUC: 0.5918202764976959
2025-10-01 20:15:40,237 - Best model saved as /gpfs/home1/won0316/_RESEARCH/0817_Genotoxicity/1_Git_upload/ChemBAI/ToxCast_model/experiments/training/DART_MTL/results/seed_0/BSK_BE3C_PAI1_rf_Morgan/model.joblib
[2025-10-01 20:15:40] END seed_0:BSK_BE3C_PAI1_rf_Morgan status=0
