[2025-10-01 19:41:54] START seed_1:BSK_BE3C_PAI1_dt_MACCS
2025-10-01 19:41:57,601 - Using PyTorch device: cuda:0
2025-10-01 19:41:57,602 - Selected compute device: cuda:0
2025-10-01 19:42:16,019 - Best Model Parameters: {'criterion': 'entropy', 'max_depth': None, 'min_samples_leaf': 1, 'min_samples_split': 4}
2025-10-01 19:42:16,019 - Validation F1 Score: 0.3159358440389505
2025-10-01 19:42:16,020 - Validation Precision: 0.272353769208441
2025-10-01 19:42:16,020 - Validation Recall: 0.38012684989429174
2025-10-01 19:42:16,020 - Validation Accuracy: 0.7383763837638376
2025-10-01 19:42:16,020 - Validation AUC: 0.5993335321439174
2025-10-01 19:42:16,074 - Holdout Validation F1 Score: 0.24
2025-10-01 19:42:16,074 - Holdout Validation Precision: 0.1935483870967742
2025-10-01 19:42:16,074 - Holdout Validation Recall: 0.3157894736842105
2025-10-01 19:42:16,074 - Holdout Validation Accuracy: 0.6448598130841121
2025-10-01 19:42:16,074 - Holdout Validation AUC: 0.5113636363636365
2025-10-01 19:42:16,084 - Test F1 Score: 0.2857142857142857
2025-10-01 19:42:16,084 - Test Precision: 0.22580645161290322
2025-10-01 19:42:16,084 - Test Recall: 0.3888888888888889
2025-10-01 19:42:16,084 - Test Accuracy: 0.5483870967741935
2025-10-01 19:42:16,084 - Test AUC: 0.4992997198879552
2025-10-01 19:42:16,086 - Best model saved as /gpfs/home1/won0316/_RESEARCH/0817_Genotoxicity/1_Git_upload/ChemBAI/ToxCast_model/experiments/training/DART_MTL/results/seed_1/BSK_BE3C_PAI1_dt_MACCS/model.joblib
[2025-10-01 19:42:16] END seed_1:BSK_BE3C_PAI1_dt_MACCS status=0
