[2025-10-01 20:15:40] START seed_1:BSK_BE3C_PAI1_rf_Morgan
2025-10-01 20:15:43,286 - Using PyTorch device: cuda:0
2025-10-01 20:15:43,286 - Selected compute device: cuda:0
2025-10-01 20:18:45,702 - Best Model Parameters: {'max_depth': 15, 'min_samples_leaf': 1, 'min_samples_split': 2, 'n_estimators': 400}
2025-10-01 20:18:45,702 - Validation F1 Score: 0.3043591917358282
2025-10-01 20:18:45,702 - Validation Precision: 0.28251529251458096
2025-10-01 20:18:45,702 - Validation Recall: 0.33879492600422834
2025-10-01 20:18:45,702 - Validation Accuracy: 0.7560885608856089
2025-10-01 20:18:45,702 - Validation AUC: 0.6378916092619997
2025-10-01 20:18:46,450 - Holdout Validation F1 Score: 0.14814814814814814
2025-10-01 20:18:46,450 - Holdout Validation Precision: 0.25
2025-10-01 20:18:46,450 - Holdout Validation Recall: 0.10526315789473684
2025-10-01 20:18:46,450 - Holdout Validation Accuracy: 0.7850467289719626
2025-10-01 20:18:46,450 - Holdout Validation AUC: 0.5651913875598087
2025-10-01 20:18:46,556 - Test F1 Score: 0.1724137931034483
2025-10-01 20:18:46,556 - Test Precision: 0.22727272727272727
2025-10-01 20:18:46,556 - Test Recall: 0.1388888888888889
2025-10-01 20:18:46,556 - Test Accuracy: 0.6903225806451613
2025-10-01 20:18:46,556 - Test AUC: 0.49871615312791784
2025-10-01 20:18:46,652 - Best model saved as /gpfs/home1/won0316/_RESEARCH/0817_Genotoxicity/1_Git_upload/ChemBAI/ToxCast_model/experiments/training/DART_MTL/results/seed_1/BSK_BE3C_PAI1_rf_Morgan/model.joblib
[2025-10-01 20:18:47] END seed_1:BSK_BE3C_PAI1_rf_Morgan status=0
