[2025-10-01 20:10:29] START seed_1:BSK_BE3C_PAI1_rf_MACCS
2025-10-01 20:10:31,490 - Using PyTorch device: cuda:0
2025-10-01 20:10:31,491 - Selected compute device: cuda:0
2025-10-01 20:12:56,580 - Best Model Parameters: {'max_depth': 10, 'min_samples_leaf': 1, 'min_samples_split': 4, 'n_estimators': 400}
2025-10-01 20:12:56,581 - Validation F1 Score: 0.3514606463250275
2025-10-01 20:12:56,581 - Validation Precision: 0.30025676870504453
2025-10-01 20:12:56,581 - Validation Recall: 0.43488372093023264
2025-10-01 20:12:56,581 - Validation Accuracy: 0.747256891686564
2025-10-01 20:12:56,581 - Validation AUC: 0.6777633425308247
2025-10-01 20:12:57,183 - Holdout Validation F1 Score: 0.3076923076923077
2025-10-01 20:12:57,183 - Holdout Validation Precision: 0.3
2025-10-01 20:12:57,183 - Holdout Validation Recall: 0.3157894736842105
2025-10-01 20:12:57,183 - Holdout Validation Accuracy: 0.7476635514018691
2025-10-01 20:12:57,184 - Holdout Validation AUC: 0.673145933014354
2025-10-01 20:12:57,283 - Test F1 Score: 0.2465753424657534
2025-10-01 20:12:57,283 - Test Precision: 0.24324324324324326
2025-10-01 20:12:57,283 - Test Recall: 0.25
2025-10-01 20:12:57,283 - Test Accuracy: 0.6451612903225806
2025-10-01 20:12:57,283 - Test AUC: 0.6065592903828197
2025-10-01 20:12:57,378 - Best model saved as /gpfs/home1/won0316/_RESEARCH/0817_Genotoxicity/1_Git_upload/ChemBAI/ToxCast_model/experiments/training/DART_MTL/results/seed_1/BSK_BE3C_PAI1_rf_MACCS/model.joblib
[2025-10-01 20:12:57] END seed_1:BSK_BE3C_PAI1_rf_MACCS status=0
