[2025-10-04 15:16:37] START seed_2:CEETOX_H295R_PROG_xgb_Morgan
2025-10-04 15:16:39,364 - Using PyTorch device: cuda:0
2025-10-04 15:16:39,364 - Selected compute device: cuda:0
2025-10-04 15:32:03,114 - Best Model Parameters: {'colsample_bytree': 0.8, 'learning_rate': 0.1, 'max_depth': 3, 'min_child_weight': 5, 'n_estimators': 400, 'subsample': 0.8}
2025-10-04 15:32:03,114 - Validation F1 Score: 0.5708655186621288
2025-10-04 15:32:03,114 - Validation Precision: 0.551008991008991
2025-10-04 15:32:03,114 - Validation Recall: 0.595766129032258
2025-10-04 15:32:03,114 - Validation Accuracy: 0.6682633053221289
2025-10-04 15:32:03,115 - Validation AUC: 0.6687352066003922
2025-10-04 15:32:04,526 - Holdout Validation F1 Score: 0.4
2025-10-04 15:32:04,526 - Holdout Validation Precision: 0.5454545454545454
2025-10-04 15:32:04,526 - Holdout Validation Recall: 0.3157894736842105
2025-10-04 15:32:04,526 - Holdout Validation Accuracy: 0.4461538461538462
2025-10-04 15:32:04,527 - Holdout Validation AUC: 0.5921052631578948
2025-10-04 15:32:04,894 - Test F1 Score: 0.17777777777777778
2025-10-04 15:32:04,894 - Test Precision: 0.18181818181818182
2025-10-04 15:32:04,894 - Test Recall: 0.17391304347826086
2025-10-04 15:32:04,894 - Test Accuracy: 0.463768115942029
2025-10-04 15:32:04,894 - Test AUC: 0.38752362948960295
2025-10-04 15:32:04,898 - Best model saved as /gpfs/home1/won0316/_RESEARCH/0817_Genotoxicity/1_Git_upload/ChemBAI/ToxCast_model/experiments/training/DART_MTL/results/seed_2/CEETOX_H295R_PROG_xgb_Morgan/model.joblib
[2025-10-04 15:32:05] END seed_2:CEETOX_H295R_PROG_xgb_Morgan status=0
