[2025-10-04 16:29:18] START seed_2:CEETOX_H295R_PROG_logistic_RDKit
2025-10-04 16:29:20,647 - Using PyTorch device: cuda:0
2025-10-04 16:29:20,647 - Selected compute device: cuda:0
2025-10-04 16:47:05,228 - Best Model Parameters: {'C': 0.1, 'penalty': 'l2', 'solver': 'liblinear'}
2025-10-04 16:47:05,228 - Validation F1 Score: 0.5584782952729114
2025-10-04 16:47:05,228 - Validation Precision: 0.555366472607852
2025-10-04 16:47:05,228 - Validation Recall: 0.563508064516129
2025-10-04 16:47:05,228 - Validation Accuracy: 0.6729691876750701
2025-10-04 16:47:05,228 - Validation AUC: 0.6772736750749532
2025-10-04 16:47:05,528 - Holdout Validation F1 Score: 0.6470588235294118
2025-10-04 16:47:05,528 - Holdout Validation Precision: 0.7333333333333333
2025-10-04 16:47:05,528 - Holdout Validation Recall: 0.5789473684210527
2025-10-04 16:47:05,528 - Holdout Validation Accuracy: 0.6307692307692307
2025-10-04 16:47:05,528 - Holdout Validation AUC: 0.6861598440545809
2025-10-04 16:47:05,551 - Test F1 Score: 0.4
2025-10-04 16:47:05,551 - Test Precision: 0.4090909090909091
2025-10-04 16:47:05,551 - Test Recall: 0.391304347826087
2025-10-04 16:47:05,551 - Test Accuracy: 0.6086956521739131
2025-10-04 16:47:05,551 - Test AUC: 0.6001890359168243
2025-10-04 16:47:05,582 - Best model saved as /gpfs/home1/won0316/_RESEARCH/0817_Genotoxicity/1_Git_upload/ChemBAI/ToxCast_model/experiments/training/DART_MTL/results/seed_2/CEETOX_H295R_PROG_logistic_RDKit/model.joblib
[2025-10-04 16:47:06] END seed_2:CEETOX_H295R_PROG_logistic_RDKit status=0
