[2025-10-04 14:34:35] START seed_2:CEETOX_H295R_PROG_rf_Morgan
2025-10-04 14:34:38,006 - Using PyTorch device: cuda:0
2025-10-04 14:34:38,006 - Selected compute device: cuda:0
2025-10-04 14:37:14,960 - Best Model Parameters: {'max_depth': 5, 'min_samples_leaf': 1, 'min_samples_split': 2, 'n_estimators': 600}
2025-10-04 14:37:14,960 - Validation F1 Score: 0.5177587634039303
2025-10-04 14:37:14,960 - Validation Precision: 0.47118937753084095
2025-10-04 14:37:14,960 - Validation Recall: 0.5762096774193548
2025-10-04 14:37:14,960 - Validation Accuracy: 0.601764705882353
2025-10-04 14:37:14,960 - Validation AUC: 0.6166972396925228
2025-10-04 14:37:15,821 - Holdout Validation F1 Score: 0.6153846153846154
2025-10-04 14:37:15,821 - Holdout Validation Precision: 0.6
2025-10-04 14:37:15,822 - Holdout Validation Recall: 0.631578947368421
2025-10-04 14:37:15,822 - Holdout Validation Accuracy: 0.5384615384615384
2025-10-04 14:37:15,822 - Holdout Validation AUC: 0.5414230019493177
2025-10-04 14:37:15,925 - Test F1 Score: 0.2978723404255319
2025-10-04 14:37:15,925 - Test Precision: 0.2916666666666667
2025-10-04 14:37:15,925 - Test Recall: 0.30434782608695654
2025-10-04 14:37:15,926 - Test Accuracy: 0.5217391304347826
2025-10-04 14:37:15,926 - Test AUC: 0.5321361058601134
2025-10-04 14:37:16,055 - Best model saved as /gpfs/home1/won0316/_RESEARCH/0817_Genotoxicity/1_Git_upload/ChemBAI/ToxCast_model/experiments/training/DART_MTL/results/seed_2/CEETOX_H295R_PROG_rf_Morgan/model.joblib
[2025-10-04 14:37:16] END seed_2:CEETOX_H295R_PROG_rf_Morgan status=0
