[2025-10-04 15:50:16] START seed_2:CEETOX_H295R_PROG_xgb_Pattern
2025-10-04 15:50:19,842 - Using PyTorch device: cuda:0
2025-10-04 15:50:19,842 - Selected compute device: cuda:0
2025-10-04 16:20:58,405 - Best Model Parameters: {'colsample_bytree': 0.8, 'learning_rate': 0.1, 'max_depth': 9, 'min_child_weight': 3, 'n_estimators': 200, 'subsample': 0.8}
2025-10-04 16:20:58,405 - Validation F1 Score: 0.5910891151332327
2025-10-04 16:20:58,406 - Validation Precision: 0.5861065901986617
2025-10-04 16:20:58,406 - Validation Recall: 0.602016129032258
2025-10-04 16:20:58,406 - Validation Accuracy: 0.6988235294117647
2025-10-04 16:20:58,406 - Validation AUC: 0.7095762606794256
2025-10-04 16:21:00,687 - Holdout Validation F1 Score: 0.49230769230769234
2025-10-04 16:21:00,688 - Holdout Validation Precision: 0.5925925925925926
2025-10-04 16:21:00,688 - Holdout Validation Recall: 0.42105263157894735
2025-10-04 16:21:00,688 - Holdout Validation Accuracy: 0.49230769230769234
2025-10-04 16:21:00,688 - Holdout Validation AUC: 0.5321637426900585
2025-10-04 16:21:01,417 - Test F1 Score: 0.5245901639344263
2025-10-04 16:21:01,417 - Test Precision: 0.42105263157894735
2025-10-04 16:21:01,417 - Test Recall: 0.6956521739130435
2025-10-04 16:21:01,417 - Test Accuracy: 0.5797101449275363
2025-10-04 16:21:01,417 - Test AUC: 0.6011342155009453
2025-10-04 16:21:01,420 - Best model saved as /gpfs/home1/won0316/_RESEARCH/0817_Genotoxicity/1_Git_upload/ChemBAI/ToxCast_model/experiments/training/DART_MTL/results/seed_2/CEETOX_H295R_PROG_xgb_Pattern/model.joblib
[2025-10-04 16:21:02] END seed_2:CEETOX_H295R_PROG_xgb_Pattern status=0
