[2025-12-05 11:52:10] run_prediction start
Running mode: prediction
/home1/won0316/anaconda3/envs/toxcast_env/lib/python3.11/site-packages/xgboost/core.py:158: UserWarning: [11:52:12] WARNING: /workspace/src/collective/../data/../common/error_msg.h:80: If you are loading a serialized model (like pickle in Python, RDS in R) or
configuration generated by an older version of XGBoost, please export the model by calling
`Booster.save_model` from that version first, then load it back in current version. See:

    https://xgboost.readthedocs.io/en/stable/tutorials/saving_model.html

for more details about differences between saving model and serializing.

  warnings.warn(smsg, UserWarning)
Loading model from ../Final_model_save/ToxCast_model(F1)/ATG_Ahr_CIS_Pattern_dt/ATG_Ahr_CIS_best_model_Pattern_dt.joblib...
Performing prediction for assay: ATG_Ahr_CIS...
Loading model from ../Final_model_save/ToxCast_model(F1)/ATG_BRE_CIS_RDKit_dt/ATG_BRE_CIS_best_model_RDKit_dt.joblib...
Performing prediction for assay: ATG_BRE_CIS...
Loading model from ../Final_model_save/ToxCast_model(F1)/ATG_DR5_RAR_CIS_Layered_logistic/ATG_DR5_RAR_CIS_best_model_Layered_logistic.joblib...
Performing prediction for assay: ATG_DR5_RAR_CIS...
Loading model from ../Final_model_save/ToxCast_model(F1)/ATG_E_Box_CIS_MACCS_dt/ATG_E_Box_CIS_best_model_MACCS_dt.joblib...
Performing prediction for assay: ATG_E_Box_CIS...
Loading model from ../Final_model_save/ToxCast_model(F1)/ATG_ERE_CIS_Layered_xgb/ATG_ERE_CIS_best_model_Layered_xgb.joblib...
Performing prediction for assay: ATG_ERE_CIS...
Loading model from ../Final_model_save/ToxCast_model(F1)/ATG_FoxA2_CIS_RDKit_logistic/ATG_FoxA2_CIS_best_model_RDKit_logistic.joblib...
Performing prediction for assay: ATG_FoxA2_CIS...
Loading model from ../Final_model_save/ToxCast_model(F1)/ATG_FoxO_CIS_Layered_logistic/ATG_FoxO_CIS_best_model_Layered_logistic.joblib...
Performing prediction for assay: ATG_FoxO_CIS...
Loading model from ../Final_model_save/ToxCast_model(F1)/ATG_GLI_CIS_Layered_logistic/ATG_GLI_CIS_best_model_Layered_logistic.joblib...
Performing prediction for assay: ATG_GLI_CIS...
Loading model from ../Final_model_save/ToxCast_model(F1)/ATG_HIF1a_CIS_RDKit_dt/ATG_HIF1a_CIS_best_model_RDKit_dt.joblib...
Performing prediction for assay: ATG_HIF1a_CIS...
Loading model from ../Final_model_save/ToxCast_model(F1)/ATG_NRF2_ARE_CIS_Layered_xgb/ATG_NRF2_ARE_CIS_best_model_Layered_xgb.joblib...
Performing prediction for assay: ATG_NRF2_ARE_CIS...
Loading model from ../Final_model_save/ToxCast_model(F1)/ATG_Oct_MLP_CIS_RDKit_logistic/ATG_Oct_MLP_CIS_best_model_RDKit_logistic.joblib...
Performing prediction for assay: ATG_Oct_MLP_CIS...
Loading model from ../Final_model_save/ToxCast_model(F1)/ATG_p53_CIS_MACCS_xgb/ATG_p53_CIS_best_model_MACCS_xgb.joblib...
Performing prediction for assay: ATG_p53_CIS...
Loading model from ../Final_model_save/ToxCast_model(F1)/ATG_Pax6_CIS_RDKit_logistic/ATG_Pax6_CIS_best_model_RDKit_logistic.joblib...
Performing prediction for assay: ATG_Pax6_CIS...
Loading model from ../Final_model_save/ToxCast_model(F1)/ATG_Sp1_CIS_Pattern_logistic/ATG_Sp1_CIS_best_model_Pattern_logistic.joblib...
Performing prediction for assay: ATG_Sp1_CIS...
Loading model from ../Final_model_save/ToxCast_model(F1)/ATG_SREBP_CIS_Morgan_dt/ATG_SREBP_CIS_best_model_Morgan_dt.joblib...
Performing prediction for assay: ATG_SREBP_CIS...
Loading model from ../Final_model_save/ToxCast_model(F1)/ATG_TCF_b_cat_CIS_RDKit_logistic/ATG_TCF_b_cat_CIS_best_model_RDKit_logistic.joblib...
Performing prediction for assay: ATG_TCF_b_cat_CIS...
Loading model from ../Final_model_save/ToxCast_model(F1)/ATG_VDRE_CIS_MACCS_xgb/ATG_VDRE_CIS_best_model_MACCS_xgb.joblib...
Performing prediction for assay: ATG_VDRE_CIS...
Loading model from ../Final_model_save/ToxCast_model(F1)/ATG_Xbp1_CIS_Layered_logistic/ATG_Xbp1_CIS_best_model_Layered_logistic.joblib...
Performing prediction for assay: ATG_Xbp1_CIS...
Loading model from ../Final_model_save/ToxCast_model(F1)/ATG_AR_TRANS_Layered_gbt/ATG_AR_TRANS_best_model_Layered_gbt.joblib...
Performing prediction for assay: ATG_AR_TRANS...
Loading model from ../Final_model_save/ToxCast_model(F1)/ATG_ERa_TRANS_Layered_xgb/ATG_ERa_TRANS_best_model_Layered_xgb.joblib...
Performing prediction for assay: ATG_ERa_TRANS...
Loading model from ../Final_model_save/ToxCast_model(F1)/ATG_RARa_TRANS_Pattern_logistic/ATG_RARa_TRANS_best_model_Pattern_logistic.joblib...
Performing prediction for assay: ATG_RARa_TRANS...
Loading model from ../Final_model_save/ToxCast_model(F1)/ATG_RARg_TRANS_Pattern_xgb/ATG_RARg_TRANS_best_model_Pattern_xgb.joblib...
Performing prediction for assay: ATG_RARg_TRANS...
Loading model from ../Final_model_save/ToxCast_model(F1)/ATG_RXRa_TRANS_Layered_gbt/ATG_RXRa_TRANS_best_model_Layered_gbt.joblib...
Performing prediction for assay: ATG_RXRa_TRANS...
Loading model from ../Final_model_save/ToxCast_model(F1)/ATG_RXRb_TRANS_Pattern_dt/ATG_RXRb_TRANS_best_model_Pattern_dt.joblib...
Performing prediction for assay: ATG_RXRb_TRANS...
Loading model from ../Final_model_save/ToxCast_model(F1)/TOX21_AR_BLA_Agonist_ratio_Layered_xgb/TOX21_AR_BLA_Agonist_ratio_best_model_Layered_xgb.joblib...
Performing prediction for assay: TOX21_AR_BLA_Agonist_ratio...
Loading model from ../Final_model_save/ToxCast_model(F1)/TOX21_AR_BLA_Antagonist_ratio_RDKit_dt/TOX21_AR_BLA_Antagonist_ratio_best_model_RDKit_dt.joblib...
Performing prediction for assay: TOX21_AR_BLA_Antagonist_ratio...
Loading model from ../Final_model_save/ToxCast_model(F1)/TOX21_AR_LUC_MDAKB2_Agonist_Morgan_rf/TOX21_AR_LUC_MDAKB2_Agonist_best_model_Morgan_rf.joblib...
Performing prediction for assay: TOX21_AR_LUC_MDAKB2_Agonist...
Loading model from ../Final_model_save/ToxCast_model(F1)/TOX21_AR_LUC_MDAKB2_Antagonist_10nM_R1881_Layered_xgb/TOX21_AR_LUC_MDAKB2_Antagonist_10nM_R1881_best_model_Layered_xgb.joblib...
Performing prediction for assay: TOX21_AR_LUC_MDAKB2_Antagonist_10nM_R1881...
Loading model from ../Final_model_save/ToxCast_model(F1)/TOX21_Aromatase_Inhibition_MACCS_xgb/TOX21_Aromatase_Inhibition_best_model_MACCS_xgb.joblib...
Performing prediction for assay: TOX21_Aromatase_Inhibition...
Loading model from ../Final_model_save/ToxCast_model(F1)/TOX21_ERa_BLA_Agonist_ratio_RDKit_xgb/TOX21_ERa_BLA_Agonist_ratio_best_model_RDKit_xgb.joblib...
Performing prediction for assay: TOX21_ERa_BLA_Agonist_ratio...
Loading model from ../Final_model_save/ToxCast_model(F1)/TOX21_ERa_BLA_Antagonist_ratio_Layered_dt/TOX21_ERa_BLA_Antagonist_ratio_best_model_Layered_dt.joblib...
Performing prediction for assay: TOX21_ERa_BLA_Antagonist_ratio...
Loading model from ../Final_model_save/ToxCast_model(F1)/TOX21_ERa_LUC_VM7_Agonist_Pattern_dt/TOX21_ERa_LUC_VM7_Agonist_best_model_Pattern_dt.joblib...
Performing prediction for assay: TOX21_ERa_LUC_VM7_Agonist...
Loading model from ../Final_model_save/ToxCast_model(F1)/TOX21_ERa_LUC_VM7_Antagonist_0.5nM_E2_MACCS_xgb/TOX21_ERa_LUC_VM7_Antagonist_0.5nM_E2_best_model_MACCS_xgb.joblib...
Performing prediction for assay: TOX21_ERa_LUC_VM7_Antagonist_0.5nM_E2...
Loading model from ../Final_model_save/ToxCast_model(F1)/TOX21_AhR_LUC_Agonist_Layered_xgb/TOX21_AhR_LUC_Agonist_best_model_Layered_xgb.joblib...
Performing prediction for assay: TOX21_AhR_LUC_Agonist...
Loading model from ../Final_model_save/ToxCast_model(F1)/TOX21_p53_BLA_p1_ratio_RDKit_logistic/TOX21_p53_BLA_p1_ratio_best_model_RDKit_logistic.joblib...
Performing prediction for assay: TOX21_p53_BLA_p1_ratio...
Loading model from ../Final_model_save/ToxCast_model(F1)/TOX21_p53_BLA_p2_ratio_Morgan_dt/TOX21_p53_BLA_p2_ratio_best_model_Morgan_dt.joblib...
Performing prediction for assay: TOX21_p53_BLA_p2_ratio...
Loading model from ../Final_model_save/ToxCast_model(F1)/TOX21_p53_BLA_p3_ratio_Layered_dt/TOX21_p53_BLA_p3_ratio_best_model_Layered_dt.joblib...
Performing prediction for assay: TOX21_p53_BLA_p3_ratio...
Loading model from ../Final_model_save/ToxCast_model(F1)/TOX21_p53_BLA_p4_ratio_RDKit_xgb/TOX21_p53_BLA_p4_ratio_best_model_RDKit_xgb.joblib...
Performing prediction for assay: TOX21_p53_BLA_p4_ratio...
Loading model from ../Final_model_save/ToxCast_model(F1)/TOX21_p53_BLA_p5_ratio_Layered_dt/TOX21_p53_BLA_p5_ratio_best_model_Layered_dt.joblib...
Performing prediction for assay: TOX21_p53_BLA_p5_ratio...
Loading model from ../Final_model_save/ToxCast_model(F1)/TOX21_ARE_BLA_Agonist_ratio_RDKit_xgb/TOX21_ARE_BLA_Agonist_ratio_best_model_RDKit_xgb.joblib...
Performing prediction for assay: TOX21_ARE_BLA_Agonist_ratio...
Loading model from ../Final_model_save/ToxCast_model(F1)/TOX21_HSE_BLA_Agonist_ratio_Layered_logistic/TOX21_HSE_BLA_Agonist_ratio_best_model_Layered_logistic.joblib...
Performing prediction for assay: TOX21_HSE_BLA_Agonist_ratio...
Loading model from ../Final_model_save/ToxCast_model(F1)/TOX21_VDR_BLA_Agonist_ratio_RDKit_xgb/TOX21_VDR_BLA_Agonist_ratio_best_model_RDKit_xgb.joblib...
Performing prediction for assay: TOX21_VDR_BLA_Agonist_ratio...
Loading model from ../Final_model_save/ToxCast_model(F1)/TOX21_VDR_BLA_Antagonist_ratio_Pattern_dt/TOX21_VDR_BLA_Antagonist_ratio_best_model_Pattern_dt.joblib...
Performing prediction for assay: TOX21_VDR_BLA_Antagonist_ratio...
Loading model from ../Final_model_save/ToxCast_model(F1)/TOX21_ESRE_BLA_ratio_Pattern_gbt/TOX21_ESRE_BLA_ratio_best_model_Pattern_gbt.joblib...
Performing prediction for assay: TOX21_ESRE_BLA_ratio...
Loading model from ../Final_model_save/ToxCast_model(F1)/TOX21_RAR_LUC_Agonist_Pattern_logistic/TOX21_RAR_LUC_Agonist_best_model_Pattern_logistic.joblib...
Performing prediction for assay: TOX21_RAR_LUC_Agonist...
Loading model from ../Final_model_save/ToxCast_model(F1)/TOX21_AR_LUC_MDAKB2_Antagonist_0.5nM_R1881_Pattern_xgb/TOX21_AR_LUC_MDAKB2_Antagonist_0.5nM_R1881_best_model_Pattern_xgb.joblib...
Performing prediction for assay: TOX21_AR_LUC_MDAKB2_Antagonist_0.5nM_R1881...
Loading model from ../Final_model_save/ToxCast_model(F1)/TOX21_RXR_BLA_Agonist_ratio_Layered_logistic/TOX21_RXR_BLA_Agonist_ratio_best_model_Layered_logistic.joblib...
Performing prediction for assay: TOX21_RXR_BLA_Agonist_ratio...
Loading model from ../Final_model_save/ToxCast_model(F1)/TOX21_RAR_LUC_Antagonist_MACCS_xgb/TOX21_RAR_LUC_Antagonist_best_model_MACCS_xgb.joblib...
Performing prediction for assay: TOX21_RAR_LUC_Antagonist...
Loading model from ../Final_model_save/ToxCast_model(F1)/TOX21_TSHR_HTRF_Agonist_ratio_RDKit_xgb/TOX21_TSHR_HTRF_Agonist_ratio_best_model_RDKit_xgb.joblib...
Performing prediction for assay: TOX21_TSHR_HTRF_Agonist_ratio...
Loading model from ../Final_model_save/ToxCast_model(F1)/TOX21_TSHR_HTRF_Antagonist_ratio_RDKit_logistic/TOX21_TSHR_HTRF_Antagonist_ratio_best_model_RDKit_logistic.joblib...
Performing prediction for assay: TOX21_TSHR_HTRF_Antagonist_ratio...
Loading model from ../Final_model_save/ToxCast_model(F1)/TOX21_ERa_LUC_VM7_Antagonist_0.1nM_E2_RDKit_logistic/TOX21_ERa_LUC_VM7_Antagonist_0.1nM_E2_best_model_RDKit_logistic.joblib...
Performing prediction for assay: TOX21_ERa_LUC_VM7_Antagonist_0.1nM_E2...
Loading model from ../Final_model_save/ToxCast_model(F1)/TOX21_ERR_Agonist_Pattern_gbt/TOX21_ERR_Agonist_best_model_Pattern_gbt.joblib...
Performing prediction for assay: TOX21_ERR_Agonist...
Loading model from ../Final_model_save/ToxCast_model(F1)/TOX21_ERR_Antagonist_Pattern_xgb/TOX21_ERR_Antagonist_best_model_Pattern_xgb.joblib...
Performing prediction for assay: TOX21_ERR_Antagonist...
Loading model from ../Final_model_save/ToxCast_model(F1)/TOX21_PGC_ERR_Agonist_Morgan_logistic/TOX21_PGC_ERR_Agonist_best_model_Morgan_logistic.joblib...
Performing prediction for assay: TOX21_PGC_ERR_Agonist...
Loading model from ../Final_model_save/ToxCast_model(F1)/TOX21_PGC_ERR_Antagonist_MACCS_xgb/TOX21_PGC_ERR_Antagonist_best_model_MACCS_xgb.joblib...
Performing prediction for assay: TOX21_PGC_ERR_Antagonist...
Loading model from ../Final_model_save/ToxCast_model(F1)/TOX21_SHH_3T3_GLI3_Agonist_MACCS_rf/TOX21_SHH_3T3_GLI3_Agonist_best_model_MACCS_rf.joblib...
Performing prediction for assay: TOX21_SHH_3T3_GLI3_Agonist...
Loading model from ../Final_model_save/ToxCast_model(F1)/TOX21_SHH_3T3_GLI3_Antagonist_RDKit_logistic/TOX21_SHH_3T3_GLI3_Antagonist_best_model_RDKit_logistic.joblib...
Performing prediction for assay: TOX21_SHH_3T3_GLI3_Antagonist...
Loading model from ../Final_model_save/ToxCast_model(F1)/TOX21_ERb_BLA_Agonist_ratio_Layered_logistic/TOX21_ERb_BLA_Agonist_ratio_best_model_Layered_logistic.joblib...
Performing prediction for assay: TOX21_ERb_BLA_Agonist_ratio...
Loading model from ../Final_model_save/ToxCast_model(F1)/TOX21_ERb_BLA_Antagonist_ratio_Layered_xgb/TOX21_ERb_BLA_Antagonist_ratio_best_model_Layered_xgb.joblib...
Performing prediction for assay: TOX21_ERb_BLA_Antagonist_ratio...
Loading model from ../Final_model_save/ToxCast_model(F1)/TOX21_PR_BLA_Agonist_ratio_RDKit_logistic/TOX21_PR_BLA_Agonist_ratio_best_model_RDKit_logistic.joblib...
Performing prediction for assay: TOX21_PR_BLA_Agonist_ratio...
Loading model from ../Final_model_save/ToxCast_model(F1)/TOX21_PR_BLA_Antagonist_ratio_MACCS_gbt/TOX21_PR_BLA_Antagonist_ratio_best_model_MACCS_gbt.joblib...
Performing prediction for assay: TOX21_PR_BLA_Antagonist_ratio...
Loading model from ../Final_model_save/ToxCast_model(F1)/TOX21_ERa_LUC_VM7_Agonist_10nM_ICI182780_Pattern_logistic/TOX21_ERa_LUC_VM7_Agonist_10nM_ICI182780_best_model_Pattern_logistic.joblib...
Performing prediction for assay: TOX21_ERa_LUC_VM7_Agonist_10nM_ICI182780...
All predictions saved to /gpfs/home1/won0316/_RESEARCH/0817_Genotoxicity/1_Git_upload/ChemBAI/ToxCast_model/experiments/prediction/DART_MTL/results/2025-12-05_11-52-20/DART_Multi+DL_AddData_251204_prediction.xlsx
Metadata saved to /gpfs/home1/won0316/_RESEARCH/0817_Genotoxicity/1_Git_upload/ChemBAI/ToxCast_model/experiments/prediction/DART_MTL/results/metadata.json
모든 예측 작업이 완료되었습니다.
Job 514890 running on n001
[2025-12-05 11:52:23] run_prediction end
