[2025-10-02 04:14:38] START seed_2:BSK_CASM3C_uPAR_logistic_Morgan
2025-10-02 04:14:40,555 - Using PyTorch device: cuda:0
2025-10-02 04:14:40,556 - Selected compute device: cuda:0
2025-10-02 04:40:20,291 - Best Model Parameters: {'C': 0.1, 'penalty': 'l2', 'solver': 'liblinear'}
2025-10-02 04:40:20,291 - Validation F1 Score: 0.28077717301665844
2025-10-02 04:40:20,291 - Validation Precision: 0.24266022198353027
2025-10-02 04:40:20,291 - Validation Recall: 0.33627311522048364
2025-10-02 04:40:20,291 - Validation Accuracy: 0.7603887935963407
2025-10-02 04:40:20,292 - Validation AUC: 0.605287283573859
2025-10-02 04:40:20,547 - Holdout Validation F1 Score: 0.18518518518518517
2025-10-02 04:40:20,547 - Holdout Validation Precision: 0.16129032258064516
2025-10-02 04:40:20,547 - Holdout Validation Recall: 0.21739130434782608
2025-10-02 04:40:20,547 - Holdout Validation Accuracy: 0.6986301369863014
2025-10-02 04:40:20,547 - Holdout Validation AUC: 0.5157299399080947
2025-10-02 04:40:20,563 - Test F1 Score: 0.14285714285714285
2025-10-02 04:40:20,563 - Test Precision: 0.14814814814814814
2025-10-02 04:40:20,563 - Test Recall: 0.13793103448275862
2025-10-02 04:40:20,563 - Test Accuracy: 0.68
2025-10-02 04:40:20,563 - Test AUC: 0.47321174123681964
2025-10-02 04:40:20,565 - Best model saved as /gpfs/home1/won0316/_RESEARCH/0817_Genotoxicity/1_Git_upload/ChemBAI/ToxCast_model/experiments/training/DART_MTL/results/seed_2/BSK_CASM3C_uPAR_logistic_Morgan/model.joblib
[2025-10-02 04:40:21] END seed_2:BSK_CASM3C_uPAR_logistic_Morgan status=0
