[2025-10-02 02:33:51] START seed_2:BSK_CASM3C_uPAR_xgb_Pattern
2025-10-02 02:33:53,383 - Using PyTorch device: cuda:0
2025-10-02 02:33:53,383 - Selected compute device: cuda:0
2025-10-02 03:10:42,358 - Best Model Parameters: {'colsample_bytree': 1.0, 'learning_rate': 0.1, 'max_depth': 3, 'min_child_weight': 5, 'n_estimators': 400, 'subsample': 0.8}
2025-10-02 03:10:42,358 - Validation F1 Score: 0.38834476207217766
2025-10-02 03:10:42,358 - Validation Precision: 0.38882783882783883
2025-10-02 03:10:42,358 - Validation Recall: 0.39061166429587485
2025-10-02 03:10:42,358 - Validation Accuracy: 0.8246397941680961
2025-10-02 03:10:42,358 - Validation AUC: 0.689907633114218
2025-10-02 03:10:45,688 - Holdout Validation F1 Score: 0.2553191489361702
2025-10-02 03:10:45,688 - Holdout Validation Precision: 0.25
2025-10-02 03:10:45,688 - Holdout Validation Recall: 0.2608695652173913
2025-10-02 03:10:45,688 - Holdout Validation Accuracy: 0.7602739726027398
2025-10-02 03:10:45,688 - Holdout Validation AUC: 0.4931071049840933
2025-10-02 03:10:46,443 - Test F1 Score: 0.25925925925925924
2025-10-02 03:10:46,443 - Test Precision: 0.28
2025-10-02 03:10:46,443 - Test Recall: 0.2413793103448276
2025-10-02 03:10:46,443 - Test Accuracy: 0.7333333333333333
2025-10-02 03:10:46,443 - Test AUC: 0.5806497577657452
2025-10-02 03:10:46,447 - Best model saved as /gpfs/home1/won0316/_RESEARCH/0817_Genotoxicity/1_Git_upload/ChemBAI/ToxCast_model/experiments/training/DART_MTL/results/seed_2/BSK_CASM3C_uPAR_xgb_Pattern/model.joblib
[2025-10-02 03:10:47] END seed_2:BSK_CASM3C_uPAR_xgb_Pattern status=0
