[2025-10-04 05:46:55] START seed_2:NVS_ENZ_hVEGFR3_dt_RDKit
2025-10-04 05:46:57,845 - Using PyTorch device: cuda:0
2025-10-04 05:46:57,846 - Selected compute device: cuda:0
2025-10-04 05:48:39,170 - Best Model Parameters: {'criterion': 'entropy', 'max_depth': 3, 'min_samples_leaf': 1, 'min_samples_split': 2}
2025-10-04 05:48:39,170 - Validation F1 Score: 0.3966666666666666
2025-10-04 05:48:39,170 - Validation Precision: 0.3833333333333333
2025-10-04 05:48:39,170 - Validation Recall: 0.6
2025-10-04 05:48:39,170 - Validation Accuracy: 0.667948717948718
2025-10-04 05:48:39,170 - Validation AUC: 0.6618181818181819
2025-10-04 05:48:39,335 - Holdout Validation F1 Score: 0.0
2025-10-04 05:48:39,335 - Holdout Validation Precision: 0.0
2025-10-04 05:48:39,335 - Holdout Validation Recall: 0.0
2025-10-04 05:48:39,335 - Holdout Validation Accuracy: 0.7
2025-10-04 05:48:39,335 - Holdout Validation AUC: 0.33333333333333337
2025-10-04 05:48:39,356 - Test F1 Score: 0.2857142857142857
2025-10-04 05:48:39,356 - Test Precision: 0.16666666666666666
2025-10-04 05:48:39,356 - Test Recall: 1.0
2025-10-04 05:48:39,356 - Test Accuracy: 0.5
2025-10-04 05:48:39,356 - Test AUC: 0.6666666666666666
2025-10-04 05:48:39,358 - Best model saved as /gpfs/home1/won0316/_RESEARCH/0817_Genotoxicity/1_Git_upload/ChemBAI/ToxCast_model/experiments/training/DART_MTL/results/seed_2/NVS_ENZ_hVEGFR3_dt_RDKit/model.joblib
[2025-10-04 05:48:39] END seed_2:NVS_ENZ_hVEGFR3_dt_RDKit status=0
