[2025-10-04 07:52:30] START seed_2:NVS_ENZ_hVEGFR3_gbt_MACCS
2025-10-04 07:52:32,803 - Using PyTorch device: cuda:0
2025-10-04 07:52:32,804 - Selected compute device: cuda:0
2025-10-04 07:55:04,676 - Best Model Parameters: {'learning_rate': 0.2, 'max_depth': 3, 'min_samples_leaf': 1, 'min_samples_split': 4, 'n_estimators': 300}
2025-10-04 07:55:04,676 - Validation F1 Score: 0.3333333333333333
2025-10-04 07:55:04,676 - Validation Precision: 0.25
2025-10-04 07:55:04,676 - Validation Recall: 0.5
2025-10-04 07:55:04,676 - Validation Accuracy: 0.7935897435897437
2025-10-04 07:55:04,677 - Validation AUC: 0.6518181818181819
2025-10-04 07:55:05,026 - Holdout Validation F1 Score: 0.0
2025-10-04 07:55:05,026 - Holdout Validation Precision: 0.0
2025-10-04 07:55:05,026 - Holdout Validation Recall: 0.0
2025-10-04 07:55:05,026 - Holdout Validation Accuracy: 0.9
2025-10-04 07:55:05,026 - Holdout Validation AUC: 0.0
2025-10-04 07:55:05,035 - Test F1 Score: 0.6666666666666666
2025-10-04 07:55:05,035 - Test Precision: 0.5
2025-10-04 07:55:05,035 - Test Recall: 1.0
2025-10-04 07:55:05,035 - Test Accuracy: 0.9
2025-10-04 07:55:05,035 - Test AUC: 1.0
2025-10-04 07:55:05,044 - Best model saved as /gpfs/home1/won0316/_RESEARCH/0817_Genotoxicity/1_Git_upload/ChemBAI/ToxCast_model/experiments/training/DART_MTL/results/seed_2/NVS_ENZ_hVEGFR3_gbt_MACCS/model.joblib
[2025-10-04 07:55:05] END seed_2:NVS_ENZ_hVEGFR3_gbt_MACCS status=0
