[2025-10-04 08:04:03] START seed_2:NVS_ENZ_hVEGFR3_gbt_Morgan
2025-10-04 08:04:05,677 - Using PyTorch device: cuda:0
2025-10-04 08:04:05,678 - Selected compute device: cuda:0
2025-10-04 08:08:02,780 - Best Model Parameters: {'learning_rate': 0.2, 'max_depth': 5, 'min_samples_leaf': 1, 'min_samples_split': 2, 'n_estimators': 100}
2025-10-04 08:08:02,780 - Validation F1 Score: 0.4333333333333333
2025-10-04 08:08:02,780 - Validation Precision: 0.5
2025-10-04 08:08:02,780 - Validation Recall: 0.4
2025-10-04 08:08:02,780 - Validation Accuracy: 0.823076923076923
2025-10-04 08:08:02,780 - Validation AUC: 0.615
2025-10-04 08:08:03,112 - Holdout Validation F1 Score: 0.0
2025-10-04 08:08:03,112 - Holdout Validation Precision: 0.0
2025-10-04 08:08:03,112 - Holdout Validation Recall: 0.0
2025-10-04 08:08:03,112 - Holdout Validation Accuracy: 0.6
2025-10-04 08:08:03,112 - Holdout Validation AUC: 0.3888888888888889
2025-10-04 08:08:03,127 - Test F1 Score: 0.4
2025-10-04 08:08:03,127 - Test Precision: 0.25
2025-10-04 08:08:03,127 - Test Recall: 1.0
2025-10-04 08:08:03,127 - Test Accuracy: 0.7
2025-10-04 08:08:03,127 - Test AUC: 0.888888888888889
2025-10-04 08:08:03,132 - Best model saved as /gpfs/home1/won0316/_RESEARCH/0817_Genotoxicity/1_Git_upload/ChemBAI/ToxCast_model/experiments/training/DART_MTL/results/seed_2/NVS_ENZ_hVEGFR3_gbt_Morgan/model.joblib
[2025-10-04 08:08:03] END seed_2:NVS_ENZ_hVEGFR3_gbt_Morgan status=0
