[2025-10-04 08:25:45] START seed_2:NVS_ENZ_hVEGFR3_gbt_Pattern
2025-10-04 08:25:48,087 - Using PyTorch device: cuda:0
2025-10-04 08:25:48,088 - Selected compute device: cuda:0
2025-10-04 08:33:50,549 - Best Model Parameters: {'learning_rate': 0.05, 'max_depth': 3, 'min_samples_leaf': 1, 'min_samples_split': 2, 'n_estimators': 200}
2025-10-04 08:33:50,549 - Validation F1 Score: 0.3
2025-10-04 08:33:50,549 - Validation Precision: 0.25
2025-10-04 08:33:50,549 - Validation Recall: 0.4
2025-10-04 08:33:50,549 - Validation Accuracy: 0.7602564102564103
2025-10-04 08:33:50,549 - Validation AUC: 0.51
2025-10-04 08:33:51,421 - Holdout Validation F1 Score: 0.0
2025-10-04 08:33:51,422 - Holdout Validation Precision: 0.0
2025-10-04 08:33:51,422 - Holdout Validation Recall: 0.0
2025-10-04 08:33:51,422 - Holdout Validation Accuracy: 0.7
2025-10-04 08:33:51,422 - Holdout Validation AUC: 0.11111111111111116
2025-10-04 08:33:51,443 - Test F1 Score: 0.4
2025-10-04 08:33:51,443 - Test Precision: 0.25
2025-10-04 08:33:51,443 - Test Recall: 1.0
2025-10-04 08:33:51,443 - Test Accuracy: 0.7
2025-10-04 08:33:51,443 - Test AUC: 1.0
2025-10-04 08:33:51,451 - Best model saved as /gpfs/home1/won0316/_RESEARCH/0817_Genotoxicity/1_Git_upload/ChemBAI/ToxCast_model/experiments/training/DART_MTL/results/seed_2/NVS_ENZ_hVEGFR3_gbt_Pattern/model.joblib
[2025-10-04 08:33:51] END seed_2:NVS_ENZ_hVEGFR3_gbt_Pattern status=0
