[2025-10-04 06:11:04] START seed_2:NVS_ENZ_hVEGFR3_rf_RDKit
2025-10-04 06:11:06,944 - Using PyTorch device: cuda:0
2025-10-04 06:11:06,945 - Selected compute device: cuda:0
2025-10-04 06:14:01,800 - Best Model Parameters: {'max_depth': None, 'min_samples_leaf': 1, 'min_samples_split': 4, 'n_estimators': 400}
2025-10-04 06:14:01,800 - Validation F1 Score: 0.21428571428571427
2025-10-04 06:14:01,800 - Validation Precision: 0.18
2025-10-04 06:14:01,801 - Validation Recall: 0.3
2025-10-04 06:14:01,801 - Validation Accuracy: 0.7935897435897437
2025-10-04 06:14:01,801 - Validation AUC: 0.6399999999999999
2025-10-04 06:14:02,534 - Holdout Validation F1 Score: 0.0
2025-10-04 06:14:02,534 - Holdout Validation Precision: 0.0
2025-10-04 06:14:02,534 - Holdout Validation Recall: 0.0
2025-10-04 06:14:02,534 - Holdout Validation Accuracy: 0.9
2025-10-04 06:14:02,534 - Holdout Validation AUC: 0.6666666666666667
2025-10-04 06:14:02,621 - Test F1 Score: 1.0
2025-10-04 06:14:02,621 - Test Precision: 1.0
2025-10-04 06:14:02,621 - Test Recall: 1.0
2025-10-04 06:14:02,621 - Test Accuracy: 1.0
2025-10-04 06:14:02,621 - Test AUC: 1.0
2025-10-04 06:14:02,710 - Best model saved as /gpfs/home1/won0316/_RESEARCH/0817_Genotoxicity/1_Git_upload/ChemBAI/ToxCast_model/experiments/training/DART_MTL/results/seed_2/NVS_ENZ_hVEGFR3_rf_RDKit/model.joblib
[2025-10-04 06:14:03] END seed_2:NVS_ENZ_hVEGFR3_rf_RDKit status=0
