[2025-10-04 06:02:45] START seed_2:NVS_ENZ_hVEGFR3_rf_MACCS
2025-10-04 06:02:48,552 - Using PyTorch device: cuda:0
2025-10-04 06:02:48,552 - Selected compute device: cuda:0
2025-10-04 06:04:52,566 - Best Model Parameters: {'max_depth': None, 'min_samples_leaf': 1, 'min_samples_split': 2, 'n_estimators': 200}
2025-10-04 06:04:52,567 - Validation F1 Score: 0.16
2025-10-04 06:04:52,567 - Validation Precision: 0.13333333333333333
2025-10-04 06:04:52,567 - Validation Recall: 0.2
2025-10-04 06:04:52,567 - Validation Accuracy: 0.7461538461538462
2025-10-04 06:04:52,567 - Validation AUC: 0.5354545454545454
2025-10-04 06:04:52,855 - Holdout Validation F1 Score: 0.0
2025-10-04 06:04:52,855 - Holdout Validation Precision: 0.0
2025-10-04 06:04:52,855 - Holdout Validation Recall: 0.0
2025-10-04 06:04:52,855 - Holdout Validation Accuracy: 0.9
2025-10-04 06:04:52,855 - Holdout Validation AUC: 0.0
2025-10-04 06:04:52,910 - Test F1 Score: 0.5
2025-10-04 06:04:52,910 - Test Precision: 0.3333333333333333
2025-10-04 06:04:52,910 - Test Recall: 1.0
2025-10-04 06:04:52,910 - Test Accuracy: 0.8
2025-10-04 06:04:52,910 - Test AUC: 1.0
2025-10-04 06:04:52,955 - Best model saved as /gpfs/home1/won0316/_RESEARCH/0817_Genotoxicity/1_Git_upload/ChemBAI/ToxCast_model/experiments/training/DART_MTL/results/seed_2/NVS_ENZ_hVEGFR3_rf_MACCS/model.joblib
[2025-10-04 06:04:53] END seed_2:NVS_ENZ_hVEGFR3_rf_MACCS status=0
