[2025-10-04 06:13:57] START seed_2:NVS_ENZ_hVEGFR3_rf_Pattern
2025-10-04 06:13:59,340 - Using PyTorch device: cuda:0
2025-10-04 06:13:59,341 - Selected compute device: cuda:0
2025-10-04 06:16:51,437 - Best Model Parameters: {'max_depth': None, 'min_samples_leaf': 1, 'min_samples_split': 2, 'n_estimators': 200}
2025-10-04 06:16:51,437 - Validation F1 Score: 0.18
2025-10-04 06:16:51,437 - Validation Precision: 0.16666666666666666
2025-10-04 06:16:51,438 - Validation Recall: 0.2
2025-10-04 06:16:51,438 - Validation Accuracy: 0.744871794871795
2025-10-04 06:16:51,438 - Validation AUC: 0.49363636363636376
2025-10-04 06:16:51,939 - Holdout Validation F1 Score: 0.0
2025-10-04 06:16:51,940 - Holdout Validation Precision: 0.0
2025-10-04 06:16:51,940 - Holdout Validation Recall: 0.0
2025-10-04 06:16:51,940 - Holdout Validation Accuracy: 0.8
2025-10-04 06:16:51,940 - Holdout Validation AUC: 0.2222222222222222
2025-10-04 06:16:52,006 - Test F1 Score: 0.6666666666666666
2025-10-04 06:16:52,006 - Test Precision: 0.5
2025-10-04 06:16:52,006 - Test Recall: 1.0
2025-10-04 06:16:52,006 - Test Accuracy: 0.9
2025-10-04 06:16:52,006 - Test AUC: 1.0
2025-10-04 06:16:52,051 - Best model saved as /gpfs/home1/won0316/_RESEARCH/0817_Genotoxicity/1_Git_upload/ChemBAI/ToxCast_model/experiments/training/DART_MTL/results/seed_2/NVS_ENZ_hVEGFR3_rf_Pattern/model.joblib
[2025-10-04 06:16:52] END seed_2:NVS_ENZ_hVEGFR3_rf_Pattern status=0
