[2025-10-04 06:05:02] START seed_2:NVS_ENZ_hVEGFR3_rf_Morgan
2025-10-04 06:05:05,090 - Using PyTorch device: cuda:0
2025-10-04 06:05:05,091 - Selected compute device: cuda:0
2025-10-04 06:07:29,096 - Best Model Parameters: {'max_depth': None, 'min_samples_leaf': 1, 'min_samples_split': 2, 'n_estimators': 600}
2025-10-04 06:07:29,096 - Validation F1 Score: 0.24000000000000005
2025-10-04 06:07:29,096 - Validation Precision: 0.2
2025-10-04 06:07:29,096 - Validation Recall: 0.3
2025-10-04 06:07:29,096 - Validation Accuracy: 0.7910256410256411
2025-10-04 06:07:29,096 - Validation AUC: 0.5900000000000001
2025-10-04 06:07:29,898 - Holdout Validation F1 Score: 0.0
2025-10-04 06:07:29,899 - Holdout Validation Precision: 0.0
2025-10-04 06:07:29,899 - Holdout Validation Recall: 0.0
2025-10-04 06:07:29,899 - Holdout Validation Accuracy: 0.8
2025-10-04 06:07:29,899 - Holdout Validation AUC: 0.0
2025-10-04 06:07:30,000 - Test F1 Score: 0.6666666666666666
2025-10-04 06:07:30,000 - Test Precision: 0.5
2025-10-04 06:07:30,000 - Test Recall: 1.0
2025-10-04 06:07:30,000 - Test Accuracy: 0.9
2025-10-04 06:07:30,000 - Test AUC: 1.0
2025-10-04 06:07:30,132 - Best model saved as /gpfs/home1/won0316/_RESEARCH/0817_Genotoxicity/1_Git_upload/ChemBAI/ToxCast_model/experiments/training/DART_MTL/results/seed_2/NVS_ENZ_hVEGFR3_rf_Morgan/model.joblib
[2025-10-04 06:07:30] END seed_2:NVS_ENZ_hVEGFR3_rf_Morgan status=0
