[2025-10-04 07:30:33] START seed_2:NVS_ENZ_hVEGFR3_xgb_Pattern
2025-10-04 07:30:36,347 - Using PyTorch device: cuda:0
2025-10-04 07:30:36,347 - Selected compute device: cuda:0
2025-10-04 07:57:43,916 - Best Model Parameters: {'colsample_bytree': 1.0, 'learning_rate': 0.1, 'max_depth': 3, 'min_child_weight': 1, 'n_estimators': 400, 'subsample': 0.8}
2025-10-04 07:57:43,916 - Validation F1 Score: 0.29714285714285715
2025-10-04 07:57:43,916 - Validation Precision: 0.24
2025-10-04 07:57:43,916 - Validation Recall: 0.4
2025-10-04 07:57:43,916 - Validation Accuracy: 0.7448717948717949
2025-10-04 07:57:43,916 - Validation AUC: 0.4409090909090908
2025-10-04 07:57:46,475 - Holdout Validation F1 Score: 0.0
2025-10-04 07:57:46,475 - Holdout Validation Precision: 0.0
2025-10-04 07:57:46,475 - Holdout Validation Recall: 0.0
2025-10-04 07:57:46,475 - Holdout Validation Accuracy: 0.9
2025-10-04 07:57:46,475 - Holdout Validation AUC: 0.5555555555555556
2025-10-04 07:57:47,211 - Test F1 Score: 0.3333333333333333
2025-10-04 07:57:47,211 - Test Precision: 0.2
2025-10-04 07:57:47,211 - Test Recall: 1.0
2025-10-04 07:57:47,211 - Test Accuracy: 0.6
2025-10-04 07:57:47,211 - Test AUC: 1.0
2025-10-04 07:57:47,217 - Best model saved as /gpfs/home1/won0316/_RESEARCH/0817_Genotoxicity/1_Git_upload/ChemBAI/ToxCast_model/experiments/training/DART_MTL/results/seed_2/NVS_ENZ_hVEGFR3_xgb_Pattern/model.joblib
[2025-10-04 07:57:47] END seed_2:NVS_ENZ_hVEGFR3_xgb_Pattern status=0
