[2025-10-04 05:39:57] START seed_2:NVS_ENZ_hVEGFR3_dt_MACCS
2025-10-04 05:39:59,677 - Using PyTorch device: cuda:0
2025-10-04 05:39:59,678 - Selected compute device: cuda:0
2025-10-04 05:40:11,683 - Best Model Parameters: {'criterion': 'entropy', 'max_depth': None, 'min_samples_leaf': 1, 'min_samples_split': 3}
2025-10-04 05:40:11,683 - Validation F1 Score: 0.26666666666666666
2025-10-04 05:40:11,683 - Validation Precision: 0.2
2025-10-04 05:40:11,683 - Validation Recall: 0.4
2025-10-04 05:40:11,683 - Validation Accuracy: 0.6807692307692308
2025-10-04 05:40:11,683 - Validation AUC: 0.5681818181818181
2025-10-04 05:40:11,707 - Holdout Validation F1 Score: 0.0
2025-10-04 05:40:11,707 - Holdout Validation Precision: 0.0
2025-10-04 05:40:11,707 - Holdout Validation Recall: 0.0
2025-10-04 05:40:11,707 - Holdout Validation Accuracy: 0.9
2025-10-04 05:40:11,707 - Holdout Validation AUC: 0.5
2025-10-04 05:40:11,716 - Test F1 Score: 1.0
2025-10-04 05:40:11,716 - Test Precision: 1.0
2025-10-04 05:40:11,716 - Test Recall: 1.0
2025-10-04 05:40:11,716 - Test Accuracy: 1.0
2025-10-04 05:40:11,716 - Test AUC: 1.0
2025-10-04 05:40:11,717 - Best model saved as /gpfs/home1/won0316/_RESEARCH/0817_Genotoxicity/1_Git_upload/ChemBAI/ToxCast_model/experiments/training/DART_MTL/results/seed_2/NVS_ENZ_hVEGFR3_dt_MACCS/model.joblib
[2025-10-04 05:40:12] END seed_2:NVS_ENZ_hVEGFR3_dt_MACCS status=0
