[2025-10-04 06:22:25] START seed_2:NVS_ENZ_hVEGFR3_xgb_MACCS
2025-10-04 06:22:27,543 - Using PyTorch device: cuda:0
2025-10-04 06:22:27,543 - Selected compute device: cuda:0
2025-10-04 06:25:04,270 - Best Model Parameters: {'colsample_bytree': 0.8, 'learning_rate': 0.1, 'max_depth': 6, 'min_child_weight': 1, 'n_estimators': 200, 'subsample': 1.0}
2025-10-04 06:25:04,270 - Validation F1 Score: 0.45714285714285713
2025-10-04 06:25:04,270 - Validation Precision: 0.44000000000000006
2025-10-04 06:25:04,270 - Validation Recall: 0.6
2025-10-04 06:25:04,270 - Validation Accuracy: 0.8115384615384617
2025-10-04 06:25:04,270 - Validation AUC: 0.6536363636363636
2025-10-04 06:25:04,536 - Holdout Validation F1 Score: 0.0
2025-10-04 06:25:04,536 - Holdout Validation Precision: 0.0
2025-10-04 06:25:04,536 - Holdout Validation Recall: 0.0
2025-10-04 06:25:04,537 - Holdout Validation Accuracy: 0.8
2025-10-04 06:25:04,537 - Holdout Validation AUC: 0.11111111111111116
2025-10-04 06:25:04,603 - Test F1 Score: 0.6666666666666666
2025-10-04 06:25:04,604 - Test Precision: 0.5
2025-10-04 06:25:04,604 - Test Recall: 1.0
2025-10-04 06:25:04,604 - Test Accuracy: 0.9
2025-10-04 06:25:04,604 - Test AUC: 1.0
2025-10-04 06:25:04,607 - Best model saved as /gpfs/home1/won0316/_RESEARCH/0817_Genotoxicity/1_Git_upload/ChemBAI/ToxCast_model/experiments/training/DART_MTL/results/seed_2/NVS_ENZ_hVEGFR3_xgb_MACCS/model.joblib
[2025-10-04 06:25:05] END seed_2:NVS_ENZ_hVEGFR3_xgb_MACCS status=0
