[2025-10-04 07:19:54] START seed_2:NVS_ENZ_hVEGFR3_xgb_RDKit
2025-10-04 07:19:56,902 - Using PyTorch device: cuda:0
2025-10-04 07:19:56,902 - Selected compute device: cuda:0
2025-10-04 07:46:45,522 - Best Model Parameters: {'colsample_bytree': 1.0, 'learning_rate': 0.1, 'max_depth': 3, 'min_child_weight': 5, 'n_estimators': 400, 'subsample': 0.8}
2025-10-04 07:46:45,522 - Validation F1 Score: 0.26
2025-10-04 07:46:45,522 - Validation Precision: 0.2
2025-10-04 07:46:45,522 - Validation Recall: 0.4
2025-10-04 07:46:45,522 - Validation Accuracy: 0.7461538461538462
2025-10-04 07:46:45,523 - Validation AUC: 0.5872727272727272
2025-10-04 07:46:47,963 - Holdout Validation F1 Score: 0.0
2025-10-04 07:46:47,963 - Holdout Validation Precision: 0.0
2025-10-04 07:46:47,963 - Holdout Validation Recall: 0.0
2025-10-04 07:46:47,963 - Holdout Validation Accuracy: 0.8
2025-10-04 07:46:47,963 - Holdout Validation AUC: 0.7777777777777778
2025-10-04 07:46:48,676 - Test F1 Score: 0.6666666666666666
2025-10-04 07:46:48,677 - Test Precision: 0.5
2025-10-04 07:46:48,677 - Test Recall: 1.0
2025-10-04 07:46:48,677 - Test Accuracy: 0.9
2025-10-04 07:46:48,677 - Test AUC: 0.8888888888888888
2025-10-04 07:46:48,681 - Best model saved as /gpfs/home1/won0316/_RESEARCH/0817_Genotoxicity/1_Git_upload/ChemBAI/ToxCast_model/experiments/training/DART_MTL/results/seed_2/NVS_ENZ_hVEGFR3_xgb_RDKit/model.joblib
[2025-10-04 07:46:49] END seed_2:NVS_ENZ_hVEGFR3_xgb_RDKit status=0
