[2025-10-06 14:03:42] START seed_1:TOX21_ERb_BLA_Antagonist_ratio_xgb_RDKit
2025-10-06 14:03:45,639 - Using PyTorch device: cuda:0
2025-10-06 14:03:45,639 - Selected compute device: cuda:0
2025-10-06 14:58:55,869 - Best Model Parameters: {'colsample_bytree': 1.0, 'learning_rate': 0.1, 'max_depth': 3, 'min_child_weight': 1, 'n_estimators': 400, 'subsample': 1.0}
2025-10-06 14:58:55,869 - Validation F1 Score: 0.46020656768639095
2025-10-06 14:58:55,869 - Validation Precision: 0.41595388765433616
2025-10-06 14:58:55,869 - Validation Recall: 0.5162026354919755
2025-10-06 14:58:55,869 - Validation Accuracy: 0.7973474011524746
2025-10-06 14:58:55,869 - Validation AUC: 0.7496436197353635
2025-10-06 14:59:00,565 - Holdout Validation F1 Score: 0.49295774647887325
2025-10-06 14:59:00,565 - Holdout Validation Precision: 0.49295774647887325
2025-10-06 14:59:00,565 - Holdout Validation Recall: 0.49295774647887325
2025-10-06 14:59:00,565 - Holdout Validation Accuracy: 0.7957446808510639
2025-10-06 14:59:00,565 - Holdout Validation AUC: 0.7006729542441149
2025-10-06 14:59:01,329 - Test F1 Score: 0.3711340206185567
2025-10-06 14:59:01,330 - Test Precision: 0.43902439024390244
2025-10-06 14:59:01,330 - Test Recall: 0.32142857142857145
2025-10-06 14:59:01,330 - Test Accuracy: 0.7429775280898876
2025-10-06 14:59:01,330 - Test AUC: 0.6749660801820728
2025-10-06 14:59:01,335 - Best model saved as /gpfs/home1/won0316/_RESEARCH/0817_Genotoxicity/1_Git_upload/ChemBAI/ToxCast_model/experiments/training/DART_MTL/results/seed_1/TOX21_ERb_BLA_Antagonist_ratio_xgb_RDKit/model.joblib
[2025-10-06 14:59:02] END seed_1:TOX21_ERb_BLA_Antagonist_ratio_xgb_RDKit status=0
