[2025-10-04 09:48:58] START seed_1:CEETOX_H295R_OHPROG_logistic_RDKit
2025-10-04 09:49:01,558 - Using PyTorch device: cuda:0
2025-10-04 09:49:01,558 - Selected compute device: cuda:0
2025-10-04 10:05:56,302 - Best Model Parameters: {'C': 0.1, 'penalty': 'l2', 'solver': 'liblinear'}
2025-10-04 10:05:56,302 - Validation F1 Score: 0.6044192117054112
2025-10-04 10:05:56,302 - Validation Precision: 0.5898703735289101
2025-10-04 10:05:56,302 - Validation Recall: 0.6210526315789474
2025-10-04 10:05:56,302 - Validation Accuracy: 0.6531409601634321
2025-10-04 10:05:56,302 - Validation AUC: 0.6947389060887512
2025-10-04 10:05:56,621 - Holdout Validation F1 Score: 0.6666666666666666
2025-10-04 10:05:56,621 - Holdout Validation Precision: 0.5769230769230769
2025-10-04 10:05:56,621 - Holdout Validation Recall: 0.7894736842105263
2025-10-04 10:05:56,621 - Holdout Validation Accuracy: 0.6739130434782609
2025-10-04 10:05:56,622 - Holdout Validation AUC: 0.7543859649122807
2025-10-04 10:05:56,644 - Test F1 Score: 0.6268656716417911
2025-10-04 10:05:56,644 - Test Precision: 0.5526315789473685
2025-10-04 10:05:56,644 - Test Recall: 0.7241379310344828
2025-10-04 10:05:56,644 - Test Accuracy: 0.6212121212121212
2025-10-04 10:05:56,644 - Test AUC: 0.5862068965517241
2025-10-04 10:05:56,646 - Best model saved as /gpfs/home1/won0316/_RESEARCH/0817_Genotoxicity/1_Git_upload/ChemBAI/ToxCast_model/experiments/training/DART_MTL/results/seed_1/CEETOX_H295R_OHPROG_logistic_RDKit/model.joblib
[2025-10-04 10:05:57] END seed_1:CEETOX_H295R_OHPROG_logistic_RDKit status=0
