[2025-10-04 10:54:10] START seed_1:CEETOX_H295R_ESTRADIOL_xgb_Morgan
2025-10-04 10:54:13,841 - Using PyTorch device: cuda:0
2025-10-04 10:54:13,841 - Selected compute device: cuda:0
2025-10-04 11:10:07,684 - Best Model Parameters: {'colsample_bytree': 1.0, 'learning_rate': 0.1, 'max_depth': 9, 'min_child_weight': 3, 'n_estimators': 200, 'subsample': 1.0}
2025-10-04 11:10:07,684 - Validation F1 Score: 0.24726770813727333
2025-10-04 11:10:07,684 - Validation Precision: 0.2362032085561497
2025-10-04 11:10:07,684 - Validation Recall: 0.2654545454545455
2025-10-04 11:10:07,684 - Validation Accuracy: 0.8062053115423902
2025-10-04 11:10:07,684 - Validation AUC: 0.6028526747514088
2025-10-04 11:10:08,894 - Holdout Validation F1 Score: 0.4
2025-10-04 11:10:08,894 - Holdout Validation Precision: 0.375
2025-10-04 11:10:08,894 - Holdout Validation Recall: 0.42857142857142855
2025-10-04 11:10:08,894 - Holdout Validation Accuracy: 0.8043478260869565
2025-10-04 11:10:08,894 - Holdout Validation AUC: 0.6007326007326008
2025-10-04 11:10:09,264 - Test F1 Score: 0.0
2025-10-04 11:10:09,264 - Test Precision: 0.0
2025-10-04 11:10:09,264 - Test Recall: 0.0
2025-10-04 11:10:09,264 - Test Accuracy: 0.803030303030303
2025-10-04 11:10:09,264 - Test AUC: 0.5478395061728395
2025-10-04 11:10:09,267 - Best model saved as /gpfs/home1/won0316/_RESEARCH/0817_Genotoxicity/1_Git_upload/ChemBAI/ToxCast_model/experiments/training/DART_MTL/results/seed_1/CEETOX_H295R_ESTRADIOL_xgb_Morgan/model.joblib
[2025-10-04 11:10:09] END seed_1:CEETOX_H295R_ESTRADIOL_xgb_Morgan status=0
