[2025-10-04 10:23:46] START seed_1:CEETOX_H295R_ESTRADIOL_dt_Pattern
2025-10-04 10:23:49,112 - Using PyTorch device: cuda:0
2025-10-04 10:23:49,112 - Selected compute device: cuda:0
2025-10-04 10:25:49,558 - Best Model Parameters: {'criterion': 'entropy', 'max_depth': 2, 'min_samples_leaf': 1, 'min_samples_split': 2}
2025-10-04 10:25:49,558 - Validation F1 Score: 0.25606553507964935
2025-10-04 10:25:49,558 - Validation Precision: 0.15571924324393213
2025-10-04 10:25:49,558 - Validation Recall: 0.7327272727272728
2025-10-04 10:25:49,558 - Validation Accuracy: 0.4819458631256384
2025-10-04 10:25:49,558 - Validation AUC: 0.595689711132749
2025-10-04 10:25:49,763 - Holdout Validation F1 Score: 0.4
2025-10-04 10:25:49,763 - Holdout Validation Precision: 0.25
2025-10-04 10:25:49,763 - Holdout Validation Recall: 1.0
2025-10-04 10:25:49,763 - Holdout Validation Accuracy: 0.5434782608695652
2025-10-04 10:25:49,763 - Holdout Validation AUC: 0.7307692307692307
2025-10-04 10:25:49,785 - Test F1 Score: 0.38461538461538464
2025-10-04 10:25:49,786 - Test Precision: 0.25
2025-10-04 10:25:49,786 - Test Recall: 0.8333333333333334
2025-10-04 10:25:49,786 - Test Accuracy: 0.5151515151515151
2025-10-04 10:25:49,786 - Test AUC: 0.6419753086419754
2025-10-04 10:25:49,910 - Best model saved as /gpfs/home1/won0316/_RESEARCH/0817_Genotoxicity/1_Git_upload/ChemBAI/ToxCast_model/experiments/training/DART_MTL/results/seed_1/CEETOX_H295R_ESTRADIOL_dt_Pattern/model.joblib
[2025-10-04 10:25:50] END seed_1:CEETOX_H295R_ESTRADIOL_dt_Pattern status=0
