[2025-10-04 12:17:52] START seed_0:CEETOX_H295R_ESTRONE_dt_RDKit
2025-10-04 12:17:55,465 - Using PyTorch device: cuda:0
2025-10-04 12:17:55,465 - Selected compute device: cuda:0
2025-10-04 12:20:00,357 - Best Model Parameters: {'criterion': 'entropy', 'max_depth': None, 'min_samples_leaf': 1, 'min_samples_split': 2}
2025-10-04 12:20:00,357 - Validation F1 Score: 0.28558441558441555
2025-10-04 12:20:00,357 - Validation Precision: 0.26153846153846155
2025-10-04 12:20:00,357 - Validation Recall: 0.3333333333333333
2025-10-04 12:20:00,357 - Validation Accuracy: 0.8206564287865101
2025-10-04 12:20:00,357 - Validation AUC: 0.6072298325722983
2025-10-04 12:20:00,626 - Holdout Validation F1 Score: 0.3333333333333333
2025-10-04 12:20:00,626 - Holdout Validation Precision: 0.3333333333333333
2025-10-04 12:20:00,626 - Holdout Validation Recall: 0.3333333333333333
2025-10-04 12:20:00,626 - Holdout Validation Accuracy: 0.7058823529411765
2025-10-04 12:20:00,626 - Holdout Validation AUC: 0.5723270440251572
2025-10-04 12:20:00,649 - Test F1 Score: 0.17391304347826086
2025-10-04 12:20:00,649 - Test Precision: 0.2222222222222222
2025-10-04 12:20:00,649 - Test Recall: 0.14285714285714285
2025-10-04 12:20:00,649 - Test Accuracy: 0.5308641975308642
2025-10-04 12:20:00,649 - Test AUC: 0.4393530997304582
2025-10-04 12:20:00,671 - Best model saved as /gpfs/home1/won0316/_RESEARCH/0817_Genotoxicity/1_Git_upload/ChemBAI/ToxCast_model/experiments/training/DART_MTL/results/seed_0/CEETOX_H295R_ESTRONE_dt_RDKit/model.joblib
[2025-10-04 12:20:01] END seed_0:CEETOX_H295R_ESTRONE_dt_RDKit status=0
