[2025-10-04 12:45:54] START seed_0:CEETOX_H295R_ESTRONE_xgb_Pattern
2025-10-04 12:45:57,849 - Using PyTorch device: cuda:0
2025-10-04 12:45:57,850 - Selected compute device: cuda:0
2025-10-04 13:17:17,643 - Best Model Parameters: {'colsample_bytree': 1.0, 'learning_rate': 0.1, 'max_depth': 9, 'min_child_weight': 5, 'n_estimators': 200, 'subsample': 1.0}
2025-10-04 13:17:17,643 - Validation F1 Score: 0.22723895299746694
2025-10-04 13:17:17,643 - Validation Precision: 0.2156993006993007
2025-10-04 13:17:17,643 - Validation Recall: 0.24444444444444446
2025-10-04 13:17:17,643 - Validation Accuracy: 0.8303523035230352
2025-10-04 13:17:17,643 - Validation AUC: 0.6754989007272112
2025-10-04 13:17:19,973 - Holdout Validation F1 Score: 0.34782608695652173
2025-10-04 13:17:19,973 - Holdout Validation Precision: 0.5
2025-10-04 13:17:19,973 - Holdout Validation Recall: 0.26666666666666666
2025-10-04 13:17:19,973 - Holdout Validation Accuracy: 0.7794117647058824
2025-10-04 13:17:19,973 - Holdout Validation AUC: 0.6666666666666667
2025-10-04 13:17:20,711 - Test F1 Score: 0.3333333333333333
2025-10-04 13:17:20,711 - Test Precision: 0.5
2025-10-04 13:17:20,711 - Test Recall: 0.25
2025-10-04 13:17:20,711 - Test Accuracy: 0.654320987654321
2025-10-04 13:17:20,711 - Test AUC: 0.6421832884097034
2025-10-04 13:17:20,715 - Best model saved as /gpfs/home1/won0316/_RESEARCH/0817_Genotoxicity/1_Git_upload/ChemBAI/ToxCast_model/experiments/training/DART_MTL/results/seed_0/CEETOX_H295R_ESTRONE_xgb_Pattern/model.joblib
[2025-10-04 13:17:21] END seed_0:CEETOX_H295R_ESTRONE_xgb_Pattern status=0
