[2025-10-04 14:14:05] START seed_0:CEETOX_H295R_ESTRONE_logistic_Layered
2025-10-04 14:14:09,034 - Using PyTorch device: cuda:0
2025-10-04 14:14:09,034 - Selected compute device: cuda:0
2025-10-04 14:37:31,844 - Best Model Parameters: {'C': 0.1, 'penalty': 'l1', 'solver': 'saga'}
2025-10-04 14:37:31,844 - Validation F1 Score: 0.24423454206962453
2025-10-04 14:37:31,845 - Validation Precision: 0.18702122954444936
2025-10-04 14:37:31,845 - Validation Recall: 0.3555555555555555
2025-10-04 14:37:31,845 - Validation Accuracy: 0.7566997892201145
2025-10-04 14:37:31,845 - Validation AUC: 0.6054435142905463
2025-10-04 14:37:51,051 - Holdout Validation F1 Score: 0.3076923076923077
2025-10-04 14:37:51,051 - Holdout Validation Precision: 0.36363636363636365
2025-10-04 14:37:51,051 - Holdout Validation Recall: 0.26666666666666666
2025-10-04 14:37:51,051 - Holdout Validation Accuracy: 0.7352941176470589
2025-10-04 14:37:51,051 - Holdout Validation AUC: 0.5540880503144654
2025-10-04 14:37:51,074 - Test F1 Score: 0.44
2025-10-04 14:37:51,074 - Test Precision: 0.5
2025-10-04 14:37:51,074 - Test Recall: 0.39285714285714285
2025-10-04 14:37:51,074 - Test Accuracy: 0.654320987654321
2025-10-04 14:37:51,074 - Test AUC: 0.6182614555256065
2025-10-04 14:37:51,076 - Best model saved as /gpfs/home1/won0316/_RESEARCH/0817_Genotoxicity/1_Git_upload/ChemBAI/ToxCast_model/experiments/training/DART_MTL/results/seed_0/CEETOX_H295R_ESTRONE_logistic_Layered/model.joblib
[2025-10-04 14:37:51] END seed_0:CEETOX_H295R_ESTRONE_logistic_Layered status=0
