[2025-10-04 13:39:00] START seed_0:CEETOX_H295R_ESTRONE_logistic_Morgan
2025-10-04 13:39:03,525 - Using PyTorch device: cuda:0
2025-10-04 13:39:03,525 - Selected compute device: cuda:0
2025-10-04 13:46:41,765 - Best Model Parameters: {'C': 1, 'penalty': 'l1', 'solver': 'saga'}
2025-10-04 13:46:41,765 - Validation F1 Score: 0.3003830951657039
2025-10-04 13:46:41,765 - Validation Precision: 0.25077863313157434
2025-10-04 13:46:41,765 - Validation Recall: 0.37777777777777777
2025-10-04 13:46:41,765 - Validation Accuracy: 0.8058416139716954
2025-10-04 13:46:41,765 - Validation AUC: 0.669879925587688
2025-10-04 13:46:47,871 - Holdout Validation F1 Score: 0.07142857142857142
2025-10-04 13:46:47,871 - Holdout Validation Precision: 0.07692307692307693
2025-10-04 13:46:47,871 - Holdout Validation Recall: 0.06666666666666667
2025-10-04 13:46:47,871 - Holdout Validation Accuracy: 0.6176470588235294
2025-10-04 13:46:47,871 - Holdout Validation AUC: 0.4767295597484277
2025-10-04 13:46:47,887 - Test F1 Score: 0.3018867924528302
2025-10-04 13:46:47,887 - Test Precision: 0.32
2025-10-04 13:46:47,887 - Test Recall: 0.2857142857142857
2025-10-04 13:46:47,887 - Test Accuracy: 0.5432098765432098
2025-10-04 13:46:47,887 - Test AUC: 0.5707547169811321
2025-10-04 13:46:47,888 - Best model saved as /gpfs/home1/won0316/_RESEARCH/0817_Genotoxicity/1_Git_upload/ChemBAI/ToxCast_model/experiments/training/DART_MTL/results/seed_0/CEETOX_H295R_ESTRONE_logistic_Morgan/model.joblib
[2025-10-04 13:46:48] END seed_0:CEETOX_H295R_ESTRONE_logistic_Morgan status=0
