[2025-10-04 12:24:53] START seed_0:CEETOX_H295R_ESTRONE_rf_Morgan
2025-10-04 12:24:56,425 - Using PyTorch device: cuda:0
2025-10-04 12:24:56,426 - Selected compute device: cuda:0
2025-10-04 12:27:37,370 - Best Model Parameters: {'max_depth': 5, 'min_samples_leaf': 1, 'min_samples_split': 2, 'n_estimators': 600}
2025-10-04 12:27:37,370 - Validation F1 Score: 0.2441869827227471
2025-10-04 12:27:37,370 - Validation Precision: 0.18755025933818503
2025-10-04 12:27:37,370 - Validation Recall: 0.3555555555555555
2025-10-04 12:27:37,370 - Validation Accuracy: 0.7519722975007528
2025-10-04 12:27:37,370 - Validation AUC: 0.6214062235751733
2025-10-04 12:27:38,250 - Holdout Validation F1 Score: 0.22857142857142856
2025-10-04 12:27:38,250 - Holdout Validation Precision: 0.2
2025-10-04 12:27:38,250 - Holdout Validation Recall: 0.26666666666666666
2025-10-04 12:27:38,250 - Holdout Validation Accuracy: 0.6029411764705882
2025-10-04 12:27:38,250 - Holdout Validation AUC: 0.46037735849056605
2025-10-04 12:27:38,376 - Test F1 Score: 0.45614035087719296
2025-10-04 12:27:38,376 - Test Precision: 0.4482758620689655
2025-10-04 12:27:38,376 - Test Recall: 0.4642857142857143
2025-10-04 12:27:38,376 - Test Accuracy: 0.6172839506172839
2025-10-04 12:27:38,376 - Test AUC: 0.5889487870619946
2025-10-04 12:27:38,509 - Best model saved as /gpfs/home1/won0316/_RESEARCH/0817_Genotoxicity/1_Git_upload/ChemBAI/ToxCast_model/experiments/training/DART_MTL/results/seed_0/CEETOX_H295R_ESTRONE_rf_Morgan/model.joblib
[2025-10-04 12:27:38] END seed_0:CEETOX_H295R_ESTRONE_rf_Morgan status=0
