[2025-10-05 19:37:53] START seed_2:TOX21_p53_BLA_p2_ratio_logistic_Morgan
2025-10-05 19:37:57,092 - Using PyTorch device: cuda:0
2025-10-05 19:37:57,093 - Selected compute device: cuda:0
2025-10-05 21:52:32,280 - Best Model Parameters: {'C': 1, 'penalty': 'l2', 'solver': 'liblinear'}
2025-10-05 21:52:32,280 - Validation F1 Score: 0.2788682273841336
2025-10-05 21:52:32,280 - Validation Precision: 0.23047396709518955
2025-10-05 21:52:32,280 - Validation Recall: 0.3541284403669725
2025-10-05 21:52:32,280 - Validation Accuracy: 0.837163814180929
2025-10-05 21:52:32,280 - Validation AUC: 0.6359537837882195
2025-10-05 21:52:33,024 - Holdout Validation F1 Score: 0.28272251308900526
2025-10-05 21:52:33,024 - Holdout Validation Precision: 0.24545454545454545
2025-10-05 21:52:33,024 - Holdout Validation Recall: 0.3333333333333333
2025-10-05 21:52:33,024 - Holdout Validation Accuracy: 0.8241335044929397
2025-10-05 21:52:33,024 - Holdout Validation AUC: 0.639534472390251
2025-10-05 21:52:33,047 - Test F1 Score: 0.1619047619047619
2025-10-05 21:52:33,047 - Test Precision: 0.13821138211382114
2025-10-05 21:52:33,047 - Test Recall: 0.19540229885057472
2025-10-05 21:52:33,048 - Test Accuracy: 0.7723156532988357
2025-10-05 21:52:33,048 - Test AUC: 0.5433296471297879
2025-10-05 21:52:33,050 - Best model saved as /gpfs/home1/won0316/_RESEARCH/0817_Genotoxicity/1_Git_upload/ChemBAI/ToxCast_model/experiments/training/DART_MTL/results/seed_2/TOX21_p53_BLA_p2_ratio_logistic_Morgan/model.joblib
[2025-10-05 21:52:33] END seed_2:TOX21_p53_BLA_p2_ratio_logistic_Morgan status=0
