[2025-10-05 00:29:43] START seed_2:TOX21_p53_BLA_p2_ratio_xgb_RDKit
2025-10-05 00:29:46,527 - Using PyTorch device: cuda:0
2025-10-05 00:29:46,527 - Selected compute device: cuda:0
2025-10-05 01:28:41,059 - Best Model Parameters: {'colsample_bytree': 1.0, 'learning_rate': 0.1, 'max_depth': 9, 'min_child_weight': 1, 'n_estimators': 400, 'subsample': 1.0}
2025-10-05 01:28:41,060 - Validation F1 Score: 0.362419783780648
2025-10-05 01:28:41,060 - Validation Precision: 0.3844459463488221
2025-10-05 01:28:41,060 - Validation Recall: 0.34311926605504595
2025-10-05 01:28:41,060 - Validation Accuracy: 0.8927465362673187
2025-10-05 01:28:41,060 - Validation AUC: 0.7536689041702911
2025-10-05 01:28:48,551 - Holdout Validation F1 Score: 0.1834862385321101
2025-10-05 01:28:48,551 - Holdout Validation Precision: 0.35714285714285715
2025-10-05 01:28:48,551 - Holdout Validation Recall: 0.12345679012345678
2025-10-05 01:28:48,551 - Holdout Validation Accuracy: 0.8857509627727856
2025-10-05 01:28:48,551 - Holdout Validation AUC: 0.6498019031447876
2025-10-05 01:28:49,319 - Test F1 Score: 0.12389380530973451
2025-10-05 01:28:49,319 - Test Precision: 0.2692307692307692
2025-10-05 01:28:49,319 - Test Recall: 0.08045977011494253
2025-10-05 01:28:49,319 - Test Accuracy: 0.871927554980595
2025-10-05 01:28:49,319 - Test AUC: 0.6651586743071612
2025-10-05 01:28:49,328 - Best model saved as /gpfs/home1/won0316/_RESEARCH/0817_Genotoxicity/1_Git_upload/ChemBAI/ToxCast_model/experiments/training/DART_MTL/results/seed_2/TOX21_p53_BLA_p2_ratio_xgb_RDKit/model.joblib
[2025-10-05 01:28:50] END seed_2:TOX21_p53_BLA_p2_ratio_xgb_RDKit status=0
