[2025-10-04 20:03:39] START seed_2:TOX21_p53_BLA_p2_ratio_dt_MACCS
2025-10-04 20:03:41,757 - Using PyTorch device: cuda:0
2025-10-04 20:03:41,758 - Selected compute device: cuda:0
2025-10-04 20:04:26,539 - Best Model Parameters: {'criterion': 'entropy', 'max_depth': None, 'min_samples_leaf': 1, 'min_samples_split': 2}
2025-10-04 20:04:26,540 - Validation F1 Score: 0.32746449586677284
2025-10-04 20:04:26,540 - Validation Precision: 0.27772085623881415
2025-10-04 20:04:26,540 - Validation Recall: 0.4
2025-10-04 20:04:26,540 - Validation Accuracy: 0.854115729421353
2025-10-04 20:04:26,540 - Validation AUC: 0.6474348033020958
2025-10-04 20:04:26,725 - Holdout Validation F1 Score: 0.27848101265822783
2025-10-04 20:04:26,725 - Holdout Validation Precision: 0.21153846153846154
2025-10-04 20:04:26,725 - Holdout Validation Recall: 0.4074074074074074
2025-10-04 20:04:26,725 - Holdout Validation Accuracy: 0.7804878048780488
2025-10-04 20:04:26,725 - Holdout Validation AUC: 0.6262336835402739
2025-10-04 20:04:26,736 - Test F1 Score: 0.2288135593220339
2025-10-04 20:04:26,736 - Test Precision: 0.18120805369127516
2025-10-04 20:04:26,736 - Test Recall: 0.3103448275862069
2025-10-04 20:04:26,736 - Test Accuracy: 0.7645536869340233
2025-10-04 20:04:26,736 - Test AUC: 0.5665024630541872
2025-10-04 20:04:26,738 - Best model saved as /gpfs/home1/won0316/_RESEARCH/0817_Genotoxicity/1_Git_upload/ChemBAI/ToxCast_model/experiments/training/DART_MTL/results/seed_2/TOX21_p53_BLA_p2_ratio_dt_MACCS/model.joblib
[2025-10-04 20:04:27] END seed_2:TOX21_p53_BLA_p2_ratio_dt_MACCS status=0
