[2025-10-04 11:44:04] START seed_0:CEETOX_H295R_ESTRADIOL_logistic_Morgan
2025-10-04 11:44:07,976 - Using PyTorch device: cuda:0
2025-10-04 11:44:07,977 - Selected compute device: cuda:0
2025-10-04 11:51:50,744 - Best Model Parameters: {'C': 1, 'penalty': 'l2', 'solver': 'liblinear'}
2025-10-04 11:51:50,744 - Validation F1 Score: 0.22098428936792108
2025-10-04 11:51:50,744 - Validation Precision: 0.2107142857142857
2025-10-04 11:51:50,744 - Validation Recall: 0.2444444444444444
2025-10-04 11:51:50,744 - Validation Accuracy: 0.8034327009936766
2025-10-04 11:51:50,744 - Validation AUC: 0.5754650769490952
2025-10-04 11:51:50,943 - Holdout Validation F1 Score: 0.0
2025-10-04 11:51:50,943 - Holdout Validation Precision: 0.0
2025-10-04 11:51:50,943 - Holdout Validation Recall: 0.0
2025-10-04 11:51:50,943 - Holdout Validation Accuracy: 0.8088235294117647
2025-10-04 11:51:50,943 - Holdout Validation AUC: 0.5166666666666666
2025-10-04 11:51:50,959 - Test F1 Score: 0.3333333333333333
2025-10-04 11:51:50,959 - Test Precision: 0.35294117647058826
2025-10-04 11:51:50,959 - Test Recall: 0.3157894736842105
2025-10-04 11:51:50,960 - Test Accuracy: 0.7037037037037037
2025-10-04 11:51:50,960 - Test AUC: 0.5560271646859083
2025-10-04 11:51:50,961 - Best model saved as /gpfs/home1/won0316/_RESEARCH/0817_Genotoxicity/1_Git_upload/ChemBAI/ToxCast_model/experiments/training/DART_MTL/results/seed_0/CEETOX_H295R_ESTRADIOL_logistic_Morgan/model.joblib
[2025-10-04 11:51:51] END seed_0:CEETOX_H295R_ESTRADIOL_logistic_Morgan status=0
