[2025-10-04 10:33:08] START seed_0:CEETOX_H295R_ESTRADIOL_rf_Pattern
2025-10-04 10:33:11,935 - Using PyTorch device: cuda:0
2025-10-04 10:33:11,936 - Selected compute device: cuda:0
2025-10-04 10:36:23,168 - Best Model Parameters: {'max_depth': 5, 'min_samples_leaf': 1, 'min_samples_split': 2, 'n_estimators': 600}
2025-10-04 10:36:23,169 - Validation F1 Score: 0.2767470460573909
2025-10-04 10:36:23,169 - Validation Precision: 0.22069930069930072
2025-10-04 10:36:23,169 - Validation Recall: 0.4
2025-10-04 10:36:23,169 - Validation Accuracy: 0.7593797049081602
2025-10-04 10:36:23,169 - Validation AUC: 0.693531202435312
2025-10-04 10:36:24,243 - Holdout Validation F1 Score: 0.25
2025-10-04 10:36:24,243 - Holdout Validation Precision: 0.15625
2025-10-04 10:36:24,243 - Holdout Validation Recall: 0.625
2025-10-04 10:36:24,243 - Holdout Validation Accuracy: 0.5588235294117647
2025-10-04 10:36:24,243 - Holdout Validation AUC: 0.6125
2025-10-04 10:36:24,374 - Test F1 Score: 0.46808510638297873
2025-10-04 10:36:24,374 - Test Precision: 0.39285714285714285
2025-10-04 10:36:24,374 - Test Recall: 0.5789473684210527
2025-10-04 10:36:24,374 - Test Accuracy: 0.691358024691358
2025-10-04 10:36:24,374 - Test AUC: 0.6935483870967742
2025-10-04 10:36:24,506 - Best model saved as /gpfs/home1/won0316/_RESEARCH/0817_Genotoxicity/1_Git_upload/ChemBAI/ToxCast_model/experiments/training/DART_MTL/results/seed_0/CEETOX_H295R_ESTRADIOL_rf_Pattern/model.joblib
[2025-10-04 10:36:24] END seed_0:CEETOX_H295R_ESTRADIOL_rf_Pattern status=0
