[2025-10-01 11:43:54] START seed_1:BSK_3C_uPAR_xgb_Layered
2025-10-01 11:43:56,594 - Using PyTorch device: cuda:0
2025-10-01 11:43:56,594 - Selected compute device: cuda:0
2025-10-01 12:20:30,246 - Best Model Parameters: {'colsample_bytree': 0.8, 'learning_rate': 0.1, 'max_depth': 9, 'min_child_weight': 5, 'n_estimators': 400, 'subsample': 0.8}
2025-10-01 12:20:30,247 - Validation F1 Score: 0.47268270157006576
2025-10-01 12:20:30,247 - Validation Precision: 0.5024103858636855
2025-10-01 12:20:30,247 - Validation Recall: 0.45187499999999997
2025-10-01 12:20:30,247 - Validation Accuracy: 0.7634225092250922
2025-10-01 12:20:30,247 - Validation AUC: 0.7295514658263972
2025-10-01 12:20:34,452 - Holdout Validation F1 Score: 0.32
2025-10-01 12:20:34,452 - Holdout Validation Precision: 0.47058823529411764
2025-10-01 12:20:34,452 - Holdout Validation Recall: 0.24242424242424243
2025-10-01 12:20:34,452 - Holdout Validation Accuracy: 0.6822429906542056
2025-10-01 12:20:34,452 - Holdout Validation AUC: 0.6228501228501229
2025-10-01 12:20:35,203 - Test F1 Score: 0.37037037037037035
2025-10-01 12:20:35,203 - Test Precision: 0.5555555555555556
2025-10-01 12:20:35,203 - Test Recall: 0.2777777777777778
2025-10-01 12:20:35,203 - Test Accuracy: 0.6709677419354839
2025-10-01 12:20:35,203 - Test AUC: 0.623945727906124
2025-10-01 12:20:35,209 - Best model saved as /gpfs/home1/won0316/_RESEARCH/0817_Genotoxicity/1_Git_upload/ChemBAI/ToxCast_model/experiments/training/DART_MTL/results/seed_1/BSK_3C_uPAR_xgb_Layered/model.joblib
[2025-10-01 12:20:35] END seed_1:BSK_3C_uPAR_xgb_Layered status=0
