[2025-10-01 09:47:20] START seed_1:BSK_3C_uPAR_dt_Morgan
2025-10-01 09:47:23,312 - Using PyTorch device: cuda:0
2025-10-01 09:47:23,313 - Selected compute device: cuda:0
2025-10-01 09:48:52,540 - Best Model Parameters: {'criterion': 'entropy', 'max_depth': None, 'min_samples_leaf': 1, 'min_samples_split': 3}
2025-10-01 09:48:52,541 - Validation F1 Score: 0.3737098279527763
2025-10-01 09:48:52,541 - Validation Precision: 0.3446207866207866
2025-10-01 09:48:52,541 - Validation Recall: 0.4085576923076923
2025-10-01 09:48:52,541 - Validation Accuracy: 0.6742674191447797
2025-10-01 09:48:52,541 - Validation AUC: 0.5948446344882077
2025-10-01 09:48:52,878 - Holdout Validation F1 Score: 0.2727272727272727
2025-10-01 09:48:52,878 - Holdout Validation Precision: 0.2727272727272727
2025-10-01 09:48:52,879 - Holdout Validation Recall: 0.2727272727272727
2025-10-01 09:48:52,879 - Holdout Validation Accuracy: 0.5514018691588785
2025-10-01 09:48:52,879 - Holdout Validation AUC: 0.4643734643734644
2025-10-01 09:48:52,895 - Test F1 Score: 0.4074074074074074
2025-10-01 09:48:52,895 - Test Precision: 0.4074074074074074
2025-10-01 09:48:52,895 - Test Recall: 0.4074074074074074
2025-10-01 09:48:52,895 - Test Accuracy: 0.5870967741935483
2025-10-01 09:48:52,895 - Test AUC: 0.5423542354235423
2025-10-01 09:48:53,887 - Best model saved as /gpfs/home1/won0316/_RESEARCH/0817_Genotoxicity/1_Git_upload/ChemBAI/ToxCast_model/experiments/training/DART_MTL/results/seed_1/BSK_3C_uPAR_dt_Morgan/model.joblib
[2025-10-01 09:48:54] END seed_1:BSK_3C_uPAR_dt_Morgan status=0
