[2025-10-01 09:49:47] START seed_1:BSK_3C_uPAR_dt_RDKit
2025-10-01 09:49:50,628 - Using PyTorch device: cuda:0
2025-10-01 09:49:50,628 - Selected compute device: cuda:0
2025-10-01 09:53:02,103 - Best Model Parameters: {'criterion': 'entropy', 'max_depth': None, 'min_samples_leaf': 1, 'min_samples_split': 4}
2025-10-01 09:53:02,103 - Validation F1 Score: 0.40371485013797637
2025-10-01 09:53:02,103 - Validation Precision: 0.38186975511606225
2025-10-01 09:53:02,103 - Validation Recall: 0.43028846153846156
2025-10-01 09:53:02,103 - Validation Accuracy: 0.6971158020403734
2025-10-01 09:53:02,103 - Validation AUC: 0.6075539802758566
2025-10-01 09:53:02,681 - Holdout Validation F1 Score: 0.5135135135135135
2025-10-01 09:53:02,681 - Holdout Validation Precision: 0.4634146341463415
2025-10-01 09:53:02,681 - Holdout Validation Recall: 0.5757575757575758
2025-10-01 09:53:02,681 - Holdout Validation Accuracy: 0.6635514018691588
2025-10-01 09:53:02,681 - Holdout Validation AUC: 0.6451678951678952
2025-10-01 09:53:02,704 - Test F1 Score: 0.3018867924528302
2025-10-01 09:53:02,704 - Test Precision: 0.3076923076923077
2025-10-01 09:53:02,704 - Test Recall: 0.2962962962962963
2025-10-01 09:53:02,704 - Test Accuracy: 0.5225806451612903
2025-10-01 09:53:02,704 - Test AUC: 0.4725889255592226
2025-10-01 09:53:02,707 - Best model saved as /gpfs/home1/won0316/_RESEARCH/0817_Genotoxicity/1_Git_upload/ChemBAI/ToxCast_model/experiments/training/DART_MTL/results/seed_1/BSK_3C_uPAR_dt_RDKit/model.joblib
[2025-10-01 09:53:03] END seed_1:BSK_3C_uPAR_dt_RDKit status=0
