[2025-09-26 15:55:42] run_prediction start
Running mode: prediction
/home1/won0316/anaconda3/envs/toxcast_env/lib/python3.11/site-packages/xgboost/core.py:158: UserWarning: [15:55:47] WARNING: /workspace/src/collective/../data/../common/error_msg.h:80: If you are loading a serialized model (like pickle in Python, RDS in R) or
configuration generated by an older version of XGBoost, please export the model by calling
`Booster.save_model` from that version first, then load it back in current version. See:

    https://xgboost.readthedocs.io/en/stable/tutorials/saving_model.html

for more details about differences between saving model and serializing.

  warnings.warn(smsg, UserWarning)
Loading model from ../Final_model_save/ToxCast_v.4.2_model_total/CCTE_Mundy_HCI_hN2_NOG_NeuronCount_Pattern_dt/CCTE_Mundy_HCI_hN2_NOG_NeuronCount_best_model_Pattern_dt.joblib...
Performing prediction for assay: CCTE_Mundy_HCI_hN2_NOG_NeuronCount...
Loading model from ../Final_model_save/ToxCast_v.4.2_model_total/CCTE_Mundy_HCI_hN2_NOG_NeuriteLength_Pattern_dt/CCTE_Mundy_HCI_hN2_NOG_NeuriteLength_best_model_Pattern_dt.joblib...
Performing prediction for assay: CCTE_Mundy_HCI_hN2_NOG_NeuriteLength...
Loading model from ../Final_model_save/ToxCast_v.4.2_model_total/UKN2_HCS_IMR90_cell_viability_Layered_dt/UKN2_HCS_IMR90_cell_viability_best_model_Layered_dt.joblib...
Performing prediction for assay: UKN2_HCS_IMR90_cell_viability...
Loading model from ../Final_model_save/ToxCast_v.4.2_model_total/IUF_NPC2a_radial_glia_migration_72hr_Morgan_dt/IUF_NPC2a_radial_glia_migration_72hr_best_model_Morgan_dt.joblib...
Performing prediction for assay: IUF_NPC2a_radial_glia_migration_72hr...
Loading model from ../Final_model_save/ToxCast_v.4.2_model_total/IUF_NPC3_neuronal_differentiation_120hr_RDKit_dt/IUF_NPC3_neuronal_differentiation_120hr_best_model_RDKit_dt.joblib...
Performing prediction for assay: IUF_NPC3_neuronal_differentiation_120hr...
Loading model from ../Final_model_save/ToxCast_v.4.2_model_total/UKN5_HCS_SBAD2_cell_viability_MACCS_dt/UKN5_HCS_SBAD2_cell_viability_best_model_MACCS_dt.joblib...
Performing prediction for assay: UKN5_HCS_SBAD2_cell_viability...
Loading model from ../Final_model_save/ToxCast_v.4.2_model_total/UKN4_HCS_LUHMES_neurite_outgrowth_Pattern_dt/UKN4_HCS_LUHMES_neurite_outgrowth_best_model_Pattern_dt.joblib...
Performing prediction for assay: UKN4_HCS_LUHMES_neurite_outgrowth...
Loading model from ../Final_model_save/ToxCast_v.4.2_model_total/UKN4_HCS_LUHMES_cell_viability_RDKit_dt/UKN4_HCS_LUHMES_cell_viability_best_model_RDKit_dt.joblib...
Performing prediction for assay: UKN4_HCS_LUHMES_cell_viability...
Loading model from ../Final_model_save/ToxCast_v.4.2_model_total/CCTE_Mundy_HCI_Cortical_Synap_Neur_Matur_NeuriteCount_RDKit_dt/CCTE_Mundy_HCI_Cortical_Synap_Neur_Matur_NeuriteCount_best_model_RDKit_dt.joblib...
Performing prediction for assay: CCTE_Mundy_HCI_Cortical_Synap_Neur_Matur_NeuriteCount...
Loading model from ../Final_model_save/ToxCast_v.4.2_model_total/IUF_NPC4_neurite_area_120hr_MACCS_dt/IUF_NPC4_neurite_area_120hr_best_model_MACCS_dt.joblib...
Performing prediction for assay: IUF_NPC4_neurite_area_120hr...
Loading model from ../Final_model_save/ToxCast_v.4.2_model_total/IUF_NPC2-5_cell_number_120hr_MACCS_dt/IUF_NPC2-5_cell_number_120hr_best_model_MACCS_dt.joblib...
Performing prediction for assay: IUF_NPC2-5_cell_number_120hr...
Loading model from ../Final_model_save/ToxCast_v.4.2_model_total/CCTE_Shafer_MEA_dev_per_burst_spike_percent_RDKit_dt/CCTE_Shafer_MEA_dev_per_burst_spike_percent_best_model_RDKit_dt.joblib...
Performing prediction for assay: CCTE_Shafer_MEA_dev_per_burst_spike_percent...
Loading model from ../Final_model_save/ToxCast_v.4.2_model_total/CCTE_Mundy_HCI_iCellGluta_NOG_BPCount_Layered_gbt/CCTE_Mundy_HCI_iCellGluta_NOG_BPCount_best_model_Layered_gbt.joblib...
Performing prediction for assay: CCTE_Mundy_HCI_iCellGluta_NOG_BPCount...
Loading model from ../Final_model_save/ToxCast_v.4.2_model_total/CCTE_Mundy_HCI_iCellGluta_NOG_NeuronCount_RDKit_gbt/CCTE_Mundy_HCI_iCellGluta_NOG_NeuronCount_best_model_RDKit_gbt.joblib...
Performing prediction for assay: CCTE_Mundy_HCI_iCellGluta_NOG_NeuronCount...
Loading model from ../Final_model_save/ToxCast_v.4.2_model_total/CCTE_Mundy_HCI_hNP1_Casp3_7_Pattern_gbt/CCTE_Mundy_HCI_hNP1_Casp3_7_best_model_Pattern_gbt.joblib...
Performing prediction for assay: CCTE_Mundy_HCI_hNP1_Casp3_7...
Loading model from ../Final_model_save/ToxCast_v.4.2_model_total/IUF_NPC2a_radial_glia_migration_120hr_MACCS_gbt/IUF_NPC2a_radial_glia_migration_120hr_best_model_MACCS_gbt.joblib...
Performing prediction for assay: IUF_NPC2a_radial_glia_migration_120hr...
Loading model from ../Final_model_save/ToxCast_v.4.2_model_total/UKN5_HCS_SBAD2_neurite_outgrowth_MACCS_gbt/UKN5_HCS_SBAD2_neurite_outgrowth_best_model_MACCS_gbt.joblib...
Performing prediction for assay: UKN5_HCS_SBAD2_neurite_outgrowth...
Loading model from ../Final_model_save/ToxCast_v.4.2_model_total/IUF_NPC5_oligodendrocyte_differentiation_120hr_Layered_gbt/IUF_NPC5_oligodendrocyte_differentiation_120hr_best_model_Layered_gbt.joblib...
Performing prediction for assay: IUF_NPC5_oligodendrocyte_differentiation_120hr...
Loading model from ../Final_model_save/ToxCast_v.4.2_model_total/CCTE_Shafer_MEA_dev_inter_network_spike_interval_mean_Pattern_gbt/CCTE_Shafer_MEA_dev_inter_network_spike_interval_mean_best_model_Pattern_gbt.joblib...
Performing prediction for assay: CCTE_Shafer_MEA_dev_inter_network_spike_interval_mean...
Loading model from ../Final_model_save/ToxCast_v.4.2_model_total/IUF_NPC1_viability_72hr_MACCS_logistic/IUF_NPC1_viability_72hr_best_model_MACCS_logistic.joblib...
Performing prediction for assay: IUF_NPC1_viability_72hr...
Loading model from ../Final_model_save/ToxCast_v.4.2_model_total/CCTE_Mundy_HCI_hN2_NOG_NeuriteCount_Pattern_logistic/CCTE_Mundy_HCI_hN2_NOG_NeuriteCount_best_model_Pattern_logistic.joblib...
Performing prediction for assay: CCTE_Mundy_HCI_hN2_NOG_NeuriteCount...
Loading model from ../Final_model_save/ToxCast_v.4.2_model_total/CCTE_Mundy_HCI_hNP1_Pro_ResponderAvgInten_Pattern_logistic/CCTE_Mundy_HCI_hNP1_Pro_ResponderAvgInten_best_model_Pattern_logistic.joblib...
Performing prediction for assay: CCTE_Mundy_HCI_hNP1_Pro_ResponderAvgInten...
Loading model from ../Final_model_save/ToxCast_v.4.2_model_total/CCTE_Mundy_HCI_iCellGluta_NOG_NeuriteLength_Morgan_logistic/CCTE_Mundy_HCI_iCellGluta_NOG_NeuriteLength_best_model_Morgan_logistic.joblib...
Performing prediction for assay: CCTE_Mundy_HCI_iCellGluta_NOG_NeuriteLength...
Loading model from ../Final_model_save/ToxCast_v.4.2_model_total/CCTE_Mundy_HCI_Cortical_NOG_NeuronCount_RDKit_logistic/CCTE_Mundy_HCI_Cortical_NOG_NeuronCount_best_model_RDKit_logistic.joblib...
Performing prediction for assay: CCTE_Mundy_HCI_Cortical_NOG_NeuronCount...
Loading model from ../Final_model_save/ToxCast_v.4.2_model_total/CCTE_Mundy_HCI_Cortical_NOG_NeuriteLength_Pattern_logistic/CCTE_Mundy_HCI_Cortical_NOG_NeuriteLength_best_model_Pattern_logistic.joblib...
Performing prediction for assay: CCTE_Mundy_HCI_Cortical_NOG_NeuriteLength...
Loading model from ../Final_model_save/ToxCast_v.4.2_model_total/CCTE_Mundy_HCI_Cortical_Synap_Neur_Matur_BPCount_Pattern_logistic/CCTE_Mundy_HCI_Cortical_Synap_Neur_Matur_BPCount_best_model_Pattern_logistic.joblib...
Performing prediction for assay: CCTE_Mundy_HCI_Cortical_Synap_Neur_Matur_BPCount...
Loading model from ../Final_model_save/ToxCast_v.4.2_model_total/CCTE_Shafer_MEA_dev_firing_rate_mean_Layered_logistic/CCTE_Shafer_MEA_dev_firing_rate_mean_best_model_Layered_logistic.joblib...
Performing prediction for assay: CCTE_Shafer_MEA_dev_firing_rate_mean...
Loading model from ../Final_model_save/ToxCast_v.4.2_model_total/CCTE_Shafer_MEA_dev_bursting_electrodes_number_Layered_logistic/CCTE_Shafer_MEA_dev_bursting_electrodes_number_best_model_Layered_logistic.joblib...
Performing prediction for assay: CCTE_Shafer_MEA_dev_bursting_electrodes_number...
Loading model from ../Final_model_save/ToxCast_v.4.2_model_total/CCTE_Shafer_MEA_dev_burst_duration_mean_Pattern_logistic/CCTE_Shafer_MEA_dev_burst_duration_mean_best_model_Pattern_logistic.joblib...
Performing prediction for assay: CCTE_Shafer_MEA_dev_burst_duration_mean...
Loading model from ../Final_model_save/ToxCast_v.4.2_model_total/CCTE_Shafer_MEA_dev_interburst_interval_mean_RDKit_logistic/CCTE_Shafer_MEA_dev_interburst_interval_mean_best_model_RDKit_logistic.joblib...
Performing prediction for assay: CCTE_Shafer_MEA_dev_interburst_interval_mean...
Loading model from ../Final_model_save/ToxCast_v.4.2_model_total/CCTE_Shafer_MEA_dev_spike_duration_mean_Layered_logistic/CCTE_Shafer_MEA_dev_spike_duration_mean_best_model_Layered_logistic.joblib...
Performing prediction for assay: CCTE_Shafer_MEA_dev_spike_duration_mean...
Loading model from ../Final_model_save/ToxCast_v.4.2_model_total/CCTE_Shafer_MEA_dev_per_network_spike_spike_number_mean_MACCS_logistic/CCTE_Shafer_MEA_dev_per_network_spike_spike_number_mean_best_model_MACCS_logistic.joblib...
Performing prediction for assay: CCTE_Shafer_MEA_dev_per_network_spike_spike_number_mean...
Loading model from ../Final_model_save/ToxCast_v.4.2_model_total/CCTE_Shafer_MEA_dev_mutual_information_norm_Pattern_logistic/CCTE_Shafer_MEA_dev_mutual_information_norm_best_model_Pattern_logistic.joblib...
Performing prediction for assay: CCTE_Shafer_MEA_dev_mutual_information_norm...
Loading model from ../Final_model_save/ToxCast_v.4.2_model_total/IUF_NPC1b_proliferation_BrdU_72hr_Morgan_rf/IUF_NPC1b_proliferation_BrdU_72hr_best_model_Morgan_rf.joblib...
Performing prediction for assay: IUF_NPC1b_proliferation_BrdU_72hr...
Loading model from ../Final_model_save/ToxCast_v.4.2_model_total/CCTE_Mundy_HCI_hN2_NOG_BPCount_MACCS_rf/CCTE_Mundy_HCI_hN2_NOG_BPCount_best_model_MACCS_rf.joblib...
Performing prediction for assay: CCTE_Mundy_HCI_hN2_NOG_BPCount...
Loading model from ../Final_model_save/ToxCast_v.4.2_model_total/CCTE_Mundy_HCI_Cortical_NOG_BPCount_MACCS_rf/CCTE_Mundy_HCI_Cortical_NOG_BPCount_best_model_MACCS_rf.joblib...
Performing prediction for assay: CCTE_Mundy_HCI_Cortical_NOG_BPCount...
Loading model from ../Final_model_save/ToxCast_v.4.2_model_total/CCTE_Mundy_HCI_Cortical_Synap_Neur_Matur_NeuronCount_MACCS_rf/CCTE_Mundy_HCI_Cortical_Synap_Neur_Matur_NeuronCount_best_model_MACCS_rf.joblib...
Performing prediction for assay: CCTE_Mundy_HCI_Cortical_Synap_Neur_Matur_NeuronCount...
Loading model from ../Final_model_save/ToxCast_v.4.2_model_total/CCTE_Mundy_HCI_Cortical_Synap_Neur_Matur_NeuriteLength_Pattern_rf/CCTE_Mundy_HCI_Cortical_Synap_Neur_Matur_NeuriteLength_best_model_Pattern_rf.joblib...
Performing prediction for assay: CCTE_Mundy_HCI_Cortical_Synap_Neur_Matur_NeuriteLength...
Loading model from ../Final_model_save/ToxCast_v.4.2_model_total/CCTE_Mundy_HCI_Cortical_Synap_Neur_Matur_CellBodySpotCount_Layered_rf/CCTE_Mundy_HCI_Cortical_Synap_Neur_Matur_CellBodySpotCount_best_model_Layered_rf.joblib...
Performing prediction for assay: CCTE_Mundy_HCI_Cortical_Synap_Neur_Matur_CellBodySpotCount...
Loading model from ../Final_model_save/ToxCast_v.4.2_model_total/CCTE_Mundy_HCI_Cortical_Synap_Neur_Matur_NeuriteSpotCountPerNeuron_Layered_rf/CCTE_Mundy_HCI_Cortical_Synap_Neur_Matur_NeuriteSpotCountPerNeuron_best_model_Layered_rf.joblib...
Performing prediction for assay: CCTE_Mundy_HCI_Cortical_Synap_Neur_Matur_NeuriteSpotCountPerNeuron...
Loading model from ../Final_model_save/ToxCast_v.4.2_model_total/CCTE_Mundy_HCI_Cortical_Synap_Neur_Matur_SynapseCount_MACCS_rf/CCTE_Mundy_HCI_Cortical_Synap_Neur_Matur_SynapseCount_best_model_MACCS_rf.joblib...
Performing prediction for assay: CCTE_Mundy_HCI_Cortical_Synap_Neur_Matur_SynapseCount...
Loading model from ../Final_model_save/ToxCast_v.4.2_model_total/IUF_NPC2-5_cytotoxicity_120hr_MACCS_rf/IUF_NPC2-5_cytotoxicity_120hr_best_model_MACCS_rf.joblib...
Performing prediction for assay: IUF_NPC2-5_cytotoxicity_120hr...
Loading model from ../Final_model_save/ToxCast_v.4.2_model_total/CCTE_Shafer_MEA_dev_per_burst_interspike_interval_MACCS_rf/CCTE_Shafer_MEA_dev_per_burst_interspike_interval_best_model_MACCS_rf.joblib...
Performing prediction for assay: CCTE_Shafer_MEA_dev_per_burst_interspike_interval...
Loading model from ../Final_model_save/ToxCast_v.4.2_model_total/CCTE_Shafer_MEA_dev_network_spike_duration_std_Layered_rf/CCTE_Shafer_MEA_dev_network_spike_duration_std_best_model_Layered_rf.joblib...
Performing prediction for assay: CCTE_Shafer_MEA_dev_network_spike_duration_std...
Loading model from ../Final_model_save/ToxCast_v.4.2_model_total/CCTE_Shafer_MEA_dev_per_network_spike_spike_percent_MACCS_rf/CCTE_Shafer_MEA_dev_per_network_spike_spike_percent_best_model_MACCS_rf.joblib...
Performing prediction for assay: CCTE_Shafer_MEA_dev_per_network_spike_spike_percent...
Loading model from ../Final_model_save/ToxCast_v.4.2_model_total/CCTE_Shafer_MEA_dev_LDH_MACCS_rf/CCTE_Shafer_MEA_dev_LDH_best_model_MACCS_rf.joblib...
Performing prediction for assay: CCTE_Shafer_MEA_dev_LDH...
Loading model from ../Final_model_save/ToxCast_v.4.2_model_total/CCTE_Shafer_MEA_dev_AB_MACCS_rf/CCTE_Shafer_MEA_dev_AB_best_model_MACCS_rf.joblib...
Performing prediction for assay: CCTE_Shafer_MEA_dev_AB...
Loading model from ../Final_model_save/ToxCast_v.4.2_model_total/CCTE_Mundy_HCI_hNP1_CellTiter_RDKit_xgb/CCTE_Mundy_HCI_hNP1_CellTiter_best_model_RDKit_xgb.joblib...
Performing prediction for assay: CCTE_Mundy_HCI_hNP1_CellTiter...
Loading model from ../Final_model_save/ToxCast_v.4.2_model_total/UKN2_HCS_IMR90_neural_migration_Layered_xgb/UKN2_HCS_IMR90_neural_migration_best_model_Layered_xgb.joblib...
Performing prediction for assay: UKN2_HCS_IMR90_neural_migration...
Loading model from ../Final_model_save/ToxCast_v.4.2_model_total/CCTE_Mundy_HCI_Cortical_NOG_NeuriteCount_Pattern_xgb/CCTE_Mundy_HCI_Cortical_NOG_NeuriteCount_best_model_Pattern_xgb.joblib...
Performing prediction for assay: CCTE_Mundy_HCI_Cortical_NOG_NeuriteCount...
Loading model from ../Final_model_save/ToxCast_v.4.2_model_total/IUF_NPC4_neurite_length_120hr_MACCS_xgb/IUF_NPC4_neurite_length_120hr_best_model_MACCS_xgb.joblib...
Performing prediction for assay: IUF_NPC4_neurite_length_120hr...
Loading model from ../Final_model_save/ToxCast_v.4.2_model_total/CCTE_Shafer_MEA_dev_burst_rate_Pattern_xgb/CCTE_Shafer_MEA_dev_burst_rate_best_model_Pattern_xgb.joblib...
Performing prediction for assay: CCTE_Shafer_MEA_dev_burst_rate...
Loading model from ../Final_model_save/ToxCast_v.4.2_model_total/CCTE_Shafer_MEA_dev_active_electrodes_number_Layered_xgb/CCTE_Shafer_MEA_dev_active_electrodes_number_best_model_Layered_xgb.joblib...
Performing prediction for assay: CCTE_Shafer_MEA_dev_active_electrodes_number...
Loading model from ../Final_model_save/ToxCast_v.4.2_model_total/CCTE_Shafer_MEA_dev_network_spike_number_Morgan_xgb/CCTE_Shafer_MEA_dev_network_spike_number_best_model_Morgan_xgb.joblib...
Performing prediction for assay: CCTE_Shafer_MEA_dev_network_spike_number...
Loading model from ../Final_model_save/ToxCast_v.4.2_model_total/CCTE_Shafer_MEA_dev_network_spike_peak_MACCS_xgb/CCTE_Shafer_MEA_dev_network_spike_peak_best_model_MACCS_xgb.joblib...
Performing prediction for assay: CCTE_Shafer_MEA_dev_network_spike_peak...
Loading model from ../Final_model_save/ToxCast_v.4.2_model_total/CCTE_Shafer_MEA_dev_correlation_coefficient_mean_Pattern_xgb/CCTE_Shafer_MEA_dev_correlation_coefficient_mean_best_model_Pattern_xgb.joblib...
Performing prediction for assay: CCTE_Shafer_MEA_dev_correlation_coefficient_mean...
모델 파일이 존재하지 않습니다: ../Final_model_save/ToxCast_v.4.2_model_total/IUF_NPC1a_proliferation_area_72hr_nan_nan/IUF_NPC1a_proliferation_area_72hr_best_model_nan_nan.joblib
모델 파일이 존재하지 않습니다: ../Final_model_save/ToxCast_v.4.2_model_total/CCTE_Mundy_HCI_iCellGluta_NOG_NeuriteCount_nan_nan/CCTE_Mundy_HCI_iCellGluta_NOG_NeuriteCount_best_model_nan_nan.joblib
모델 파일이 존재하지 않습니다: ../Final_model_save/ToxCast_v.4.2_model_total/IUF_NPC1_cytotoxicity_72hr_nan_nan/IUF_NPC1_cytotoxicity_72hr_best_model_nan_nan.joblib
모델 파일이 존재하지 않습니다: ../Final_model_save/ToxCast_v.4.2_model_total/IUF_NPC2b_neuronal_migration_120hr_nan_nan/IUF_NPC2b_neuronal_migration_120hr_best_model_nan_nan.joblib
모델 파일이 존재하지 않습니다: ../Final_model_save/ToxCast_v.4.2_model_total/IUF_NPC2c_oligodendrocyte_migration_120hr_nan_nan/IUF_NPC2c_oligodendrocyte_migration_120hr_best_model_nan_nan.joblib
모델 파일이 존재하지 않습니다: ../Final_model_save/ToxCast_v.4.2_model_total/CCTE_Mundy_HCI_Cortical_Synap_Neur_Matur_NeuriteSpotCountPerNeuriteLength_nan_nan/CCTE_Mundy_HCI_Cortical_Synap_Neur_Matur_NeuriteSpotCountPerNeuriteLength_best_model_nan_nan.joblib
모델 파일이 존재하지 않습니다: ../Final_model_save/ToxCast_v.4.2_model_total/IUF_NPC2-5_cytotoxicity_72hr_nan_nan/IUF_NPC2-5_cytotoxicity_72hr_best_model_nan_nan.joblib
모델 파일이 존재하지 않습니다: ../Final_model_save/ToxCast_v.4.2_model_total/IUF-NPC2-5_viability_120hr_nan_nan/IUF-NPC2-5_viability_120hr_best_model_nan_nan.joblib
All predictions saved to /gpfs/home1/won0316/_RESEARCH/0817_Genotoxicity/1_Git_upload/ChemBAI/ToxCast_model/experiments/prediction/KGML/results/2025-09-26_15-55-50/KGML4Gapfilling_prediction_prediction.xlsx
Metadata saved to /gpfs/home1/won0316/_RESEARCH/0817_Genotoxicity/1_Git_upload/ChemBAI/ToxCast_model/experiments/prediction/KGML/results/metadata.json
모든 예측 작업이 완료되었습니다.
Job 478816 running on (None)
[2025-09-26 15:55:52] run_prediction end
