[2025-10-04 19:04:21] START seed_2:TOX21_ERa_BLA_Antagonist_ratio_xgb_Layered
2025-10-04 19:04:23,581 - Using PyTorch device: cuda:0
2025-10-04 19:04:23,582 - Selected compute device: cuda:0
2025-10-04 20:00:52,557 - Best Model Parameters: {'colsample_bytree': 0.8, 'learning_rate': 0.1, 'max_depth': 6, 'min_child_weight': 1, 'n_estimators': 400, 'subsample': 0.8}
2025-10-04 20:00:52,557 - Validation F1 Score: 0.44161641970831206
2025-10-04 20:00:52,557 - Validation Precision: 0.46518732492997195
2025-10-04 20:00:52,557 - Validation Recall: 0.4214332308265772
2025-10-04 20:00:52,557 - Validation Accuracy: 0.8731866340668297
2025-10-04 20:00:52,557 - Validation AUC: 0.7981738409039858
2025-10-04 20:00:58,643 - Holdout Validation F1 Score: 0.2994011976047904
2025-10-04 20:00:58,643 - Holdout Validation Precision: 0.3472222222222222
2025-10-04 20:00:58,643 - Holdout Validation Recall: 0.2631578947368421
2025-10-04 20:00:58,643 - Holdout Validation Accuracy: 0.8498074454428755
2025-10-04 20:00:58,643 - Holdout Validation AUC: 0.7322945521698984
2025-10-04 20:00:59,404 - Test F1 Score: 0.26666666666666666
2025-10-04 20:00:59,404 - Test Precision: 0.34285714285714286
2025-10-04 20:00:59,404 - Test Recall: 0.21818181818181817
2025-10-04 20:00:59,404 - Test Accuracy: 0.8292367399741267
2025-10-04 20:00:59,405 - Test AUC: 0.6738036473330591
2025-10-04 20:00:59,417 - Best model saved as /gpfs/home1/won0316/_RESEARCH/0817_Genotoxicity/1_Git_upload/ChemBAI/ToxCast_model/experiments/training/DART_MTL/results/seed_2/TOX21_ERa_BLA_Antagonist_ratio_xgb_Layered/model.joblib
[2025-10-04 20:01:00] END seed_2:TOX21_ERa_BLA_Antagonist_ratio_xgb_Layered status=0
