[2025-10-04 16:30:18] START seed_2:TOX21_ERa_BLA_Antagonist_ratio_dt_Morgan
2025-10-04 16:30:21,385 - Using PyTorch device: cuda:0
2025-10-04 16:30:21,386 - Selected compute device: cuda:0
2025-10-04 16:34:51,168 - Best Model Parameters: {'criterion': 'entropy', 'max_depth': None, 'min_samples_leaf': 1, 'min_samples_split': 3}
2025-10-04 16:34:51,168 - Validation F1 Score: 0.31546882939014187
2025-10-04 16:34:51,169 - Validation Precision: 0.27158010335784755
2025-10-04 16:34:51,169 - Validation Recall: 0.37651663405088065
2025-10-04 16:34:51,169 - Validation Accuracy: 0.8045639771801142
2025-10-04 16:34:51,169 - Validation AUC: 0.6249204296641514
2025-10-04 16:34:52,373 - Holdout Validation F1 Score: 0.20535714285714285
2025-10-04 16:34:52,373 - Holdout Validation Precision: 0.17829457364341086
2025-10-04 16:34:52,373 - Holdout Validation Recall: 0.24210526315789474
2025-10-04 16:34:52,373 - Holdout Validation Accuracy: 0.7715019255455713
2025-10-04 16:34:52,373 - Holdout Validation AUC: 0.5408895044629116
2025-10-04 16:34:52,392 - Test F1 Score: 0.18867924528301888
2025-10-04 16:34:52,392 - Test Precision: 0.16129032258064516
2025-10-04 16:34:52,392 - Test Recall: 0.22727272727272727
2025-10-04 16:34:52,392 - Test Accuracy: 0.7218628719275549
2025-10-04 16:34:52,392 - Test AUC: 0.5156108597285068
2025-10-04 16:34:52,394 - Best model saved as /gpfs/home1/won0316/_RESEARCH/0817_Genotoxicity/1_Git_upload/ChemBAI/ToxCast_model/experiments/training/DART_MTL/results/seed_2/TOX21_ERa_BLA_Antagonist_ratio_dt_Morgan/model.joblib
[2025-10-04 16:34:52] END seed_2:TOX21_ERa_BLA_Antagonist_ratio_dt_Morgan status=0
