[2025-09-30 15:08:31] START seed_0:ATG_DR5_RAR_CIS_xgb_Morgan
2025-09-30 15:08:34,836 - Using PyTorch device: cuda:0
2025-09-30 15:08:34,836 - Selected compute device: cuda:0
2025-09-30 15:29:22,598 - Best Model Parameters: {'colsample_bytree': 0.8, 'learning_rate': 0.1, 'max_depth': 6, 'min_child_weight': 5, 'n_estimators': 400, 'subsample': 0.8}
2025-09-30 15:29:22,598 - Validation F1 Score: 0.20627784136919464
2025-09-30 15:29:22,598 - Validation Precision: 0.18884865399151116
2025-09-30 15:29:22,598 - Validation Recall: 0.2285858585858586
2025-09-30 15:29:22,598 - Validation Accuracy: 0.8697049362174155
2025-09-30 15:29:22,598 - Validation AUC: 0.601563111672824
2025-09-30 15:29:24,732 - Holdout Validation F1 Score: 0.21818181818181817
2025-09-30 15:29:24,732 - Holdout Validation Precision: 0.3157894736842105
2025-09-30 15:29:24,732 - Holdout Validation Recall: 0.16666666666666666
2025-09-30 15:29:24,732 - Holdout Validation Accuracy: 0.8326848249027238
2025-09-30 15:29:24,732 - Holdout Validation AUC: 0.581322272498743
2025-09-30 15:29:25,106 - Test F1 Score: 0.17391304347826086
2025-09-30 15:29:25,106 - Test Precision: 0.25
2025-09-30 15:29:25,106 - Test Recall: 0.13333333333333333
2025-09-30 15:29:25,106 - Test Accuracy: 0.8782051282051282
2025-09-30 15:29:25,106 - Test AUC: 0.47955082742316785
2025-09-30 15:29:25,110 - Best model saved as /gpfs/home1/won0316/_RESEARCH/0817_Genotoxicity/1_Git_upload/ChemBAI/ToxCast_model/experiments/training/DART_MTL/results/seed_0/ATG_DR5_RAR_CIS_xgb_Morgan/model.joblib
[2025-09-30 15:29:25] END seed_0:ATG_DR5_RAR_CIS_xgb_Morgan status=0
