[2025-09-30 14:14:58] START seed_0:ATG_DR5_RAR_CIS_dt_Pattern
2025-09-30 14:15:02,148 - Using PyTorch device: cuda:0
2025-09-30 14:15:02,149 - Selected compute device: cuda:0
2025-09-30 14:20:23,050 - Best Model Parameters: {'criterion': 'entropy', 'max_depth': 5, 'min_samples_leaf': 1, 'min_samples_split': 2}
2025-09-30 14:20:23,050 - Validation F1 Score: 0.21961874054863822
2025-09-30 14:20:23,050 - Validation Precision: 0.1417485635479612
2025-09-30 14:20:23,050 - Validation Recall: 0.5103030303030304
2025-09-30 14:20:23,050 - Validation Accuracy: 0.7254254021075985
2025-09-30 14:20:23,050 - Validation AUC: 0.6505588246847239
2025-09-30 14:20:23,809 - Holdout Validation F1 Score: 0.3027027027027027
2025-09-30 14:20:23,809 - Holdout Validation Precision: 0.18791946308724833
2025-09-30 14:20:23,809 - Holdout Validation Recall: 0.7777777777777778
2025-09-30 14:20:23,809 - Holdout Validation Accuracy: 0.4980544747081712
2025-09-30 14:20:23,809 - Holdout Validation AUC: 0.6664781297134238
2025-09-30 14:20:23,835 - Test F1 Score: 0.19801980198019803
2025-09-30 14:20:23,835 - Test Precision: 0.11627906976744186
2025-09-30 14:20:23,835 - Test Recall: 0.6666666666666666
2025-09-30 14:20:23,835 - Test Accuracy: 0.4807692307692308
2025-09-30 14:20:23,835 - Test AUC: 0.6463947990543735
2025-09-30 14:20:24,581 - Best model saved as /gpfs/home1/won0316/_RESEARCH/0817_Genotoxicity/1_Git_upload/ChemBAI/ToxCast_model/experiments/training/DART_MTL/results/seed_0/ATG_DR5_RAR_CIS_dt_Pattern/model.joblib
[2025-09-30 14:20:25] END seed_0:ATG_DR5_RAR_CIS_dt_Pattern status=0
