[2025-10-04 16:13:39] START seed_0:CEETOX_H295R_PROG_logistic_Layered
2025-10-04 16:13:43,090 - Using PyTorch device: cuda:0
2025-10-04 16:13:43,091 - Selected compute device: cuda:0
2025-10-04 16:29:16,034 - Best Model Parameters: {'C': 0.5, 'penalty': 'l1', 'solver': 'saga'}
2025-10-04 16:29:16,034 - Validation F1 Score: 0.5738972504453435
2025-10-04 16:29:16,034 - Validation Precision: 0.5680389614093729
2025-10-04 16:29:16,034 - Validation Recall: 0.5833333333333333
2025-10-04 16:29:16,034 - Validation Accuracy: 0.6559470039144835
2025-10-04 16:29:16,034 - Validation AUC: 0.6708996856318286
2025-10-04 16:29:30,044 - Holdout Validation F1 Score: 0.4375
2025-10-04 16:29:30,044 - Holdout Validation Precision: 0.3684210526315789
2025-10-04 16:29:30,044 - Holdout Validation Recall: 0.5384615384615384
2025-10-04 16:29:30,044 - Holdout Validation Accuracy: 0.47058823529411764
2025-10-04 16:29:30,044 - Holdout Validation AUC: 0.47252747252747257
2025-10-04 16:29:30,068 - Test F1 Score: 0.36065573770491804
2025-10-04 16:29:30,068 - Test Precision: 0.3333333333333333
2025-10-04 16:29:30,068 - Test Recall: 0.39285714285714285
2025-10-04 16:29:30,068 - Test Accuracy: 0.5185185185185185
2025-10-04 16:29:30,068 - Test AUC: 0.49022911051212936
2025-10-04 16:29:30,069 - Best model saved as /gpfs/home1/won0316/_RESEARCH/0817_Genotoxicity/1_Git_upload/ChemBAI/ToxCast_model/experiments/training/DART_MTL/results/seed_0/CEETOX_H295R_PROG_logistic_Layered/model.joblib
[2025-10-04 16:29:30] END seed_0:CEETOX_H295R_PROG_logistic_Layered status=0
