[2025-10-04 14:23:05] START seed_0:CEETOX_H295R_PROG_dt_Pattern
2025-10-04 14:23:09,083 - Using PyTorch device: cuda:0
2025-10-04 14:23:09,084 - Selected compute device: cuda:0
2025-10-04 14:25:06,223 - Best Model Parameters: {'criterion': 'entropy', 'max_depth': 4, 'min_samples_leaf': 1, 'min_samples_split': 2}
2025-10-04 14:25:06,223 - Validation F1 Score: 0.5444901907473134
2025-10-04 14:25:06,223 - Validation Precision: 0.4871493629709948
2025-10-04 14:25:06,223 - Validation Recall: 0.6575757575757576
2025-10-04 14:25:06,223 - Validation Accuracy: 0.5673592291478471
2025-10-04 14:25:06,223 - Validation AUC: 0.59120670995671
2025-10-04 14:25:06,427 - Holdout Validation F1 Score: 0.4788732394366197
2025-10-04 14:25:06,427 - Holdout Validation Precision: 0.37777777777777777
2025-10-04 14:25:06,427 - Holdout Validation Recall: 0.6538461538461539
2025-10-04 14:25:06,427 - Holdout Validation Accuracy: 0.45588235294117646
2025-10-04 14:25:06,427 - Holdout Validation AUC: 0.445970695970696
2025-10-04 14:25:06,450 - Test F1 Score: 0.5365853658536586
2025-10-04 14:25:06,450 - Test Precision: 0.4074074074074074
2025-10-04 14:25:06,450 - Test Recall: 0.7857142857142857
2025-10-04 14:25:06,450 - Test Accuracy: 0.5308641975308642
2025-10-04 14:25:06,450 - Test AUC: 0.6054582210242587
2025-10-04 14:25:06,452 - Best model saved as /gpfs/home1/won0316/_RESEARCH/0817_Genotoxicity/1_Git_upload/ChemBAI/ToxCast_model/experiments/training/DART_MTL/results/seed_0/CEETOX_H295R_PROG_dt_Pattern/model.joblib
[2025-10-04 14:25:06] END seed_0:CEETOX_H295R_PROG_dt_Pattern status=0
