[2025-09-30 04:54:22] START seed_0:ATG_BRE_CIS_rf_Layered
2025-09-30 04:54:27,163 - Using PyTorch device: cuda:0
2025-09-30 04:54:27,164 - Selected compute device: cuda:0
2025-09-30 05:00:07,786 - Best Model Parameters: {'max_depth': None, 'min_samples_leaf': 1, 'min_samples_split': 2, 'n_estimators': 200}
2025-09-30 05:00:07,786 - Validation F1 Score: 0.19886472348241463
2025-09-30 05:00:07,786 - Validation Precision: 0.22988666072289768
2025-09-30 05:00:07,786 - Validation Recall: 0.1764705882352941
2025-09-30 05:00:07,786 - Validation Accuracy: 0.8797049362174155
2025-09-30 05:00:07,786 - Validation AUC: 0.6799856163694158
2025-09-30 05:00:09,197 - Holdout Validation F1 Score: 0.08695652173913043
2025-09-30 05:00:09,197 - Holdout Validation Precision: 0.18181818181818182
2025-09-30 05:00:09,197 - Holdout Validation Recall: 0.05714285714285714
2025-09-30 05:00:09,197 - Holdout Validation Accuracy: 0.8365758754863813
2025-09-30 05:00:09,198 - Holdout Validation AUC: 0.6247747747747747
2025-09-30 05:00:09,277 - Test F1 Score: 0.11428571428571428
2025-09-30 05:00:09,277 - Test Precision: 0.2222222222222222
2025-09-30 05:00:09,277 - Test Recall: 0.07692307692307693
2025-09-30 05:00:09,277 - Test Accuracy: 0.8012820512820513
2025-09-30 05:00:09,277 - Test AUC: 0.6572115384615385
2025-09-30 05:00:09,338 - Best model saved as /gpfs/home1/won0316/_RESEARCH/0817_Genotoxicity/1_Git_upload/ChemBAI/ToxCast_model/experiments/training/DART_MTL/results/seed_0/ATG_BRE_CIS_rf_Layered/model.joblib
[2025-09-30 05:00:09] END seed_0:ATG_BRE_CIS_rf_Layered status=0
