[2025-09-30 08:36:04] START seed_0:ATG_BRE_CIS_dt_Morgan
2025-09-30 08:36:08,111 - Using PyTorch device: cuda:0
2025-09-30 08:36:08,112 - Selected compute device: cuda:0
2025-09-30 08:38:33,735 - Best Model Parameters: {'criterion': 'gini', 'max_depth': None, 'min_samples_leaf': 1, 'min_samples_split': 3}
2025-09-30 08:38:33,735 - Validation F1 Score: 0.19104146580597864
2025-09-30 08:38:33,735 - Validation Precision: 0.15804089602320007
2025-09-30 08:38:33,735 - Validation Recall: 0.24705882352941172
2025-09-30 08:38:33,735 - Validation Accuracy: 0.8200615640599
2025-09-30 08:38:33,735 - Validation AUC: 0.5609076882615938
2025-09-30 08:38:34,286 - Holdout Validation F1 Score: 0.2127659574468085
2025-09-30 08:38:34,286 - Holdout Validation Precision: 0.1694915254237288
2025-09-30 08:38:34,286 - Holdout Validation Recall: 0.2857142857142857
2025-09-30 08:38:34,286 - Holdout Validation Accuracy: 0.7120622568093385
2025-09-30 08:38:34,287 - Holdout Validation AUC: 0.5267052767052767
2025-09-30 08:38:34,304 - Test F1 Score: 0.16393442622950818
2025-09-30 08:38:34,304 - Test Precision: 0.14285714285714285
2025-09-30 08:38:34,304 - Test Recall: 0.19230769230769232
2025-09-30 08:38:34,304 - Test Accuracy: 0.6730769230769231
2025-09-30 08:38:34,304 - Test AUC: 0.47566568047337277
2025-09-30 08:38:34,306 - Best model saved as /gpfs/home1/won0316/_RESEARCH/0817_Genotoxicity/1_Git_upload/ChemBAI/ToxCast_model/experiments/training/DART_MTL/results/seed_0/ATG_BRE_CIS_dt_Morgan/model.joblib
[2025-09-30 08:38:34] END seed_0:ATG_BRE_CIS_dt_Morgan status=0
