[2025-09-30 09:01:23] START seed_0:ATG_BRE_CIS_dt_Layered
2025-09-30 09:01:27,483 - Using PyTorch device: cuda:0
2025-09-30 09:01:27,483 - Selected compute device: cuda:0
2025-09-30 09:06:50,095 - Best Model Parameters: {'criterion': 'gini', 'max_depth': None, 'min_samples_leaf': 3, 'min_samples_split': 2}
2025-09-30 09:06:50,096 - Validation F1 Score: 0.21916979672816303
2025-09-30 09:06:50,096 - Validation Precision: 0.1830389801820796
2025-09-30 09:06:50,096 - Validation Recall: 0.27450980392156865
2025-09-30 09:06:50,096 - Validation Accuracy: 0.8350521353300057
2025-09-30 09:06:50,096 - Validation AUC: 0.594342440801457
2025-09-30 09:06:51,384 - Holdout Validation F1 Score: 0.21951219512195122
2025-09-30 09:06:51,384 - Holdout Validation Precision: 0.19148936170212766
2025-09-30 09:06:51,384 - Holdout Validation Recall: 0.2571428571428571
2025-09-30 09:06:51,384 - Holdout Validation Accuracy: 0.7509727626459144
2025-09-30 09:06:51,384 - Holdout Validation AUC: 0.5786357786357786
2025-09-30 09:06:51,409 - Test F1 Score: 0.2782608695652174
2025-09-30 09:06:51,409 - Test Precision: 0.25396825396825395
2025-09-30 09:06:51,410 - Test Recall: 0.3076923076923077
2025-09-30 09:06:51,410 - Test Accuracy: 0.7339743589743589
2025-09-30 09:06:51,410 - Test AUC: 0.6083579881656804
2025-09-30 09:06:51,412 - Best model saved as /gpfs/home1/won0316/_RESEARCH/0817_Genotoxicity/1_Git_upload/ChemBAI/ToxCast_model/experiments/training/DART_MTL/results/seed_0/ATG_BRE_CIS_dt_Layered/model.joblib
[2025-09-30 09:06:51] END seed_0:ATG_BRE_CIS_dt_Layered status=0
