nohup: ignoring input
[INFO] input_xlsx      = /home1/won0316/_RESEARCH/0817_Genotoxicity/1_Git_upload/ChemBAI/ToxCast_model/experiments/prediction/DART_MTL_251228/DART_MTL_seed2train/seed2train.xlsx
[INFO] train_seeddir   = /home1/won0316/_RESEARCH/0817_Genotoxicity/1_Git_upload/ChemBAI/ToxCast_model/experiments/training/DART_MTL/results/seed_2
[INFO] backup_seeddir  = /home1/won0316/_RESEARCH/0817_Genotoxicity/1_Git_upload/ChemBAI/ToxCast_model/experiments/training/DART_MTL/results/backup/seed_2
[INFO] results_root    = /home1/won0316/_RESEARCH/0817_Genotoxicity/1_Git_upload/ChemBAI/ToxCast_model/experiments/prediction/DART_MTL_251228/DART_MTL_seed2train/results
[INFO] fp_dir          = /home1/won0316/_RESEARCH/0817_Genotoxicity/1_Git_upload/ChemBAI/ToxCast_model/experiments/prediction/DART_MTL_251228/DART_MTL_seed2train/fingerprints
[INFO] score_xlsx      = /home1/won0316/_RESEARCH/0817_Genotoxicity/1_Git_upload/ChemBAI/ToxCast_model/experiments/prediction/DART_MTL_251228/DART_MTL_seed2train/score_seed2train.xlsx
[INFO] threshold       = 0.5
[INFO] rebuild_fps     = False
[INFO] fp_mem_dtype    = float32
[OK] combo=dt_MACCS | missing_models=0 -> /home1/won0316/_RESEARCH/0817_Genotoxicity/1_Git_upload/ChemBAI/ToxCast_model/experiments/prediction/DART_MTL_251228/DART_MTL_seed2train/results/dt_MACCS/seed2train_dt_MACCS.xlsx
[OK] combo=dt_Morgan | missing_models=0 -> /home1/won0316/_RESEARCH/0817_Genotoxicity/1_Git_upload/ChemBAI/ToxCast_model/experiments/prediction/DART_MTL_251228/DART_MTL_seed2train/results/dt_Morgan/seed2train_dt_Morgan.xlsx
[OK] combo=dt_RDKit | missing_models=0 -> /home1/won0316/_RESEARCH/0817_Genotoxicity/1_Git_upload/ChemBAI/ToxCast_model/experiments/prediction/DART_MTL_251228/DART_MTL_seed2train/results/dt_RDKit/seed2train_dt_RDKit.xlsx
[OK] combo=dt_Pattern | missing_models=0 -> /home1/won0316/_RESEARCH/0817_Genotoxicity/1_Git_upload/ChemBAI/ToxCast_model/experiments/prediction/DART_MTL_251228/DART_MTL_seed2train/results/dt_Pattern/seed2train_dt_Pattern.xlsx
[OK] combo=dt_Layered | missing_models=0 -> /home1/won0316/_RESEARCH/0817_Genotoxicity/1_Git_upload/ChemBAI/ToxCast_model/experiments/prediction/DART_MTL_251228/DART_MTL_seed2train/results/dt_Layered/seed2train_dt_Layered.xlsx
[OK] combo=rf_MACCS | missing_models=0 -> /home1/won0316/_RESEARCH/0817_Genotoxicity/1_Git_upload/ChemBAI/ToxCast_model/experiments/prediction/DART_MTL_251228/DART_MTL_seed2train/results/rf_MACCS/seed2train_rf_MACCS.xlsx
[OK] combo=rf_Morgan | missing_models=0 -> /home1/won0316/_RESEARCH/0817_Genotoxicity/1_Git_upload/ChemBAI/ToxCast_model/experiments/prediction/DART_MTL_251228/DART_MTL_seed2train/results/rf_Morgan/seed2train_rf_Morgan.xlsx
[OK] combo=rf_RDKit | missing_models=0 -> /home1/won0316/_RESEARCH/0817_Genotoxicity/1_Git_upload/ChemBAI/ToxCast_model/experiments/prediction/DART_MTL_251228/DART_MTL_seed2train/results/rf_RDKit/seed2train_rf_RDKit.xlsx
[OK] combo=rf_Pattern | missing_models=0 -> /home1/won0316/_RESEARCH/0817_Genotoxicity/1_Git_upload/ChemBAI/ToxCast_model/experiments/prediction/DART_MTL_251228/DART_MTL_seed2train/results/rf_Pattern/seed2train_rf_Pattern.xlsx
[OK] combo=rf_Layered | missing_models=0 -> /home1/won0316/_RESEARCH/0817_Genotoxicity/1_Git_upload/ChemBAI/ToxCast_model/experiments/prediction/DART_MTL_251228/DART_MTL_seed2train/results/rf_Layered/seed2train_rf_Layered.xlsx
[OK] combo=xgb_MACCS | missing_models=0 -> /home1/won0316/_RESEARCH/0817_Genotoxicity/1_Git_upload/ChemBAI/ToxCast_model/experiments/prediction/DART_MTL_251228/DART_MTL_seed2train/results/xgb_MACCS/seed2train_xgb_MACCS.xlsx
[OK] combo=xgb_Morgan | missing_models=0 -> /home1/won0316/_RESEARCH/0817_Genotoxicity/1_Git_upload/ChemBAI/ToxCast_model/experiments/prediction/DART_MTL_251228/DART_MTL_seed2train/results/xgb_Morgan/seed2train_xgb_Morgan.xlsx
[OK] combo=xgb_RDKit | missing_models=0 -> /home1/won0316/_RESEARCH/0817_Genotoxicity/1_Git_upload/ChemBAI/ToxCast_model/experiments/prediction/DART_MTL_251228/DART_MTL_seed2train/results/xgb_RDKit/seed2train_xgb_RDKit.xlsx
[OK] combo=xgb_Pattern | missing_models=0 -> /home1/won0316/_RESEARCH/0817_Genotoxicity/1_Git_upload/ChemBAI/ToxCast_model/experiments/prediction/DART_MTL_251228/DART_MTL_seed2train/results/xgb_Pattern/seed2train_xgb_Pattern.xlsx
[OK] combo=xgb_Layered | missing_models=0 -> /home1/won0316/_RESEARCH/0817_Genotoxicity/1_Git_upload/ChemBAI/ToxCast_model/experiments/prediction/DART_MTL_251228/DART_MTL_seed2train/results/xgb_Layered/seed2train_xgb_Layered.xlsx
[OK] combo=gbt_MACCS | missing_models=0 -> /home1/won0316/_RESEARCH/0817_Genotoxicity/1_Git_upload/ChemBAI/ToxCast_model/experiments/prediction/DART_MTL_251228/DART_MTL_seed2train/results/gbt_MACCS/seed2train_gbt_MACCS.xlsx
[OK] combo=gbt_Morgan | missing_models=0 -> /home1/won0316/_RESEARCH/0817_Genotoxicity/1_Git_upload/ChemBAI/ToxCast_model/experiments/prediction/DART_MTL_251228/DART_MTL_seed2train/results/gbt_Morgan/seed2train_gbt_Morgan.xlsx
[OK] combo=gbt_RDKit | missing_models=0 -> /home1/won0316/_RESEARCH/0817_Genotoxicity/1_Git_upload/ChemBAI/ToxCast_model/experiments/prediction/DART_MTL_251228/DART_MTL_seed2train/results/gbt_RDKit/seed2train_gbt_RDKit.xlsx
[OK] combo=gbt_Pattern | missing_models=0 -> /home1/won0316/_RESEARCH/0817_Genotoxicity/1_Git_upload/ChemBAI/ToxCast_model/experiments/prediction/DART_MTL_251228/DART_MTL_seed2train/results/gbt_Pattern/seed2train_gbt_Pattern.xlsx
[OK] combo=gbt_Layered | missing_models=0 -> /home1/won0316/_RESEARCH/0817_Genotoxicity/1_Git_upload/ChemBAI/ToxCast_model/experiments/prediction/DART_MTL_251228/DART_MTL_seed2train/results/gbt_Layered/seed2train_gbt_Layered.xlsx
[OK] combo=logistic_MACCS | missing_models=0 -> /home1/won0316/_RESEARCH/0817_Genotoxicity/1_Git_upload/ChemBAI/ToxCast_model/experiments/prediction/DART_MTL_251228/DART_MTL_seed2train/results/logistic_MACCS/seed2train_logistic_MACCS.xlsx
[OK] combo=logistic_Morgan | missing_models=0 -> /home1/won0316/_RESEARCH/0817_Genotoxicity/1_Git_upload/ChemBAI/ToxCast_model/experiments/prediction/DART_MTL_251228/DART_MTL_seed2train/results/logistic_Morgan/seed2train_logistic_Morgan.xlsx
[OK] combo=logistic_RDKit | missing_models=0 -> /home1/won0316/_RESEARCH/0817_Genotoxicity/1_Git_upload/ChemBAI/ToxCast_model/experiments/prediction/DART_MTL_251228/DART_MTL_seed2train/results/logistic_RDKit/seed2train_logistic_RDKit.xlsx
[OK] combo=logistic_Pattern | missing_models=0 -> /home1/won0316/_RESEARCH/0817_Genotoxicity/1_Git_upload/ChemBAI/ToxCast_model/experiments/prediction/DART_MTL_251228/DART_MTL_seed2train/results/logistic_Pattern/seed2train_logistic_Pattern.xlsx
[OK] combo=logistic_Layered | missing_models=0 -> /home1/won0316/_RESEARCH/0817_Genotoxicity/1_Git_upload/ChemBAI/ToxCast_model/experiments/prediction/DART_MTL_251228/DART_MTL_seed2train/results/logistic_Layered/seed2train_logistic_Layered.xlsx

[SAVED] score file: /home1/won0316/_RESEARCH/0817_Genotoxicity/1_Git_upload/ChemBAI/ToxCast_model/experiments/prediction/DART_MTL_251228/DART_MTL_seed2train/score_seed2train.xlsx
