[2025-10-04 02:07:37] START seed_1:BSK_KF3CT_TIMP2_xgb_Morgan
2025-10-04 02:07:39,970 - Using PyTorch device: cuda:0
2025-10-04 02:07:39,970 - Selected compute device: cuda:0
2025-10-04 02:24:47,682 - Best Model Parameters: {'colsample_bytree': 1.0, 'learning_rate': 0.1, 'max_depth': 6, 'min_child_weight': 5, 'n_estimators': 400, 'subsample': 1.0}
2025-10-04 02:24:47,682 - Validation F1 Score: 0.3874951428447628
2025-10-04 02:24:47,682 - Validation Precision: 0.38940488012484037
2025-10-04 02:24:47,682 - Validation Recall: 0.38906122448979596
2025-10-04 02:24:47,682 - Validation Accuracy: 0.7774636422834817
2025-10-04 02:24:47,682 - Validation AUC: 0.6580332948148074
2025-10-04 02:24:49,440 - Holdout Validation F1 Score: 0.2222222222222222
2025-10-04 02:24:49,440 - Holdout Validation Precision: 0.25
2025-10-04 02:24:49,441 - Holdout Validation Recall: 0.2
2025-10-04 02:24:49,441 - Holdout Validation Accuracy: 0.7383177570093458
2025-10-04 02:24:49,441 - Holdout Validation AUC: 0.514367816091954
2025-10-04 02:24:49,816 - Test F1 Score: 0.32786885245901637
2025-10-04 02:24:49,817 - Test Precision: 0.4166666666666667
2025-10-04 02:24:49,817 - Test Recall: 0.2702702702702703
2025-10-04 02:24:49,817 - Test Accuracy: 0.7354838709677419
2025-10-04 02:24:49,817 - Test AUC: 0.5885249656436098
2025-10-04 02:24:49,822 - Best model saved as /gpfs/home1/won0316/_RESEARCH/0817_Genotoxicity/1_Git_upload/ChemBAI/ToxCast_model/experiments/training/DART_MTL/results/seed_1/BSK_KF3CT_TIMP2_xgb_Morgan/model.joblib
[2025-10-04 02:24:50] END seed_1:BSK_KF3CT_TIMP2_xgb_Morgan status=0
