[2025-10-04 01:42:45] START seed_1:BSK_KF3CT_TIMP2_rf_Pattern
2025-10-04 01:42:47,830 - Using PyTorch device: cuda:0
2025-10-04 01:42:47,831 - Selected compute device: cuda:0
2025-10-04 01:46:29,749 - Best Model Parameters: {'max_depth': 15, 'min_samples_leaf': 1, 'min_samples_split': 2, 'n_estimators': 600}
2025-10-04 01:46:29,749 - Validation F1 Score: 0.45671156800189056
2025-10-04 01:46:29,749 - Validation Precision: 0.48009259259259257
2025-10-04 01:46:29,749 - Validation Recall: 0.4377959183673469
2025-10-04 01:46:29,749 - Validation Accuracy: 0.8091545474278273
2025-10-04 01:46:29,749 - Validation AUC: 0.7561403788126477
2025-10-04 01:46:31,076 - Holdout Validation F1 Score: 0.125
2025-10-04 01:46:31,076 - Holdout Validation Precision: 0.16666666666666666
2025-10-04 01:46:31,076 - Holdout Validation Recall: 0.1
2025-10-04 01:46:31,076 - Holdout Validation Accuracy: 0.7383177570093458
2025-10-04 01:46:31,076 - Holdout Validation AUC: 0.6471264367816092
2025-10-04 01:46:31,229 - Test F1 Score: 0.5151515151515151
2025-10-04 01:46:31,230 - Test Precision: 0.5862068965517241
2025-10-04 01:46:31,230 - Test Recall: 0.4594594594594595
2025-10-04 01:46:31,230 - Test Accuracy: 0.7935483870967742
2025-10-04 01:46:31,230 - Test AUC: 0.8049702244617499
2025-10-04 01:46:31,377 - Best model saved as /gpfs/home1/won0316/_RESEARCH/0817_Genotoxicity/1_Git_upload/ChemBAI/ToxCast_model/experiments/training/DART_MTL/results/seed_1/BSK_KF3CT_TIMP2_rf_Pattern/model.joblib
[2025-10-04 01:46:31] END seed_1:BSK_KF3CT_TIMP2_rf_Pattern status=0
