[2025-10-04 04:20:14] START seed_1:BSK_KF3CT_TIMP2_gbt_Morgan
2025-10-04 04:20:17,478 - Using PyTorch device: cuda:0
2025-10-04 04:20:17,479 - Selected compute device: cuda:0
2025-10-04 05:09:51,094 - Best Model Parameters: {'learning_rate': 0.1, 'max_depth': 3, 'min_samples_leaf': 2, 'min_samples_split': 2, 'n_estimators': 100}
2025-10-04 05:09:51,094 - Validation F1 Score: 0.3641582876847455
2025-10-04 05:09:51,094 - Validation Precision: 0.32611849616687755
2025-10-04 05:09:51,094 - Validation Recall: 0.4173877551020409
2025-10-04 05:09:51,094 - Validation Accuracy: 0.7332483177772955
2025-10-04 05:09:51,094 - Validation AUC: 0.6499349219937455
2025-10-04 05:09:53,310 - Holdout Validation F1 Score: 0.15384615384615385
2025-10-04 05:09:53,310 - Holdout Validation Precision: 0.15789473684210525
2025-10-04 05:09:53,310 - Holdout Validation Recall: 0.15
2025-10-04 05:09:53,310 - Holdout Validation Accuracy: 0.6915887850467289
2025-10-04 05:09:53,310 - Holdout Validation AUC: 0.4666666666666667
2025-10-04 05:09:53,327 - Test F1 Score: 0.35
2025-10-04 05:09:53,327 - Test Precision: 0.32558139534883723
2025-10-04 05:09:53,327 - Test Recall: 0.3783783783783784
2025-10-04 05:09:53,327 - Test Accuracy: 0.6645161290322581
2025-10-04 05:09:53,327 - Test AUC: 0.5294319743472287
2025-10-04 05:09:53,332 - Best model saved as /gpfs/home1/won0316/_RESEARCH/0817_Genotoxicity/1_Git_upload/ChemBAI/ToxCast_model/experiments/training/DART_MTL/results/seed_1/BSK_KF3CT_TIMP2_gbt_Morgan/model.joblib
[2025-10-04 05:09:53] END seed_1:BSK_KF3CT_TIMP2_gbt_Morgan status=0
