[2025-10-04 02:33:44] START seed_1:BSK_KF3CT_TIMP2_xgb_RDKit
2025-10-04 02:33:47,524 - Using PyTorch device: cuda:0
2025-10-04 02:33:47,524 - Selected compute device: cuda:0
2025-10-04 03:10:02,482 - Best Model Parameters: {'colsample_bytree': 0.8, 'learning_rate': 0.1, 'max_depth': 6, 'min_child_weight': 1, 'n_estimators': 200, 'subsample': 0.8}
2025-10-04 03:10:02,482 - Validation F1 Score: 0.38684441490267457
2025-10-04 03:10:02,482 - Validation Precision: 0.4075503190662765
2025-10-04 03:10:02,482 - Validation Recall: 0.3730612244897959
2025-10-04 03:10:02,482 - Validation Accuracy: 0.7833324289125244
2025-10-04 03:10:02,482 - Validation AUC: 0.6618687183813233
2025-10-04 03:10:05,278 - Holdout Validation F1 Score: 0.21428571428571427
2025-10-04 03:10:05,278 - Holdout Validation Precision: 0.375
2025-10-04 03:10:05,278 - Holdout Validation Recall: 0.15
2025-10-04 03:10:05,278 - Holdout Validation Accuracy: 0.794392523364486
2025-10-04 03:10:05,278 - Holdout Validation AUC: 0.6175287356321839
2025-10-04 03:10:06,018 - Test F1 Score: 0.2692307692307692
2025-10-04 03:10:06,018 - Test Precision: 0.4666666666666667
2025-10-04 03:10:06,019 - Test Recall: 0.1891891891891892
2025-10-04 03:10:06,019 - Test Accuracy: 0.7548387096774194
2025-10-04 03:10:06,019 - Test AUC: 0.7380897846999542
2025-10-04 03:10:06,023 - Best model saved as /gpfs/home1/won0316/_RESEARCH/0817_Genotoxicity/1_Git_upload/ChemBAI/ToxCast_model/experiments/training/DART_MTL/results/seed_1/BSK_KF3CT_TIMP2_xgb_RDKit/model.joblib
[2025-10-04 03:10:06] END seed_1:BSK_KF3CT_TIMP2_xgb_RDKit status=0
