[2025-10-02 09:06:56] START seed_2:BSK_hDFCGF_TIMP1_dt_Morgan
2025-10-02 09:06:58,726 - Using PyTorch device: cuda:0
2025-10-02 09:06:58,726 - Selected compute device: cuda:0
2025-10-02 09:08:23,983 - Best Model Parameters: {'criterion': 'gini', 'max_depth': 5, 'min_samples_leaf': 1, 'min_samples_split': 4}
2025-10-02 09:08:23,983 - Validation F1 Score: 0.30705540706250567
2025-10-02 09:08:23,983 - Validation Precision: 0.239063567044479
2025-10-02 09:08:23,983 - Validation Recall: 0.4318181818181818
2025-10-02 09:08:23,983 - Validation Accuracy: 0.6787678673527731
2025-10-02 09:08:23,983 - Validation AUC: 0.592726431322688
2025-10-02 09:08:24,227 - Holdout Validation F1 Score: 0.20689655172413793
2025-10-02 09:08:24,227 - Holdout Validation Precision: 0.1935483870967742
2025-10-02 09:08:24,227 - Holdout Validation Recall: 0.2222222222222222
2025-10-02 09:08:24,227 - Holdout Validation Accuracy: 0.684931506849315
2025-10-02 09:08:24,227 - Holdout Validation AUC: 0.5250544662309369
2025-10-02 09:08:24,244 - Test F1 Score: 0.2807017543859649
2025-10-02 09:08:24,244 - Test Precision: 0.22857142857142856
2025-10-02 09:08:24,244 - Test Recall: 0.36363636363636365
2025-10-02 09:08:24,244 - Test Accuracy: 0.7266666666666667
2025-10-02 09:08:24,244 - Test AUC: 0.5555752840909091
2025-10-02 09:08:24,246 - Best model saved as /gpfs/home1/won0316/_RESEARCH/0817_Genotoxicity/1_Git_upload/ChemBAI/ToxCast_model/experiments/training/DART_MTL/results/seed_2/BSK_hDFCGF_TIMP1_dt_Morgan/model.joblib
[2025-10-02 09:08:24] END seed_2:BSK_hDFCGF_TIMP1_dt_Morgan status=0
