[2025-10-02 10:34:18] START seed_2:BSK_hDFCGF_TIMP1_xgb_Morgan
2025-10-02 10:34:20,885 - Using PyTorch device: cuda:0
2025-10-02 10:34:20,885 - Selected compute device: cuda:0
2025-10-02 10:51:25,493 - Best Model Parameters: {'colsample_bytree': 1.0, 'learning_rate': 0.1, 'max_depth': 9, 'min_child_weight': 3, 'n_estimators': 200, 'subsample': 0.8}
2025-10-02 10:51:25,493 - Validation F1 Score: 0.3373503184072848
2025-10-02 10:51:25,493 - Validation Precision: 0.32669648284845854
2025-10-02 10:51:25,493 - Validation Recall: 0.35
2025-10-02 10:51:25,493 - Validation Accuracy: 0.7717009719839909
2025-10-02 10:51:25,493 - Validation AUC: 0.6328874200665645
2025-10-02 10:51:26,855 - Holdout Validation F1 Score: 0.2553191489361702
2025-10-02 10:51:26,855 - Holdout Validation Precision: 0.3
2025-10-02 10:51:26,855 - Holdout Validation Recall: 0.2222222222222222
2025-10-02 10:51:26,855 - Holdout Validation Accuracy: 0.7602739726027398
2025-10-02 10:51:26,855 - Holdout Validation AUC: 0.5262994086523498
2025-10-02 10:51:27,231 - Test F1 Score: 0.21739130434782608
2025-10-02 10:51:27,231 - Test Precision: 0.20833333333333334
2025-10-02 10:51:27,231 - Test Recall: 0.22727272727272727
2025-10-02 10:51:27,231 - Test Accuracy: 0.76
2025-10-02 10:51:27,231 - Test AUC: 0.5777698863636364
2025-10-02 10:51:27,234 - Best model saved as /gpfs/home1/won0316/_RESEARCH/0817_Genotoxicity/1_Git_upload/ChemBAI/ToxCast_model/experiments/training/DART_MTL/results/seed_2/BSK_hDFCGF_TIMP1_xgb_Morgan/model.joblib
[2025-10-02 10:51:27] END seed_2:BSK_hDFCGF_TIMP1_xgb_Morgan status=0
