[2025-10-02 09:24:51] START seed_2:BSK_hDFCGF_TIMP1_dt_Pattern
2025-10-02 09:24:53,906 - Using PyTorch device: cuda:0
2025-10-02 09:24:53,907 - Selected compute device: cuda:0
2025-10-02 09:27:47,491 - Best Model Parameters: {'criterion': 'entropy', 'max_depth': None, 'min_samples_leaf': 1, 'min_samples_split': 4}
2025-10-02 09:27:47,492 - Validation F1 Score: 0.3763934045404306
2025-10-02 09:27:47,492 - Validation Precision: 0.33827556061299174
2025-10-02 09:27:47,492 - Validation Recall: 0.42727272727272725
2025-10-02 09:27:47,492 - Validation Accuracy: 0.7656575185820469
2025-10-02 09:27:47,492 - Validation AUC: 0.6338174526008751
2025-10-02 09:27:47,956 - Holdout Validation F1 Score: 0.2692307692307692
2025-10-02 09:27:47,956 - Holdout Validation Precision: 0.28
2025-10-02 09:27:47,956 - Holdout Validation Recall: 0.25925925925925924
2025-10-02 09:27:47,956 - Holdout Validation Accuracy: 0.7397260273972602
2025-10-02 09:27:47,956 - Holdout Validation AUC: 0.5597572362278245
2025-10-02 09:27:47,979 - Test F1 Score: 0.208955223880597
2025-10-02 09:27:47,979 - Test Precision: 0.15555555555555556
2025-10-02 09:27:47,979 - Test Recall: 0.3181818181818182
2025-10-02 09:27:47,979 - Test Accuracy: 0.6466666666666666
2025-10-02 09:27:47,979 - Test AUC: 0.541015625
2025-10-02 09:27:47,982 - Best model saved as /gpfs/home1/won0316/_RESEARCH/0817_Genotoxicity/1_Git_upload/ChemBAI/ToxCast_model/experiments/training/DART_MTL/results/seed_2/BSK_hDFCGF_TIMP1_dt_Pattern/model.joblib
[2025-10-02 09:27:48] END seed_2:BSK_hDFCGF_TIMP1_dt_Pattern status=0
