[2025-10-02 10:06:14] START seed_2:BSK_hDFCGF_TIMP1_xgb_MACCS
2025-10-02 10:06:16,581 - Using PyTorch device: cuda:0
2025-10-02 10:06:16,582 - Selected compute device: cuda:0
2025-10-02 10:10:49,456 - Best Model Parameters: {'colsample_bytree': 1.0, 'learning_rate': 0.1, 'max_depth': 9, 'min_child_weight': 5, 'n_estimators': 200, 'subsample': 1.0}
2025-10-02 10:10:49,456 - Validation F1 Score: 0.3683437457836909
2025-10-02 10:10:49,456 - Validation Precision: 0.34653120378586216
2025-10-02 10:10:49,456 - Validation Recall: 0.3954545454545455
2025-10-02 10:10:49,456 - Validation Accuracy: 0.7770211549456831
2025-10-02 10:10:49,456 - Validation AUC: 0.6909054448225571
2025-10-02 10:10:49,825 - Holdout Validation F1 Score: 0.375
2025-10-02 10:10:49,825 - Holdout Validation Precision: 0.42857142857142855
2025-10-02 10:10:49,825 - Holdout Validation Recall: 0.3333333333333333
2025-10-02 10:10:49,825 - Holdout Validation Accuracy: 0.7945205479452054
2025-10-02 10:10:49,825 - Holdout Validation AUC: 0.7217553688141923
2025-10-02 10:10:49,896 - Test F1 Score: 0.2692307692307692
2025-10-02 10:10:49,896 - Test Precision: 0.23333333333333334
2025-10-02 10:10:49,896 - Test Recall: 0.3181818181818182
2025-10-02 10:10:49,896 - Test Accuracy: 0.7466666666666667
2025-10-02 10:10:49,896 - Test AUC: 0.5788352272727273
2025-10-02 10:10:49,899 - Best model saved as /gpfs/home1/won0316/_RESEARCH/0817_Genotoxicity/1_Git_upload/ChemBAI/ToxCast_model/experiments/training/DART_MTL/results/seed_2/BSK_hDFCGF_TIMP1_xgb_MACCS/model.joblib
[2025-10-02 10:10:50] END seed_2:BSK_hDFCGF_TIMP1_xgb_MACCS status=0
