[2025-10-02 09:31:10] START seed_2:BSK_hDFCGF_TIMP1_dt_Layered
2025-10-02 09:31:12,385 - Using PyTorch device: cuda:0
2025-10-02 09:31:12,386 - Selected compute device: cuda:0
2025-10-02 09:34:09,346 - Best Model Parameters: {'criterion': 'gini', 'max_depth': None, 'min_samples_leaf': 1, 'min_samples_split': 4}
2025-10-02 09:34:09,346 - Validation F1 Score: 0.38114251625176976
2025-10-02 09:34:09,347 - Validation Precision: 0.32999881230452516
2025-10-02 09:34:09,347 - Validation Recall: 0.4545454545454546
2025-10-02 09:34:09,347 - Validation Accuracy: 0.752833047455689
2025-10-02 09:34:09,347 - Validation AUC: 0.6446849874724205
2025-10-02 09:34:09,847 - Holdout Validation F1 Score: 0.2857142857142857
2025-10-02 09:34:09,848 - Holdout Validation Precision: 0.22
2025-10-02 09:34:09,848 - Holdout Validation Recall: 0.4074074074074074
2025-10-02 09:34:09,848 - Holdout Validation Accuracy: 0.6232876712328768
2025-10-02 09:34:09,848 - Holdout Validation AUC: 0.5496420790538438
2025-10-02 09:34:09,871 - Test F1 Score: 0.25925925925925924
2025-10-02 09:34:09,871 - Test Precision: 0.21875
2025-10-02 09:34:09,871 - Test Recall: 0.3181818181818182
2025-10-02 09:34:09,872 - Test Accuracy: 0.7333333333333333
2025-10-02 09:34:09,872 - Test AUC: 0.5665838068181819
2025-10-02 09:34:09,874 - Best model saved as /gpfs/home1/won0316/_RESEARCH/0817_Genotoxicity/1_Git_upload/ChemBAI/ToxCast_model/experiments/training/DART_MTL/results/seed_2/BSK_hDFCGF_TIMP1_dt_Layered/model.joblib
[2025-10-02 09:34:10] END seed_2:BSK_hDFCGF_TIMP1_dt_Layered status=0
