[2025-10-02 11:43:34] START seed_2:BSK_hDFCGF_TIMP1_xgb_Layered
2025-10-02 11:43:37,905 - Using PyTorch device: cuda:0
2025-10-02 11:43:37,906 - Selected compute device: cuda:0
2025-10-02 12:20:23,428 - Best Model Parameters: {'colsample_bytree': 0.8, 'learning_rate': 0.1, 'max_depth': 9, 'min_child_weight': 1, 'n_estimators': 400, 'subsample': 0.8}
2025-10-02 12:20:23,428 - Validation F1 Score: 0.40281156595191686
2025-10-02 12:20:23,428 - Validation Precision: 0.4598984064709871
2025-10-02 12:20:23,428 - Validation Recall: 0.359090909090909
2025-10-02 12:20:23,428 - Validation Accuracy: 0.8230960548885076
2025-10-02 12:20:23,428 - Validation AUC: 0.68879791331663
2025-10-02 12:20:27,759 - Holdout Validation F1 Score: 0.3333333333333333
2025-10-02 12:20:27,759 - Holdout Validation Precision: 0.4666666666666667
2025-10-02 12:20:27,759 - Holdout Validation Recall: 0.25925925925925924
2025-10-02 12:20:27,759 - Holdout Validation Accuracy: 0.8082191780821918
2025-10-02 12:20:27,759 - Holdout Validation AUC: 0.7177093059446001
2025-10-02 12:20:28,501 - Test F1 Score: 0.34782608695652173
2025-10-02 12:20:28,501 - Test Precision: 0.3333333333333333
2025-10-02 12:20:28,501 - Test Recall: 0.36363636363636365
2025-10-02 12:20:28,501 - Test Accuracy: 0.8
2025-10-02 12:20:28,501 - Test AUC: 0.6960227272727273
2025-10-02 12:20:28,508 - Best model saved as /gpfs/home1/won0316/_RESEARCH/0817_Genotoxicity/1_Git_upload/ChemBAI/ToxCast_model/experiments/training/DART_MTL/results/seed_2/BSK_hDFCGF_TIMP1_xgb_Layered/model.joblib
[2025-10-02 12:20:29] END seed_2:BSK_hDFCGF_TIMP1_xgb_Layered status=0
