[2025-10-01 12:18:57] START seed_0:BSK_3C_uPAR_gbt_RDKit
2025-10-01 12:19:00,807 - Using PyTorch device: cuda:0
2025-10-01 12:19:00,807 - Selected compute device: cuda:0
2025-10-01 15:12:02,797 - Best Model Parameters: {'learning_rate': 0.1, 'max_depth': 5, 'min_samples_leaf': 2, 'min_samples_split': 2, 'n_estimators': 300}
2025-10-01 15:12:02,797 - Validation F1 Score: 0.387786863450975
2025-10-01 15:12:02,797 - Validation Precision: 0.41642619311875695
2025-10-01 15:12:02,797 - Validation Recall: 0.36306010928961746
2025-10-01 15:12:02,797 - Validation Accuracy: 0.7317018117018117
2025-10-01 15:12:02,797 - Validation AUC: 0.6298807125543265
2025-10-01 15:12:37,170 - Holdout Validation F1 Score: 0.5052631578947369
2025-10-01 15:12:37,170 - Holdout Validation Precision: 0.5217391304347826
2025-10-01 15:12:37,170 - Holdout Validation Recall: 0.4897959183673469
2025-10-01 15:12:37,170 - Holdout Validation Accuracy: 0.6887417218543046
2025-10-01 15:12:37,170 - Holdout Validation AUC: 0.669767907162865
2025-10-01 15:12:37,199 - Test F1 Score: 0.3023255813953488
2025-10-01 15:12:37,199 - Test Precision: 0.4642857142857143
2025-10-01 15:12:37,199 - Test Recall: 0.22413793103448276
2025-10-01 15:12:37,199 - Test Accuracy: 0.6491228070175439
2025-10-01 15:12:37,199 - Test AUC: 0.6128318584070797
2025-10-01 15:12:37,213 - Best model saved as /gpfs/home1/won0316/_RESEARCH/0817_Genotoxicity/1_Git_upload/ChemBAI/ToxCast_model/experiments/training/DART_MTL/results/seed_0/BSK_3C_uPAR_gbt_RDKit/model.joblib
[2025-10-01 15:12:37] END seed_0:BSK_3C_uPAR_gbt_RDKit status=0
