[2025-10-01 10:07:56] START seed_0:BSK_3C_uPAR_rf_Layered
2025-10-01 10:08:00,575 - Using PyTorch device: cuda:0
2025-10-01 10:08:00,576 - Selected compute device: cuda:0
2025-10-01 10:11:45,518 - Best Model Parameters: {'max_depth': 5, 'min_samples_leaf': 1, 'min_samples_split': 2, 'n_estimators': 400}
2025-10-01 10:11:45,519 - Validation F1 Score: 0.43858968599068043
2025-10-01 10:11:45,519 - Validation Precision: 0.36618002624956353
2025-10-01 10:11:45,519 - Validation Recall: 0.5480327868852459
2025-10-01 10:11:45,519 - Validation Accuracy: 0.6738580338580339
2025-10-01 10:11:45,519 - Validation AUC: 0.6583549807324417
2025-10-01 10:11:46,428 - Holdout Validation F1 Score: 0.5483870967741935
2025-10-01 10:11:46,428 - Holdout Validation Precision: 0.4533333333333333
2025-10-01 10:11:46,428 - Holdout Validation Recall: 0.6938775510204082
2025-10-01 10:11:46,428 - Holdout Validation Accuracy: 0.6291390728476821
2025-10-01 10:11:46,428 - Holdout Validation AUC: 0.7195878351340536
2025-10-01 10:11:46,539 - Test F1 Score: 0.47761194029850745
2025-10-01 10:11:46,540 - Test Precision: 0.42105263157894735
2025-10-01 10:11:46,540 - Test Recall: 0.5517241379310345
2025-10-01 10:11:46,540 - Test Accuracy: 0.5906432748538012
2025-10-01 10:11:46,540 - Test AUC: 0.594598718339945
2025-10-01 10:11:46,629 - Best model saved as /gpfs/home1/won0316/_RESEARCH/0817_Genotoxicity/1_Git_upload/ChemBAI/ToxCast_model/experiments/training/DART_MTL/results/seed_0/BSK_3C_uPAR_rf_Layered/model.joblib
[2025-10-01 10:11:47] END seed_0:BSK_3C_uPAR_rf_Layered status=0
