[2025-10-01 10:19:57] START seed_0:BSK_3C_uPAR_xgb_RDKit
2025-10-01 10:20:00,849 - Using PyTorch device: cuda:0
2025-10-01 10:20:00,850 - Selected compute device: cuda:0
2025-10-01 10:56:00,869 - Best Model Parameters: {'colsample_bytree': 0.8, 'learning_rate': 0.1, 'max_depth': 9, 'min_child_weight': 5, 'n_estimators': 400, 'subsample': 0.8}
2025-10-01 10:56:00,869 - Validation F1 Score: 0.3882723683411763
2025-10-01 10:56:00,869 - Validation Precision: 0.3942439431913115
2025-10-01 10:56:00,869 - Validation Recall: 0.3828415300546448
2025-10-01 10:56:00,869 - Validation Accuracy: 0.7178021978021978
2025-10-01 10:56:00,870 - Validation AUC: 0.6490487792497843
2025-10-01 10:56:04,810 - Holdout Validation F1 Score: 0.4666666666666667
2025-10-01 10:56:04,811 - Holdout Validation Precision: 0.5121951219512195
2025-10-01 10:56:04,811 - Holdout Validation Recall: 0.42857142857142855
2025-10-01 10:56:04,811 - Holdout Validation Accuracy: 0.6821192052980133
2025-10-01 10:56:04,811 - Holdout Validation AUC: 0.6591636654661864
2025-10-01 10:56:05,568 - Test F1 Score: 0.32
2025-10-01 10:56:05,568 - Test Precision: 0.38095238095238093
2025-10-01 10:56:05,568 - Test Recall: 0.27586206896551724
2025-10-01 10:56:05,568 - Test Accuracy: 0.6023391812865497
2025-10-01 10:56:05,568 - Test AUC: 0.604287458040891
2025-10-01 10:56:05,573 - Best model saved as /gpfs/home1/won0316/_RESEARCH/0817_Genotoxicity/1_Git_upload/ChemBAI/ToxCast_model/experiments/training/DART_MTL/results/seed_0/BSK_3C_uPAR_xgb_RDKit/model.joblib
[2025-10-01 10:56:06] END seed_0:BSK_3C_uPAR_xgb_RDKit status=0
