[2025-10-01 09:56:56] START seed_0:BSK_3C_uPAR_dt_Layered
2025-10-01 09:57:00,618 - Using PyTorch device: cuda:0
2025-10-01 09:57:00,618 - Selected compute device: cuda:0
2025-10-01 09:59:55,562 - Best Model Parameters: {'criterion': 'gini', 'max_depth': 2, 'min_samples_leaf': 1, 'min_samples_split': 2}
2025-10-01 09:59:55,562 - Validation F1 Score: 0.4175444038625106
2025-10-01 09:59:55,562 - Validation Precision: 0.34464521435798734
2025-10-01 09:59:55,562 - Validation Recall: 0.530983606557377
2025-10-01 09:59:55,562 - Validation Accuracy: 0.6568993168993169
2025-10-01 09:59:55,562 - Validation AUC: 0.5960852490636658
2025-10-01 09:59:55,877 - Holdout Validation F1 Score: 0.5084745762711864
2025-10-01 09:59:55,878 - Holdout Validation Precision: 0.43478260869565216
2025-10-01 09:59:55,878 - Holdout Validation Recall: 0.6122448979591837
2025-10-01 09:59:55,878 - Holdout Validation Accuracy: 0.6158940397350994
2025-10-01 09:59:55,878 - Holdout Validation AUC: 0.5784313725490197
2025-10-01 09:59:55,901 - Test F1 Score: 0.35514018691588783
2025-10-01 09:59:55,901 - Test Precision: 0.3877551020408163
2025-10-01 09:59:55,901 - Test Recall: 0.3275862068965517
2025-10-01 09:59:55,901 - Test Accuracy: 0.5964912280701754
2025-10-01 09:59:55,901 - Test AUC: 0.47764723832773875
2025-10-01 09:59:55,904 - Best model saved as /gpfs/home1/won0316/_RESEARCH/0817_Genotoxicity/1_Git_upload/ChemBAI/ToxCast_model/experiments/training/DART_MTL/results/seed_0/BSK_3C_uPAR_dt_Layered/model.joblib
[2025-10-01 09:59:56] END seed_0:BSK_3C_uPAR_dt_Layered status=0
