[2025-09-29 18:43:25] START seed_0:BSK_3C_uPAR_rf_RDKit
2025-09-29 18:43:29,902 - Using PyTorch device: cuda:0
2025-09-29 18:43:29,903 - Selected compute device: cuda:0
2025-09-29 18:47:33,542 - Best Model Parameters: {'max_depth': 10, 'min_samples_leaf': 1, 'min_samples_split': 2, 'n_estimators': 400}
2025-09-29 18:47:33,542 - Validation F1 Score: 0.3163468926420498
2025-09-29 18:47:33,542 - Validation Precision: 0.3048518901061274
2025-09-29 18:47:33,542 - Validation Recall: 0.33005464480874314
2025-09-29 18:47:33,542 - Validation Accuracy: 0.6676982476982477
2025-09-29 18:47:33,542 - Validation AUC: 0.6024858686544162
2025-09-29 18:47:34,572 - Holdout Validation F1 Score: 0.425531914893617
2025-09-29 18:47:34,572 - Holdout Validation Precision: 0.4444444444444444
2025-09-29 18:47:34,572 - Holdout Validation Recall: 0.40816326530612246
2025-09-29 18:47:34,572 - Holdout Validation Accuracy: 0.6423841059602649
2025-09-29 18:47:34,572 - Holdout Validation AUC: 0.6449579831932774
2025-09-29 18:47:34,685 - Test F1 Score: 0.2619047619047619
2025-09-29 18:47:34,685 - Test Precision: 0.4230769230769231
2025-09-29 18:47:34,685 - Test Recall: 0.1896551724137931
2025-09-29 18:47:34,685 - Test Accuracy: 0.6374269005847953
2025-09-29 18:47:34,685 - Test AUC: 0.5929966432712848
2025-09-29 18:47:34,780 - Best model saved as /gpfs/home1/won0316/_RESEARCH/0817_Genotoxicity/1_Git_upload/ChemBAI/ToxCast_model/experiments/training/DART_MTL/results/seed_0/BSK_3C_uPAR_rf_RDKit/model.joblib
[2025-09-29 18:47:35] END seed_0:BSK_3C_uPAR_rf_RDKit status=0
