[2025-10-01 00:21:12] START seed_1:ATG_DR5_RAR_CIS_gbt_Layered
2025-10-01 00:21:15,076 - Using PyTorch device: cuda:0
2025-10-01 00:21:15,077 - Selected compute device: cuda:0
[2025-10-03 03:31:32] START seed_1:ATG_DR5_RAR_CIS_gbt_Layered
2025-10-03 03:31:36,651 - Using PyTorch device: cuda:0
2025-10-03 03:31:36,652 - Selected compute device: cuda:0
2025-10-03 09:53:15,491 - Best Model Parameters: {'learning_rate': 0.1, 'max_depth': 3, 'min_samples_leaf': 2, 'min_samples_split': 2, 'n_estimators': 300}
2025-10-03 09:53:15,491 - Validation F1 Score: 0.1812210064491537
2025-10-03 09:53:15,491 - Validation Precision: 0.14774091566446196
2025-10-03 09:53:15,491 - Validation Recall: 0.23555555555555552
2025-10-03 09:53:15,491 - Validation Accuracy: 0.8402542254191806
2025-10-03 09:53:15,491 - Validation AUC: 0.5940245273184184
2025-10-03 09:54:01,021 - Holdout Validation F1 Score: 0.1509433962264151
2025-10-03 09:54:01,021 - Holdout Validation Precision: 0.18181818181818182
2025-10-03 09:54:01,021 - Holdout Validation Recall: 0.12903225806451613
2025-10-03 09:54:01,021 - Holdout Validation Accuracy: 0.8282442748091603
2025-10-03 09:54:01,021 - Holdout Validation AUC: 0.5557184750733137
2025-10-03 09:54:01,053 - Test F1 Score: 0.24
2025-10-03 09:54:01,053 - Test Precision: 0.35294117647058826
2025-10-03 09:54:01,053 - Test Recall: 0.18181818181818182
2025-10-03 09:54:01,053 - Test Accuracy: 0.8819875776397516
2025-10-03 09:54:01,053 - Test AUC: 0.7085561497326203
2025-10-03 09:54:01,843 - Best model saved as /gpfs/home1/won0316/_RESEARCH/0817_Genotoxicity/1_Git_upload/ChemBAI/ToxCast_model/experiments/training/DART_MTL/results/seed_1/ATG_DR5_RAR_CIS_gbt_Layered/model.joblib
[2025-10-03 09:54:02] END seed_1:ATG_DR5_RAR_CIS_gbt_Layered status=0
