[2025-09-30 14:57:11] START seed_1:ATG_DR5_RAR_CIS_rf_Pattern
2025-09-30 14:57:14,640 - Using PyTorch device: cuda:0
2025-09-30 14:57:14,641 - Selected compute device: cuda:0
2025-09-30 15:02:50,124 - Best Model Parameters: {'max_depth': 10, 'min_samples_leaf': 1, 'min_samples_split': 4, 'n_estimators': 200}
2025-09-30 15:02:50,124 - Validation F1 Score: 0.2760437939868678
2025-09-30 15:02:50,124 - Validation Precision: 0.20784426145039955
2025-09-30 15:02:50,124 - Validation Recall: 0.4133333333333334
2025-09-30 15:02:50,124 - Validation Accuracy: 0.8375763992762026
2025-09-30 15:02:50,124 - Validation AUC: 0.714952120333243
2025-09-30 15:02:51,190 - Holdout Validation F1 Score: 0.2777777777777778
2025-09-30 15:02:51,191 - Holdout Validation Precision: 0.24390243902439024
2025-09-30 15:02:51,191 - Holdout Validation Recall: 0.3225806451612903
2025-09-30 15:02:51,191 - Holdout Validation Accuracy: 0.8015267175572519
2025-09-30 15:02:51,191 - Holdout Validation AUC: 0.693618209747242
2025-09-30 15:02:51,259 - Test F1 Score: 0.36036036036036034
2025-09-30 15:02:51,259 - Test Precision: 0.2564102564102564
2025-09-30 15:02:51,259 - Test Recall: 0.6060606060606061
2025-09-30 15:02:51,259 - Test Accuracy: 0.7795031055900621
2025-09-30 15:02:51,259 - Test AUC: 0.736499947572612
2025-09-30 15:02:51,308 - Best model saved as /gpfs/home1/won0316/_RESEARCH/0817_Genotoxicity/1_Git_upload/ChemBAI/ToxCast_model/experiments/training/DART_MTL/results/seed_1/ATG_DR5_RAR_CIS_rf_Pattern/model.joblib
[2025-09-30 15:02:51] END seed_1:ATG_DR5_RAR_CIS_rf_Pattern status=0
