[2025-10-01 01:48:40] START seed_2:ATG_HIF1a_CIS_dt_MACCS
2025-10-01 01:48:42,958 - Using PyTorch device: cuda:0
2025-10-01 01:48:42,959 - Selected compute device: cuda:0
2025-10-01 01:49:09,714 - Best Model Parameters: {'criterion': 'gini', 'max_depth': 3, 'min_samples_leaf': 1, 'min_samples_split': 2}
2025-10-01 01:49:09,714 - Validation F1 Score: 0.21017509079006763
2025-10-01 01:49:09,714 - Validation Precision: 0.13059597387629607
2025-10-01 01:49:09,714 - Validation Recall: 0.5385338345864662
2025-10-01 01:49:09,714 - Validation Accuracy: 0.6153878583473862
2025-10-01 01:49:09,714 - Validation AUC: 0.5718214162417634
2025-10-01 01:49:09,767 - Holdout Validation F1 Score: 0.24338624338624337
2025-10-01 01:49:09,767 - Holdout Validation Precision: 0.1554054054054054
2025-10-01 01:49:09,767 - Holdout Validation Recall: 0.5609756097560976
2025-10-01 01:49:09,767 - Holdout Validation Accuracy: 0.5217391304347826
2025-10-01 01:49:09,767 - Holdout Validation AUC: 0.5359708829646437
2025-10-01 01:49:09,778 - Test F1 Score: 0.23783783783783785
2025-10-01 01:49:09,778 - Test Precision: 0.15602836879432624
2025-10-01 01:49:09,778 - Test Recall: 0.5
2025-10-01 01:49:09,778 - Test Accuracy: 0.5407166123778502
2025-10-01 01:49:09,778 - Test AUC: 0.5047096439681991
2025-10-01 01:49:09,780 - Best model saved as /gpfs/home1/won0316/_RESEARCH/0817_Genotoxicity/1_Git_upload/ChemBAI/ToxCast_model/experiments/training/DART_MTL/results/seed_2/ATG_HIF1a_CIS_dt_MACCS/model.joblib
[2025-10-01 01:49:10] END seed_2:ATG_HIF1a_CIS_dt_MACCS status=0
