[2025-10-01 10:05:36] START seed_2:ATG_HIF1a_CIS_logistic_Morgan
2025-10-01 10:05:38,801 - Using PyTorch device: cuda:0
2025-10-01 10:05:38,802 - Selected compute device: cuda:0
2025-10-01 11:07:01,733 - Best Model Parameters: {'C': 100, 'penalty': 'l2', 'solver': 'liblinear'}
2025-10-01 11:07:01,733 - Validation F1 Score: 0.1621130794729348
2025-10-01 11:07:01,733 - Validation Precision: 0.1258684254284852
2025-10-01 11:07:01,733 - Validation Recall: 0.23026315789473686
2025-10-01 11:07:01,733 - Validation Accuracy: 0.7773346702520396
2025-10-01 11:07:01,733 - Validation AUC: 0.5198640224707102
2025-10-01 11:07:02,387 - Holdout Validation F1 Score: 0.2857142857142857
2025-10-01 11:07:02,387 - Holdout Validation Precision: 0.234375
2025-10-01 11:07:02,387 - Holdout Validation Recall: 0.36585365853658536
2025-10-01 11:07:02,388 - Holdout Validation Accuracy: 0.7491638795986622
2025-10-01 11:07:02,388 - Holdout Validation AUC: 0.5810172055208924
2025-10-01 11:07:02,405 - Test F1 Score: 0.12173913043478261
2025-10-01 11:07:02,405 - Test Precision: 0.09859154929577464
2025-10-01 11:07:02,405 - Test Recall: 0.1590909090909091
2025-10-01 11:07:02,405 - Test Accuracy: 0.6710097719869706
2025-10-01 11:07:02,405 - Test AUC: 0.4557120636017974
2025-10-01 11:07:02,407 - Best model saved as /gpfs/home1/won0316/_RESEARCH/0817_Genotoxicity/1_Git_upload/ChemBAI/ToxCast_model/experiments/training/DART_MTL/results/seed_2/ATG_HIF1a_CIS_logistic_Morgan/model.joblib
[2025-10-01 11:07:02] END seed_2:ATG_HIF1a_CIS_logistic_Morgan status=0
