[2025-10-01 06:08:28] START seed_2:ATG_HIF1a_CIS_gbt_MACCS
2025-10-01 06:08:30,589 - Using PyTorch device: cuda:0
2025-10-01 06:08:30,590 - Selected compute device: cuda:0
2025-10-01 06:40:52,282 - Best Model Parameters: {'learning_rate': 0.05, 'max_depth': 5, 'min_samples_leaf': 1, 'min_samples_split': 4, 'n_estimators': 100}
2025-10-01 06:40:52,282 - Validation F1 Score: 0.20540554590505664
2025-10-01 06:40:52,282 - Validation Precision: 0.15228604097275722
2025-10-01 06:40:52,282 - Validation Recall: 0.318922305764411
2025-10-01 06:40:52,282 - Validation Accuracy: 0.7675419306321498
2025-10-01 06:40:52,282 - Validation AUC: 0.5742668600203711
2025-10-01 06:40:54,428 - Holdout Validation F1 Score: 0.19696969696969696
2025-10-01 06:40:54,428 - Holdout Validation Precision: 0.14285714285714285
2025-10-01 06:40:54,428 - Holdout Validation Recall: 0.3170731707317073
2025-10-01 06:40:54,428 - Holdout Validation Accuracy: 0.6454849498327759
2025-10-01 06:40:54,428 - Holdout Validation AUC: 0.5261864246549441
2025-10-01 06:40:54,441 - Test F1 Score: 0.17054263565891473
2025-10-01 06:40:54,441 - Test Precision: 0.12941176470588237
2025-10-01 06:40:54,441 - Test Recall: 0.25
2025-10-01 06:40:54,441 - Test Accuracy: 0.6514657980456026
2025-10-01 06:40:54,441 - Test AUC: 0.5773850674040788
2025-10-01 06:40:54,448 - Best model saved as /gpfs/home1/won0316/_RESEARCH/0817_Genotoxicity/1_Git_upload/ChemBAI/ToxCast_model/experiments/training/DART_MTL/results/seed_2/ATG_HIF1a_CIS_gbt_MACCS/model.joblib
[2025-10-01 06:40:54] END seed_2:ATG_HIF1a_CIS_gbt_MACCS status=0
