[2025-10-03 21:56:42] START seed_1:BSK_hDFCGF_VCAM1_xgb_Morgan
2025-10-03 21:56:46,096 - Using PyTorch device: cuda:0
2025-10-03 21:56:46,096 - Selected compute device: cuda:0
2025-10-03 22:13:55,426 - Best Model Parameters: {'colsample_bytree': 0.8, 'learning_rate': 0.1, 'max_depth': 9, 'min_child_weight': 3, 'n_estimators': 400, 'subsample': 0.8}
2025-10-03 22:13:55,426 - Validation F1 Score: 0.4261021064677806
2025-10-03 22:13:55,427 - Validation Precision: 0.4415610599078342
2025-10-03 22:13:55,427 - Validation Recall: 0.41227621483375965
2025-10-03 22:13:55,427 - Validation Accuracy: 0.7199641849359669
2025-10-03 22:13:55,427 - Validation AUC: 0.6648727107034718
2025-10-03 22:13:57,275 - Holdout Validation F1 Score: 0.21739130434782608
2025-10-03 22:13:57,275 - Holdout Validation Precision: 0.29411764705882354
2025-10-03 22:13:57,276 - Holdout Validation Recall: 0.1724137931034483
2025-10-03 22:13:57,276 - Holdout Validation Accuracy: 0.6635514018691588
2025-10-03 22:13:57,276 - Holdout Validation AUC: 0.44871794871794873
2025-10-03 22:13:57,657 - Test F1 Score: 0.35443037974683544
2025-10-03 22:13:57,657 - Test Precision: 0.34146341463414637
2025-10-03 22:13:57,657 - Test Recall: 0.3684210526315789
2025-10-03 22:13:57,657 - Test Accuracy: 0.6709677419354839
2025-10-03 22:13:57,657 - Test AUC: 0.5623031938821412
2025-10-03 22:13:57,663 - Best model saved as /gpfs/home1/won0316/_RESEARCH/0817_Genotoxicity/1_Git_upload/ChemBAI/ToxCast_model/experiments/training/DART_MTL/results/seed_1/BSK_hDFCGF_VCAM1_xgb_Morgan/model.joblib
[2025-10-03 22:13:58] END seed_1:BSK_hDFCGF_VCAM1_xgb_Morgan status=0
