[2025-10-04 01:59:17] START seed_1:BSK_hDFCGF_VCAM1_logistic_Pattern
2025-10-04 01:59:20,898 - Using PyTorch device: cuda:0
2025-10-04 01:59:20,899 - Selected compute device: cuda:0
2025-10-04 03:08:43,983 - Best Model Parameters: {'C': 0.5, 'penalty': 'l1', 'solver': 'liblinear'}
2025-10-04 03:08:43,983 - Validation F1 Score: 0.472049609346171
2025-10-04 03:08:43,983 - Validation Precision: 0.44882727327707245
2025-10-04 03:08:43,983 - Validation Recall: 0.5002983802216538
2025-10-04 03:08:43,983 - Validation Accuracy: 0.719985891035381
2025-10-04 03:08:43,983 - Validation AUC: 0.6989534644442484
2025-10-04 03:08:44,577 - Holdout Validation F1 Score: 0.36065573770491804
2025-10-04 03:08:44,577 - Holdout Validation Precision: 0.34375
2025-10-04 03:08:44,577 - Holdout Validation Recall: 0.3793103448275862
2025-10-04 03:08:44,577 - Holdout Validation Accuracy: 0.6355140186915887
2025-10-04 03:08:44,577 - Holdout Validation AUC: 0.5910698496905393
2025-10-04 03:08:44,602 - Test F1 Score: 0.42857142857142855
2025-10-04 03:08:44,602 - Test Precision: 0.391304347826087
2025-10-04 03:08:44,602 - Test Recall: 0.47368421052631576
2025-10-04 03:08:44,602 - Test Accuracy: 0.6903225806451613
2025-10-04 03:08:44,602 - Test AUC: 0.6345029239766082
2025-10-04 03:08:44,604 - Best model saved as /gpfs/home1/won0316/_RESEARCH/0817_Genotoxicity/1_Git_upload/ChemBAI/ToxCast_model/experiments/training/DART_MTL/results/seed_1/BSK_hDFCGF_VCAM1_logistic_Pattern/model.joblib
[2025-10-04 03:08:45] END seed_1:BSK_hDFCGF_VCAM1_logistic_Pattern status=0
