[2025-10-03 23:22:21] START seed_1:BSK_hDFCGF_VCAM1_gbt_Morgan
2025-10-03 23:22:23,449 - Using PyTorch device: cuda:0
2025-10-03 23:22:23,450 - Selected compute device: cuda:0
2025-10-04 00:08:11,091 - Best Model Parameters: {'learning_rate': 0.1, 'max_depth': 3, 'min_samples_leaf': 1, 'min_samples_split': 4, 'n_estimators': 100}
2025-10-04 00:08:11,091 - Validation F1 Score: 0.4112600176898719
2025-10-04 00:08:11,092 - Validation Precision: 0.3845889694640851
2025-10-04 00:08:11,092 - Validation Recall: 0.44731457800511515
2025-10-04 00:08:11,092 - Validation Accuracy: 0.6757407206425006
2025-10-04 00:08:11,092 - Validation AUC: 0.6223225572087906
2025-10-04 00:08:13,151 - Holdout Validation F1 Score: 0.0975609756097561
2025-10-04 00:08:13,152 - Holdout Validation Precision: 0.16666666666666666
2025-10-04 00:08:13,152 - Holdout Validation Recall: 0.06896551724137931
2025-10-04 00:08:13,152 - Holdout Validation Accuracy: 0.6542056074766355
2025-10-04 00:08:13,152 - Holdout Validation AUC: 0.4146772767462423
2025-10-04 00:08:13,168 - Test F1 Score: 0.2597402597402597
2025-10-04 00:08:13,169 - Test Precision: 0.2564102564102564
2025-10-04 00:08:13,169 - Test Recall: 0.2631578947368421
2025-10-04 00:08:13,169 - Test Accuracy: 0.632258064516129
2025-10-04 00:08:13,169 - Test AUC: 0.5419478182636078
2025-10-04 00:08:13,174 - Best model saved as /gpfs/home1/won0316/_RESEARCH/0817_Genotoxicity/1_Git_upload/ChemBAI/ToxCast_model/experiments/training/DART_MTL/results/seed_1/BSK_hDFCGF_VCAM1_gbt_Morgan/model.joblib
[2025-10-04 00:08:13] END seed_1:BSK_hDFCGF_VCAM1_gbt_Morgan status=0
