[2025-10-03 22:37:09] START seed_1:BSK_hDFCGF_VCAM1_xgb_Pattern
2025-10-03 22:37:12,418 - Using PyTorch device: cuda:0
2025-10-03 22:37:12,418 - Selected compute device: cuda:0
2025-10-03 23:11:58,033 - Best Model Parameters: {'colsample_bytree': 1.0, 'learning_rate': 0.1, 'max_depth': 6, 'min_child_weight': 1, 'n_estimators': 200, 'subsample': 0.8}
2025-10-03 23:11:58,033 - Validation F1 Score: 0.5152153130598344
2025-10-03 23:11:58,033 - Validation Precision: 0.5387768638528858
2025-10-03 23:11:58,033 - Validation Recall: 0.49420289855072463
2025-10-03 23:11:58,033 - Validation Accuracy: 0.7656690905144345
2025-10-03 23:11:58,033 - Validation AUC: 0.7534409265955258
2025-10-03 23:12:00,529 - Holdout Validation F1 Score: 0.32
2025-10-03 23:12:00,529 - Holdout Validation Precision: 0.38095238095238093
2025-10-03 23:12:00,529 - Holdout Validation Recall: 0.27586206896551724
2025-10-03 23:12:00,529 - Holdout Validation Accuracy: 0.6822429906542056
2025-10-03 23:12:00,529 - Holdout Validation AUC: 0.6162687886825818
2025-10-03 23:12:01,258 - Test F1 Score: 0.358974358974359
2025-10-03 23:12:01,258 - Test Precision: 0.35
2025-10-03 23:12:01,258 - Test Recall: 0.3684210526315789
2025-10-03 23:12:01,259 - Test Accuracy: 0.6774193548387096
2025-10-03 23:12:01,259 - Test AUC: 0.7087269455690508
2025-10-03 23:12:01,262 - Best model saved as /gpfs/home1/won0316/_RESEARCH/0817_Genotoxicity/1_Git_upload/ChemBAI/ToxCast_model/experiments/training/DART_MTL/results/seed_1/BSK_hDFCGF_VCAM1_xgb_Pattern/model.joblib
[2025-10-03 23:12:01] END seed_1:BSK_hDFCGF_VCAM1_xgb_Pattern status=0
