[2025-10-01 02:32:53] START seed_0:ATG_HIF1a_CIS_dt_Layered
2025-10-01 02:32:57,430 - Using PyTorch device: cuda:0
2025-10-01 02:32:57,431 - Selected compute device: cuda:0
2025-10-01 02:38:39,127 - Best Model Parameters: {'criterion': 'gini', 'max_depth': 3, 'min_samples_leaf': 1, 'min_samples_split': 2}
2025-10-01 02:38:39,127 - Validation F1 Score: 0.1991613696891003
2025-10-01 02:38:39,127 - Validation Precision: 0.12463111164506657
2025-10-01 02:38:39,127 - Validation Recall: 0.5234335839598997
2025-10-01 02:38:39,127 - Validation Accuracy: 0.5960976150859679
2025-10-01 02:38:39,127 - Validation AUC: 0.5378309053884711
2025-10-01 02:38:39,792 - Holdout Validation F1 Score: 0.2608695652173913
2025-10-01 02:38:39,792 - Holdout Validation Precision: 0.16551724137931034
2025-10-01 02:38:39,792 - Holdout Validation Recall: 0.6153846153846154
2025-10-01 02:38:39,792 - Holdout Validation Accuracy: 0.4708171206225681
2025-10-01 02:38:39,793 - Holdout Validation AUC: 0.5840390496353799
2025-10-01 02:38:39,818 - Test F1 Score: 0.25225225225225223
2025-10-01 02:38:39,818 - Test Precision: 0.16
2025-10-01 02:38:39,818 - Test Recall: 0.5957446808510638
2025-10-01 02:38:39,818 - Test Accuracy: 0.46794871794871795
2025-10-01 02:38:39,818 - Test AUC: 0.4888398233641108
2025-10-01 02:38:39,820 - Best model saved as /gpfs/home1/won0316/_RESEARCH/0817_Genotoxicity/1_Git_upload/ChemBAI/ToxCast_model/experiments/training/DART_MTL/results/seed_0/ATG_HIF1a_CIS_dt_Layered/model.joblib
[2025-10-01 02:38:40] END seed_0:ATG_HIF1a_CIS_dt_Layered status=0
