[2025-10-01 05:02:48] START seed_0:ATG_HIF1a_CIS_gbt_MACCS
2025-10-01 05:02:52,488 - Using PyTorch device: cuda:0
2025-10-01 05:02:52,489 - Selected compute device: cuda:0
2025-10-01 05:35:31,324 - Best Model Parameters: {'learning_rate': 0.05, 'max_depth': 3, 'min_samples_leaf': 1, 'min_samples_split': 2, 'n_estimators': 300}
2025-10-01 05:35:31,324 - Validation F1 Score: 0.19092636928096565
2025-10-01 05:35:31,324 - Validation Precision: 0.13874890978192028
2025-10-01 05:35:31,324 - Validation Recall: 0.306265664160401
2025-10-01 05:35:31,324 - Validation Accuracy: 0.7574170826400444
2025-10-01 05:35:31,324 - Validation AUC: 0.5441680948695268
2025-10-01 05:35:35,164 - Holdout Validation F1 Score: 0.2857142857142857
2025-10-01 05:35:35,164 - Holdout Validation Precision: 0.2191780821917808
2025-10-01 05:35:35,164 - Holdout Validation Recall: 0.41025641025641024
2025-10-01 05:35:35,164 - Holdout Validation Accuracy: 0.688715953307393
2025-10-01 05:35:35,164 - Holdout Validation AUC: 0.628675605739826
2025-10-01 05:35:35,179 - Test F1 Score: 0.25477707006369427
2025-10-01 05:35:35,179 - Test Precision: 0.18181818181818182
2025-10-01 05:35:35,179 - Test Recall: 0.425531914893617
2025-10-01 05:35:35,179 - Test Accuracy: 0.625
2025-10-01 05:35:35,179 - Test AUC: 0.6042553191489362
2025-10-01 05:35:35,189 - Best model saved as /gpfs/home1/won0316/_RESEARCH/0817_Genotoxicity/1_Git_upload/ChemBAI/ToxCast_model/experiments/training/DART_MTL/results/seed_0/ATG_HIF1a_CIS_gbt_MACCS/model.joblib
[2025-10-01 05:35:35] END seed_0:ATG_HIF1a_CIS_gbt_MACCS status=0
