[2025-10-01 03:52:45] START seed_0:ATG_HIF1a_CIS_xgb_Morgan
2025-10-01 03:52:49,172 - Using PyTorch device: cuda:0
2025-10-01 03:52:49,172 - Selected compute device: cuda:0
2025-10-01 04:13:23,603 - Best Model Parameters: {'colsample_bytree': 1.0, 'learning_rate': 0.05, 'max_depth': 3, 'min_child_weight': 1, 'n_estimators': 400, 'subsample': 1.0}
2025-10-01 04:13:23,603 - Validation F1 Score: 0.17133072387625847
2025-10-01 04:13:23,603 - Validation Precision: 0.13320657951080994
2025-10-01 04:13:23,603 - Validation Recall: 0.24210526315789474
2025-10-01 04:13:23,603 - Validation Accuracy: 0.7804043261231282
2025-10-01 04:13:23,603 - Validation AUC: 0.505408224144921
2025-10-01 04:13:25,438 - Holdout Validation F1 Score: 0.175
2025-10-01 04:13:25,438 - Holdout Validation Precision: 0.17073170731707318
2025-10-01 04:13:25,438 - Holdout Validation Recall: 0.1794871794871795
2025-10-01 04:13:25,438 - Holdout Validation Accuracy: 0.7431906614785992
2025-10-01 04:13:25,438 - Holdout Validation AUC: 0.5374029640084687
2025-10-01 04:13:25,810 - Test F1 Score: 0.1553398058252427
2025-10-01 04:13:25,810 - Test Precision: 0.14285714285714285
2025-10-01 04:13:25,810 - Test Recall: 0.1702127659574468
2025-10-01 04:13:25,810 - Test Accuracy: 0.7211538461538461
2025-10-01 04:13:25,810 - Test AUC: 0.48763548775592136
2025-10-01 04:13:25,815 - Best model saved as /gpfs/home1/won0316/_RESEARCH/0817_Genotoxicity/1_Git_upload/ChemBAI/ToxCast_model/experiments/training/DART_MTL/results/seed_0/ATG_HIF1a_CIS_xgb_Morgan/model.joblib
[2025-10-01 04:13:26] END seed_0:ATG_HIF1a_CIS_xgb_Morgan status=0
