[2025-09-29 18:30:00] START seed_1:ATG_Ahr_CIS_rf_Morgan
2025-09-29 18:30:04,914 - Using PyTorch device: cuda:0
2025-09-29 18:30:04,914 - Selected compute device: cuda:0
2025-09-29 18:34:13,566 - Best Model Parameters: {'max_depth': 15, 'min_samples_leaf': 1, 'min_samples_split': 2, 'n_estimators': 200}
2025-09-29 18:34:13,566 - Validation F1 Score: 0.39354008578395944
2025-09-29 18:34:13,566 - Validation Precision: 0.3446909721832779
2025-09-29 18:34:13,566 - Validation Recall: 0.46089341692789965
2025-09-29 18:34:13,566 - Validation Accuracy: 0.7926992823650023
2025-09-29 18:34:13,566 - Validation AUC: 0.6970979418130745
2025-09-29 18:34:14,313 - Holdout Validation F1 Score: 0.18604651162790697
2025-09-29 18:34:14,313 - Holdout Validation Precision: 0.16
2025-09-29 18:34:14,313 - Holdout Validation Recall: 0.2222222222222222
2025-09-29 18:34:14,313 - Holdout Validation Accuracy: 0.5992366412213741
2025-09-29 18:34:14,313 - Holdout Validation AUC: 0.47520477207977213
2025-09-29 18:34:14,398 - Test F1 Score: 0.32653061224489793
2025-09-29 18:34:14,399 - Test Precision: 0.2823529411764706
2025-09-29 18:34:14,399 - Test Recall: 0.3870967741935484
2025-09-29 18:34:14,399 - Test Accuracy: 0.6925465838509317
2025-09-29 18:34:14,399 - Test AUC: 0.5687655086848635
2025-09-29 18:34:14,451 - Best model saved as /gpfs/home1/won0316/_RESEARCH/0817_Genotoxicity/1_Git_upload/ChemBAI/ToxCast_model/experiments/training/DART_MTL/results/seed_1/ATG_Ahr_CIS_rf_Morgan/model.joblib
[2025-09-29 18:34:15] END seed_1:ATG_Ahr_CIS_rf_Morgan status=0
