[2025-09-29 18:31:15] START seed_1:ATG_Ahr_CIS_dt_RDKit
2025-09-29 18:31:18,018 - Using PyTorch device: cuda:0
2025-09-29 18:31:18,019 - Selected compute device: cuda:0
2025-09-29 18:37:05,606 - Best Model Parameters: {'criterion': 'gini', 'max_depth': 2, 'min_samples_leaf': 1, 'min_samples_split': 2}
2025-09-29 18:37:05,606 - Validation F1 Score: 0.31762093073159825
2025-09-29 18:37:05,606 - Validation Precision: 0.26526379445658466
2025-09-29 18:37:05,606 - Validation Recall: 0.39945141065830725
2025-09-29 18:37:05,606 - Validation Accuracy: 0.7491627591693136
2025-09-29 18:37:05,606 - Validation AUC: 0.5853863512484502
2025-09-29 18:37:06,200 - Holdout Validation F1 Score: 0.2923076923076923
2025-09-29 18:37:06,200 - Holdout Validation Precision: 0.25
2025-09-29 18:37:06,200 - Holdout Validation Recall: 0.35185185185185186
2025-09-29 18:37:06,200 - Holdout Validation Accuracy: 0.648854961832061
2025-09-29 18:37:06,200 - Holdout Validation AUC: 0.5143340455840456
2025-09-29 18:37:06,225 - Test F1 Score: 0.3384615384615385
2025-09-29 18:37:06,225 - Test Precision: 0.3235294117647059
2025-09-29 18:37:06,225 - Test Recall: 0.3548387096774194
2025-09-29 18:37:06,225 - Test Accuracy: 0.7329192546583851
2025-09-29 18:37:06,225 - Test AUC: 0.5857630272952854
2025-09-29 18:37:06,227 - Best model saved as /gpfs/home1/won0316/_RESEARCH/0817_Genotoxicity/1_Git_upload/ChemBAI/ToxCast_model/experiments/training/DART_MTL/results/seed_1/ATG_Ahr_CIS_dt_RDKit/model.joblib
[2025-09-29 18:37:06] END seed_1:ATG_Ahr_CIS_dt_RDKit status=0
