[2025-09-30 00:15:53] START seed_1:ATG_Ahr_CIS_logistic_Morgan
2025-09-30 00:15:56,544 - Using PyTorch device: cuda:0
2025-09-30 00:15:56,545 - Selected compute device: cuda:0
2025-09-30 01:13:39,037 - Best Model Parameters: {'C': 0.1, 'penalty': 'l2', 'solver': 'liblinear'}
2025-09-30 01:13:39,037 - Validation F1 Score: 0.3714568843646474
2025-09-30 01:13:39,037 - Validation Precision: 0.3378569093011461
2025-09-30 01:13:39,037 - Validation Recall: 0.41319226750261234
2025-09-30 01:13:39,037 - Validation Accuracy: 0.7953782289373288
2025-09-30 01:13:39,037 - Validation AUC: 0.6645610333782116
2025-09-30 01:13:39,444 - Holdout Validation F1 Score: 0.19834710743801653
2025-09-30 01:13:39,445 - Holdout Validation Precision: 0.1791044776119403
2025-09-30 01:13:39,445 - Holdout Validation Recall: 0.2222222222222222
2025-09-30 01:13:39,445 - Holdout Validation Accuracy: 0.6297709923664122
2025-09-30 01:13:39,445 - Holdout Validation AUC: 0.4565972222222222
2025-09-30 01:13:39,462 - Test F1 Score: 0.2903225806451613
2025-09-30 01:13:39,462 - Test Precision: 0.2903225806451613
2025-09-30 01:13:39,462 - Test Recall: 0.2903225806451613
2025-09-30 01:13:39,462 - Test Accuracy: 0.7267080745341615
2025-09-30 01:13:39,462 - Test AUC: 0.5629342431761786
2025-09-30 01:13:39,463 - Best model saved as /gpfs/home1/won0316/_RESEARCH/0817_Genotoxicity/1_Git_upload/ChemBAI/ToxCast_model/experiments/training/DART_MTL/results/seed_1/ATG_Ahr_CIS_logistic_Morgan/model.joblib
[2025-09-30 01:13:39] END seed_1:ATG_Ahr_CIS_logistic_Morgan status=0
[2025-09-30 06:07:46] START seed_1:ATG_Ahr_CIS_logistic_Morgan
2025-09-30 06:07:50,019 - Using PyTorch device: cuda:0
2025-09-30 06:07:50,020 - Selected compute device: cuda:0
2025-09-30 07:06:27,507 - Best Model Parameters: {'C': 0.1, 'penalty': 'l2', 'solver': 'liblinear'}
2025-09-30 07:06:27,507 - Validation F1 Score: 0.3714568843646474
2025-09-30 07:06:27,507 - Validation Precision: 0.3378569093011461
2025-09-30 07:06:27,507 - Validation Recall: 0.41319226750261234
2025-09-30 07:06:27,507 - Validation Accuracy: 0.7953782289373288
2025-09-30 07:06:27,507 - Validation AUC: 0.6645610333782116
2025-09-30 07:06:27,899 - Holdout Validation F1 Score: 0.19834710743801653
2025-09-30 07:06:27,899 - Holdout Validation Precision: 0.1791044776119403
2025-09-30 07:06:27,899 - Holdout Validation Recall: 0.2222222222222222
2025-09-30 07:06:27,899 - Holdout Validation Accuracy: 0.6297709923664122
2025-09-30 07:06:27,899 - Holdout Validation AUC: 0.4565972222222222
2025-09-30 07:06:27,916 - Test F1 Score: 0.2903225806451613
2025-09-30 07:06:27,916 - Test Precision: 0.2903225806451613
2025-09-30 07:06:27,916 - Test Recall: 0.2903225806451613
2025-09-30 07:06:27,916 - Test Accuracy: 0.7267080745341615
2025-09-30 07:06:27,916 - Test AUC: 0.5629342431761786
2025-09-30 07:06:27,918 - Best model saved as /gpfs/home1/won0316/_RESEARCH/0817_Genotoxicity/1_Git_upload/ChemBAI/ToxCast_model/experiments/training/DART_MTL/results/seed_1/ATG_Ahr_CIS_logistic_Morgan/model.joblib
[2025-09-30 07:06:28] END seed_1:ATG_Ahr_CIS_logistic_Morgan status=0
