[2025-09-30 15:02:51] START seed_2:ATG_DR5_RAR_CIS_rf_Pattern
2025-09-30 15:02:54,862 - Using PyTorch device: cuda:0
2025-09-30 15:02:54,863 - Selected compute device: cuda:0
2025-09-30 15:08:26,172 - Best Model Parameters: {'max_depth': 5, 'min_samples_leaf': 1, 'min_samples_split': 2, 'n_estimators': 400}
2025-09-30 15:08:26,173 - Validation F1 Score: 0.27074486426807065
2025-09-30 15:08:26,173 - Validation Precision: 0.1828129117259552
2025-09-30 15:08:26,173 - Validation Recall: 0.5281221091581869
2025-09-30 15:08:26,173 - Validation Accuracy: 0.7769780319948953
2025-09-30 15:08:26,173 - Validation AUC: 0.7028333385090535
2025-09-30 15:08:27,423 - Holdout Validation F1 Score: 0.25316455696202533
2025-09-30 15:08:27,423 - Holdout Validation Precision: 0.14925373134328357
2025-09-30 15:08:27,424 - Holdout Validation Recall: 0.8333333333333334
2025-09-30 15:08:27,424 - Holdout Validation Accuracy: 0.6053511705685619
2025-09-30 15:08:27,424 - Holdout Validation AUC: 0.7331818181818182
2025-09-30 15:08:27,535 - Test F1 Score: 0.2972972972972973
2025-09-30 15:08:27,535 - Test Precision: 0.1896551724137931
2025-09-30 15:08:27,535 - Test Recall: 0.6875
2025-09-30 15:08:27,535 - Test Accuracy: 0.6612377850162866
2025-09-30 15:08:27,535 - Test AUC: 0.7219886363636363
2025-09-30 15:08:27,624 - Best model saved as /gpfs/home1/won0316/_RESEARCH/0817_Genotoxicity/1_Git_upload/ChemBAI/ToxCast_model/experiments/training/DART_MTL/results/seed_2/ATG_DR5_RAR_CIS_rf_Pattern/model.joblib
[2025-09-30 15:08:28] END seed_2:ATG_DR5_RAR_CIS_rf_Pattern status=0
