[2025-09-30 19:58:26] START seed_2:ATG_DR5_RAR_CIS_gbt_Morgan
2025-09-30 19:58:29,184 - Using PyTorch device: cuda:0
2025-09-30 19:58:29,185 - Selected compute device: cuda:0
2025-09-30 21:50:42,946 - Best Model Parameters: {'learning_rate': 0.05, 'max_depth': 5, 'min_samples_leaf': 1, 'min_samples_split': 2, 'n_estimators': 200}
2025-09-30 21:50:42,946 - Validation F1 Score: 0.15554592818012652
2025-09-30 21:50:42,947 - Validation Precision: 0.13159042327575707
2025-09-30 21:50:42,947 - Validation Recall: 0.19306197964847366
2025-09-30 21:50:42,947 - Validation Accuracy: 0.8397480743812953
2025-09-30 21:50:42,947 - Validation AUC: 0.48755636447529155
2025-09-30 21:50:58,543 - Holdout Validation F1 Score: 0.2
2025-09-30 21:50:58,544 - Holdout Validation Precision: 0.19230769230769232
2025-09-30 21:50:58,544 - Holdout Validation Recall: 0.20833333333333334
2025-09-30 21:50:58,544 - Holdout Validation Accuracy: 0.8662207357859532
2025-09-30 21:50:58,544 - Holdout Validation AUC: 0.4868181818181818
2025-09-30 21:50:58,565 - Test F1 Score: 0.09836065573770492
2025-09-30 21:50:58,565 - Test Precision: 0.10344827586206896
2025-09-30 21:50:58,565 - Test Recall: 0.09375
2025-09-30 21:50:58,565 - Test Accuracy: 0.8208469055374593
2025-09-30 21:50:58,565 - Test AUC: 0.539715909090909
2025-09-30 21:50:58,574 - Best model saved as /gpfs/home1/won0316/_RESEARCH/0817_Genotoxicity/1_Git_upload/ChemBAI/ToxCast_model/experiments/training/DART_MTL/results/seed_2/ATG_DR5_RAR_CIS_gbt_Morgan/model.joblib
[2025-09-30 21:50:58] END seed_2:ATG_DR5_RAR_CIS_gbt_Morgan status=0
