[2025-10-01 18:34:30] START seed_0:BSK_4H_MCP1_logistic_RDKit
2025-10-01 18:34:33,712 - Using PyTorch device: cuda:0
2025-10-01 18:34:33,713 - Selected compute device: cuda:0
2025-10-01 19:42:41,821 - Best Model Parameters: {'C': 0.5, 'penalty': 'l1', 'solver': 'saga'}
2025-10-01 19:42:41,821 - Validation F1 Score: 0.3836668685082751
2025-10-01 19:42:41,821 - Validation Precision: 0.3442245117121082
2025-10-01 19:42:41,822 - Validation Recall: 0.4364661654135339
2025-10-01 19:42:41,822 - Validation Accuracy: 0.693947133947134
2025-10-01 19:42:41,822 - Validation AUC: 0.6312754937018202
2025-10-01 19:43:46,194 - Holdout Validation F1 Score: 0.4583333333333333
2025-10-01 19:43:46,194 - Holdout Validation Precision: 0.4583333333333333
2025-10-01 19:43:46,194 - Holdout Validation Recall: 0.4583333333333333
2025-10-01 19:43:46,194 - Holdout Validation Accuracy: 0.6556291390728477
2025-10-01 19:43:46,194 - Holdout Validation AUC: 0.6665655339805826
2025-10-01 19:43:46,219 - Test F1 Score: 0.3655913978494624
2025-10-01 19:43:46,219 - Test Precision: 0.40476190476190477
2025-10-01 19:43:46,219 - Test Recall: 0.3333333333333333
2025-10-01 19:43:46,219 - Test Accuracy: 0.6549707602339181
2025-10-01 19:43:46,219 - Test AUC: 0.6173202614379085
2025-10-01 19:43:46,222 - Best model saved as /gpfs/home1/won0316/_RESEARCH/0817_Genotoxicity/1_Git_upload/ChemBAI/ToxCast_model/experiments/training/DART_MTL/results/seed_0/BSK_4H_MCP1_logistic_RDKit/model.joblib
[2025-10-01 19:43:46] END seed_0:BSK_4H_MCP1_logistic_RDKit status=0
