[2025-10-04 16:21:06] START seed_0:TOX21_ERa_BLA_Antagonist_ratio_dt_Morgan
2025-10-04 16:21:10,013 - Using PyTorch device: cuda:0
2025-10-04 16:21:10,013 - Selected compute device: cuda:0
2025-10-04 16:25:43,408 - Best Model Parameters: {'criterion': 'gini', 'max_depth': None, 'min_samples_leaf': 1, 'min_samples_split': 2}
2025-10-04 16:25:43,408 - Validation F1 Score: 0.29965704653995723
2025-10-04 16:25:43,409 - Validation Precision: 0.24678686281791248
2025-10-04 16:25:43,409 - Validation Recall: 0.3823732856290996
2025-10-04 16:25:43,409 - Validation Accuracy: 0.8105056787995497
2025-10-04 16:25:43,409 - Validation AUC: 0.6293785137817989
2025-10-04 16:25:45,052 - Holdout Validation F1 Score: 0.23333333333333334
2025-10-04 16:25:45,053 - Holdout Validation Precision: 0.2229299363057325
2025-10-04 16:25:45,053 - Holdout Validation Recall: 0.24475524475524477
2025-10-04 16:25:45,053 - Holdout Validation Accuracy: 0.7110552763819096
2025-10-04 16:25:45,053 - Holdout Validation AUC: 0.5256053288212553
2025-10-04 16:25:45,072 - Test F1 Score: 0.25846153846153846
2025-10-04 16:25:45,072 - Test Precision: 0.23863636363636365
2025-10-04 16:25:45,073 - Test Recall: 0.28187919463087246
2025-10-04 16:25:45,073 - Test Accuracy: 0.691025641025641
2025-10-04 16:25:45,073 - Test AUC: 0.5348599751114137
2025-10-04 16:25:45,081 - Best model saved as /gpfs/home1/won0316/_RESEARCH/0817_Genotoxicity/1_Git_upload/ChemBAI/ToxCast_model/experiments/training/DART_MTL/results/seed_0/TOX21_ERa_BLA_Antagonist_ratio_dt_Morgan/model.joblib
[2025-10-04 16:25:45] END seed_0:TOX21_ERa_BLA_Antagonist_ratio_dt_Morgan status=0
