[2025-10-04 16:35:06] START seed_0:TOX21_ERa_BLA_Antagonist_ratio_dt_Layered
2025-10-04 16:35:09,927 - Using PyTorch device: cuda:0
2025-10-04 16:35:09,927 - Selected compute device: cuda:0
2025-10-04 16:45:48,008 - Best Model Parameters: {'criterion': 'gini', 'max_depth': None, 'min_samples_leaf': 1, 'min_samples_split': 3}
2025-10-04 16:45:48,008 - Validation F1 Score: 0.35161645795359603
2025-10-04 16:45:48,008 - Validation Precision: 0.3005366248786746
2025-10-04 16:45:48,008 - Validation Recall: 0.42416219439475256
2025-10-04 16:45:48,008 - Validation Accuracy: 0.834888852905241
2025-10-04 16:45:48,008 - Validation AUC: 0.6615905903071588
2025-10-04 16:45:51,283 - Holdout Validation F1 Score: 0.37209302325581395
2025-10-04 16:45:51,284 - Holdout Validation Precision: 0.31840796019900497
2025-10-04 16:45:51,284 - Holdout Validation Recall: 0.44755244755244755
2025-10-04 16:45:51,284 - Holdout Validation Accuracy: 0.7286432160804021
2025-10-04 16:45:51,284 - Holdout Validation AUC: 0.6272663018451685
2025-10-04 16:45:51,312 - Test F1 Score: 0.23460410557184752
2025-10-04 16:45:51,312 - Test Precision: 0.20833333333333334
2025-10-04 16:45:51,312 - Test Recall: 0.2684563758389262
2025-10-04 16:45:51,312 - Test Accuracy: 0.6653846153846154
2025-10-04 16:45:51,312 - Test AUC: 0.5174113742966847
2025-10-04 16:45:51,315 - Best model saved as /gpfs/home1/won0316/_RESEARCH/0817_Genotoxicity/1_Git_upload/ChemBAI/ToxCast_model/experiments/training/DART_MTL/results/seed_0/TOX21_ERa_BLA_Antagonist_ratio_dt_Layered/model.joblib
[2025-10-04 16:45:51] END seed_0:TOX21_ERa_BLA_Antagonist_ratio_dt_Layered status=0
