[2025-10-04 21:11:48] START seed_0:TOX21_p53_BLA_p2_ratio_rf_MACCS
2025-10-04 21:11:52,317 - Using PyTorch device: cuda:0
2025-10-04 21:11:52,318 - Selected compute device: cuda:0
2025-10-04 21:15:04,709 - Best Model Parameters: {'max_depth': None, 'min_samples_leaf': 2, 'min_samples_split': 2, 'n_estimators': 400}
2025-10-04 21:15:04,709 - Validation F1 Score: 0.32692524519804855
2025-10-04 21:15:04,709 - Validation Precision: 0.32413984045463373
2025-10-04 21:15:04,709 - Validation Recall: 0.3319078947368421
2025-10-04 21:15:04,709 - Validation Accuracy: 0.8928142141951924
2025-10-04 21:15:04,709 - Validation AUC: 0.7770831635718739
2025-10-04 21:15:05,661 - Holdout Validation F1 Score: 0.29493087557603687
2025-10-04 21:15:05,662 - Holdout Validation Precision: 0.36363636363636365
2025-10-04 21:15:05,662 - Holdout Validation Recall: 0.24806201550387597
2025-10-04 21:15:05,662 - Holdout Validation Accuracy: 0.8077889447236181
2025-10-04 21:15:05,662 - Holdout Validation AUC: 0.689370431063538
2025-10-04 21:15:05,779 - Test F1 Score: 0.2358974358974359
2025-10-04 21:15:05,779 - Test Precision: 0.25555555555555554
2025-10-04 21:15:05,779 - Test Recall: 0.21904761904761905
2025-10-04 21:15:05,779 - Test Accuracy: 0.808974358974359
2025-10-04 21:15:05,779 - Test AUC: 0.677389770723104
2025-10-04 21:15:05,946 - Best model saved as /gpfs/home1/won0316/_RESEARCH/0817_Genotoxicity/1_Git_upload/ChemBAI/ToxCast_model/experiments/training/DART_MTL/results/seed_0/TOX21_p53_BLA_p2_ratio_rf_MACCS/model.joblib
[2025-10-04 21:15:06] END seed_0:TOX21_p53_BLA_p2_ratio_rf_MACCS status=0
