[2025-10-04 12:38:38] START seed_2:CEETOX_H295R_ESTRADIOL_gbt_Pattern
2025-10-04 12:38:40,877 - Using PyTorch device: cuda:0
2025-10-04 12:38:40,878 - Selected compute device: cuda:0
2025-10-04 13:18:25,200 - Best Model Parameters: {'learning_rate': 0.1, 'max_depth': 5, 'min_samples_leaf': 2, 'min_samples_split': 2, 'n_estimators': 100}
2025-10-04 13:18:25,200 - Validation F1 Score: 0.35365210411650044
2025-10-04 13:18:25,200 - Validation Precision: 0.40301120448179273
2025-10-04 13:18:25,200 - Validation Recall: 0.3327272727272727
2025-10-04 13:18:25,200 - Validation Accuracy: 0.8484033613445379
2025-10-04 13:18:25,200 - Validation AUC: 0.6989434889434889
2025-10-04 13:18:27,875 - Holdout Validation F1 Score: 0.25
2025-10-04 13:18:27,875 - Holdout Validation Precision: 0.3
2025-10-04 13:18:27,875 - Holdout Validation Recall: 0.21428571428571427
2025-10-04 13:18:27,875 - Holdout Validation Accuracy: 0.7230769230769231
2025-10-04 13:18:27,875 - Holdout Validation AUC: 0.6680672268907564
2025-10-04 13:18:27,898 - Test F1 Score: 0.0
2025-10-04 13:18:27,898 - Test Precision: 0.0
2025-10-04 13:18:27,898 - Test Recall: 0.0
2025-10-04 13:18:27,898 - Test Accuracy: 0.7246376811594203
2025-10-04 13:18:27,898 - Test AUC: 0.4312169312169313
2025-10-04 13:18:27,904 - Best model saved as /gpfs/home1/won0316/_RESEARCH/0817_Genotoxicity/1_Git_upload/ChemBAI/ToxCast_model/experiments/training/DART_MTL/results/seed_2/CEETOX_H295R_ESTRADIOL_gbt_Pattern/model.joblib
[2025-10-04 13:18:28] END seed_2:CEETOX_H295R_ESTRADIOL_gbt_Pattern status=0
