[2025-10-04 10:39:42] START seed_2:CEETOX_H295R_ESTRADIOL_rf_Pattern
2025-10-04 10:39:45,179 - Using PyTorch device: cuda:0
2025-10-04 10:39:45,179 - Selected compute device: cuda:0
2025-10-04 10:42:56,461 - Best Model Parameters: {'max_depth': 5, 'min_samples_leaf': 1, 'min_samples_split': 4, 'n_estimators': 400}
2025-10-04 10:42:56,461 - Validation F1 Score: 0.31541975512563747
2025-10-04 10:42:56,461 - Validation Precision: 0.23189691335471388
2025-10-04 10:42:56,461 - Validation Recall: 0.5072727272727272
2025-10-04 10:42:56,461 - Validation Accuracy: 0.7346218487394959
2025-10-04 10:42:56,461 - Validation AUC: 0.6975675675675677
2025-10-04 10:42:57,266 - Holdout Validation F1 Score: 0.36363636363636365
2025-10-04 10:42:57,267 - Holdout Validation Precision: 0.26666666666666666
2025-10-04 10:42:57,267 - Holdout Validation Recall: 0.5714285714285714
2025-10-04 10:42:57,267 - Holdout Validation Accuracy: 0.5692307692307692
2025-10-04 10:42:57,267 - Holdout Validation AUC: 0.6526610644257703
2025-10-04 10:42:57,368 - Test F1 Score: 0.10526315789473684
2025-10-04 10:42:57,368 - Test Precision: 0.07692307692307693
2025-10-04 10:42:57,368 - Test Recall: 0.16666666666666666
2025-10-04 10:42:57,368 - Test Accuracy: 0.7536231884057971
2025-10-04 10:42:57,368 - Test AUC: 0.4312169312169313
2025-10-04 10:42:57,457 - Best model saved as /gpfs/home1/won0316/_RESEARCH/0817_Genotoxicity/1_Git_upload/ChemBAI/ToxCast_model/experiments/training/DART_MTL/results/seed_2/CEETOX_H295R_ESTRADIOL_rf_Pattern/model.joblib
[2025-10-04 10:42:57] END seed_2:CEETOX_H295R_ESTRADIOL_rf_Pattern status=0
