[2025-10-04 11:42:32] START seed_2:CEETOX_H295R_ESTRADIOL_gbt_Morgan
2025-10-04 11:42:35,536 - Using PyTorch device: cuda:0
2025-10-04 11:42:35,537 - Selected compute device: cuda:0
2025-10-04 12:00:54,388 - Best Model Parameters: {'learning_rate': 0.2, 'max_depth': 3, 'min_samples_leaf': 1, 'min_samples_split': 2, 'n_estimators': 300}
2025-10-04 12:00:54,388 - Validation F1 Score: 0.19277733860342555
2025-10-04 12:00:54,388 - Validation Precision: 0.17581196581196581
2025-10-04 12:00:54,388 - Validation Recall: 0.2163636363636364
2025-10-04 12:00:54,388 - Validation Accuracy: 0.7820728291316525
2025-10-04 12:00:54,388 - Validation AUC: 0.5455282555282556
2025-10-04 12:00:56,694 - Holdout Validation F1 Score: 0.25
2025-10-04 12:00:56,694 - Holdout Validation Precision: 0.3
2025-10-04 12:00:56,694 - Holdout Validation Recall: 0.21428571428571427
2025-10-04 12:00:56,694 - Holdout Validation Accuracy: 0.7230769230769231
2025-10-04 12:00:56,694 - Holdout Validation AUC: 0.5441176470588235
2025-10-04 12:00:56,711 - Test F1 Score: 0.0
2025-10-04 12:00:56,711 - Test Precision: 0.0
2025-10-04 12:00:56,711 - Test Recall: 0.0
2025-10-04 12:00:56,711 - Test Accuracy: 0.7391304347826086
2025-10-04 12:00:56,711 - Test AUC: 0.2698412698412698
2025-10-04 12:00:56,721 - Best model saved as /gpfs/home1/won0316/_RESEARCH/0817_Genotoxicity/1_Git_upload/ChemBAI/ToxCast_model/experiments/training/DART_MTL/results/seed_2/CEETOX_H295R_ESTRADIOL_gbt_Morgan/model.joblib
[2025-10-04 12:00:57] END seed_2:CEETOX_H295R_ESTRADIOL_gbt_Morgan status=0
