[2025-10-04 10:27:19] START seed_2:CEETOX_H295R_ESTRADIOL_dt_Layered
2025-10-04 10:27:21,214 - Using PyTorch device: cuda:0
2025-10-04 10:27:21,215 - Selected compute device: cuda:0
2025-10-04 10:29:23,265 - Best Model Parameters: {'criterion': 'entropy', 'max_depth': 5, 'min_samples_leaf': 1, 'min_samples_split': 2}
2025-10-04 10:29:23,265 - Validation F1 Score: 0.21722717369776193
2025-10-04 10:29:23,265 - Validation Precision: 0.1637561612793811
2025-10-04 10:29:23,265 - Validation Recall: 0.3290909090909091
2025-10-04 10:29:23,265 - Validation Accuracy: 0.7014285714285713
2025-10-04 10:29:23,265 - Validation AUC: 0.51495085995086
2025-10-04 10:29:23,495 - Holdout Validation F1 Score: 0.32653061224489793
2025-10-04 10:29:23,495 - Holdout Validation Precision: 0.22857142857142856
2025-10-04 10:29:23,495 - Holdout Validation Recall: 0.5714285714285714
2025-10-04 10:29:23,495 - Holdout Validation Accuracy: 0.49230769230769234
2025-10-04 10:29:23,495 - Holdout Validation AUC: 0.5511204481792717
2025-10-04 10:29:23,518 - Test F1 Score: 0.13333333333333333
2025-10-04 10:29:23,518 - Test Precision: 0.08333333333333333
2025-10-04 10:29:23,518 - Test Recall: 0.3333333333333333
2025-10-04 10:29:23,518 - Test Accuracy: 0.6231884057971014
2025-10-04 10:29:23,518 - Test AUC: 0.4603174603174603
2025-10-04 10:29:23,520 - Best model saved as /gpfs/home1/won0316/_RESEARCH/0817_Genotoxicity/1_Git_upload/ChemBAI/ToxCast_model/experiments/training/DART_MTL/results/seed_2/CEETOX_H295R_ESTRADIOL_dt_Layered/model.joblib
[2025-10-04 10:29:23] END seed_2:CEETOX_H295R_ESTRADIOL_dt_Layered status=0
