[2025-10-04 12:47:06] START seed_2:CEETOX_H295R_ESTRADIOL_logistic_RDKit
2025-10-04 12:47:09,361 - Using PyTorch device: cuda:0
2025-10-04 12:47:09,362 - Selected compute device: cuda:0
2025-10-04 13:11:00,396 - Best Model Parameters: {'C': 0.1, 'penalty': 'l1', 'solver': 'liblinear'}
2025-10-04 13:11:00,396 - Validation F1 Score: 0.3023569023569023
2025-10-04 13:11:00,396 - Validation Precision: 0.2424050054804531
2025-10-04 13:11:00,396 - Validation Recall: 0.41090909090909084
2025-10-04 13:11:00,396 - Validation Accuracy: 0.7726610644257702
2025-10-04 13:11:00,396 - Validation AUC: 0.6233292383292384
2025-10-04 13:11:00,682 - Holdout Validation F1 Score: 0.32
2025-10-04 13:11:00,682 - Holdout Validation Precision: 0.36363636363636365
2025-10-04 13:11:00,682 - Holdout Validation Recall: 0.2857142857142857
2025-10-04 13:11:00,683 - Holdout Validation Accuracy: 0.7384615384615385
2025-10-04 13:11:00,683 - Holdout Validation AUC: 0.6750700280112045
2025-10-04 13:11:00,705 - Test F1 Score: 0.16666666666666666
2025-10-04 13:11:00,705 - Test Precision: 0.16666666666666666
2025-10-04 13:11:00,705 - Test Recall: 0.16666666666666666
2025-10-04 13:11:00,705 - Test Accuracy: 0.855072463768116
2025-10-04 13:11:00,705 - Test AUC: 0.6534391534391535
2025-10-04 13:11:00,707 - Best model saved as /gpfs/home1/won0316/_RESEARCH/0817_Genotoxicity/1_Git_upload/ChemBAI/ToxCast_model/experiments/training/DART_MTL/results/seed_2/CEETOX_H295R_ESTRADIOL_logistic_RDKit/model.joblib
[2025-10-04 13:11:01] END seed_2:CEETOX_H295R_ESTRADIOL_logistic_RDKit status=0
