[2025-10-04 10:42:48] START seed_2:CEETOX_H295R_ESTRADIOL_xgb_MACCS
2025-10-04 10:42:51,457 - Using PyTorch device: cuda:0
2025-10-04 10:42:51,458 - Selected compute device: cuda:0
2025-10-04 10:46:04,371 - Best Model Parameters: {'colsample_bytree': 1.0, 'learning_rate': 0.05, 'max_depth': 3, 'min_child_weight': 5, 'n_estimators': 400, 'subsample': 0.8}
2025-10-04 10:46:04,371 - Validation F1 Score: 0.3478298444762581
2025-10-04 10:46:04,371 - Validation Precision: 0.3193836864889496
2025-10-04 10:46:04,371 - Validation Recall: 0.40727272727272734
2025-10-04 10:46:04,371 - Validation Accuracy: 0.8245938375350141
2025-10-04 10:46:04,371 - Validation AUC: 0.6855036855036856
2025-10-04 10:46:04,713 - Holdout Validation F1 Score: 0.2857142857142857
2025-10-04 10:46:04,713 - Holdout Validation Precision: 0.2857142857142857
2025-10-04 10:46:04,713 - Holdout Validation Recall: 0.2857142857142857
2025-10-04 10:46:04,713 - Holdout Validation Accuracy: 0.6923076923076923
2025-10-04 10:46:04,713 - Holdout Validation AUC: 0.5945378151260504
2025-10-04 10:46:04,783 - Test F1 Score: 0.0
2025-10-04 10:46:04,783 - Test Precision: 0.0
2025-10-04 10:46:04,783 - Test Recall: 0.0
2025-10-04 10:46:04,783 - Test Accuracy: 0.782608695652174
2025-10-04 10:46:04,783 - Test AUC: 0.46031746031746035
2025-10-04 10:46:04,787 - Best model saved as /gpfs/home1/won0316/_RESEARCH/0817_Genotoxicity/1_Git_upload/ChemBAI/ToxCast_model/experiments/training/DART_MTL/results/seed_2/CEETOX_H295R_ESTRADIOL_xgb_MACCS/model.joblib
[2025-10-04 10:46:05] END seed_2:CEETOX_H295R_ESTRADIOL_xgb_MACCS status=0
