[2025-10-04 10:25:50] START seed_2:CEETOX_H295R_ESTRADIOL_dt_Pattern
2025-10-04 10:25:52,522 - Using PyTorch device: cuda:0
2025-10-04 10:25:52,523 - Selected compute device: cuda:0
2025-10-04 10:27:51,329 - Best Model Parameters: {'criterion': 'gini', 'max_depth': 4, 'min_samples_leaf': 2, 'min_samples_split': 2}
2025-10-04 10:27:51,329 - Validation F1 Score: 0.3131620553359684
2025-10-04 10:27:51,329 - Validation Precision: 0.20598602659454585
2025-10-04 10:27:51,329 - Validation Recall: 0.6581818181818182
2025-10-04 10:27:51,329 - Validation Accuracy: 0.6493557422969187
2025-10-04 10:27:51,329 - Validation AUC: 0.6575429975429975
2025-10-04 10:27:51,540 - Holdout Validation F1 Score: 0.3181818181818182
2025-10-04 10:27:51,540 - Holdout Validation Precision: 0.23333333333333334
2025-10-04 10:27:51,540 - Holdout Validation Recall: 0.5
2025-10-04 10:27:51,540 - Holdout Validation Accuracy: 0.5384615384615384
2025-10-04 10:27:51,540 - Holdout Validation AUC: 0.5714285714285714
2025-10-04 10:27:51,563 - Test F1 Score: 0.17647058823529413
2025-10-04 10:27:51,563 - Test Precision: 0.10714285714285714
2025-10-04 10:27:51,563 - Test Recall: 0.5
2025-10-04 10:27:51,563 - Test Accuracy: 0.5942028985507246
2025-10-04 10:27:51,563 - Test AUC: 0.5449735449735451
2025-10-04 10:27:51,621 - Best model saved as /gpfs/home1/won0316/_RESEARCH/0817_Genotoxicity/1_Git_upload/ChemBAI/ToxCast_model/experiments/training/DART_MTL/results/seed_2/CEETOX_H295R_ESTRADIOL_dt_Pattern/model.joblib
[2025-10-04 10:27:52] END seed_2:CEETOX_H295R_ESTRADIOL_dt_Pattern status=0
