[2025-10-04 10:20:38] START seed_2:CEETOX_H295R_ESTRADIOL_dt_Morgan
2025-10-04 10:20:40,691 - Using PyTorch device: cuda:0
2025-10-04 10:20:40,692 - Selected compute device: cuda:0
2025-10-04 10:21:39,857 - Best Model Parameters: {'criterion': 'entropy', 'max_depth': 3, 'min_samples_leaf': 3, 'min_samples_split': 2}
2025-10-04 10:21:39,857 - Validation F1 Score: 0.21129104813315341
2025-10-04 10:21:39,857 - Validation Precision: 0.1454310695690006
2025-10-04 10:21:39,857 - Validation Recall: 0.38727272727272727
2025-10-04 10:21:39,857 - Validation Accuracy: 0.6446218487394958
2025-10-04 10:21:39,857 - Validation AUC: 0.5023095823095823
2025-10-04 10:21:40,033 - Holdout Validation F1 Score: 0.25806451612903225
2025-10-04 10:21:40,033 - Holdout Validation Precision: 0.23529411764705882
2025-10-04 10:21:40,033 - Holdout Validation Recall: 0.2857142857142857
2025-10-04 10:21:40,033 - Holdout Validation Accuracy: 0.6461538461538462
2025-10-04 10:21:40,033 - Holdout Validation AUC: 0.46288515406162467
2025-10-04 10:21:40,048 - Test F1 Score: 0.14285714285714285
2025-10-04 10:21:40,049 - Test Precision: 0.09090909090909091
2025-10-04 10:21:40,049 - Test Recall: 0.3333333333333333
2025-10-04 10:21:40,049 - Test Accuracy: 0.6521739130434783
2025-10-04 10:21:40,049 - Test AUC: 0.5052910052910053
2025-10-04 10:21:40,051 - Best model saved as /gpfs/home1/won0316/_RESEARCH/0817_Genotoxicity/1_Git_upload/ChemBAI/ToxCast_model/experiments/training/DART_MTL/results/seed_2/CEETOX_H295R_ESTRADIOL_dt_Morgan/model.joblib
[2025-10-04 10:21:40] END seed_2:CEETOX_H295R_ESTRADIOL_dt_Morgan status=0
