[2025-09-30 21:29:53] START seed_0:ATG_ERE_CIS_xgb_Morgan
2025-09-30 21:29:57,540 - Using PyTorch device: cuda:0
2025-09-30 21:29:57,540 - Selected compute device: cuda:0
2025-09-30 21:49:31,390 - Best Model Parameters: {'colsample_bytree': 1.0, 'learning_rate': 0.05, 'max_depth': 9, 'min_child_weight': 5, 'n_estimators': 400, 'subsample': 1.0}
2025-09-30 21:49:31,391 - Validation F1 Score: 0.43196023156966434
2025-09-30 21:49:31,391 - Validation Precision: 0.41422452302910423
2025-09-30 21:49:31,391 - Validation Recall: 0.45187551187551184
2025-09-30 21:49:31,391 - Validation Accuracy: 0.7817354409317804
2025-09-30 21:49:31,391 - Validation AUC: 0.6863473064901635
2025-09-30 21:49:33,631 - Holdout Validation F1 Score: 0.40601503759398494
2025-09-30 21:49:33,631 - Holdout Validation Precision: 0.6
2025-09-30 21:49:33,631 - Holdout Validation Recall: 0.3068181818181818
2025-09-30 21:49:33,631 - Holdout Validation Accuracy: 0.6926070038910506
2025-09-30 21:49:33,631 - Holdout Validation AUC: 0.6727407208176439
2025-09-30 21:49:34,011 - Test F1 Score: 0.47058823529411764
2025-09-30 21:49:34,012 - Test Precision: 0.5294117647058824
2025-09-30 21:49:34,012 - Test Recall: 0.4235294117647059
2025-09-30 21:49:34,012 - Test Accuracy: 0.7403846153846154
2025-09-30 21:49:34,012 - Test AUC: 0.6980305778699145
2025-09-30 21:49:34,017 - Best model saved as /gpfs/home1/won0316/_RESEARCH/0817_Genotoxicity/1_Git_upload/ChemBAI/ToxCast_model/experiments/training/DART_MTL/results/seed_0/ATG_ERE_CIS_xgb_Morgan/model.joblib
[2025-09-30 21:49:34] END seed_0:ATG_ERE_CIS_xgb_Morgan status=0
