[2025-09-30 20:45:19] START seed_0:ATG_ERE_CIS_dt_Morgan
2025-09-30 20:45:23,205 - Using PyTorch device: cuda:0
2025-09-30 20:45:23,205 - Selected compute device: cuda:0
2025-09-30 20:47:40,212 - Best Model Parameters: {'criterion': 'gini', 'max_depth': None, 'min_samples_leaf': 3, 'min_samples_split': 2}
2025-09-30 20:47:40,212 - Validation F1 Score: 0.3708905580693023
2025-09-30 20:47:40,212 - Validation Precision: 0.3401294255029782
2025-09-30 20:47:40,212 - Validation Recall: 0.40827190827190823
2025-09-30 20:47:40,212 - Validation Accuracy: 0.7454104270660011
2025-09-30 20:47:40,212 - Validation AUC: 0.6401927159070016
2025-09-30 20:47:40,849 - Holdout Validation F1 Score: 0.4342105263157895
2025-09-30 20:47:40,849 - Holdout Validation Precision: 0.515625
2025-09-30 20:47:40,850 - Holdout Validation Recall: 0.375
2025-09-30 20:47:40,850 - Holdout Validation Accuracy: 0.6653696498054474
2025-09-30 20:47:40,850 - Holdout Validation AUC: 0.6249327595481441
2025-09-30 20:47:40,867 - Test F1 Score: 0.35365853658536583
2025-09-30 20:47:40,867 - Test Precision: 0.3670886075949367
2025-09-30 20:47:40,867 - Test Recall: 0.3411764705882353
2025-09-30 20:47:40,867 - Test Accuracy: 0.6602564102564102
2025-09-30 20:47:40,867 - Test AUC: 0.5500129567245401
2025-09-30 20:47:40,869 - Best model saved as /gpfs/home1/won0316/_RESEARCH/0817_Genotoxicity/1_Git_upload/ChemBAI/ToxCast_model/experiments/training/DART_MTL/results/seed_0/ATG_ERE_CIS_dt_Morgan/model.joblib
[2025-09-30 20:47:41] END seed_0:ATG_ERE_CIS_dt_Morgan status=0
