[2025-10-07 04:57:06] START seed_2:TOX21_PR_BLA_Antagonist_ratio_xgb_Morgan
2025-10-07 04:57:09,002 - Using PyTorch device: cuda:0
2025-10-07 04:57:09,002 - Selected compute device: cuda:0
2025-10-07 05:21:24,117 - Best Model Parameters: {'colsample_bytree': 1.0, 'learning_rate': 0.1, 'max_depth': 9, 'min_child_weight': 5, 'n_estimators': 400, 'subsample': 0.8}
2025-10-07 05:21:24,117 - Validation F1 Score: 0.529325306049427
2025-10-07 05:21:24,117 - Validation Precision: 0.5167808462259982
2025-10-07 05:21:24,117 - Validation Recall: 0.543884892086331
2025-10-07 05:21:24,117 - Validation Accuracy: 0.7727206431212759
2025-10-07 05:21:24,117 - Validation AUC: 0.7653641829428881
2025-10-07 05:21:27,093 - Holdout Validation F1 Score: 0.4855769230769231
2025-10-07 05:21:27,093 - Holdout Validation Precision: 0.5024875621890548
2025-10-07 05:21:27,093 - Holdout Validation Recall: 0.4697674418604651
2025-10-07 05:21:27,093 - Holdout Validation Accuracy: 0.6907514450867052
2025-10-07 05:21:27,093 - Holdout Validation AUC: 0.7076251767344351
2025-10-07 05:21:27,500 - Test F1 Score: 0.5471698113207547
2025-10-07 05:21:27,500 - Test Precision: 0.5603864734299517
2025-10-07 05:21:27,500 - Test Recall: 0.5345622119815668
2025-10-07 05:21:27,500 - Test Accuracy: 0.7249283667621776
2025-10-07 05:21:27,501 - Test AUC: 0.7109276947986625
2025-10-07 05:21:27,507 - Best model saved as /gpfs/home1/won0316/_RESEARCH/0817_Genotoxicity/1_Git_upload/ChemBAI/ToxCast_model/experiments/training/DART_MTL/results/seed_2/TOX21_PR_BLA_Antagonist_ratio_xgb_Morgan/model.joblib
[2025-10-07 05:21:28] END seed_2:TOX21_PR_BLA_Antagonist_ratio_xgb_Morgan status=0
