[2025-10-02 00:48:43] START seed_0:BSK_CASM3C_uPAR_rf_Layered
2025-10-02 00:48:47,072 - Using PyTorch device: cuda:0
2025-10-02 00:48:47,073 - Selected compute device: cuda:0
2025-10-02 00:52:33,650 - Best Model Parameters: {'max_depth': None, 'min_samples_leaf': 1, 'min_samples_split': 2, 'n_estimators': 200}
2025-10-02 00:52:33,650 - Validation F1 Score: 0.31076847047195455
2025-10-02 00:52:33,650 - Validation Precision: 0.341287560478737
2025-10-02 00:52:33,651 - Validation Recall: 0.288904694167852
2025-10-02 00:52:33,651 - Validation Accuracy: 0.8203712503712504
2025-10-02 00:52:33,651 - Validation AUC: 0.71291088385683
2025-10-02 00:52:34,403 - Holdout Validation F1 Score: 0.23255813953488372
2025-10-02 00:52:34,403 - Holdout Validation Precision: 0.22727272727272727
2025-10-02 00:52:34,403 - Holdout Validation Recall: 0.23809523809523808
2025-10-02 00:52:34,403 - Holdout Validation Accuracy: 0.7814569536423841
2025-10-02 00:52:34,403 - Holdout Validation AUC: 0.6051282051282052
2025-10-02 00:52:34,474 - Test F1 Score: 0.2
2025-10-02 00:52:34,474 - Test Precision: 0.4444444444444444
2025-10-02 00:52:34,474 - Test Recall: 0.12903225806451613
2025-10-02 00:52:34,474 - Test Accuracy: 0.8128654970760234
2025-10-02 00:52:34,474 - Test AUC: 0.5867511520737326
2025-10-02 00:52:34,526 - Best model saved as /gpfs/home1/won0316/_RESEARCH/0817_Genotoxicity/1_Git_upload/ChemBAI/ToxCast_model/experiments/training/DART_MTL/results/seed_0/BSK_CASM3C_uPAR_rf_Layered/model.joblib
[2025-10-02 00:52:35] END seed_0:BSK_CASM3C_uPAR_rf_Layered status=0
