[2025-10-02 00:55:43] START seed_0:BSK_CASM3C_uPAR_xgb_MACCS
2025-10-02 00:55:47,327 - Using PyTorch device: cuda:0
2025-10-02 00:55:47,327 - Selected compute device: cuda:0
2025-10-02 01:00:23,376 - Best Model Parameters: {'colsample_bytree': 0.8, 'learning_rate': 0.1, 'max_depth': 6, 'min_child_weight': 1, 'n_estimators': 400, 'subsample': 0.8}
2025-10-02 01:00:23,376 - Validation F1 Score: 0.3777929921491565
2025-10-02 01:00:23,376 - Validation Precision: 0.3808228905597327
2025-10-02 01:00:23,376 - Validation Recall: 0.3751066856330015
2025-10-02 01:00:23,376 - Validation Accuracy: 0.8211642411642412
2025-10-02 01:00:23,376 - Validation AUC: 0.6922840336780592
2025-10-02 01:00:23,879 - Holdout Validation F1 Score: 0.15384615384615385
2025-10-02 01:00:23,879 - Holdout Validation Precision: 0.16666666666666666
2025-10-02 01:00:23,879 - Holdout Validation Recall: 0.14285714285714285
2025-10-02 01:00:23,879 - Holdout Validation Accuracy: 0.7814569536423841
2025-10-02 01:00:23,879 - Holdout Validation AUC: 0.595970695970696
2025-10-02 01:00:23,950 - Test F1 Score: 0.23529411764705882
2025-10-02 01:00:23,950 - Test Precision: 0.3
2025-10-02 01:00:23,950 - Test Recall: 0.1935483870967742
2025-10-02 01:00:23,950 - Test Accuracy: 0.7719298245614035
2025-10-02 01:00:23,950 - Test AUC: 0.5640552995391706
2025-10-02 01:00:23,955 - Best model saved as /gpfs/home1/won0316/_RESEARCH/0817_Genotoxicity/1_Git_upload/ChemBAI/ToxCast_model/experiments/training/DART_MTL/results/seed_0/BSK_CASM3C_uPAR_xgb_MACCS/model.joblib
[2025-10-02 01:00:24] END seed_0:BSK_CASM3C_uPAR_xgb_MACCS status=0
