[2025-10-02 01:53:46] START seed_0:BSK_CASM3C_uPAR_xgb_Layered
2025-10-02 01:53:49,850 - Using PyTorch device: cuda:0
2025-10-02 01:53:49,850 - Selected compute device: cuda:0
2025-10-02 02:30:03,245 - Best Model Parameters: {'colsample_bytree': 1.0, 'learning_rate': 0.1, 'max_depth': 6, 'min_child_weight': 1, 'n_estimators': 400, 'subsample': 1.0}
2025-10-02 02:30:03,245 - Validation F1 Score: 0.3375860932471102
2025-10-02 02:30:03,245 - Validation Precision: 0.35614283772178507
2025-10-02 02:30:03,245 - Validation Recall: 0.3263157894736842
2025-10-02 02:30:03,245 - Validation Accuracy: 0.8203712503712502
2025-10-02 02:30:03,245 - Validation AUC: 0.6875344405572001
2025-10-02 02:30:07,009 - Holdout Validation F1 Score: 0.25
2025-10-02 02:30:07,009 - Holdout Validation Precision: 0.2222222222222222
2025-10-02 02:30:07,009 - Holdout Validation Recall: 0.2857142857142857
2025-10-02 02:30:07,009 - Holdout Validation Accuracy: 0.7615894039735099
2025-10-02 02:30:07,009 - Holdout Validation AUC: 0.571062271062271
2025-10-02 02:30:07,763 - Test F1 Score: 0.2553191489361702
2025-10-02 02:30:07,763 - Test Precision: 0.375
2025-10-02 02:30:07,763 - Test Recall: 0.1935483870967742
2025-10-02 02:30:07,763 - Test Accuracy: 0.7953216374269005
2025-10-02 02:30:07,763 - Test AUC: 0.625115207373272
2025-10-02 02:30:07,769 - Best model saved as /gpfs/home1/won0316/_RESEARCH/0817_Genotoxicity/1_Git_upload/ChemBAI/ToxCast_model/experiments/training/DART_MTL/results/seed_0/BSK_CASM3C_uPAR_xgb_Layered/model.joblib
[2025-10-02 02:30:08] END seed_0:BSK_CASM3C_uPAR_xgb_Layered status=0
