[2025-10-02 01:58:46] START seed_0:BSK_CASM3C_uPAR_gbt_MACCS
2025-10-02 01:58:50,084 - Using PyTorch device: cuda:0
2025-10-02 01:58:50,085 - Selected compute device: cuda:0
2025-10-02 02:15:25,512 - Best Model Parameters: {'learning_rate': 0.2, 'max_depth': 5, 'min_samples_leaf': 1, 'min_samples_split': 4, 'n_estimators': 200}
2025-10-02 02:15:25,512 - Validation F1 Score: 0.34919612038225645
2025-10-02 02:15:25,512 - Validation Precision: 0.3366097507583576
2025-10-02 02:15:25,512 - Validation Recall: 0.36443812233285916
2025-10-02 02:15:25,512 - Validation Accuracy: 0.8065043065043065
2025-10-02 02:15:25,512 - Validation AUC: 0.6653044224879217
2025-10-02 02:15:27,587 - Holdout Validation F1 Score: 0.1111111111111111
2025-10-02 02:15:27,587 - Holdout Validation Precision: 0.13333333333333333
2025-10-02 02:15:27,587 - Holdout Validation Recall: 0.09523809523809523
2025-10-02 02:15:27,587 - Holdout Validation Accuracy: 0.7880794701986755
2025-10-02 02:15:27,587 - Holdout Validation AUC: 0.5999999999999999
2025-10-02 02:15:27,600 - Test F1 Score: 0.25
2025-10-02 02:15:27,600 - Test Precision: 0.28
2025-10-02 02:15:27,600 - Test Recall: 0.22580645161290322
2025-10-02 02:15:27,600 - Test Accuracy: 0.7543859649122807
2025-10-02 02:15:27,600 - Test AUC: 0.5658986175115207
2025-10-02 02:15:27,703 - Best model saved as /gpfs/home1/won0316/_RESEARCH/0817_Genotoxicity/1_Git_upload/ChemBAI/ToxCast_model/experiments/training/DART_MTL/results/seed_0/BSK_CASM3C_uPAR_gbt_MACCS/model.joblib
[2025-10-02 02:15:28] END seed_0:BSK_CASM3C_uPAR_gbt_MACCS status=0
