[2025-10-02 00:23:58] START seed_0:BSK_CASM3C_uPAR_dt_Layered
2025-10-02 00:24:02,464 - Using PyTorch device: cuda:0
2025-10-02 00:24:02,464 - Selected compute device: cuda:0
2025-10-02 00:27:09,658 - Best Model Parameters: {'criterion': 'entropy', 'max_depth': 2, 'min_samples_leaf': 1, 'min_samples_split': 2}
2025-10-02 00:27:09,658 - Validation F1 Score: 0.314295468320018
2025-10-02 00:27:09,658 - Validation Precision: 0.22080418807198993
2025-10-02 00:27:09,658 - Validation Recall: 0.5664295874822192
2025-10-02 00:27:09,658 - Validation Accuracy: 0.6282744282744284
2025-10-02 00:27:09,658 - Validation AUC: 0.6030557584611639
2025-10-02 00:27:09,981 - Holdout Validation F1 Score: 0.2782608695652174
2025-10-02 00:27:09,981 - Holdout Validation Precision: 0.1702127659574468
2025-10-02 00:27:09,981 - Holdout Validation Recall: 0.7619047619047619
2025-10-02 00:27:09,981 - Holdout Validation Accuracy: 0.4503311258278146
2025-10-02 00:27:09,981 - Holdout Validation AUC: 0.5567765567765568
2025-10-02 00:27:10,005 - Test F1 Score: 0.22
2025-10-02 00:27:10,005 - Test Precision: 0.15942028985507245
2025-10-02 00:27:10,005 - Test Recall: 0.3548387096774194
2025-10-02 00:27:10,005 - Test Accuracy: 0.543859649122807
2025-10-02 00:27:10,005 - Test AUC: 0.5336405529953917
2025-10-02 00:27:10,733 - Best model saved as /gpfs/home1/won0316/_RESEARCH/0817_Genotoxicity/1_Git_upload/ChemBAI/ToxCast_model/experiments/training/DART_MTL/results/seed_0/BSK_CASM3C_uPAR_dt_Layered/model.joblib
[2025-10-02 00:27:11] END seed_0:BSK_CASM3C_uPAR_dt_Layered status=0
