[2025-10-02 02:49:48] START seed_0:BSK_CASM3C_uPAR_gbt_Pattern
2025-10-02 02:49:52,252 - Using PyTorch device: cuda:0
2025-10-02 02:49:52,253 - Selected compute device: cuda:0
2025-10-02 04:50:59,191 - Best Model Parameters: {'learning_rate': 0.05, 'max_depth': 3, 'min_samples_leaf': 2, 'min_samples_split': 2, 'n_estimators': 100}
2025-10-02 04:50:59,191 - Validation F1 Score: 0.3561203330005203
2025-10-02 04:50:59,191 - Validation Precision: 0.2911721826170629
2025-10-02 04:50:59,191 - Validation Recall: 0.4598862019914652
2025-10-02 04:50:59,191 - Validation Accuracy: 0.7617641817641818
2025-10-02 04:50:59,191 - Validation AUC: 0.6802346443171479
2025-10-02 04:51:04,512 - Holdout Validation F1 Score: 0.275
2025-10-02 04:51:04,512 - Holdout Validation Precision: 0.1864406779661017
2025-10-02 04:51:04,512 - Holdout Validation Recall: 0.5238095238095238
2025-10-02 04:51:04,512 - Holdout Validation Accuracy: 0.6158940397350994
2025-10-02 04:51:04,512 - Holdout Validation AUC: 0.6529304029304029
2025-10-02 04:51:04,538 - Test F1 Score: 0.28205128205128205
2025-10-02 04:51:04,538 - Test Precision: 0.23404255319148937
2025-10-02 04:51:04,538 - Test Recall: 0.3548387096774194
2025-10-02 04:51:04,538 - Test Accuracy: 0.672514619883041
2025-10-02 04:51:04,538 - Test AUC: 0.6311059907834101
2025-10-02 04:51:04,543 - Best model saved as /gpfs/home1/won0316/_RESEARCH/0817_Genotoxicity/1_Git_upload/ChemBAI/ToxCast_model/experiments/training/DART_MTL/results/seed_0/BSK_CASM3C_uPAR_gbt_Pattern/model.joblib
[2025-10-02 04:51:04] END seed_0:BSK_CASM3C_uPAR_gbt_Pattern status=0
