[2025-09-29 18:43:00] START seed_0:ATG_Ahr_CIS_xgb_RDKit
2025-09-29 18:43:04,550 - Using PyTorch device: cuda:0
2025-09-29 18:43:04,550 - Selected compute device: cuda:0
2025-09-29 19:26:10,704 - Best Model Parameters: {'colsample_bytree': 0.8, 'learning_rate': 0.1, 'max_depth': 3, 'min_child_weight': 5, 'n_estimators': 400, 'subsample': 1.0}
2025-09-29 19:26:10,705 - Validation F1 Score: 0.32169454421548627
2025-09-29 19:26:10,705 - Validation Precision: 0.29431601803446467
2025-09-29 19:26:10,705 - Validation Recall: 0.35518386108273753
2025-09-29 19:26:10,705 - Validation Accuracy: 0.780075429839157
2025-09-29 19:26:10,705 - Validation AUC: 0.6372456613947166
2025-09-29 19:26:14,565 - Holdout Validation F1 Score: 0.24096385542168675
2025-09-29 19:26:14,565 - Holdout Validation Precision: 0.3333333333333333
2025-09-29 19:26:14,565 - Holdout Validation Recall: 0.18867924528301888
2025-09-29 19:26:14,565 - Holdout Validation Accuracy: 0.754863813229572
2025-09-29 19:26:14,565 - Holdout Validation AUC: 0.54555123936367
2025-09-29 19:26:15,331 - Test F1 Score: 0.24299065420560748
2025-09-29 19:26:15,331 - Test Precision: 0.2708333333333333
2025-09-29 19:26:15,331 - Test Recall: 0.22033898305084745
2025-09-29 19:26:15,331 - Test Accuracy: 0.7403846153846154
2025-09-29 19:26:15,331 - Test AUC: 0.5693039458699002
2025-09-29 19:26:15,335 - Best model saved as /gpfs/home1/won0316/_RESEARCH/0817_Genotoxicity/1_Git_upload/ChemBAI/ToxCast_model/experiments/training/DART_MTL/results/seed_0/ATG_Ahr_CIS_xgb_RDKit/model.joblib
[2025-09-29 19:26:16] END seed_0:ATG_Ahr_CIS_xgb_RDKit status=0
