[2025-09-29 18:25:30] START seed_0:ATG_Ahr_CIS_dt_Layered
2025-09-29 18:25:34,940 - Using PyTorch device: cuda:0
2025-09-29 18:25:34,941 - Selected compute device: cuda:0
2025-09-29 18:31:21,933 - Best Model Parameters: {'criterion': 'entropy', 'max_depth': 5, 'min_samples_leaf': 1, 'min_samples_split': 2}
2025-09-29 18:31:21,934 - Validation F1 Score: 0.34224090630906484
2025-09-29 18:31:21,934 - Validation Precision: 0.26022908016923574
2025-09-29 18:31:21,934 - Validation Recall: 0.5203013278855976
2025-09-29 18:31:21,934 - Validation Accuracy: 0.7081192457016084
2025-09-29 18:31:21,934 - Validation AUC: 0.6561717537175937
2025-09-29 18:31:22,710 - Holdout Validation F1 Score: 0.2916666666666667
2025-09-29 18:31:22,710 - Holdout Validation Precision: 0.23076923076923078
2025-09-29 18:31:22,710 - Holdout Validation Recall: 0.39622641509433965
2025-09-29 18:31:22,711 - Holdout Validation Accuracy: 0.603112840466926
2025-09-29 18:31:22,711 - Holdout Validation AUC: 0.5357935627081021
2025-09-29 18:31:22,736 - Test F1 Score: 0.2541436464088398
2025-09-29 18:31:22,736 - Test Precision: 0.1885245901639344
2025-09-29 18:31:22,736 - Test Recall: 0.3898305084745763
2025-09-29 18:31:22,736 - Test Accuracy: 0.5673076923076923
2025-09-29 18:31:22,736 - Test AUC: 0.5293428016346219
2025-09-29 18:31:22,761 - Best model saved as /gpfs/home1/won0316/_RESEARCH/0817_Genotoxicity/1_Git_upload/ChemBAI/ToxCast_model/experiments/training/DART_MTL/results/seed_0/ATG_Ahr_CIS_dt_Layered/model.joblib
[2025-09-29 18:31:24] END seed_0:ATG_Ahr_CIS_dt_Layered status=0
