[2025-09-30 08:04:07] START seed_0:ATG_Ahr_CIS_logistic_Pattern
2025-09-30 08:04:10,856 - Using PyTorch device: cuda:0
2025-09-30 08:04:10,857 - Selected compute device: cuda:0
2025-09-30 11:02:50,229 - Best Model Parameters: {'C': 0.1, 'penalty': 'l1', 'solver': 'saga'}
2025-09-30 11:02:50,229 - Validation F1 Score: 0.3502837260470233
2025-09-30 11:02:50,229 - Validation Precision: 0.29226493940512943
2025-09-30 11:02:50,229 - Validation Recall: 0.44121552604698666
2025-09-30 11:02:50,229 - Validation Accuracy: 0.7584126455906823
2025-09-30 11:02:50,229 - Validation AUC: 0.6731041761544008
2025-09-30 11:04:56,136 - Holdout Validation F1 Score: 0.359375
2025-09-30 11:04:56,137 - Holdout Validation Precision: 0.30666666666666664
2025-09-30 11:04:56,137 - Holdout Validation Recall: 0.4339622641509434
2025-09-30 11:04:56,137 - Holdout Validation Accuracy: 0.6809338521400778
2025-09-30 11:04:56,137 - Holdout Validation AUC: 0.6166296707362191
2025-09-30 11:04:56,163 - Test F1 Score: 0.29213483146067415
2025-09-30 11:04:56,163 - Test Precision: 0.2184873949579832
2025-09-30 11:04:56,163 - Test Recall: 0.4406779661016949
2025-09-30 11:04:56,163 - Test Accuracy: 0.5961538461538461
2025-09-30 11:04:56,163 - Test AUC: 0.5756682521605145
2025-09-30 11:04:56,166 - Best model saved as /gpfs/home1/won0316/_RESEARCH/0817_Genotoxicity/1_Git_upload/ChemBAI/ToxCast_model/experiments/training/DART_MTL/results/seed_0/ATG_Ahr_CIS_logistic_Pattern/model.joblib
[2025-09-30 11:04:56] END seed_0:ATG_Ahr_CIS_logistic_Pattern status=0
