[2025-09-29 19:33:33] START seed_0:ATG_Ahr_CIS_gbt_MACCS
2025-09-29 19:33:37,437 - Using PyTorch device: cuda:0
2025-09-29 19:33:37,438 - Selected compute device: cuda:0
2025-09-29 20:05:05,177 - Best Model Parameters: {'learning_rate': 0.1, 'max_depth': 3, 'min_samples_leaf': 1, 'min_samples_split': 2, 'n_estimators': 300}
2025-09-29 20:05:05,177 - Validation F1 Score: 0.403487583844948
2025-09-29 20:05:05,177 - Validation Precision: 0.36143196489073126
2025-09-29 20:05:05,177 - Validation Recall: 0.45914198161389175
2025-09-29 20:05:05,177 - Validation Accuracy: 0.8017298946200777
2025-09-29 20:05:05,177 - Validation AUC: 0.6912064241566943
2025-09-29 20:05:08,827 - Holdout Validation F1 Score: 0.3076923076923077
2025-09-29 20:05:08,827 - Holdout Validation Precision: 0.3137254901960784
2025-09-29 20:05:08,827 - Holdout Validation Recall: 0.3018867924528302
2025-09-29 20:05:08,827 - Holdout Validation Accuracy: 0.7198443579766537
2025-09-29 20:05:08,827 - Holdout Validation AUC: 0.6074731779504255
2025-09-29 20:05:08,841 - Test F1 Score: 0.2838709677419355
2025-09-29 20:05:08,841 - Test Precision: 0.22916666666666666
2025-09-29 20:05:08,841 - Test Recall: 0.3728813559322034
2025-09-29 20:05:08,841 - Test Accuracy: 0.6442307692307693
2025-09-29 20:05:08,841 - Test AUC: 0.5771755878609233
2025-09-29 20:05:08,870 - Best model saved as /gpfs/home1/won0316/_RESEARCH/0817_Genotoxicity/1_Git_upload/ChemBAI/ToxCast_model/experiments/training/DART_MTL/results/seed_0/ATG_Ahr_CIS_gbt_MACCS/model.joblib
[2025-09-29 20:05:11] END seed_0:ATG_Ahr_CIS_gbt_MACCS status=0
