[2025-09-29 22:54:10] START seed_0:ATG_Ahr_CIS_logistic_MACCS
2025-09-29 22:54:14,493 - Using PyTorch device: cuda:0
2025-09-29 22:54:14,493 - Selected compute device: cuda:0
2025-09-29 23:02:01,101 - Best Model Parameters: {'C': 0.1, 'penalty': 'l2', 'solver': 'liblinear'}
2025-09-29 23:02:01,101 - Validation F1 Score: 0.39057887409069036
2025-09-29 23:02:01,101 - Validation Precision: 0.3168190569125905
2025-09-29 23:02:01,101 - Validation Recall: 0.5113636363636364
2025-09-29 23:02:01,101 - Validation Accuracy: 0.7660809761508597
2025-09-29 23:02:01,101 - Validation AUC: 0.6931850976674548
2025-09-29 23:02:01,189 - Holdout Validation F1 Score: 0.3333333333333333
2025-09-29 23:02:01,189 - Holdout Validation Precision: 0.2876712328767123
2025-09-29 23:02:01,189 - Holdout Validation Recall: 0.39622641509433965
2025-09-29 23:02:01,189 - Holdout Validation Accuracy: 0.6731517509727627
2025-09-29 23:02:01,189 - Holdout Validation AUC: 0.61334628190899
2025-09-29 23:02:01,200 - Test F1 Score: 0.3368421052631579
2025-09-29 23:02:01,200 - Test Precision: 0.24427480916030533
2025-09-29 23:02:01,200 - Test Recall: 0.5423728813559322
2025-09-29 23:02:01,200 - Test Accuracy: 0.5961538461538461
2025-09-29 23:02:01,200 - Test AUC: 0.6016279225564414
2025-09-29 23:02:01,212 - Best model saved as /gpfs/home1/won0316/_RESEARCH/0817_Genotoxicity/1_Git_upload/ChemBAI/ToxCast_model/experiments/training/DART_MTL/results/seed_0/ATG_Ahr_CIS_logistic_MACCS/model.joblib
[2025-09-29 23:02:03] END seed_0:ATG_Ahr_CIS_logistic_MACCS status=0
