[2025-09-29 18:25:55] START seed_0:ATG_Ahr_CIS_rf_RDKit
2025-09-29 18:26:00,942 - Using PyTorch device: cuda:0
2025-09-29 18:26:00,942 - Selected compute device: cuda:0
2025-09-29 18:32:22,040 - Best Model Parameters: {'max_depth': 10, 'min_samples_leaf': 1, 'min_samples_split': 2, 'n_estimators': 600}
2025-09-29 18:32:22,040 - Validation F1 Score: 0.33183907816548347
2025-09-29 18:32:22,041 - Validation Precision: 0.28790151768542616
2025-09-29 18:32:22,041 - Validation Recall: 0.3937180796731359
2025-09-29 18:32:22,041 - Validation Accuracy: 0.7680820854132002
2025-09-29 18:32:22,041 - Validation AUC: 0.6465705796472905
2025-09-29 18:32:24,251 - Holdout Validation F1 Score: 0.2696629213483146
2025-09-29 18:32:24,251 - Holdout Validation Precision: 0.3333333333333333
2025-09-29 18:32:24,251 - Holdout Validation Recall: 0.22641509433962265
2025-09-29 18:32:24,251 - Holdout Validation Accuracy: 0.7470817120622568
2025-09-29 18:32:24,251 - Holdout Validation AUC: 0.5923048464668886
2025-09-29 18:32:24,416 - Test F1 Score: 0.2809917355371901
2025-09-29 18:32:24,416 - Test Precision: 0.27419354838709675
2025-09-29 18:32:24,416 - Test Recall: 0.288135593220339
2025-09-29 18:32:24,416 - Test Accuracy: 0.7211538461538461
2025-09-29 18:32:24,417 - Test AUC: 0.60990152073424
2025-09-29 18:32:24,565 - Best model saved as /gpfs/home1/won0316/_RESEARCH/0817_Genotoxicity/1_Git_upload/ChemBAI/ToxCast_model/experiments/training/DART_MTL/results/seed_0/ATG_Ahr_CIS_rf_RDKit/model.joblib
[2025-09-29 18:32:25] END seed_0:ATG_Ahr_CIS_rf_RDKit status=0
