[2025-10-01 10:27:16] START seed_2:BSK_3C_uPAR_xgb_MACCS
2025-10-01 10:27:19,265 - Using PyTorch device: cuda:0
2025-10-01 10:27:19,265 - Selected compute device: cuda:0
2025-10-01 10:31:53,997 - Best Model Parameters: {'colsample_bytree': 1.0, 'learning_rate': 0.1, 'max_depth': 9, 'min_child_weight': 1, 'n_estimators': 400, 'subsample': 0.8}
2025-10-01 10:31:53,997 - Validation F1 Score: 0.4382847505041861
2025-10-01 10:31:53,997 - Validation Precision: 0.441608327995445
2025-10-01 10:31:53,997 - Validation Recall: 0.43584229390681006
2025-10-01 10:31:53,997 - Validation Accuracy: 0.737698684962836
2025-10-01 10:31:53,997 - Validation AUC: 0.7091410479837114
2025-10-01 10:31:54,575 - Holdout Validation F1 Score: 0.5208333333333334
2025-10-01 10:31:54,576 - Holdout Validation Precision: 0.5555555555555556
2025-10-01 10:31:54,576 - Holdout Validation Recall: 0.49019607843137253
2025-10-01 10:31:54,576 - Holdout Validation Accuracy: 0.684931506849315
2025-10-01 10:31:54,576 - Holdout Validation AUC: 0.6644994840041281
2025-10-01 10:31:54,647 - Test F1 Score: 0.4716981132075472
2025-10-01 10:31:54,647 - Test Precision: 0.423728813559322
2025-10-01 10:31:54,647 - Test Recall: 0.5319148936170213
2025-10-01 10:31:54,647 - Test Accuracy: 0.6266666666666667
2025-10-01 10:31:54,647 - Test AUC: 0.5989464986573022
2025-10-01 10:31:54,653 - Best model saved as /gpfs/home1/won0316/_RESEARCH/0817_Genotoxicity/1_Git_upload/ChemBAI/ToxCast_model/experiments/training/DART_MTL/results/seed_2/BSK_3C_uPAR_xgb_MACCS/model.joblib
[2025-10-01 10:31:55] END seed_2:BSK_3C_uPAR_xgb_MACCS status=0
