[2025-09-29 18:49:43] START seed_2:BSK_3C_uPAR_rf_Morgan
2025-09-29 18:49:47,917 - Using PyTorch device: cuda:0
2025-09-29 18:49:47,917 - Selected compute device: cuda:0
2025-09-29 18:52:53,347 - Best Model Parameters: {'max_depth': 15, 'min_samples_leaf': 1, 'min_samples_split': 2, 'n_estimators': 200}
2025-09-29 18:52:53,347 - Validation F1 Score: 0.3931456503953899
2025-09-29 18:52:53,348 - Validation Precision: 0.36996482376848155
2025-09-29 18:52:53,348 - Validation Recall: 0.4200204813108039
2025-09-29 18:52:53,348 - Validation Accuracy: 0.6938879359634076
2025-09-29 18:52:53,348 - Validation AUC: 0.6390394219781107
2025-09-29 18:52:53,801 - Holdout Validation F1 Score: 0.34782608695652173
2025-09-29 18:52:53,801 - Holdout Validation Precision: 0.3902439024390244
2025-09-29 18:52:53,801 - Holdout Validation Recall: 0.3137254901960784
2025-09-29 18:52:53,801 - Holdout Validation Accuracy: 0.589041095890411
2025-09-29 18:52:53,801 - Holdout Validation AUC: 0.5717234262125903
2025-09-29 18:52:53,866 - Test F1 Score: 0.12345679012345678
2025-09-29 18:52:53,866 - Test Precision: 0.14705882352941177
2025-09-29 18:52:53,866 - Test Recall: 0.10638297872340426
2025-09-29 18:52:53,866 - Test Accuracy: 0.5266666666666666
2025-09-29 18:52:53,866 - Test AUC: 0.44505267506713486
2025-09-29 18:52:53,913 - Best model saved as /gpfs/home1/won0316/_RESEARCH/0817_Genotoxicity/1_Git_upload/ChemBAI/ToxCast_model/experiments/training/DART_MTL/results/seed_2/BSK_3C_uPAR_rf_Morgan/model.joblib
[2025-09-29 18:52:54] END seed_2:BSK_3C_uPAR_rf_Morgan status=0
