[2025-10-01 17:44:19] START seed_2:BSK_3C_uPAR_gbt_Layered
2025-10-01 17:44:22,119 - Using PyTorch device: cuda:0
2025-10-01 17:44:22,120 - Selected compute device: cuda:0
2025-10-01 20:07:43,228 - Best Model Parameters: {'learning_rate': 0.1, 'max_depth': 3, 'min_samples_leaf': 1, 'min_samples_split': 2, 'n_estimators': 100}
2025-10-01 20:07:43,228 - Validation F1 Score: 0.44025338626567584
2025-10-01 20:07:43,229 - Validation Precision: 0.4139094385106631
2025-10-01 20:07:43,229 - Validation Recall: 0.4739375320020482
2025-10-01 20:07:43,229 - Validation Accuracy: 0.7173241852487136
2025-10-01 20:07:43,229 - Validation AUC: 0.6695552858162027
2025-10-01 20:07:49,319 - Holdout Validation F1 Score: 0.4782608695652174
2025-10-01 20:07:49,319 - Holdout Validation Precision: 0.5365853658536586
2025-10-01 20:07:49,319 - Holdout Validation Recall: 0.43137254901960786
2025-10-01 20:07:49,319 - Holdout Validation Accuracy: 0.6712328767123288
2025-10-01 20:07:49,319 - Holdout Validation AUC: 0.7263157894736842
2025-10-01 20:07:49,344 - Test F1 Score: 0.43564356435643564
2025-10-01 20:07:49,345 - Test Precision: 0.4074074074074074
2025-10-01 20:07:49,345 - Test Recall: 0.46808510638297873
2025-10-01 20:07:49,345 - Test Accuracy: 0.62
2025-10-01 20:07:49,345 - Test AUC: 0.6330303656269366
2025-10-01 20:07:50,208 - Best model saved as /gpfs/home1/won0316/_RESEARCH/0817_Genotoxicity/1_Git_upload/ChemBAI/ToxCast_model/experiments/training/DART_MTL/results/seed_2/BSK_3C_uPAR_gbt_Layered/model.joblib
[2025-10-01 20:07:51] END seed_2:BSK_3C_uPAR_gbt_Layered status=0
